--------- beginning of main
10-09 23:55:19.500  3946  3964 I hfmodels: resolve litert-community/laya-LiteRT: commit=35bf9cd6 via SAVED_BINDING, descriptor=litert-community/laya-LiteRT@35bf9cd6/hfmodels.json sha=4abbd6f5
10-09 23:55:20.032  3946  3964 I hfmodels: tokenizer tokenizer.json: 50280 tokens, load_ms=515
10-09 23:55:25.054  3946  3960 I hfmodels: ready litert-community/laya-LiteRT@35bf9cd6 variant=en_s256_fp32 profile=gpu inference=GPU prepare_ms=5540
10-09 23:55:25.056  3946  3960 I hfmodels-check: RESULT step=load ok=true model=litert-community/laya-LiteRT variant=en_s256_fp32 profile=gpu backend=GPU network=Offline compile_ms=5021 load_ms=5565 downloaded=false fallback=[] commit=35bf9cd6
10-09 23:55:28.221  3946  3960 I hfmodels-check: panel i=1 label=nothing answer="nothing you need to do" expected="nothing you need to do" p=0.6196 ms=143.467864 text="Thanks for shopping at Marlowe Grocers. Your receipt total was $42.18. See you again!"
10-09 23:55:28.221  3946  3960 I hfmodels-check: panel i=2 label=nothing answer="nothing you need to do" expected="nothing you need to do" p=0.5279 ms=123.887813 text="FLASH SALE this weekend only: 30% off all shoes at Heelgrove Outlet. Show this text in store."
10-09 23:55:28.221  3946  3960 I hfmodels-check: panel i=3 label=nothing answer="nothing you need to do" expected="nothing you need to do" p=0.7023 ms=123.280677 text="Hey it's Priya, just landed safely. Talk tomorrow!"
10-09 23:55:28.221  3946  3960 I hfmodels-check: panel i=4 label=nothing answer="nothing you need to do" expected="nothing you need to do" p=0.3344 ms=134.049427 text="Your table for 2 at Casa Verdino is confirmed for tonight 7:30 pm. Reply STOP to opt out of texts."
10-09 23:55:28.221  3946  3960 I hfmodels-check: panel i=5 label=code answer="a code to type in" expected="a code to type in" p=0.6189 ms=126.498594 text="Your Kelderbank verification code is 483920. It expires in 10 minutes. Do not share it."
10-09 23:55:28.221  3946  3960 I hfmodels-check: panel i=6 label=code answer="a code to type in" expected="a code to type in" p=0.7317 ms=123.72401 text="G-771204 is your sign-in code for Mailbrook."
10-09 23:55:28.221  3946  3960 I hfmodels-check: panel i=7 label=code answer="a code to type in" expected="a code to type in" p=0.7336 ms=130.614375 text="Use 30591 to confirm your phone number on Mailbrook. The code is valid for 5 minutes."
10-09 23:55:28.221  3946  3960 I hfmodels-check: panel i=8 label=delivery answer="a package or a delivery" expected="a package or a delivery" p=0.6432 ms=131.217292 text="Parcelwick: your package will arrive today between 2 pm and 6 pm. Someone must be home to sign."
10-09 23:55:28.221  3946  3960 I hfmodels-check: panel i=9 label=delivery answer="a package or a delivery" expected="a package or a delivery" p=0.8904 ms=129.542396 text="Your order #88231 has been delivered to the front porch."
10-09 23:55:28.221  3946  3960 I hfmodels-check: panel i=10 label=delivery answer="a package or a delivery" expected="a package or a delivery" p=0.7111 ms=128.356407 text="We missed you! Your parcel is waiting at Elm Street Post Office. Bring ID to collect it within 7 days."
10-09 23:55:28.221  3946  3960 I hfmodels-check: panel i=11 label=delivery answer="a package or a delivery" expected="a package or a delivery" p=0.8679 ms=130.493177 text="Courier update: driver is 3 stops away. Package requires a signature."
10-09 23:55:28.221  3946  3960 I hfmodels-check: panel i=12 label=bill answer="money you have to pay" expected="money you have to pay" p=0.3796 ms=132.522656 text="Reminder: your electricity bill of $128.40 is due on Friday 3 Oct. Pay online to avoid a late fee."
10-09 23:55:28.221  3946  3960 I hfmodels-check: panel i=13 label=bill answer="money you have to pay" expected="money you have to pay" p=0.3422 ms=135.197187 text="Your car insurance payment of $96 failed. Update your card by Sept 30 to keep cover."
10-09 23:55:28.221  3946  3960 I hfmodels-check: panel i=14 label=bill answer="nothing you need to do" expected="money you have to pay" p=0.5255 ms=136.476042 text="Invoice INV-2291 from Brookpell Plumbing for $340 is now 5 days overdue."
10-09 23:55:28.221  3946  3960 I hfmodels-check: panel i=15 label=appointment answer="an appointment or a booking" expected="an appointment or a booking" p=0.8621 ms=135.34677 text="Dr. Okafor's office: your appointment is Tue 30 Sept at 9:15 am. Reply C to confirm or R to reschedule."
10-09 23:55:28.221  3946  3960 I hfmodels-check: panel i=16 label=appointment answer="an appointment or a booking" expected="an appointment or a booking" p=0.8751 ms=137.1225 text="Molarbrook Dental: we have an opening tomorrow at 11 am. Text YES to take it."
10-09 23:55:28.221  3946  3960 I hfmodels-check: panel i=17 label=appointment answer="an appointment or a booking" expected="an appointment or a booking" p=0.8276 ms=136.786563 text="Your haircut with Lena is booked for Sat 4 Oct at 3 pm at Snip & Sable."
10-09 23:55:28.221  3946  3960 I hfmodels-check: panel i=18 label=appointment answer="an appointment or a booking" expected="an appointment or a booking" p=0.4508 ms=132.173698 text="Vehicle inspection reminder: your slot is Mon 6 Oct 8:00 am at Brackwheel Motors. Bring the registration."
10-09 23:55:28.221  3946  3960 I hfmodels-check: panel i=19 label=reply answer="nothing you need to do" expected="nothing you need to do" p=0.7574 ms=130.514167 text="Mom: are you coming for dinner on Sunday? Dad wants to know how many to cook for"
10-09 23:55:28.221  3946  3960 I hfmodels-check: panel i=20 label=reply answer="an appointment or a booking" expected="nothing you need to do" p=0.5255 ms=131.12177 text="Hi, this is Daniel from the estate agency. Would 5 pm on Thursday work for the viewing?"
10-09 23:55:28.221  3946  3960 I hfmodels-check: panel i=21 label=reply answer="nothing you need to do" expected="nothing you need to do" p=0.7917 ms=130.456719 text="Can you send me the photos from Saturday when you get a chance?"
10-09 23:55:28.222  3946  3960 I hfmodels-check: panel i=22 label=scam answer="a code to type in" expected="-" p=0.3082 ms=130.511718 text="Your account has been locked. Verify your identity now at http://kelderbank-secure-login.xyz or lose access."
10-09 23:55:28.222  3946  3960 I hfmodels-check: panel i=23 label=scam answer="money you have to pay" expected="-" p=0.6689 ms=130.599583 text="Hi Mum this is my new number, my phone broke. Can you transfer 300 for the repair today? I'll pay you back."
10-09 23:55:28.222  3946  3960 I hfmodels-check: panel i=24 label=scam answer="a code to type in" expected="-" p=0.4349 ms=129.66 text="You have won a $1000 gift card! Send the 6-digit code we just texted you to claim it."
10-09 23:55:28.222  3946  3960 I hfmodels-check: RESULT step=panel ok=true model=litert-community/laya-LiteRT variant=en_s256_fp32 profile=gpu agree=19/21 n=24 ms_median=130.606979 ms_p90=136.786563 ms_min=123.280677 ms_max=143.467864 ms_first=143.467864 total_ms=3163.850051 bins=[nothing to do:7, code:5, delivery:4, payment:3, appointment:5] disagree=[#14:bill=nothing to do, #20:reply=appointment] scams=[#22=code, #23=payment, #24=code]
10-09 23:55:28.870  3946  3960 I hfmodels-check: RESULT step=paste ok=true model=litert-community/laya-LiteRT variant=en_s256_fp32 profile=gpu rows=5 answers=[code, delivery, payment, appointment, nothing to do] expected_agree=5/5 ms_median=128.877084
10-09 23:55:28.871  3946  3960 I hfmodels-check: RESULT step=inbox-count ok=true model=litert-community/laya-LiteRT variant=en_s256_fp32 profile=gpu read_sms=not_granted count=skipped
10-09 23:55:29.779  3946  3960 I hfmodels-check: RESULT step=stop ok=true model=litert-community/laya-LiteRT variant=en_s256_fp32 profile=gpu answered_at_cancel=3 answered_after=3 of=24 cancel_to_end_ms=85.791614 cancelled=true error=null again=3/3 again_ms_median=129.312865
10-09 23:55:29.914  3946  3960 I hfmodels-check: RESULT step=release ok=true model=litert-community/laya-LiteRT variant=en_s256_fp32 profile=gpu close_ms=133 second_close=ok decide_after_close=MODEL_CLOSED
10-09 23:55:29.942  3946  3964 I hfmodels: resolve litert-community/laya-LiteRT: commit=35bf9cd6 via SAVED_BINDING, descriptor=litert-community/laya-LiteRT@35bf9cd6/hfmodels.json sha=4abbd6f5
10-09 23:55:29.946  3946  3964 I hfmodels: resolve litert-community/laya-LiteRT: commit=35bf9cd6 via SAVED_BINDING, descriptor=litert-community/laya-LiteRT@35bf9cd6/hfmodels.json sha=4abbd6f5
10-09 23:55:29.952  3946  3964 I hfmodels: resolve litert-community/laya-LiteRT: commit=35bf9cd6 via SAVED_BINDING, descriptor=litert-community/laya-LiteRT@35bf9cd6/hfmodels.json sha=4abbd6f5
10-09 23:55:29.956  3946  3960 I hfmodels-check: RESULT step=missing-model ok=true model=litert-community/laya-LiteRT variant=en_s256_fp32 profile=gpu no_such_variant=en_s999_fp32 code=VARIANT_NOT_FOUND screen="VARIANT_NOT_FOUND: litert-community/laya-LiteRT has no variant 'en_s999_fp32' (have: [ml_s256_fp32, ml_s512_fp32, ml_s256_wfp16, en_s256_fp32, en_s512_fp32, en_" offline_variant=ml_s256_fp32 offline_code=OFFLINE_CACHE_MISS offline_screen="OFFLINE_CACHE_MISS: 1 file(s) of litert-community/laya-LiteRT are not cached and the network policy is Offline"
10-09 23:55:29.956  3946  3960 I hfmodels-check: RESULT step=empty-paste ok=true model=litert-community/laya-LiteRT variant=en_s256_fp32 profile=gpu inputs=3 empty=3 message="The clipboard has no text. Copy your texts, one per line, then tap Paste."
10-09 23:55:29.957  3946  3960 I hfmodels-check: RESULT ok=true model=litert-community/laya-LiteRT@35bf9cd6 variant=en_s256_fp32 profile=gpu failed=[] failure_paths=4/4 sdk=0.2.1-SNAPSHOT runtime=litert 2.2.0 device=SM-S942Q soc=SM8850 build=BP4A.251205.006.S942QOPS1AZH9 thermal=0->0
