# stock-runtime greedy probe  date=2026-09-24T05:07:01Z serial=RFGL80R6A6H device=SM-S942Q build=BP4A.251205.006.S942QOPS1AZF2 android=16
# git=195ac6d runtime=litertlm-android:0.17.1 (published AAR, no patch) backend=gpu model=qwen3_0_6b_mixed_int4.litertlm prompts=stock_prompts_qwen3_all144.json sampler=topK1 thinking=off maxTokens=4 thermal=Thermal Status: 0 battery_temp_x10C= temperature: 369
# instrument rc=0 end=2026-09-24T05:07:33Z thermal_end=Thermal Status: 1
09-24 14:07:02.143 17275 17292 I hfmodels-greedy: device=SM-S942Q build=BP4A.251205.006.S942QOPS1AZF2 android=16 runtime=litertlm-android:0.17.1 backend=gpu model=/data/local/tmp/hfmodels/qwen3_0_6b_mixed_int4.litertlm prompts=144 maxTokens=4 sampler=topK1
09-24 14:07:05.039 17275 17292 I hfmodels-greedy: init_ms=2895
09-24 14:07:05.635 17275 17292 I hfmodels-greedy: ROW id=a3f18f3a kind=control letter='A' text='A' probe_cpu=A probe_gpu=A ms=585
09-24 14:07:05.804 17275 17292 I hfmodels-greedy: ROW id=f40beba9 kind=control letter='A' text='A' probe_cpu=A probe_gpu=A ms=164
09-24 14:07:05.970 17275 17292 I hfmodels-greedy: ROW id=0b43ea8e kind=control letter='B' text='B' probe_cpu=B probe_gpu=B ms=164
09-24 14:07:06.143 17275 17292 I hfmodels-greedy: ROW id=942ec65d kind=control letter='B' text='B' probe_cpu=B probe_gpu=B ms=170
09-24 14:07:06.311 17275 17292 I hfmodels-greedy: ROW id=e0c140e9 kind=control letter='A' text='A' probe_cpu=A probe_gpu=A ms=165
09-24 14:07:06.484 17275 17292 I hfmodels-greedy: ROW id=8e8c3804 kind=control letter='B' text='B' probe_cpu=B probe_gpu=B ms=167
09-24 14:07:06.653 17275 17292 I hfmodels-greedy: ROW id=56c419b1 kind=control letter='C' text='C' probe_cpu=C probe_gpu=C ms=166
09-24 14:07:06.830 17275 17292 I hfmodels-greedy: ROW id=75b47058 kind=control letter='A' text='A' probe_cpu=A probe_gpu=A ms=174
09-24 14:07:07.015 17275 17292 I hfmodels-greedy: ROW id=834f3b3e kind=control letter='A' text='A' probe_cpu=A probe_gpu=A ms=179
09-24 14:07:07.205 17275 17292 I hfmodels-greedy: ROW id=76c7a79b kind=control letter='A' text='A' probe_cpu=A probe_gpu=A ms=183
09-24 14:07:07.384 17275 17292 I hfmodels-greedy: ROW id=36c71bb6 kind=control letter='A' text='A' probe_cpu=A probe_gpu=A ms=174
09-24 14:07:07.568 17275 17292 I hfmodels-greedy: ROW id=eac5121a kind=control letter='C' text='C' probe_cpu=C probe_gpu=C ms=177
09-24 14:07:07.746 17275 17292 I hfmodels-greedy: ROW id=44574c44 kind=control letter='C' text='C' probe_cpu=C probe_gpu=C ms=175
09-24 14:07:07.923 17275 17292 I hfmodels-greedy: ROW id=2608370d kind=control letter='A' text='A' probe_cpu=A probe_gpu=A ms=174
09-24 14:07:08.101 17275 17292 I hfmodels-greedy: ROW id=ec94ef90 kind=control letter='A' text='A' probe_cpu=A probe_gpu=A ms=175
09-24 14:07:08.281 17275 17292 I hfmodels-greedy: ROW id=03d919fd kind=control letter='B' text='B' probe_cpu=B probe_gpu=B ms=177
09-24 14:07:08.460 17275 17292 I hfmodels-greedy: ROW id=86a15618 kind=control letter='C' text='C' probe_cpu=C probe_gpu=C ms=174
09-24 14:07:08.639 17275 17292 I hfmodels-greedy: ROW id=3dd9c3ac kind=control letter='B' text='B' probe_cpu=B probe_gpu=B ms=176
09-24 14:07:08.824 17275 17292 I hfmodels-greedy: ROW id=36273dd4 kind=control letter='B' text='B' probe_cpu=B probe_gpu=B ms=178
09-24 14:07:09.005 17275 17292 I hfmodels-greedy: ROW id=07ee70cf kind=mismatch letter='B' text='B' probe_cpu=A probe_gpu=B ms=175
09-24 14:07:09.184 17275 17292 I hfmodels-greedy: ROW id=51ceab3c kind=control letter='B' text='B' probe_cpu=B probe_gpu=B ms=176
09-24 14:07:09.369 17275 17292 I hfmodels-greedy: ROW id=b8091be9 kind=control letter='B' text='B' probe_cpu=B probe_gpu=B ms=178
09-24 14:07:09.557 17275 17292 I hfmodels-greedy: ROW id=c89b86e3 kind=mismatch letter='B' text='B' probe_cpu=C probe_gpu=B ms=180
09-24 14:07:09.738 17275 17292 I hfmodels-greedy: ROW id=3b0958ca kind=control letter='B' text='B' probe_cpu=B probe_gpu=B ms=178
09-24 14:07:09.918 17275 17292 I hfmodels-greedy: ROW id=f2b4ec49 kind=control letter='C' text='C' probe_cpu=C probe_gpu=C ms=175
09-24 14:07:10.098 17275 17292 I hfmodels-greedy: ROW id=61ac20b0 kind=control letter='B' text='B' probe_cpu=B probe_gpu=B ms=177
09-24 14:07:10.279 17275 17292 I hfmodels-greedy: ROW id=4b3d794c kind=mismatch letter='C' text='C' probe_cpu=B probe_gpu=C ms=174
09-24 14:07:10.465 17275 17292 I hfmodels-greedy: ROW id=b7c4e62d kind=control letter='B' text='B' probe_cpu=B probe_gpu=B ms=181
09-24 14:07:10.655 17275 17292 I hfmodels-greedy: ROW id=9473603b kind=control letter='B' text='B' probe_cpu=B probe_gpu=B ms=181
09-24 14:07:10.842 17275 17292 I hfmodels-greedy: ROW id=d41072dc kind=control letter='C' text='C' probe_cpu=C probe_gpu=C ms=181
09-24 14:07:11.025 17275 17292 I hfmodels-greedy: ROW id=33d6e5da kind=control letter='C' text='C' probe_cpu=C probe_gpu=C ms=179
09-24 14:07:11.205 17275 17292 I hfmodels-greedy: ROW id=823bf736 kind=control letter='C' text='C' probe_cpu=C probe_gpu=C ms=177
09-24 14:07:11.381 17275 17292 I hfmodels-greedy: ROW id=8a4c3de2 kind=mismatch letter='B' text='B' probe_cpu=A probe_gpu=B ms=172
09-24 14:07:11.561 17275 17292 I hfmodels-greedy: ROW id=ea7ec66a kind=control letter='A' text='A' probe_cpu=A probe_gpu=A ms=177
09-24 14:07:11.746 17275 17292 I hfmodels-greedy: ROW id=25172cd6 kind=control letter='C' text='C' probe_cpu=C probe_gpu=C ms=180
09-24 14:07:11.927 17275 17292 I hfmodels-greedy: ROW id=fb73a85d kind=control letter='B' text='B' probe_cpu=B probe_gpu=B ms=176
09-24 14:07:12.115 17275 17292 I hfmodels-greedy: ROW id=a02fd582 kind=control letter='C' text='C' probe_cpu=C probe_gpu=C ms=181
09-24 14:07:12.303 17275 17292 I hfmodels-greedy: ROW id=19f37d5a kind=control letter='C' text='C' probe_cpu=C probe_gpu=C ms=181
09-24 14:07:12.485 17275 17292 I hfmodels-greedy: ROW id=fda0ca94 kind=control letter='B' text='B' probe_cpu=B probe_gpu=B ms=176
09-24 14:07:12.666 17275 17292 I hfmodels-greedy: ROW id=d0e36c4c kind=control letter='B' text='B' probe_cpu=B probe_gpu=B ms=177
09-24 14:07:12.849 17275 17292 I hfmodels-greedy: ROW id=a0a39ace kind=control letter='A' text='A' probe_cpu=A probe_gpu=A ms=176
09-24 14:07:13.029 17275 17292 I hfmodels-greedy: ROW id=eeae2838 kind=control letter='B' text='B' probe_cpu=B probe_gpu=B ms=174
09-24 14:07:13.206 17275 17292 I hfmodels-greedy: ROW id=00bb4cc0 kind=control letter='C' text='C' probe_cpu=C probe_gpu=C ms=174
09-24 14:07:13.391 17275 17292 I hfmodels-greedy: ROW id=1a81ead6 kind=control letter='A' text='A' probe_cpu=A probe_gpu=A ms=179
09-24 14:07:13.575 17275 17292 I hfmodels-greedy: ROW id=4444dad2 kind=control letter='C' text='C' probe_cpu=C probe_gpu=C ms=180
09-24 14:07:13.759 17275 17292 I hfmodels-greedy: ROW id=3226202b kind=control letter='C' text='C' probe_cpu=C probe_gpu=C ms=180
09-24 14:07:13.946 17275 17292 I hfmodels-greedy: ROW id=3f783eec kind=control letter='A' text='A' probe_cpu=A probe_gpu=A ms=183
09-24 14:07:14.134 17275 17292 I hfmodels-greedy: ROW id=ffee8614 kind=control letter='C' text='C' probe_cpu=C probe_gpu=C ms=183
09-24 14:07:14.325 17275 17292 I hfmodels-greedy: ROW id=8c992e17 kind=control letter='B' text='B' probe_cpu=B probe_gpu=B ms=186
09-24 14:07:14.537 17275 17292 I hfmodels-greedy: ROW id=695dd611 kind=control letter='B' text='B' probe_cpu=B probe_gpu=B ms=206
09-24 14:07:14.726 17275 17292 I hfmodels-greedy: ROW id=e6155431 kind=control letter='C' text='C' probe_cpu=C probe_gpu=C ms=185
09-24 14:07:14.919 17275 17292 I hfmodels-greedy: ROW id=b49ecda7 kind=control letter='B' text='B' probe_cpu=B probe_gpu=B ms=187
09-24 14:07:15.113 17275 17292 I hfmodels-greedy: ROW id=587ced26 kind=control letter='B' text='B' probe_cpu=B probe_gpu=B ms=188
09-24 14:07:15.303 17275 17292 I hfmodels-greedy: ROW id=533d4423 kind=mismatch letter='B' text='B' probe_cpu=C probe_gpu=B ms=184
09-24 14:07:15.499 17275 17292 I hfmodels-greedy: ROW id=2bf540d5 kind=control letter='C' text='C' probe_cpu=C probe_gpu=C ms=190
09-24 14:07:15.696 17275 17292 I hfmodels-greedy: ROW id=fdb9fc21 kind=control letter='B' text='B' probe_cpu=B probe_gpu=B ms=192
09-24 14:07:15.882 17275 17292 I hfmodels-greedy: ROW id=f6d68126 kind=mismatch letter='B' text='B' probe_cpu=C probe_gpu=B ms=182
09-24 14:07:16.080 17275 17292 I hfmodels-greedy: ROW id=44bae0c8 kind=control letter='B' text='B' probe_cpu=B probe_gpu=B ms=193
09-24 14:07:16.272 17275 17292 I hfmodels-greedy: ROW id=2175379f kind=control letter='B' text='B' probe_cpu=B probe_gpu=B ms=186
09-24 14:07:16.460 17275 17292 I hfmodels-greedy: ROW id=def9fe59 kind=control letter='C' text='C' probe_cpu=C probe_gpu=C ms=184
09-24 14:07:16.651 17275 17292 I hfmodels-greedy: ROW id=712f6ffb kind=control letter='B' text='B' probe_cpu=B probe_gpu=B ms=186
09-24 14:07:16.837 17275 17292 I hfmodels-greedy: ROW id=e1d610bd kind=mismatch letter='B' text='B' probe_cpu=C probe_gpu=B ms=182
09-24 14:07:17.035 17275 17292 I hfmodels-greedy: ROW id=22ec5782 kind=control letter='B' text='B' probe_cpu=B probe_gpu=B ms=192
09-24 14:07:17.224 17275 17292 I hfmodels-greedy: ROW id=3e75f2b8 kind=control letter='B' text='B' probe_cpu=B probe_gpu=B ms=185
09-24 14:07:17.415 17275 17292 I hfmodels-greedy: ROW id=ebd74aa0 kind=mismatch letter='C' text='C' probe_cpu=B probe_gpu=C ms=186
09-24 14:07:17.610 17275 17292 I hfmodels-greedy: ROW id=d7e84e42 kind=control letter='B' text='B' probe_cpu=B probe_gpu=B ms=190
09-24 14:07:17.804 17275 17292 I hfmodels-greedy: ROW id=f41ae66b kind=control letter='B' text='B' probe_cpu=B probe_gpu=B ms=190
09-24 14:07:17.997 17275 17292 I hfmodels-greedy: ROW id=82c2cd97 kind=control letter='C' text='C' probe_cpu=C probe_gpu=C ms=188
09-24 14:07:18.191 17275 17292 I hfmodels-greedy: ROW id=7ada97b6 kind=control letter='B' text='B' probe_cpu=B probe_gpu=B ms=190
09-24 14:07:18.381 17275 17292 I hfmodels-greedy: ROW id=4d7a0033 kind=control letter='C' text='C' probe_cpu=C probe_gpu=C ms=185
09-24 14:07:18.570 17275 17292 I hfmodels-greedy: ROW id=19d3d8d0 kind=mismatch letter='C' text='C' probe_cpu=A probe_gpu=C ms=184
09-24 14:07:18.757 17275 17292 I hfmodels-greedy: ROW id=d6de731c kind=control letter='C' text='C' probe_cpu=C probe_gpu=C ms=183
09-24 14:07:18.954 17275 17292 I hfmodels-greedy: ROW id=b45c63fb kind=control letter='B' text='B' probe_cpu=B probe_gpu=B ms=191
09-24 14:07:19.145 17275 17292 I hfmodels-greedy: ROW id=46b7029b kind=control letter='C' text='C' probe_cpu=C probe_gpu=C ms=187
09-24 14:07:19.335 17275 17292 I hfmodels-greedy: ROW id=caf773b2 kind=control letter='A' text='A' probe_cpu=A probe_gpu=A ms=185
09-24 14:07:19.522 17275 17292 I hfmodels-greedy: ROW id=f46f392e kind=mismatch letter='B' text='B' probe_cpu=A probe_gpu=B ms=184
09-24 14:07:19.713 17275 17292 I hfmodels-greedy: ROW id=005dcf6d kind=control letter='B' text='B' probe_cpu=B probe_gpu=B ms=185
09-24 14:07:19.931 17275 17292 I hfmodels-greedy: ROW id=edb708bd kind=mismatch letter='A' text='A' probe_cpu=C probe_gpu=A ms=215
09-24 14:07:20.146 17275 17292 I hfmodels-greedy: ROW id=97a35499 kind=control letter='B' text='B' probe_cpu=B probe_gpu=B ms=211
09-24 14:07:20.361 17275 17292 I hfmodels-greedy: ROW id=31eb4533 kind=control letter='C' text='C' probe_cpu=C probe_gpu=C ms=211
09-24 14:07:20.560 17275 17292 I hfmodels-greedy: ROW id=0aa24a67 kind=mismatch letter='C' text='C' probe_cpu=B probe_gpu=C ms=194
09-24 14:07:20.764 17275 17292 I hfmodels-greedy: ROW id=796d5c0d kind=control letter='B' text='B' probe_cpu=B probe_gpu=B ms=199
09-24 14:07:20.977 17275 17292 I hfmodels-greedy: ROW id=599b3092 kind=control letter='B' text='B' probe_cpu=B probe_gpu=B ms=208
09-24 14:07:21.178 17275 17292 I hfmodels-greedy: ROW id=960a4bcd kind=control letter='B' text='B' probe_cpu=B probe_gpu=B ms=196
09-24 14:07:21.383 17275 17292 I hfmodels-greedy: ROW id=c6a411e7 kind=control letter='C' text='C' probe_cpu=C probe_gpu=C ms=199
09-24 14:07:21.593 17275 17292 I hfmodels-greedy: ROW id=e332aa92 kind=control letter='C' text='C' probe_cpu=C probe_gpu=C ms=202
09-24 14:07:21.795 17275 17292 I hfmodels-greedy: ROW id=a0128e55 kind=control letter='A' text='A' probe_cpu=A probe_gpu=A ms=198
09-24 14:07:21.999 17275 17292 I hfmodels-greedy: ROW id=46d6a073 kind=control letter='B' text='B' probe_cpu=B probe_gpu=B ms=198
09-24 14:07:22.200 17275 17292 I hfmodels-greedy: ROW id=21ca7a8b kind=control letter='C' text='C' probe_cpu=C probe_gpu=C ms=195
09-24 14:07:22.402 17275 17292 I hfmodels-greedy: ROW id=4aa83af9 kind=control letter='A' text='A' probe_cpu=A probe_gpu=A ms=197
09-24 14:07:22.607 17275 17292 I hfmodels-greedy: ROW id=cdfa9eed kind=control letter='C' text='C' probe_cpu=C probe_gpu=C ms=199
09-24 14:07:22.810 17275 17292 I hfmodels-greedy: ROW id=d51b05bf kind=mismatch letter='C' text='C' probe_cpu=A probe_gpu=C ms=198
09-24 14:07:23.012 17275 17292 I hfmodels-greedy: ROW id=fdd902cc kind=control letter='B' text='B' probe_cpu=B probe_gpu=B ms=197
09-24 14:07:23.216 17275 17292 I hfmodels-greedy: ROW id=42384af9 kind=mismatch letter='B' text='B' probe_cpu=C probe_gpu=B ms=199
09-24 14:07:23.418 17275 17292 I hfmodels-greedy: ROW id=cdf7f428 kind=mismatch letter='C' text='C' probe_cpu=B probe_gpu=C ms=197
09-24 14:07:23.619 17275 17292 I hfmodels-greedy: ROW id=774f7f92 kind=control letter='C' text='C' probe_cpu=C probe_gpu=C ms=196
09-24 14:07:23.824 17275 17292 I hfmodels-greedy: ROW id=92ec2ffa kind=control letter='C' text='C' probe_cpu=C probe_gpu=C ms=199
09-24 14:07:24.027 17275 17292 I hfmodels-greedy: ROW id=6149a17b kind=control letter='B' text='B' probe_cpu=B probe_gpu=B ms=198
09-24 14:07:24.233 17275 17292 I hfmodels-greedy: ROW id=be866e1d kind=control letter='C' text='C' probe_cpu=C probe_gpu=C ms=200
09-24 14:07:24.430 17275 17292 I hfmodels-greedy: ROW id=97d2ed25 kind=control letter='B' text='B' probe_cpu=B probe_gpu=B ms=192
09-24 14:07:24.634 17275 17292 I hfmodels-greedy: ROW id=4533dd91 kind=mismatch letter='A' text='A' probe_cpu=B probe_gpu=A ms=199
09-24 14:07:24.841 17275 17292 I hfmodels-greedy: ROW id=d880e65f kind=control letter='A' text='A' probe_cpu=A probe_gpu=A ms=202
09-24 14:07:25.047 17275 17292 I hfmodels-greedy: ROW id=90494c76 kind=control letter='A' text='A' probe_cpu=A probe_gpu=A ms=202
09-24 14:07:25.249 17275 17292 I hfmodels-greedy: ROW id=9ac5cc82 kind=mismatch letter='A' text='A' probe_cpu=B probe_gpu=A ms=198
09-24 14:07:25.456 17275 17292 I hfmodels-greedy: ROW id=386e10b1 kind=control letter='B' text='B' probe_cpu=B probe_gpu=B ms=203
09-24 14:07:25.655 17275 17292 I hfmodels-greedy: ROW id=4da6aedc kind=control letter='C' text='C' probe_cpu=C probe_gpu=C ms=195
09-24 14:07:25.860 17275 17292 I hfmodels-greedy: ROW id=a22dab8b kind=control letter='C' text='C' probe_cpu=C probe_gpu=C ms=199
09-24 14:07:26.062 17275 17292 I hfmodels-greedy: ROW id=42c54fa2 kind=control letter='B' text='B' probe_cpu=B probe_gpu=B ms=198
09-24 14:07:26.263 17275 17292 I hfmodels-greedy: ROW id=f3d13cf1 kind=control letter='C' text='C' probe_cpu=C probe_gpu=C ms=196
09-24 14:07:26.469 17275 17292 I hfmodels-greedy: ROW id=1105577d kind=control letter='C' text='C' probe_cpu=C probe_gpu=C ms=199
09-24 14:07:26.666 17275 17292 I hfmodels-greedy: ROW id=0ebd2997 kind=control letter='C' text='C' probe_cpu=C probe_gpu=C ms=193
09-24 14:07:26.868 17275 17292 I hfmodels-greedy: ROW id=eafc22c8 kind=control letter='C' text='C' probe_cpu=C probe_gpu=C ms=195
09-24 14:07:27.070 17275 17292 I hfmodels-greedy: ROW id=0aa14476 kind=control letter='C' text='C' probe_cpu=C probe_gpu=C ms=198
09-24 14:07:27.268 17275 17292 I hfmodels-greedy: ROW id=980e7614 kind=control letter='C' text='C' probe_cpu=C probe_gpu=C ms=194
09-24 14:07:27.468 17275 17292 I hfmodels-greedy: ROW id=4aee37a6 kind=control letter='A' text='A' probe_cpu=A probe_gpu=A ms=196
09-24 14:07:27.664 17275 17292 I hfmodels-greedy: ROW id=6db17cc2 kind=control letter='C' text='C' probe_cpu=C probe_gpu=C ms=192
09-24 14:07:27.869 17275 17292 I hfmodels-greedy: ROW id=ef3e0f8e kind=mismatch letter='B' text='B' probe_cpu=C probe_gpu=B ms=198
09-24 14:07:28.063 17275 17292 I hfmodels-greedy: ROW id=f756e1cb kind=control letter='C' text='C' probe_cpu=C probe_gpu=C ms=190
09-24 14:07:28.269 17275 17292 I hfmodels-greedy: ROW id=d167e51b kind=control letter='C' text='C' probe_cpu=C probe_gpu=C ms=199
09-24 14:07:28.467 17275 17292 I hfmodels-greedy: ROW id=674ca4e9 kind=control letter='C' text='C' probe_cpu=C probe_gpu=C ms=195
09-24 14:07:28.670 17275 17292 I hfmodels-greedy: ROW id=1df851a2 kind=control letter='C' text='C' probe_cpu=C probe_gpu=C ms=195
09-24 14:07:28.867 17275 17292 I hfmodels-greedy: ROW id=b5e6788d kind=mismatch letter='B' text='B' probe_cpu=C probe_gpu=B ms=193
09-24 14:07:29.070 17275 17292 I hfmodels-greedy: ROW id=32f36cd0 kind=control letter='A' text='A' probe_cpu=A probe_gpu=A ms=196
09-24 14:07:29.270 17275 17292 I hfmodels-greedy: ROW id=84318570 kind=control letter='B' text='B' probe_cpu=B probe_gpu=B ms=195
09-24 14:07:29.471 17275 17292 I hfmodels-greedy: ROW id=b531dd60 kind=mismatch letter='C' text='C' probe_cpu=B probe_gpu=C ms=194
09-24 14:07:29.673 17275 17292 I hfmodels-greedy: ROW id=be2dd67b kind=mismatch letter='C' text='C' probe_cpu=A probe_gpu=C ms=195
09-24 14:07:29.877 17275 17292 I hfmodels-greedy: ROW id=b8e27503 kind=control letter='A' text='A' probe_cpu=A probe_gpu=A ms=198
09-24 14:07:30.075 17275 17292 I hfmodels-greedy: ROW id=5d31b4bf kind=mismatch letter='B' text='B' probe_cpu=A probe_gpu=B ms=194
09-24 14:07:30.281 17275 17292 I hfmodels-greedy: ROW id=a9230edf kind=mismatch letter='B' text='B' probe_cpu=C probe_gpu=B ms=199
09-24 14:07:30.480 17275 17292 I hfmodels-greedy: ROW id=c100e845 kind=control letter='B' text='B' probe_cpu=B probe_gpu=B ms=193
09-24 14:07:30.679 17275 17292 I hfmodels-greedy: ROW id=579beed1 kind=control letter='B' text='B' probe_cpu=B probe_gpu=B ms=193
09-24 14:07:30.881 17275 17292 I hfmodels-greedy: ROW id=c4e9bd46 kind=control letter='C' text='C' probe_cpu=C probe_gpu=C ms=196
09-24 14:07:31.082 17275 17292 I hfmodels-greedy: ROW id=b863998d kind=control letter='A' text='A' probe_cpu=A probe_gpu=A ms=196
09-24 14:07:31.285 17275 17292 I hfmodels-greedy: ROW id=37cebc37 kind=control letter='B' text='B' probe_cpu=B probe_gpu=B ms=198
09-24 14:07:31.486 17275 17292 I hfmodels-greedy: ROW id=64d63f86 kind=control letter='C' text='C' probe_cpu=C probe_gpu=C ms=194
09-24 14:07:31.686 17275 17292 I hfmodels-greedy: ROW id=6d64a845 kind=control letter='C' text='C' probe_cpu=C probe_gpu=C ms=196
09-24 14:07:31.888 17275 17292 I hfmodels-greedy: ROW id=27081932 kind=control letter='B' text='B' probe_cpu=B probe_gpu=B ms=199
09-24 14:07:32.093 17275 17292 I hfmodels-greedy: ROW id=5a37d1df kind=control letter='B' text='B' probe_cpu=B probe_gpu=B ms=198
09-24 14:07:32.295 17275 17292 I hfmodels-greedy: ROW id=acacd8b4 kind=control letter='B' text='B' probe_cpu=B probe_gpu=B ms=199
09-24 14:07:32.496 17275 17292 I hfmodels-greedy: ROW id=4089c199 kind=control letter='C' text='C' probe_cpu=C probe_gpu=C ms=194
09-24 14:07:32.698 17275 17292 I hfmodels-greedy: ROW id=02f2b95a kind=control letter='B' text='B' probe_cpu=B probe_gpu=B ms=195
09-24 14:07:32.898 17275 17292 I hfmodels-greedy: ROW id=ebea4681 kind=control letter='B' text='B' probe_cpu=B probe_gpu=B ms=192
09-24 14:07:33.101 17275 17292 I hfmodels-greedy: ROW id=b8c5b9b2 kind=control letter='B' text='B' probe_cpu=B probe_gpu=B ms=195
09-24 14:07:33.303 17275 17292 I hfmodels-greedy: ROW id=7ed75d85 kind=control letter='C' text='C' probe_cpu=C probe_gpu=C ms=198
09-24 14:07:33.479 17275 17292 I hfmodels-greedy: RESULT step=greedy ok=true backend=gpu runtime=litertlm-android:0.17.1 model=qwen3_0_6b_mixed_int4.litertlm rows=144 letter_found=144 same_as_cpu_probe=121 same_as_gpu_probe=144 failures=0 out=/data/user/0/io.github.johnrocky.hfmodels.litertlm.test/files/greedy/qwen3_0_6b_mixed_int4-gpu.jsonl
# rows pulled: 144
