# stock-runtime greedy probe  date=2026-09-24T05:11:25Z serial=RFGL80R6A6H device=SM-S942Q build=BP4A.251205.006.S942QOPS1AZF2 android=16
# git=195ac6d runtime=litertlm-android:0.16.1 (published AAR, no patch) backend=cpu model=qwen3_0_6b_mixed_int4.litertlm prompts=stock_prompts_qwen3_all144.json sampler=topK1 thinking=off maxTokens=4 thermal=Thermal Status: 2 battery_temp_x10C= temperature: 423
# instrument rc=0 end=2026-09-24T05:14:13Z thermal_end=Thermal Status: 2
09-24 14:11:25.957 17893 17907 I hfmodels-greedy: device=SM-S942Q build=BP4A.251205.006.S942QOPS1AZF2 android=16 runtime=litertlm-android:0.16.1 backend=cpu model=/data/local/tmp/hfmodels/qwen3_0_6b_mixed_int4.litertlm prompts=144 maxTokens=4 sampler=topK1
09-24 14:11:27.194 17893 17907 I hfmodels-greedy: init_ms=1236
09-24 14:11:29.577 17893 17907 I hfmodels-greedy: ROW id=a3f18f3a kind=control letter='A' text='A' probe_cpu=A probe_gpu=A ms=2366
09-24 14:11:30.843 17893 17907 I hfmodels-greedy: ROW id=f40beba9 kind=control letter='A' text='A' probe_cpu=A probe_gpu=A ms=1261
09-24 14:11:32.109 17893 17907 I hfmodels-greedy: ROW id=0b43ea8e kind=control letter='B' text='B' probe_cpu=B probe_gpu=B ms=1263
09-24 14:11:33.356 17893 17907 I hfmodels-greedy: ROW id=942ec65d kind=control letter='B' text='B' probe_cpu=B probe_gpu=B ms=1243
09-24 14:11:34.675 17893 17907 I hfmodels-greedy: ROW id=e0c140e9 kind=control letter='A' text='A' probe_cpu=A probe_gpu=A ms=1315
09-24 14:11:35.928 17893 17907 I hfmodels-greedy: ROW id=8e8c3804 kind=control letter='B' text='B' probe_cpu=B probe_gpu=B ms=1249
09-24 14:11:37.179 17893 17907 I hfmodels-greedy: ROW id=56c419b1 kind=control letter='C' text='C' probe_cpu=C probe_gpu=C ms=1248
09-24 14:11:38.387 17893 17907 I hfmodels-greedy: ROW id=75b47058 kind=control letter='A' text='A' probe_cpu=A probe_gpu=A ms=1204
09-24 14:11:39.628 17893 17907 I hfmodels-greedy: ROW id=834f3b3e kind=control letter='A' text='A' probe_cpu=A probe_gpu=A ms=1238
09-24 14:11:40.877 17893 17907 I hfmodels-greedy: ROW id=76c7a79b kind=control letter='A' text='A' probe_cpu=A probe_gpu=A ms=1245
09-24 14:11:42.123 17893 17907 I hfmodels-greedy: ROW id=36c71bb6 kind=control letter='A' text='A' probe_cpu=A probe_gpu=A ms=1241
09-24 14:11:43.377 17893 17907 I hfmodels-greedy: ROW id=eac5121a kind=control letter='C' text='C' probe_cpu=C probe_gpu=C ms=1251
09-24 14:11:44.687 17893 17907 I hfmodels-greedy: ROW id=44574c44 kind=control letter='C' text='C' probe_cpu=C probe_gpu=C ms=1306
09-24 14:11:45.929 17893 17907 I hfmodels-greedy: ROW id=2608370d kind=control letter='A' text='A' probe_cpu=A probe_gpu=A ms=1239
09-24 14:11:47.154 17893 17907 I hfmodels-greedy: ROW id=ec94ef90 kind=control letter='A' text='A' probe_cpu=A probe_gpu=A ms=1221
09-24 14:11:48.364 17893 17907 I hfmodels-greedy: ROW id=03d919fd kind=control letter='B' text='B' probe_cpu=B probe_gpu=B ms=1207
09-24 14:11:49.637 17893 17907 I hfmodels-greedy: ROW id=86a15618 kind=control letter='C' text='C' probe_cpu=C probe_gpu=C ms=1269
09-24 14:11:50.874 17893 17907 I hfmodels-greedy: ROW id=3dd9c3ac kind=control letter='B' text='B' probe_cpu=B probe_gpu=B ms=1234
09-24 14:11:52.083 17893 17907 I hfmodels-greedy: ROW id=36273dd4 kind=control letter='B' text='B' probe_cpu=B probe_gpu=B ms=1205
09-24 14:11:53.276 17893 17907 I hfmodels-greedy: ROW id=07ee70cf kind=mismatch letter='A' text='A' probe_cpu=A probe_gpu=B ms=1190
09-24 14:11:54.566 17893 17907 I hfmodels-greedy: ROW id=51ceab3c kind=control letter='B' text='B' probe_cpu=B probe_gpu=B ms=1286
09-24 14:11:55.772 17893 17907 I hfmodels-greedy: ROW id=b8091be9 kind=control letter='B' text='B' probe_cpu=B probe_gpu=B ms=1202
09-24 14:11:56.983 17893 17907 I hfmodels-greedy: ROW id=c89b86e3 kind=mismatch letter='C' text='C' probe_cpu=C probe_gpu=B ms=1208
09-24 14:11:58.189 17893 17907 I hfmodels-greedy: ROW id=3b0958ca kind=control letter='B' text='B' probe_cpu=B probe_gpu=B ms=1202
09-24 14:11:59.473 17893 17907 I hfmodels-greedy: ROW id=f2b4ec49 kind=control letter='C' text='C' probe_cpu=C probe_gpu=C ms=1280
09-24 14:12:00.779 17893 17907 I hfmodels-greedy: ROW id=61ac20b0 kind=control letter='B' text='B' probe_cpu=B probe_gpu=B ms=1303
09-24 14:12:02.015 17893 17907 I hfmodels-greedy: ROW id=4b3d794c kind=mismatch letter='B' text='B' probe_cpu=B probe_gpu=C ms=1232
09-24 14:12:03.300 17893 17907 I hfmodels-greedy: ROW id=b7c4e62d kind=control letter='B' text='B' probe_cpu=B probe_gpu=B ms=1281
09-24 14:12:04.561 17893 17907 I hfmodels-greedy: ROW id=9473603b kind=control letter='B' text='B' probe_cpu=B probe_gpu=B ms=1257
09-24 14:12:05.886 17893 17907 I hfmodels-greedy: ROW id=d41072dc kind=control letter='C' text='C' probe_cpu=C probe_gpu=C ms=1322
09-24 14:12:07.126 17893 17907 I hfmodels-greedy: ROW id=33d6e5da kind=control letter='C' text='C' probe_cpu=C probe_gpu=C ms=1236
09-24 14:12:08.327 17893 17907 I hfmodels-greedy: ROW id=823bf736 kind=control letter='C' text='C' probe_cpu=C probe_gpu=C ms=1197
09-24 14:12:09.528 17893 17907 I hfmodels-greedy: ROW id=8a4c3de2 kind=mismatch letter='A' text='A' probe_cpu=A probe_gpu=B ms=1197
09-24 14:12:10.764 17893 17907 I hfmodels-greedy: ROW id=ea7ec66a kind=control letter='A' text='A' probe_cpu=A probe_gpu=A ms=1232
09-24 14:12:11.982 17893 17907 I hfmodels-greedy: ROW id=25172cd6 kind=control letter='C' text='C' probe_cpu=C probe_gpu=C ms=1215
09-24 14:12:13.225 17893 17907 I hfmodels-greedy: ROW id=fb73a85d kind=control letter='B' text='B' probe_cpu=B probe_gpu=B ms=1239
09-24 14:12:14.423 17893 17907 I hfmodels-greedy: ROW id=a02fd582 kind=control letter='C' text='C' probe_cpu=C probe_gpu=C ms=1195
09-24 14:12:15.600 17893 17907 I hfmodels-greedy: ROW id=19f37d5a kind=control letter='C' text='C' probe_cpu=C probe_gpu=C ms=1173
09-24 14:12:16.800 17893 17907 I hfmodels-greedy: ROW id=fda0ca94 kind=control letter='B' text='B' probe_cpu=B probe_gpu=B ms=1196
09-24 14:12:18.011 17893 17907 I hfmodels-greedy: ROW id=d0e36c4c kind=control letter='B' text='B' probe_cpu=B probe_gpu=B ms=1207
09-24 14:12:19.298 17893 17907 I hfmodels-greedy: ROW id=a0a39ace kind=control letter='A' text='A' probe_cpu=A probe_gpu=A ms=1284
09-24 14:12:20.503 17893 17907 I hfmodels-greedy: ROW id=eeae2838 kind=control letter='B' text='B' probe_cpu=B probe_gpu=B ms=1202
09-24 14:12:21.727 17893 17907 I hfmodels-greedy: ROW id=00bb4cc0 kind=control letter='C' text='C' probe_cpu=C probe_gpu=C ms=1220
09-24 14:12:22.974 17893 17907 I hfmodels-greedy: ROW id=1a81ead6 kind=control letter='A' text='A' probe_cpu=A probe_gpu=A ms=1244
09-24 14:12:24.106 17893 17907 I hfmodels-greedy: ROW id=4444dad2 kind=control letter='C' text='C' probe_cpu=C probe_gpu=C ms=1128
09-24 14:12:25.257 17893 17907 I hfmodels-greedy: ROW id=3226202b kind=control letter='C' text='C' probe_cpu=C probe_gpu=C ms=1148
09-24 14:12:26.379 17893 17907 I hfmodels-greedy: ROW id=3f783eec kind=control letter='A' text='A' probe_cpu=A probe_gpu=A ms=1119
09-24 14:12:27.539 17893 17907 I hfmodels-greedy: ROW id=ffee8614 kind=control letter='C' text='C' probe_cpu=C probe_gpu=C ms=1157
09-24 14:12:28.679 17893 17907 I hfmodels-greedy: ROW id=8c992e17 kind=control letter='B' text='B' probe_cpu=B probe_gpu=B ms=1136
09-24 14:12:29.857 17893 17907 I hfmodels-greedy: ROW id=695dd611 kind=control letter='B' text='B' probe_cpu=B probe_gpu=B ms=1175
09-24 14:12:30.991 17893 17907 I hfmodels-greedy: ROW id=e6155431 kind=control letter='C' text='C' probe_cpu=C probe_gpu=C ms=1131
09-24 14:12:32.126 17893 17907 I hfmodels-greedy: ROW id=b49ecda7 kind=control letter='B' text='B' probe_cpu=B probe_gpu=B ms=1131
09-24 14:12:33.313 17893 17907 I hfmodels-greedy: ROW id=587ced26 kind=control letter='B' text='B' probe_cpu=B probe_gpu=B ms=1184
09-24 14:12:34.513 17893 17907 I hfmodels-greedy: ROW id=533d4423 kind=mismatch letter='C' text='C' probe_cpu=C probe_gpu=B ms=1197
09-24 14:12:35.653 17893 17907 I hfmodels-greedy: ROW id=2bf540d5 kind=control letter='C' text='C' probe_cpu=C probe_gpu=C ms=1137
09-24 14:12:36.777 17893 17907 I hfmodels-greedy: ROW id=fdb9fc21 kind=control letter='B' text='B' probe_cpu=B probe_gpu=B ms=1120
09-24 14:12:37.970 17893 17907 I hfmodels-greedy: ROW id=f6d68126 kind=mismatch letter='C' text='C' probe_cpu=C probe_gpu=B ms=1190
09-24 14:12:39.161 17893 17907 I hfmodels-greedy: ROW id=44bae0c8 kind=control letter='B' text='B' probe_cpu=B probe_gpu=B ms=1188
09-24 14:12:40.297 17893 17907 I hfmodels-greedy: ROW id=2175379f kind=control letter='B' text='B' probe_cpu=B probe_gpu=B ms=1133
09-24 14:12:41.418 17893 17907 I hfmodels-greedy: ROW id=def9fe59 kind=control letter='C' text='C' probe_cpu=C probe_gpu=C ms=1117
09-24 14:12:42.602 17893 17907 I hfmodels-greedy: ROW id=712f6ffb kind=control letter='B' text='B' probe_cpu=B probe_gpu=B ms=1181
09-24 14:12:43.750 17893 17907 I hfmodels-greedy: ROW id=e1d610bd kind=mismatch letter='C' text='C' probe_cpu=C probe_gpu=B ms=1145
09-24 14:12:44.905 17893 17907 I hfmodels-greedy: ROW id=22ec5782 kind=control letter='B' text='B' probe_cpu=B probe_gpu=B ms=1152
09-24 14:12:46.026 17893 17907 I hfmodels-greedy: ROW id=3e75f2b8 kind=control letter='B' text='B' probe_cpu=B probe_gpu=B ms=1117
09-24 14:12:47.219 17893 17907 I hfmodels-greedy: ROW id=ebd74aa0 kind=mismatch letter='B' text='B' probe_cpu=B probe_gpu=C ms=1190
09-24 14:12:48.344 17893 17907 I hfmodels-greedy: ROW id=d7e84e42 kind=control letter='B' text='B' probe_cpu=B probe_gpu=B ms=1122
09-24 14:12:49.477 17893 17907 I hfmodels-greedy: ROW id=f41ae66b kind=control letter='B' text='B' probe_cpu=B probe_gpu=B ms=1130
09-24 14:12:50.602 17893 17907 I hfmodels-greedy: ROW id=82c2cd97 kind=control letter='C' text='C' probe_cpu=C probe_gpu=C ms=1121
09-24 14:12:51.769 17893 17907 I hfmodels-greedy: ROW id=7ada97b6 kind=control letter='B' text='B' probe_cpu=B probe_gpu=B ms=1164
09-24 14:12:52.935 17893 17907 I hfmodels-greedy: ROW id=4d7a0033 kind=control letter='C' text='C' probe_cpu=C probe_gpu=C ms=1163
09-24 14:12:54.073 17893 17907 I hfmodels-greedy: ROW id=19d3d8d0 kind=mismatch letter='A' text='A' probe_cpu=A probe_gpu=C ms=1135
09-24 14:12:55.194 17893 17907 I hfmodels-greedy: ROW id=d6de731c kind=control letter='C' text='C' probe_cpu=C probe_gpu=C ms=1117
09-24 14:12:56.394 17893 17907 I hfmodels-greedy: ROW id=b45c63fb kind=control letter='B' text='B' probe_cpu=B probe_gpu=B ms=1197
09-24 14:12:57.522 17893 17907 I hfmodels-greedy: ROW id=46b7029b kind=control letter='C' text='C' probe_cpu=C probe_gpu=C ms=1126
09-24 14:12:58.602 17893 17907 I hfmodels-greedy: ROW id=caf773b2 kind=control letter='A' text='A' probe_cpu=A probe_gpu=A ms=1076
09-24 14:12:59.694 17893 17907 I hfmodels-greedy: ROW id=f46f392e kind=mismatch letter='A' text='A' probe_cpu=A probe_gpu=B ms=1089
09-24 14:13:00.868 17893 17907 I hfmodels-greedy: ROW id=005dcf6d kind=control letter='B' text='B' probe_cpu=B probe_gpu=B ms=1171
09-24 14:13:02.020 17893 17907 I hfmodels-greedy: ROW id=edb708bd kind=mismatch letter='C' text='C' probe_cpu=C probe_gpu=A ms=1149
09-24 14:13:03.117 17893 17907 I hfmodels-greedy: ROW id=97a35499 kind=control letter='B' text='B' probe_cpu=B probe_gpu=B ms=1094
09-24 14:13:04.215 17893 17907 I hfmodels-greedy: ROW id=31eb4533 kind=control letter='C' text='C' probe_cpu=C probe_gpu=C ms=1095
09-24 14:13:05.308 17893 17907 I hfmodels-greedy: ROW id=0aa24a67 kind=mismatch letter='B' text='B' probe_cpu=B probe_gpu=C ms=1090
09-24 14:13:06.393 17893 17907 I hfmodels-greedy: ROW id=796d5c0d kind=control letter='B' text='B' probe_cpu=B probe_gpu=B ms=1081
09-24 14:13:07.473 17893 17907 I hfmodels-greedy: ROW id=599b3092 kind=control letter='B' text='B' probe_cpu=B probe_gpu=B ms=1078
09-24 14:13:08.596 17893 17907 I hfmodels-greedy: ROW id=960a4bcd kind=control letter='B' text='B' probe_cpu=B probe_gpu=B ms=1119
09-24 14:13:09.763 17893 17907 I hfmodels-greedy: ROW id=c6a411e7 kind=control letter='C' text='C' probe_cpu=C probe_gpu=C ms=1164
09-24 14:13:10.914 17893 17907 I hfmodels-greedy: ROW id=e332aa92 kind=control letter='C' text='C' probe_cpu=C probe_gpu=C ms=1148
09-24 14:13:12.012 17893 17907 I hfmodels-greedy: ROW id=a0128e55 kind=control letter='A' text='A' probe_cpu=A probe_gpu=A ms=1095
09-24 14:13:13.099 17893 17907 I hfmodels-greedy: ROW id=46d6a073 kind=control letter='B' text='B' probe_cpu=B probe_gpu=B ms=1084
09-24 14:13:14.268 17893 17907 I hfmodels-greedy: ROW id=21ca7a8b kind=control letter='C' text='C' probe_cpu=C probe_gpu=C ms=1166
09-24 14:13:15.360 17893 17907 I hfmodels-greedy: ROW id=4aa83af9 kind=control letter='A' text='A' probe_cpu=A probe_gpu=A ms=1089
09-24 14:13:16.458 17893 17907 I hfmodels-greedy: ROW id=cdfa9eed kind=control letter='C' text='C' probe_cpu=C probe_gpu=C ms=1095
09-24 14:13:17.623 17893 17907 I hfmodels-greedy: ROW id=d51b05bf kind=mismatch letter='A' text='A' probe_cpu=A probe_gpu=C ms=1161
09-24 14:13:18.717 17893 17907 I hfmodels-greedy: ROW id=fdd902cc kind=control letter='B' text='B' probe_cpu=B probe_gpu=B ms=1092
09-24 14:13:19.812 17893 17907 I hfmodels-greedy: ROW id=42384af9 kind=mismatch letter='C' text='C' probe_cpu=C probe_gpu=B ms=1092
09-24 14:13:20.901 17893 17907 I hfmodels-greedy: ROW id=cdf7f428 kind=mismatch letter='B' text='B' probe_cpu=B probe_gpu=C ms=1085
09-24 14:13:21.963 17893 17907 I hfmodels-greedy: ROW id=774f7f92 kind=control letter='C' text='C' probe_cpu=C probe_gpu=C ms=1060
09-24 14:13:23.023 17893 17907 I hfmodels-greedy: ROW id=92ec2ffa kind=control letter='C' text='C' probe_cpu=C probe_gpu=C ms=1057
09-24 14:13:24.025 17893 17907 I hfmodels-greedy: ROW id=6149a17b kind=control letter='B' text='B' probe_cpu=B probe_gpu=B ms=1000
09-24 14:13:25.043 17893 17907 I hfmodels-greedy: ROW id=be866e1d kind=control letter='C' text='C' probe_cpu=C probe_gpu=C ms=1015
09-24 14:13:26.038 17893 17907 I hfmodels-greedy: ROW id=97d2ed25 kind=control letter='B' text='B' probe_cpu=B probe_gpu=B ms=993
09-24 14:13:27.092 17893 17907 I hfmodels-greedy: ROW id=4533dd91 kind=mismatch letter='B' text='B' probe_cpu=B probe_gpu=A ms=1050
09-24 14:13:28.093 17893 17907 I hfmodels-greedy: ROW id=d880e65f kind=control letter='A' text='A' probe_cpu=A probe_gpu=A ms=998
09-24 14:13:29.084 17893 17907 I hfmodels-greedy: ROW id=90494c76 kind=control letter='A' text='A' probe_cpu=A probe_gpu=A ms=989
09-24 14:13:30.080 17893 17907 I hfmodels-greedy: ROW id=9ac5cc82 kind=mismatch letter='B' text='B' probe_cpu=B probe_gpu=A ms=992
09-24 14:13:31.152 17893 17907 I hfmodels-greedy: ROW id=386e10b1 kind=control letter='B' text='B' probe_cpu=B probe_gpu=B ms=1070
09-24 14:13:32.226 17893 17907 I hfmodels-greedy: ROW id=4da6aedc kind=control letter='C' text='C' probe_cpu=C probe_gpu=C ms=1071
09-24 14:13:33.228 17893 17907 I hfmodels-greedy: ROW id=a22dab8b kind=control letter='C' text='C' probe_cpu=C probe_gpu=C ms=1000
09-24 14:13:34.287 17893 17907 I hfmodels-greedy: ROW id=42c54fa2 kind=control letter='B' text='B' probe_cpu=B probe_gpu=B ms=1056
09-24 14:13:35.430 17893 17907 I hfmodels-greedy: ROW id=f3d13cf1 kind=control letter='C' text='C' probe_cpu=C probe_gpu=C ms=1140
09-24 14:13:36.529 17893 17907 I hfmodels-greedy: ROW id=1105577d kind=control letter='C' text='C' probe_cpu=C probe_gpu=C ms=1096
09-24 14:13:37.629 17893 17907 I hfmodels-greedy: ROW id=0ebd2997 kind=control letter='C' text='C' probe_cpu=C probe_gpu=C ms=1097
09-24 14:13:38.732 17893 17907 I hfmodels-greedy: ROW id=eafc22c8 kind=control letter='C' text='C' probe_cpu=C probe_gpu=C ms=1100
09-24 14:13:39.900 17893 17907 I hfmodels-greedy: ROW id=0aa14476 kind=control letter='C' text='C' probe_cpu=C probe_gpu=C ms=1165
09-24 14:13:41.063 17893 17907 I hfmodels-greedy: ROW id=980e7614 kind=control letter='C' text='C' probe_cpu=C probe_gpu=C ms=1160
09-24 14:13:42.159 17893 17907 I hfmodels-greedy: ROW id=4aee37a6 kind=control letter='A' text='A' probe_cpu=A probe_gpu=A ms=1094
09-24 14:13:43.258 17893 17907 I hfmodels-greedy: ROW id=6db17cc2 kind=control letter='C' text='C' probe_cpu=C probe_gpu=C ms=1095
09-24 14:13:44.386 17893 17907 I hfmodels-greedy: ROW id=ef3e0f8e kind=mismatch letter='C' text='C' probe_cpu=C probe_gpu=B ms=1125
09-24 14:13:45.474 17893 17907 I hfmodels-greedy: ROW id=f756e1cb kind=control letter='C' text='C' probe_cpu=C probe_gpu=C ms=1085
09-24 14:13:46.482 17893 17907 I hfmodels-greedy: ROW id=d167e51b kind=control letter='C' text='C' probe_cpu=C probe_gpu=C ms=1005
09-24 14:13:47.479 17893 17907 I hfmodels-greedy: ROW id=674ca4e9 kind=control letter='C' text='C' probe_cpu=C probe_gpu=C ms=994
09-24 14:13:48.591 17893 17907 I hfmodels-greedy: ROW id=1df851a2 kind=control letter='C' text='C' probe_cpu=C probe_gpu=C ms=1109
09-24 14:13:49.674 17893 17907 I hfmodels-greedy: ROW id=b5e6788d kind=mismatch letter='C' text='C' probe_cpu=C probe_gpu=B ms=1080
09-24 14:13:50.696 17893 17907 I hfmodels-greedy: ROW id=32f36cd0 kind=control letter='A' text='A' probe_cpu=A probe_gpu=A ms=1018
09-24 14:13:51.727 17893 17907 I hfmodels-greedy: ROW id=84318570 kind=control letter='B' text='B' probe_cpu=B probe_gpu=B ms=1028
09-24 14:13:52.780 17893 17907 I hfmodels-greedy: ROW id=b531dd60 kind=mismatch letter='B' text='B' probe_cpu=B probe_gpu=C ms=1051
09-24 14:13:53.844 17893 17907 I hfmodels-greedy: ROW id=be2dd67b kind=mismatch letter='A' text='A' probe_cpu=A probe_gpu=C ms=1061
09-24 14:13:54.848 17893 17907 I hfmodels-greedy: ROW id=b8e27503 kind=control letter='A' text='A' probe_cpu=A probe_gpu=A ms=1002
09-24 14:13:55.863 17893 17907 I hfmodels-greedy: ROW id=5d31b4bf kind=mismatch letter='A' text='A' probe_cpu=A probe_gpu=B ms=1011
09-24 14:13:56.872 17893 17907 I hfmodels-greedy: ROW id=a9230edf kind=mismatch letter='C' text='C' probe_cpu=C probe_gpu=B ms=1006
09-24 14:13:57.941 17893 17907 I hfmodels-greedy: ROW id=c100e845 kind=control letter='B' text='B' probe_cpu=B probe_gpu=B ms=1066
09-24 14:13:58.955 17893 17907 I hfmodels-greedy: ROW id=579beed1 kind=control letter='B' text='B' probe_cpu=B probe_gpu=B ms=1011
09-24 14:13:59.972 17893 17907 I hfmodels-greedy: ROW id=c4e9bd46 kind=control letter='C' text='C' probe_cpu=C probe_gpu=C ms=1014
09-24 14:14:01.045 17893 17907 I hfmodels-greedy: ROW id=b863998d kind=control letter='A' text='A' probe_cpu=A probe_gpu=A ms=1070
09-24 14:14:02.046 17893 17907 I hfmodels-greedy: ROW id=37cebc37 kind=control letter='B' text='B' probe_cpu=B probe_gpu=B ms=998
09-24 14:14:03.225 17893 17907 I hfmodels-greedy: ROW id=64d63f86 kind=control letter='C' text='C' probe_cpu=C probe_gpu=C ms=1176
09-24 14:14:04.353 17893 17907 I hfmodels-greedy: ROW id=6d64a845 kind=control letter='C' text='C' probe_cpu=C probe_gpu=C ms=1125
09-24 14:14:05.447 17893 17907 I hfmodels-greedy: ROW id=27081932 kind=control letter='B' text='B' probe_cpu=B probe_gpu=B ms=1091
09-24 14:14:06.543 17893 17907 I hfmodels-greedy: ROW id=5a37d1df kind=control letter='B' text='B' probe_cpu=B probe_gpu=B ms=1093
09-24 14:14:07.679 17893 17907 I hfmodels-greedy: ROW id=acacd8b4 kind=control letter='B' text='B' probe_cpu=B probe_gpu=B ms=1133
09-24 14:14:08.772 17893 17907 I hfmodels-greedy: ROW id=4089c199 kind=control letter='C' text='C' probe_cpu=C probe_gpu=C ms=1090
09-24 14:14:09.869 17893 17907 I hfmodels-greedy: ROW id=02f2b95a kind=control letter='B' text='B' probe_cpu=B probe_gpu=B ms=1094
09-24 14:14:10.952 17893 17907 I hfmodels-greedy: ROW id=ebea4681 kind=control letter='B' text='B' probe_cpu=B probe_gpu=B ms=1079
09-24 14:14:11.955 17893 17907 I hfmodels-greedy: ROW id=b8c5b9b2 kind=control letter='B' text='B' probe_cpu=B probe_gpu=B ms=1001
09-24 14:14:12.943 17893 17907 I hfmodels-greedy: ROW id=7ed75d85 kind=control letter='C' text='C' probe_cpu=C probe_gpu=C ms=985
09-24 14:14:13.141 17893 17907 I hfmodels-greedy: RESULT step=greedy ok=true backend=cpu runtime=litertlm-android:0.16.1 model=qwen3_0_6b_mixed_int4.litertlm rows=144 letter_found=144 same_as_cpu_probe=144 same_as_gpu_probe=121 failures=0 out=/data/user/0/io.github.johnrocky.hfmodels.litertlm.test/files/greedy/qwen3_0_6b_mixed_int4-cpu.jsonl
# rows pulled: 144
