# decode-vs-scoring probe  date=2026-09-24T03:25:37Z serial=RFGL80R6A6H device=SM-S942Q build=BP4A.251205.006.S942QOPS1AZF2 android=16
# git=5632404 backend=gpu model=MiniCPM5-2B_int8.litertlm fixture=authored144_minicpm5_2b_oracle.json jni=jniLibs_fix(#3562 applied) sampler=topK1 ids=all thermal=Thermal Status: 2 battery_temp_x10C= temperature: 401
# instrument rc=0 end=2026-09-24T03:30:12Z thermal_end=Thermal Status: 2
09-24 12:25:38.001 26540 26553 I hfmodels-scoring: device=SM-S942Q build=BP4A.251205.006.S942QOPS1AZF2 android=16 backend=gpu model=/data/local/tmp/hfmodels/MiniCPM5-2B_int8.litertlm fixture=authored144_minicpm5_2b_oracle.json ids=0 rows=144
09-24 12:25:47.678 26540 26553 I hfmodels-scoring: ROW id=a3f18f3a decode='C' decode_letter=2 score_letter=2 p=0.121,0.069,0.811 decode_ms=890 score_ms=569
09-24 12:25:48.752 26540 26553 I hfmodels-scoring: ROW id=f40beba9 decode='A' decode_letter=0 score_letter=0 p=0.967,0.032,0.001 decode_ms=510 score_ms=562
09-24 12:25:49.844 26540 26553 I hfmodels-scoring: ROW id=0b43ea8e decode='B' decode_letter=1 score_letter=1 p=0.004,0.996,0.000 decode_ms=517 score_ms=573
09-24 12:25:50.941 26540 26553 I hfmodels-scoring: ROW id=942ec65d decode='A' decode_letter=0 score_letter=0 p=0.912,0.022,0.066 decode_ms=521 score_ms=574
09-24 12:25:52.045 26540 26553 I hfmodels-scoring: ROW id=e0c140e9 decode='A' decode_letter=0 score_letter=0 p=1.000,0.000,0.000 decode_ms=525 score_ms=577
09-24 12:25:53.147 26540 26553 I hfmodels-scoring: ROW id=8e8c3804 decode='B' decode_letter=1 score_letter=1 p=0.123,0.800,0.077 decode_ms=523 score_ms=578
09-24 12:25:54.270 26540 26553 I hfmodels-scoring: ROW id=56c419b1 decode='A' decode_letter=0 score_letter=0 p=0.605,0.016,0.379 decode_ms=535 score_ms=586
09-24 12:25:55.399 26540 26553 I hfmodels-scoring: ROW id=75b47058 decode='C' decode_letter=2 score_letter=2 p=0.305,0.144,0.552 decode_ms=532 score_ms=596
09-24 12:25:56.556 26540 26553 I hfmodels-scoring: ROW id=834f3b3e decode='C' decode_letter=2 score_letter=2 p=0.122,0.028,0.850 decode_ms=540 score_ms=615
09-24 12:25:57.722 26540 26553 I hfmodels-scoring: ROW id=76c7a79b decode='A' decode_letter=0 score_letter=0 p=0.918,0.026,0.056 decode_ms=543 score_ms=621
09-24 12:25:58.890 26540 26553 I hfmodels-scoring: ROW id=36c71bb6 decode='A' decode_letter=0 score_letter=0 p=0.998,0.001,0.000 decode_ms=560 score_ms=606
09-24 12:26:00.052 26540 26553 I hfmodels-scoring: ROW id=eac5121a decode='A' decode_letter=0 score_letter=0 p=0.856,0.135,0.008 decode_ms=557 score_ms=603
09-24 12:26:01.232 26540 26553 I hfmodels-scoring: ROW id=44574c44 decode='C' decode_letter=2 score_letter=2 p=0.012,0.000,0.987 decode_ms=554 score_ms=625
09-24 12:26:02.444 26540 26553 I hfmodels-scoring: ROW id=2608370d decode='A' decode_letter=0 score_letter=0 p=0.665,0.082,0.253 decode_ms=581 score_ms=629
09-24 12:26:03.673 26540 26553 I hfmodels-scoring: ROW id=ec94ef90 decode='C' decode_letter=2 score_letter=2 p=0.030,0.001,0.969 decode_ms=578 score_ms=649
09-24 12:26:04.895 26540 26553 I hfmodels-scoring: ROW id=03d919fd decode='A' decode_letter=0 score_letter=0 p=0.876,0.053,0.072 decode_ms=579 score_ms=642
09-24 12:26:06.147 26540 26553 I hfmodels-scoring: ROW id=86a15618 decode='A' decode_letter=0 score_letter=0 p=0.981,0.018,0.002 decode_ms=593 score_ms=658
09-24 12:26:07.411 26540 26553 I hfmodels-scoring: ROW id=3dd9c3ac decode='B' decode_letter=1 score_letter=1 p=0.297,0.690,0.013 decode_ms=603 score_ms=659
09-24 12:26:08.680 26540 26553 I hfmodels-scoring: ROW id=36273dd4 decode='B' decode_letter=1 score_letter=1 p=0.013,0.987,0.000 decode_ms=601 score_ms=667
09-24 12:26:09.939 26540 26553 I hfmodels-scoring: ROW id=07ee70cf decode='C' decode_letter=2 score_letter=2 p=0.003,0.001,0.996 decode_ms=606 score_ms=652
09-24 12:26:11.203 26540 26553 I hfmodels-scoring: ROW id=51ceab3c decode='C' decode_letter=2 score_letter=2 p=0.000,0.000,1.000 decode_ms=601 score_ms=662
09-24 12:26:12.611 26540 26553 I hfmodels-scoring: ROW id=b8091be9 decode='B' decode_letter=1 score_letter=1 p=0.022,0.977,0.000 decode_ms=658 score_ms=748
09-24 12:26:14.015 26540 26553 I hfmodels-scoring: ROW id=c89b86e3 decode='B' decode_letter=1 score_letter=1 p=0.257,0.743,0.000 decode_ms=653 score_ms=749
09-24 12:26:15.421 26540 26553 I hfmodels-scoring: ROW id=3b0958ca decode='A' decode_letter=0 score_letter=0 p=0.621,0.365,0.014 decode_ms=653 score_ms=750
09-24 12:26:16.826 26540 26553 I hfmodels-scoring: ROW id=f2b4ec49 decode='B' decode_letter=1 score_letter=1 p=0.217,0.553,0.231 decode_ms=654 score_ms=749
09-24 12:26:18.317 26540 26553 I hfmodels-scoring: ROW id=61ac20b0 decode='B' decode_letter=1 score_letter=1 p=0.002,0.998,0.000 decode_ms=688 score_ms=802
09-24 12:26:19.857 26540 26553 I hfmodels-scoring: ROW id=4b3d794c decode='C' decode_letter=2 score_letter=2 p=0.064,0.011,0.925 decode_ms=737 score_ms=801
09-24 12:26:21.394 26540 26553 I hfmodels-scoring: ROW id=b7c4e62d decode='A' decode_letter=0 score_letter=0 p=0.537,0.242,0.221 decode_ms=741 score_ms=794
09-24 12:26:22.919 26540 26553 I hfmodels-scoring: ROW id=9473603b decode='A' decode_letter=0 score_letter=0 p=0.725,0.275,0.000 decode_ms=730 score_ms=792
09-24 12:26:24.441 26540 26553 I hfmodels-scoring: ROW id=d41072dc decode='B' decode_letter=1 score_letter=1 p=0.133,0.494,0.373 decode_ms=725 score_ms=795
09-24 12:26:25.994 26540 26553 I hfmodels-scoring: ROW id=33d6e5da decode='B' decode_letter=1 score_letter=1 p=0.320,0.656,0.025 decode_ms=742 score_ms=809
09-24 12:26:27.547 26540 26553 I hfmodels-scoring: ROW id=823bf736 decode='B' decode_letter=1 score_letter=1 p=0.023,0.976,0.001 decode_ms=745 score_ms=806
09-24 12:26:29.217 26540 26553 I hfmodels-scoring: ROW id=8a4c3de2 decode='B' decode_letter=1 score_letter=1 p=0.012,0.799,0.190 decode_ms=806 score_ms=862
09-24 12:26:30.880 26540 26553 I hfmodels-scoring: ROW id=ea7ec66a decode='A' decode_letter=0 score_letter=0 p=0.874,0.126,0.000 decode_ms=802 score_ms=860
09-24 12:26:32.545 26540 26553 I hfmodels-scoring: ROW id=25172cd6 decode='C' decode_letter=2 score_letter=2 p=0.025,0.014,0.961 decode_ms=799 score_ms=864
09-24 12:26:34.219 26540 26553 I hfmodels-scoring: ROW id=fb73a85d decode='A' decode_letter=0 score_letter=0 p=0.951,0.029,0.021 decode_ms=808 score_ms=864
09-24 12:26:35.889 26540 26553 I hfmodels-scoring: ROW id=a02fd582 decode='C' decode_letter=2 score_letter=2 p=0.196,0.029,0.775 decode_ms=811 score_ms=857
09-24 12:26:37.554 26540 26553 I hfmodels-scoring: ROW id=19f37d5a decode='B' decode_letter=1 score_letter=1 p=0.481,0.497,0.022 decode_ms=800 score_ms=862
09-24 12:26:39.221 26540 26553 I hfmodels-scoring: ROW id=fda0ca94 decode='A' decode_letter=0 score_letter=0 p=0.948,0.044,0.008 decode_ms=801 score_ms=864
09-24 12:26:40.890 26540 26553 I hfmodels-scoring: ROW id=d0e36c4c decode='A' decode_letter=0 score_letter=0 p=0.983,0.014,0.002 decode_ms=803 score_ms=864
09-24 12:26:42.750 26540 26553 I hfmodels-scoring: ROW id=a0a39ace decode='A' decode_letter=0 score_letter=0 p=0.975,0.023,0.002 decode_ms=836 score_ms=1022
09-24 12:26:44.742 26540 26553 I hfmodels-scoring: ROW id=eeae2838 decode='B' decode_letter=1 score_letter=1 p=0.156,0.719,0.125 decode_ms=952 score_ms=1038
09-24 12:26:46.534 26540 26553 I hfmodels-scoring: ROW id=00bb4cc0 decode='C' decode_letter=2 score_letter=2 p=0.014,0.000,0.986 decode_ms=927 score_ms=863
09-24 12:26:48.314 26540 26553 I hfmodels-scoring: ROW id=1a81ead6 decode='B' decode_letter=1 score_letter=1 p=0.195,0.507,0.298 decode_ms=802 score_ms=976
09-24 12:26:50.305 26540 26553 I hfmodels-scoring: ROW id=4444dad2 decode='C' decode_letter=2 score_letter=2 p=0.114,0.296,0.589 decode_ms=957 score_ms=1032
09-24 12:26:52.277 26540 26553 I hfmodels-scoring: ROW id=3226202b decode='C' decode_letter=2 score_letter=2 p=0.397,0.078,0.525 decode_ms=950 score_ms=1021
09-24 12:26:54.196 26540 26553 I hfmodels-scoring: ROW id=3f783eec decode='C' decode_letter=2 score_letter=2 p=0.185,0.314,0.502 decode_ms=915 score_ms=1001
09-24 12:26:56.157 26540 26553 I hfmodels-scoring: ROW id=ffee8614 decode='C' decode_letter=2 score_letter=2 p=0.027,0.148,0.825 decode_ms=940 score_ms=1019
09-24 12:26:58.147 26540 26553 I hfmodels-scoring: ROW id=8c992e17 decode='B' decode_letter=1 score_letter=1 p=0.004,0.996,0.000 decode_ms=942 score_ms=1047
09-24 12:27:00.100 26540 26553 I hfmodels-scoring: ROW id=695dd611 decode='A' decode_letter=0 score_letter=0 p=0.900,0.067,0.033 decode_ms=945 score_ms=1006
09-24 12:27:02.072 26540 26553 I hfmodels-scoring: ROW id=e6155431 decode='B' decode_letter=1 score_letter=1 p=0.000,0.999,0.000 decode_ms=945 score_ms=1025
09-24 12:27:04.117 26540 26553 I hfmodels-scoring: ROW id=b49ecda7 decode='B' decode_letter=1 score_letter=1 p=0.141,0.789,0.070 decode_ms=976 score_ms=1067
09-24 12:27:06.157 26540 26553 I hfmodels-scoring: ROW id=587ced26 decode='B' decode_letter=1 score_letter=1 p=0.001,0.999,0.000 decode_ms=982 score_ms=1056
09-24 12:27:08.218 26540 26553 I hfmodels-scoring: ROW id=533d4423 decode='A' decode_letter=0 score_letter=0 p=0.572,0.419,0.009 decode_ms=988 score_ms=1070
09-24 12:27:10.251 26540 26553 I hfmodels-scoring: ROW id=2bf540d5 decode='C' decode_letter=2 score_letter=2 p=0.085,0.059,0.856 decode_ms=985 score_ms=1046
09-24 12:27:11.546 26540 26553 I hfmodels-scoring: ROW id=fdb9fc21 decode='B' decode_letter=1 score_letter=1 p=0.429,0.568,0.003 decode_ms=609 score_ms=684
09-24 12:27:13.599 26540 26553 I hfmodels-scoring: ROW id=f6d68126 decode='A' decode_letter=0 score_letter=0 p=0.744,0.253,0.003 decode_ms=981 score_ms=1070
09-24 12:27:15.658 26540 26553 I hfmodels-scoring: ROW id=44bae0c8 decode='B' decode_letter=1 score_letter=1 p=0.222,0.776,0.002 decode_ms=978 score_ms=1078
09-24 12:27:17.718 26540 26553 I hfmodels-scoring: ROW id=2175379f decode='B' decode_letter=1 score_letter=1 p=0.003,0.997,0.001 decode_ms=986 score_ms=1072
09-24 12:27:19.776 26540 26553 I hfmodels-scoring: ROW id=def9fe59 decode='C' decode_letter=2 score_letter=2 p=0.072,0.209,0.719 decode_ms=981 score_ms=1075
09-24 12:27:21.819 26540 26553 I hfmodels-scoring: ROW id=712f6ffb decode='B' decode_letter=1 score_letter=1 p=0.064,0.936,0.000 decode_ms=980 score_ms=1060
09-24 12:27:23.869 26540 26553 I hfmodels-scoring: ROW id=e1d610bd decode='A' decode_letter=0 score_letter=0 p=1.000,0.000,0.000 decode_ms=987 score_ms=1061
09-24 12:27:25.912 26540 26553 I hfmodels-scoring: ROW id=22ec5782 decode='B' decode_letter=1 score_letter=1 p=0.257,0.743,0.000 decode_ms=988 score_ms=1054
09-24 12:27:27.961 26540 26553 I hfmodels-scoring: ROW id=3e75f2b8 decode='B' decode_letter=1 score_letter=1 p=0.145,0.500,0.355 decode_ms=984 score_ms=1063
09-24 12:27:30.021 26540 26553 I hfmodels-scoring: ROW id=ebd74aa0 decode='B' decode_letter=1 score_letter=1 p=0.419,0.581,0.000 decode_ms=983 score_ms=1076
09-24 12:27:32.073 26540 26553 I hfmodels-scoring: ROW id=d7e84e42 decode='C' decode_letter=2 score_letter=2 p=0.002,0.164,0.834 decode_ms=982 score_ms=1068
09-24 12:27:34.127 26540 26553 I hfmodels-scoring: ROW id=f41ae66b decode='C' decode_letter=2 score_letter=2 p=0.002,0.056,0.943 decode_ms=982 score_ms=1070
09-24 12:27:36.170 26540 26553 I hfmodels-scoring: ROW id=82c2cd97 decode='C' decode_letter=2 score_letter=2 p=0.131,0.014,0.855 decode_ms=985 score_ms=1056
09-24 12:27:38.217 26540 26553 I hfmodels-scoring: ROW id=7ada97b6 decode='B' decode_letter=1 score_letter=1 p=0.041,0.959,0.000 decode_ms=990 score_ms=1056
09-24 12:27:40.267 26540 26553 I hfmodels-scoring: ROW id=4d7a0033 decode='A' decode_letter=0 score_letter=0 p=0.585,0.395,0.020 decode_ms=988 score_ms=1060
09-24 12:27:42.323 26540 26553 I hfmodels-scoring: ROW id=19d3d8d0 decode='A' decode_letter=0 score_letter=0 p=1.000,0.000,0.000 decode_ms=983 score_ms=1072
09-24 12:27:44.382 26540 26553 I hfmodels-scoring: ROW id=d6de731c decode='C' decode_letter=2 score_letter=2 p=0.098,0.399,0.504 decode_ms=998 score_ms=1059
09-24 12:27:46.418 26540 26553 I hfmodels-scoring: ROW id=b45c63fb decode='B' decode_letter=1 score_letter=1 p=0.212,0.788,0.000 decode_ms=986 score_ms=1048
09-24 12:27:48.459 26540 26553 I hfmodels-scoring: ROW id=46b7029b decode='C' decode_letter=2 score_letter=2 p=0.318,0.141,0.541 decode_ms=986 score_ms=1054
09-24 12:27:50.485 26540 26553 I hfmodels-scoring: ROW id=caf773b2 decode='A' decode_letter=0 score_letter=0 p=1.000,0.000,0.000 decode_ms=983 score_ms=1041
09-24 12:27:52.525 26540 26553 I hfmodels-scoring: ROW id=f46f392e decode='B' decode_letter=1 score_letter=1 p=0.161,0.816,0.023 decode_ms=983 score_ms=1055
09-24 12:27:54.575 26540 26553 I hfmodels-scoring: ROW id=005dcf6d decode='B' decode_letter=1 score_letter=1 p=0.174,0.465,0.362 decode_ms=984 score_ms=1063
09-24 12:27:56.591 26540 26553 I hfmodels-scoring: ROW id=edb708bd decode='A' decode_letter=0 score_letter=0 p=0.698,0.300,0.002 decode_ms=974 score_ms=1040
09-24 12:27:58.638 26540 26553 I hfmodels-scoring: ROW id=97a35499 decode='C' decode_letter=2 score_letter=2 p=0.034,0.416,0.551 decode_ms=988 score_ms=1057
09-24 12:28:00.697 26540 26553 I hfmodels-scoring: ROW id=31eb4533 decode='A' decode_letter=0 score_letter=0 p=0.871,0.019,0.111 decode_ms=987 score_ms=1069
09-24 12:28:02.746 26540 26553 I hfmodels-scoring: ROW id=0aa24a67 decode='B' decode_letter=1 score_letter=1 p=0.010,0.975,0.015 decode_ms=984 score_ms=1063
09-24 12:28:04.786 26540 26553 I hfmodels-scoring: ROW id=796d5c0d decode='B' decode_letter=1 score_letter=1 p=0.002,0.998,0.000 decode_ms=982 score_ms=1057
09-24 12:28:06.828 26540 26553 I hfmodels-scoring: ROW id=599b3092 decode='C' decode_letter=2 score_letter=2 p=0.026,0.000,0.974 decode_ms=987 score_ms=1052
09-24 12:28:08.880 26540 26553 I hfmodels-scoring: ROW id=960a4bcd decode='B' decode_letter=1 score_letter=1 p=0.122,0.863,0.014 decode_ms=983 score_ms=1068
09-24 12:28:10.929 26540 26553 I hfmodels-scoring: ROW id=c6a411e7 decode='A' decode_letter=0 score_letter=0 p=0.667,0.045,0.287 decode_ms=987 score_ms=1060
09-24 12:28:12.973 26540 26553 I hfmodels-scoring: ROW id=e332aa92 decode='C' decode_letter=2 score_letter=2 p=0.146,0.015,0.839 decode_ms=983 score_ms=1058
09-24 12:28:15.020 26540 26553 I hfmodels-scoring: ROW id=a0128e55 decode='A' decode_letter=0 score_letter=0 p=0.999,0.001,0.000 decode_ms=987 score_ms=1059
09-24 12:28:17.067 26540 26553 I hfmodels-scoring: ROW id=46d6a073 decode='A' decode_letter=0 score_letter=0 p=0.992,0.007,0.001 decode_ms=981 score_ms=1064
09-24 12:28:19.094 26540 26553 I hfmodels-scoring: ROW id=21ca7a8b decode='A' decode_letter=0 score_letter=0 p=0.822,0.178,0.000 decode_ms=987 score_ms=1038
09-24 12:28:21.149 26540 26553 I hfmodels-scoring: ROW id=4aa83af9 decode='A' decode_letter=0 score_letter=0 p=0.612,0.263,0.124 decode_ms=988 score_ms=1065
09-24 12:28:23.180 26540 26553 I hfmodels-scoring: ROW id=cdfa9eed decode='A' decode_letter=0 score_letter=0 p=0.460,0.204,0.336 decode_ms=989 score_ms=1040
09-24 12:28:25.160 26540 26553 I hfmodels-scoring: ROW id=d51b05bf decode='B' decode_letter=1 score_letter=1 p=0.062,0.938,0.000 decode_ms=945 score_ms=1033
09-24 12:28:27.210 26540 26553 I hfmodels-scoring: ROW id=fdd902cc decode='B' decode_letter=1 score_letter=1 p=0.016,0.984,0.000 decode_ms=990 score_ms=1058
09-24 12:28:29.260 26540 26553 I hfmodels-scoring: ROW id=42384af9 decode='B' decode_letter=1 score_letter=1 p=0.033,0.689,0.278 decode_ms=988 score_ms=1061
09-24 12:28:31.308 26540 26553 I hfmodels-scoring: ROW id=cdf7f428 decode='B' decode_letter=1 score_letter=1 p=0.004,0.725,0.271 decode_ms=982 score_ms=1064
09-24 12:28:33.347 26540 26553 I hfmodels-scoring: ROW id=774f7f92 decode='C' decode_letter=2 score_letter=2 p=0.016,0.010,0.974 decode_ms=984 score_ms=1053
09-24 12:28:35.389 26540 26553 I hfmodels-scoring: ROW id=92ec2ffa decode='A' decode_letter=0 score_letter=0 p=0.824,0.014,0.162 decode_ms=989 score_ms=1052
09-24 12:28:37.441 26540 26553 I hfmodels-scoring: ROW id=6149a17b decode='A' decode_letter=0 score_letter=0 p=0.771,0.080,0.149 decode_ms=989 score_ms=1060
09-24 12:28:39.499 26540 26553 I hfmodels-scoring: ROW id=be866e1d decode='C' decode_letter=2 score_letter=2 p=0.177,0.004,0.819 decode_ms=987 score_ms=1070
09-24 12:28:41.561 26540 26553 I hfmodels-scoring: ROW id=97d2ed25 decode='B' decode_letter=1 score_letter=1 p=0.117,0.612,0.271 decode_ms=982 score_ms=1078
09-24 12:28:43.616 26540 26553 I hfmodels-scoring: ROW id=4533dd91 decode='C' decode_letter=2 score_letter=2 p=0.250,0.262,0.489 decode_ms=998 score_ms=1055
09-24 12:28:45.649 26540 26553 I hfmodels-scoring: ROW id=d880e65f decode='A' decode_letter=0 score_letter=0 p=0.906,0.087,0.007 decode_ms=982 score_ms=1049
09-24 12:28:47.704 26540 26553 I hfmodels-scoring: ROW id=90494c76 decode='A' decode_letter=0 score_letter=0 p=0.720,0.226,0.054 decode_ms=988 score_ms=1064
09-24 12:28:49.750 26540 26553 I hfmodels-scoring: ROW id=9ac5cc82 decode='B' decode_letter=1 score_letter=1 p=0.069,0.897,0.034 decode_ms=987 score_ms=1056
09-24 12:28:51.803 26540 26553 I hfmodels-scoring: ROW id=386e10b1 decode='B' decode_letter=1 score_letter=1 p=0.023,0.977,0.000 decode_ms=990 score_ms=1061
09-24 12:28:53.856 26540 26553 I hfmodels-scoring: ROW id=4da6aedc decode='B' decode_letter=1 score_letter=1 p=0.000,1.000,0.000 decode_ms=983 score_ms=1067
09-24 12:28:55.891 26540 26553 I hfmodels-scoring: ROW id=a22dab8b decode='B' decode_letter=1 score_letter=1 p=0.000,0.999,0.000 decode_ms=982 score_ms=1052
09-24 12:28:57.940 26540 26553 I hfmodels-scoring: ROW id=42c54fa2 decode='B' decode_letter=1 score_letter=1 p=0.038,0.961,0.001 decode_ms=985 score_ms=1062
09-24 12:29:00.032 26540 26553 I hfmodels-scoring: ROW id=f3d13cf1 decode='C' decode_letter=2 score_letter=2 p=0.251,0.022,0.727 decode_ms=991 score_ms=1099
09-24 12:29:02.047 26540 26553 I hfmodels-scoring: ROW id=1105577d decode='A' decode_letter=0 score_letter=0 p=0.833,0.033,0.134 decode_ms=1015 score_ms=999
09-24 12:29:04.072 26540 26553 I hfmodels-scoring: ROW id=0ebd2997 decode='A' decode_letter=0 score_letter=0 p=0.681,0.026,0.293 decode_ms=972 score_ms=1051
09-24 12:29:06.122 26540 26553 I hfmodels-scoring: ROW id=eafc22c8 decode='C' decode_letter=2 score_letter=2 p=0.145,0.046,0.809 decode_ms=984 score_ms=1063
09-24 12:29:08.173 26540 26553 I hfmodels-scoring: ROW id=0aa14476 decode='C' decode_letter=2 score_letter=2 p=0.026,0.009,0.965 decode_ms=989 score_ms=1060
09-24 12:29:10.222 26540 26553 I hfmodels-scoring: ROW id=980e7614 decode='C' decode_letter=2 score_letter=2 p=0.173,0.028,0.799 decode_ms=983 score_ms=1064
09-24 12:29:12.276 26540 26553 I hfmodels-scoring: ROW id=4aee37a6 decode='C' decode_letter=2 score_letter=2 p=0.106,0.235,0.659 decode_ms=984 score_ms=1069
09-24 12:29:14.354 26540 26553 I hfmodels-scoring: ROW id=6db17cc2 decode='C' decode_letter=2 score_letter=2 p=0.001,0.000,0.999 decode_ms=1006 score_ms=1069
09-24 12:29:16.403 26540 26553 I hfmodels-scoring: ROW id=ef3e0f8e decode='C' decode_letter=2 score_letter=2 p=0.184,0.018,0.799 decode_ms=981 score_ms=1067
09-24 12:29:18.461 26540 26553 I hfmodels-scoring: ROW id=f756e1cb decode='B' decode_letter=1 score_letter=1 p=0.027,0.623,0.350 decode_ms=986 score_ms=1070
09-24 12:29:20.485 26540 26553 I hfmodels-scoring: ROW id=d167e51b decode='A' decode_letter=0 score_letter=0 p=0.851,0.148,0.001 decode_ms=983 score_ms=1040
09-24 12:29:22.526 26540 26553 I hfmodels-scoring: ROW id=674ca4e9 decode='A' decode_letter=0 score_letter=0 p=0.552,0.206,0.241 decode_ms=987 score_ms=1052
09-24 12:29:24.578 26540 26553 I hfmodels-scoring: ROW id=1df851a2 decode='A' decode_letter=0 score_letter=0 p=0.873,0.061,0.066 decode_ms=983 score_ms=1068
09-24 12:29:26.618 26540 26553 I hfmodels-scoring: ROW id=b5e6788d decode='A' decode_letter=0 score_letter=0 p=0.427,0.371,0.202 decode_ms=986 score_ms=1052
09-24 12:29:28.692 26540 26553 I hfmodels-scoring: ROW id=32f36cd0 decode='A' decode_letter=0 score_letter=0 p=0.999,0.001,0.000 decode_ms=1001 score_ms=1071
09-24 12:29:30.747 26540 26553 I hfmodels-scoring: ROW id=84318570 decode='A' decode_letter=0 score_letter=0 p=0.550,0.060,0.390 decode_ms=981 score_ms=1072
09-24 12:29:32.805 26540 26553 I hfmodels-scoring: ROW id=b531dd60 decode='A' decode_letter=0 score_letter=0 p=0.556,0.011,0.433 decode_ms=984 score_ms=1072
09-24 12:29:34.866 26540 26553 I hfmodels-scoring: ROW id=be2dd67b decode='B' decode_letter=1 score_letter=1 p=0.005,0.995,0.000 decode_ms=987 score_ms=1073
09-24 12:29:36.907 26540 26553 I hfmodels-scoring: ROW id=b8e27503 decode='A' decode_letter=0 score_letter=0 p=0.980,0.014,0.006 decode_ms=981 score_ms=1058
09-24 12:29:38.946 26540 26553 I hfmodels-scoring: ROW id=5d31b4bf decode='B' decode_letter=1 score_letter=1 p=0.059,0.931,0.010 decode_ms=979 score_ms=1058
09-24 12:29:40.988 26540 26553 I hfmodels-scoring: ROW id=a9230edf decode='C' decode_letter=2 score_letter=2 p=0.040,0.000,0.960 decode_ms=980 score_ms=1060
09-24 12:29:43.046 26540 26553 I hfmodels-scoring: ROW id=c100e845 decode='B' decode_letter=1 score_letter=1 p=0.278,0.721,0.000 decode_ms=987 score_ms=1068
09-24 12:29:45.090 26540 26553 I hfmodels-scoring: ROW id=579beed1 decode='B' decode_letter=1 score_letter=1 p=0.077,0.923,0.000 decode_ms=987 score_ms=1055
09-24 12:29:47.132 26540 26553 I hfmodels-scoring: ROW id=c4e9bd46 decode='C' decode_letter=2 score_letter=2 p=0.032,0.001,0.966 decode_ms=980 score_ms=1061
09-24 12:29:49.180 26540 26553 I hfmodels-scoring: ROW id=b863998d decode='A' decode_letter=0 score_letter=0 p=0.518,0.039,0.443 decode_ms=987 score_ms=1059
09-24 12:29:51.224 26540 26553 I hfmodels-scoring: ROW id=37cebc37 decode='B' decode_letter=1 score_letter=1 p=0.025,0.972,0.003 decode_ms=977 score_ms=1064
09-24 12:29:53.285 26540 26553 I hfmodels-scoring: ROW id=64d63f86 decode='A' decode_letter=0 score_letter=0 p=0.598,0.004,0.398 decode_ms=993 score_ms=1066
09-24 12:29:55.328 26540 26553 I hfmodels-scoring: ROW id=6d64a845 decode='A' decode_letter=0 score_letter=0 p=0.512,0.451,0.037 decode_ms=990 score_ms=1051
09-24 12:29:57.372 26540 26553 I hfmodels-scoring: ROW id=27081932 decode='B' decode_letter=1 score_letter=1 p=0.125,0.854,0.021 decode_ms=984 score_ms=1058
09-24 12:29:59.418 26540 26553 I hfmodels-scoring: ROW id=5a37d1df decode='B' decode_letter=1 score_letter=1 p=0.009,0.989,0.002 decode_ms=981 score_ms=1063
09-24 12:30:01.475 26540 26553 I hfmodels-scoring: ROW id=acacd8b4 decode='B' decode_letter=1 score_letter=1 p=0.050,0.949,0.001 decode_ms=985 score_ms=1070
09-24 12:30:03.509 26540 26553 I hfmodels-scoring: ROW id=4089c199 decode='C' decode_letter=2 score_letter=2 p=0.090,0.002,0.908 decode_ms=983 score_ms=1050
09-24 12:30:05.558 26540 26553 I hfmodels-scoring: ROW id=02f2b95a decode='A' decode_letter=0 score_letter=0 p=0.995,0.005,0.000 decode_ms=993 score_ms=1054
09-24 12:30:07.576 26540 26553 I hfmodels-scoring: ROW id=ebea4681 decode='B' decode_letter=1 score_letter=1 p=0.024,0.967,0.008 decode_ms=977 score_ms=1040
09-24 12:30:09.620 26540 26553 I hfmodels-scoring: ROW id=b8c5b9b2 decode='B' decode_letter=1 score_letter=1 p=0.212,0.787,0.002 decode_ms=984 score_ms=1057
09-24 12:30:11.669 26540 26553 I hfmodels-scoring: ROW id=7ed75d85 decode='A' decode_letter=0 score_letter=0 p=0.641,0.328,0.031 decode_ms=981 score_ms=1067
09-24 12:30:11.670 26540 26553 I hfmodels-scoring: RESULT step=decode_vs_scoring ok=true backend=gpu model=MiniCPM5-2B_int8.litertlm fixture=authored144_minicpm5_2b_oracle.json rows=144 decode_letter_found=144 agree=144 disagree=0 out=/data/user/0/io.github.johnrocky.hfmodels.probe.scoring/files/scoring/authored144_minicpm5_2b_oracle-gpu.decode.jsonl
# rows pulled: 144
