# stock-runtime greedy probe  date=2026-09-24T05:00:30Z serial=RFGL80R6A6H device=SM-S942Q build=BP4A.251205.006.S942QOPS1AZF2 android=16
# git=a7422e2 runtime=litertlm-android:0.16.1 (published AAR, no patch) backend=cpu model=qwen3_0_6b_mixed_int4.litertlm prompts=stock_prompts_qwen3.json sampler=topK1 thinking=off maxTokens=4 thermal=Thermal Status: 0 battery_temp_x10C= temperature: 354
# instrument rc=0 end=2026-09-24T05:01:00Z thermal_end=Thermal Status: 0
09-24 14:00:31.187 15814 15827 I hfmodels-greedy: device=SM-S942Q build=BP4A.251205.006.S942QOPS1AZF2 android=16 runtime=litertlm-android:0.16.1 backend=cpu model=/data/local/tmp/hfmodels/qwen3_0_6b_mixed_int4.litertlm prompts=29 maxTokens=4 sampler=topK1
09-24 14:00:31.985 15814 15827 I hfmodels-greedy: init_ms=797
09-24 14:00:33.487 15814 15827 I hfmodels-greedy: ROW id=07ee70cf kind=mismatch letter='A' text='A' probe_cpu=A probe_gpu=B ms=1491
09-24 14:00:34.330 15814 15827 I hfmodels-greedy: ROW id=c89b86e3 kind=mismatch letter='C' text='C' probe_cpu=C probe_gpu=B ms=841
09-24 14:00:35.169 15814 15827 I hfmodels-greedy: ROW id=4b3d794c kind=mismatch letter='B' text='B' probe_cpu=B probe_gpu=C ms=837
09-24 14:00:36.009 15814 15827 I hfmodels-greedy: ROW id=8a4c3de2 kind=mismatch letter='A' text='A' probe_cpu=A probe_gpu=B ms=838
09-24 14:00:36.870 15814 15827 I hfmodels-greedy: ROW id=533d4423 kind=mismatch letter='C' text='C' probe_cpu=C probe_gpu=B ms=858
09-24 14:00:37.688 15814 15827 I hfmodels-greedy: ROW id=f6d68126 kind=mismatch letter='C' text='C' probe_cpu=C probe_gpu=B ms=816
09-24 14:00:38.501 15814 15827 I hfmodels-greedy: ROW id=e1d610bd kind=mismatch letter='C' text='C' probe_cpu=C probe_gpu=B ms=810
09-24 14:00:39.350 15814 15827 I hfmodels-greedy: ROW id=ebd74aa0 kind=mismatch letter='B' text='B' probe_cpu=B probe_gpu=C ms=847
09-24 14:00:40.166 15814 15827 I hfmodels-greedy: ROW id=19d3d8d0 kind=mismatch letter='A' text='A' probe_cpu=A probe_gpu=C ms=814
09-24 14:00:41.014 15814 15827 I hfmodels-greedy: ROW id=f46f392e kind=mismatch letter='A' text='A' probe_cpu=A probe_gpu=B ms=845
09-24 14:00:41.898 15814 15827 I hfmodels-greedy: ROW id=edb708bd kind=mismatch letter='C' text='C' probe_cpu=C probe_gpu=A ms=881
09-24 14:00:42.728 15814 15827 I hfmodels-greedy: ROW id=0aa24a67 kind=mismatch letter='B' text='B' probe_cpu=B probe_gpu=C ms=828
09-24 14:00:43.655 15814 15827 I hfmodels-greedy: ROW id=d51b05bf kind=mismatch letter='A' text='A' probe_cpu=A probe_gpu=C ms=925
09-24 14:00:44.533 15814 15827 I hfmodels-greedy: ROW id=42384af9 kind=mismatch letter='C' text='C' probe_cpu=C probe_gpu=B ms=876
09-24 14:00:45.433 15814 15827 I hfmodels-greedy: ROW id=cdf7f428 kind=mismatch letter='B' text='B' probe_cpu=B probe_gpu=C ms=897
09-24 14:00:46.694 15814 15827 I hfmodels-greedy: ROW id=4533dd91 kind=mismatch letter='B' text='B' probe_cpu=B probe_gpu=A ms=1259
09-24 14:00:47.659 15814 15827 I hfmodels-greedy: ROW id=9ac5cc82 kind=mismatch letter='B' text='B' probe_cpu=B probe_gpu=A ms=963
09-24 14:00:48.614 15814 15827 I hfmodels-greedy: ROW id=ef3e0f8e kind=mismatch letter='C' text='C' probe_cpu=C probe_gpu=B ms=951
09-24 14:00:49.545 15814 15827 I hfmodels-greedy: ROW id=b5e6788d kind=mismatch letter='C' text='C' probe_cpu=C probe_gpu=B ms=929
09-24 14:00:50.498 15814 15827 I hfmodels-greedy: ROW id=b531dd60 kind=mismatch letter='B' text='B' probe_cpu=B probe_gpu=C ms=950
09-24 14:00:51.481 15814 15827 I hfmodels-greedy: ROW id=be2dd67b kind=mismatch letter='A' text='A' probe_cpu=A probe_gpu=C ms=981
09-24 14:00:52.490 15814 15827 I hfmodels-greedy: ROW id=5d31b4bf kind=mismatch letter='A' text='A' probe_cpu=A probe_gpu=B ms=1006
09-24 14:00:53.407 15814 15827 I hfmodels-greedy: ROW id=a9230edf kind=mismatch letter='C' text='C' probe_cpu=C probe_gpu=B ms=914
09-24 14:00:54.393 15814 15827 I hfmodels-greedy: ROW id=a3f18f3a kind=control letter='A' text='A' probe_cpu=A probe_gpu=A ms=983
09-24 14:00:55.381 15814 15827 I hfmodels-greedy: ROW id=f40beba9 kind=control letter='A' text='A' probe_cpu=A probe_gpu=A ms=986
09-24 14:00:56.322 15814 15827 I hfmodels-greedy: ROW id=0b43ea8e kind=control letter='B' text='B' probe_cpu=B probe_gpu=B ms=938
09-24 14:00:57.409 15814 15827 I hfmodels-greedy: ROW id=942ec65d kind=control letter='B' text='B' probe_cpu=B probe_gpu=B ms=1084
09-24 14:00:58.569 15814 15827 I hfmodels-greedy: ROW id=e0c140e9 kind=control letter='A' text='A' probe_cpu=A probe_gpu=A ms=1157
09-24 14:00:59.659 15814 15827 I hfmodels-greedy: ROW id=8e8c3804 kind=control letter='B' text='B' probe_cpu=B probe_gpu=B ms=1087
09-24 14:00:59.876 15814 15827 I hfmodels-greedy: RESULT step=greedy ok=true backend=cpu runtime=litertlm-android:0.16.1 model=qwen3_0_6b_mixed_int4.litertlm rows=29 letter_found=29 same_as_cpu_probe=29 same_as_gpu_probe=6 failures=0 out=/data/user/0/io.github.johnrocky.hfmodels.litertlm.test/files/greedy/qwen3_0_6b_mixed_int4-cpu.jsonl
# rows pulled: 29
