# stock-runtime greedy probe  date=2026-09-24T05:07:43Z serial=RFGL80R6A6H device=SM-S942Q build=BP4A.251205.006.S942QOPS1AZF2 android=16
# git=195ac6d runtime=litertlm-android:0.17.1 (published AAR, no patch) backend=cpu model=qwen3_0_6b_mixed_int4.litertlm prompts=stock_prompts_qwen3_all144.json sampler=topK1 thinking=off maxTokens=4 thermal=Thermal Status: 2 battery_temp_x10C= temperature: 408
# instrument rc=0 end=2026-09-24T05:10:07Z thermal_end=Thermal Status: 2
09-24 14:07:44.508 17395 17408 I hfmodels-greedy: device=SM-S942Q build=BP4A.251205.006.S942QOPS1AZF2 android=16 runtime=litertlm-android:0.17.1 backend=cpu model=/data/local/tmp/hfmodels/qwen3_0_6b_mixed_int4.litertlm prompts=144 maxTokens=4 sampler=topK1
09-24 14:07:45.646 17395 17408 I hfmodels-greedy: init_ms=1138
09-24 14:07:47.670 17395 17408 I hfmodels-greedy: ROW id=a3f18f3a kind=control letter='A' text='A' probe_cpu=A probe_gpu=A ms=2010
09-24 14:07:48.678 17395 17408 I hfmodels-greedy: ROW id=f40beba9 kind=control letter='A' text='A' probe_cpu=A probe_gpu=A ms=1005
09-24 14:07:49.675 17395 17408 I hfmodels-greedy: ROW id=0b43ea8e kind=control letter='B' text='B' probe_cpu=B probe_gpu=B ms=994
09-24 14:07:50.613 17395 17408 I hfmodels-greedy: ROW id=942ec65d kind=control letter='B' text='B' probe_cpu=B probe_gpu=B ms=936
09-24 14:07:51.571 17395 17408 I hfmodels-greedy: ROW id=e0c140e9 kind=control letter='A' text='A' probe_cpu=A probe_gpu=A ms=955
09-24 14:07:52.473 17395 17408 I hfmodels-greedy: ROW id=8e8c3804 kind=control letter='B' text='B' probe_cpu=B probe_gpu=B ms=899
09-24 14:07:53.403 17395 17408 I hfmodels-greedy: ROW id=56c419b1 kind=control letter='C' text='C' probe_cpu=C probe_gpu=C ms=928
09-24 14:07:54.311 17395 17408 I hfmodels-greedy: ROW id=75b47058 kind=control letter='A' text='A' probe_cpu=A probe_gpu=A ms=905
09-24 14:07:55.211 17395 17408 I hfmodels-greedy: ROW id=834f3b3e kind=control letter='C' text='C' probe_cpu=A probe_gpu=A ms=897
09-24 14:07:56.119 17395 17408 I hfmodels-greedy: ROW id=76c7a79b kind=control letter='A' text='A' probe_cpu=A probe_gpu=A ms=904
09-24 14:07:57.014 17395 17408 I hfmodels-greedy: ROW id=36c71bb6 kind=control letter='A' text='A' probe_cpu=A probe_gpu=A ms=892
09-24 14:07:57.926 17395 17408 I hfmodels-greedy: ROW id=eac5121a kind=control letter='C' text='C' probe_cpu=C probe_gpu=C ms=909
09-24 14:07:58.878 17395 17408 I hfmodels-greedy: ROW id=44574c44 kind=control letter='C' text='C' probe_cpu=C probe_gpu=C ms=949
09-24 14:07:59.776 17395 17408 I hfmodels-greedy: ROW id=2608370d kind=control letter='A' text='A' probe_cpu=A probe_gpu=A ms=896
09-24 14:08:00.682 17395 17408 I hfmodels-greedy: ROW id=ec94ef90 kind=control letter='A' text='A' probe_cpu=A probe_gpu=A ms=903
09-24 14:08:01.597 17395 17408 I hfmodels-greedy: ROW id=03d919fd kind=control letter='B' text='B' probe_cpu=B probe_gpu=B ms=912
09-24 14:08:02.561 17395 17408 I hfmodels-greedy: ROW id=86a15618 kind=control letter='C' text='C' probe_cpu=C probe_gpu=C ms=961
09-24 14:08:03.463 17395 17408 I hfmodels-greedy: ROW id=3dd9c3ac kind=control letter='B' text='B' probe_cpu=B probe_gpu=B ms=899
09-24 14:08:04.364 17395 17408 I hfmodels-greedy: ROW id=36273dd4 kind=control letter='B' text='B' probe_cpu=B probe_gpu=B ms=899
09-24 14:08:05.265 17395 17408 I hfmodels-greedy: ROW id=07ee70cf kind=mismatch letter='B' text='B' probe_cpu=A probe_gpu=B ms=898
09-24 14:08:06.240 17395 17408 I hfmodels-greedy: ROW id=51ceab3c kind=control letter='B' text='B' probe_cpu=B probe_gpu=B ms=972
09-24 14:08:07.141 17395 17408 I hfmodels-greedy: ROW id=b8091be9 kind=control letter='B' text='B' probe_cpu=B probe_gpu=B ms=899
09-24 14:08:08.053 17395 17408 I hfmodels-greedy: ROW id=c89b86e3 kind=mismatch letter='C' text='C' probe_cpu=C probe_gpu=B ms=909
09-24 14:08:08.953 17395 17408 I hfmodels-greedy: ROW id=3b0958ca kind=control letter='B' text='B' probe_cpu=B probe_gpu=B ms=898
09-24 14:08:09.923 17395 17408 I hfmodels-greedy: ROW id=f2b4ec49 kind=control letter='C' text='C' probe_cpu=C probe_gpu=C ms=967
09-24 14:08:10.890 17395 17408 I hfmodels-greedy: ROW id=61ac20b0 kind=control letter='B' text='B' probe_cpu=B probe_gpu=B ms=964
09-24 14:08:11.797 17395 17408 I hfmodels-greedy: ROW id=4b3d794c kind=mismatch letter='B' text='B' probe_cpu=B probe_gpu=C ms=904
09-24 14:08:12.759 17395 17408 I hfmodels-greedy: ROW id=b7c4e62d kind=control letter='B' text='B' probe_cpu=B probe_gpu=B ms=960
09-24 14:08:13.710 17395 17408 I hfmodels-greedy: ROW id=9473603b kind=control letter='B' text='B' probe_cpu=B probe_gpu=B ms=948
09-24 14:08:14.667 17395 17408 I hfmodels-greedy: ROW id=d41072dc kind=control letter='A' text='A' probe_cpu=C probe_gpu=C ms=954
09-24 14:08:15.533 17395 17408 I hfmodels-greedy: ROW id=33d6e5da kind=control letter='C' text='C' probe_cpu=C probe_gpu=C ms=864
09-24 14:08:16.411 17395 17408 I hfmodels-greedy: ROW id=823bf736 kind=control letter='C' text='C' probe_cpu=C probe_gpu=C ms=876
09-24 14:08:17.282 17395 17408 I hfmodels-greedy: ROW id=8a4c3de2 kind=mismatch letter='A' text='A' probe_cpu=A probe_gpu=B ms=868
09-24 14:08:18.175 17395 17408 I hfmodels-greedy: ROW id=ea7ec66a kind=control letter='A' text='A' probe_cpu=A probe_gpu=A ms=891
09-24 14:08:19.081 17395 17408 I hfmodels-greedy: ROW id=25172cd6 kind=control letter='C' text='C' probe_cpu=C probe_gpu=C ms=904
09-24 14:08:20.046 17395 17408 I hfmodels-greedy: ROW id=fb73a85d kind=control letter='B' text='B' probe_cpu=B probe_gpu=B ms=963
09-24 14:08:21.017 17395 17408 I hfmodels-greedy: ROW id=a02fd582 kind=control letter='C' text='C' probe_cpu=C probe_gpu=C ms=968
09-24 14:08:21.915 17395 17408 I hfmodels-greedy: ROW id=19f37d5a kind=control letter='C' text='C' probe_cpu=C probe_gpu=C ms=895
09-24 14:08:22.820 17395 17408 I hfmodels-greedy: ROW id=fda0ca94 kind=control letter='B' text='B' probe_cpu=B probe_gpu=B ms=902
09-24 14:08:23.722 17395 17408 I hfmodels-greedy: ROW id=d0e36c4c kind=control letter='B' text='B' probe_cpu=B probe_gpu=B ms=900
09-24 14:08:24.690 17395 17408 I hfmodels-greedy: ROW id=a0a39ace kind=control letter='A' text='A' probe_cpu=A probe_gpu=A ms=965
09-24 14:08:25.594 17395 17408 I hfmodels-greedy: ROW id=eeae2838 kind=control letter='B' text='B' probe_cpu=B probe_gpu=B ms=902
09-24 14:08:26.519 17395 17408 I hfmodels-greedy: ROW id=00bb4cc0 kind=control letter='C' text='C' probe_cpu=C probe_gpu=C ms=923
09-24 14:08:27.442 17395 17408 I hfmodels-greedy: ROW id=1a81ead6 kind=control letter='A' text='A' probe_cpu=A probe_gpu=A ms=920
09-24 14:08:28.349 17395 17408 I hfmodels-greedy: ROW id=4444dad2 kind=control letter='C' text='C' probe_cpu=C probe_gpu=C ms=904
09-24 14:08:29.282 17395 17408 I hfmodels-greedy: ROW id=3226202b kind=control letter='C' text='C' probe_cpu=C probe_gpu=C ms=931
09-24 14:08:30.182 17395 17408 I hfmodels-greedy: ROW id=3f783eec kind=control letter='A' text='A' probe_cpu=A probe_gpu=A ms=897
09-24 14:08:31.109 17395 17408 I hfmodels-greedy: ROW id=ffee8614 kind=control letter='A' text='A' probe_cpu=C probe_gpu=C ms=924
09-24 14:08:32.023 17395 17408 I hfmodels-greedy: ROW id=8c992e17 kind=control letter='B' text='B' probe_cpu=B probe_gpu=B ms=912
09-24 14:08:32.974 17395 17408 I hfmodels-greedy: ROW id=695dd611 kind=control letter='B' text='B' probe_cpu=B probe_gpu=B ms=948
09-24 14:08:33.875 17395 17408 I hfmodels-greedy: ROW id=e6155431 kind=control letter='C' text='C' probe_cpu=C probe_gpu=C ms=899
09-24 14:08:34.770 17395 17408 I hfmodels-greedy: ROW id=b49ecda7 kind=control letter='C' text='C' probe_cpu=B probe_gpu=B ms=892
09-24 14:08:35.735 17395 17408 I hfmodels-greedy: ROW id=587ced26 kind=control letter='B' text='B' probe_cpu=B probe_gpu=B ms=962
09-24 14:08:36.729 17395 17408 I hfmodels-greedy: ROW id=533d4423 kind=mismatch letter='B' text='B' probe_cpu=C probe_gpu=B ms=991
09-24 14:08:37.641 17395 17408 I hfmodels-greedy: ROW id=2bf540d5 kind=control letter='C' text='C' probe_cpu=C probe_gpu=C ms=910
09-24 14:08:38.546 17395 17408 I hfmodels-greedy: ROW id=fdb9fc21 kind=control letter='B' text='B' probe_cpu=B probe_gpu=B ms=902
09-24 14:08:39.511 17395 17408 I hfmodels-greedy: ROW id=f6d68126 kind=mismatch letter='B' text='B' probe_cpu=C probe_gpu=B ms=962
09-24 14:08:40.474 17395 17408 I hfmodels-greedy: ROW id=44bae0c8 kind=control letter='B' text='B' probe_cpu=B probe_gpu=B ms=960
09-24 14:08:41.391 17395 17408 I hfmodels-greedy: ROW id=2175379f kind=control letter='B' text='B' probe_cpu=B probe_gpu=B ms=915
09-24 14:08:42.287 17395 17408 I hfmodels-greedy: ROW id=def9fe59 kind=control letter='B' text='B' probe_cpu=C probe_gpu=C ms=893
09-24 14:08:43.227 17395 17408 I hfmodels-greedy: ROW id=712f6ffb kind=control letter='B' text='B' probe_cpu=B probe_gpu=B ms=936
09-24 14:08:44.128 17395 17408 I hfmodels-greedy: ROW id=e1d610bd kind=mismatch letter='C' text='C' probe_cpu=C probe_gpu=B ms=899
09-24 14:08:45.038 17395 17408 I hfmodels-greedy: ROW id=22ec5782 kind=control letter='B' text='B' probe_cpu=B probe_gpu=B ms=907
09-24 14:08:45.940 17395 17408 I hfmodels-greedy: ROW id=3e75f2b8 kind=control letter='B' text='B' probe_cpu=B probe_gpu=B ms=899
09-24 14:08:46.914 17395 17408 I hfmodels-greedy: ROW id=ebd74aa0 kind=mismatch letter='B' text='B' probe_cpu=B probe_gpu=C ms=972
09-24 14:08:47.815 17395 17408 I hfmodels-greedy: ROW id=d7e84e42 kind=control letter='B' text='B' probe_cpu=B probe_gpu=B ms=898
09-24 14:08:48.733 17395 17408 I hfmodels-greedy: ROW id=f41ae66b kind=control letter='B' text='B' probe_cpu=B probe_gpu=B ms=916
09-24 14:08:49.632 17395 17408 I hfmodels-greedy: ROW id=82c2cd97 kind=control letter='C' text='C' probe_cpu=C probe_gpu=C ms=897
09-24 14:08:50.579 17395 17408 I hfmodels-greedy: ROW id=7ada97b6 kind=control letter='B' text='B' probe_cpu=B probe_gpu=B ms=944
09-24 14:08:51.521 17395 17408 I hfmodels-greedy: ROW id=4d7a0033 kind=control letter='C' text='C' probe_cpu=C probe_gpu=C ms=940
09-24 14:08:52.426 17395 17408 I hfmodels-greedy: ROW id=19d3d8d0 kind=mismatch letter='C' text='C' probe_cpu=A probe_gpu=C ms=903
09-24 14:08:53.330 17395 17408 I hfmodels-greedy: ROW id=d6de731c kind=control letter='C' text='C' probe_cpu=C probe_gpu=C ms=902
09-24 14:08:54.337 17395 17408 I hfmodels-greedy: ROW id=b45c63fb kind=control letter='B' text='B' probe_cpu=B probe_gpu=B ms=1004
09-24 14:08:55.300 17395 17408 I hfmodels-greedy: ROW id=46b7029b kind=control letter='C' text='C' probe_cpu=C probe_gpu=C ms=960
09-24 14:08:56.300 17395 17408 I hfmodels-greedy: ROW id=caf773b2 kind=control letter='A' text='A' probe_cpu=A probe_gpu=A ms=997
09-24 14:08:57.261 17395 17408 I hfmodels-greedy: ROW id=f46f392e kind=mismatch letter='A' text='A' probe_cpu=A probe_gpu=B ms=958
09-24 14:08:58.250 17395 17408 I hfmodels-greedy: ROW id=005dcf6d kind=control letter='B' text='B' probe_cpu=B probe_gpu=B ms=987
09-24 14:08:59.219 17395 17408 I hfmodels-greedy: ROW id=edb708bd kind=mismatch letter='A' text='A' probe_cpu=C probe_gpu=A ms=966
09-24 14:09:00.134 17395 17408 I hfmodels-greedy: ROW id=97a35499 kind=control letter='B' text='B' probe_cpu=B probe_gpu=B ms=913
09-24 14:09:01.086 17395 17408 I hfmodels-greedy: ROW id=31eb4533 kind=control letter='C' text='C' probe_cpu=C probe_gpu=C ms=949
09-24 14:09:02.092 17395 17408 I hfmodels-greedy: ROW id=0aa24a67 kind=mismatch letter='B' text='B' probe_cpu=B probe_gpu=C ms=1003
09-24 14:09:03.091 17395 17408 I hfmodels-greedy: ROW id=796d5c0d kind=control letter='B' text='B' probe_cpu=B probe_gpu=B ms=996
09-24 14:09:04.090 17395 17408 I hfmodels-greedy: ROW id=599b3092 kind=control letter='B' text='B' probe_cpu=B probe_gpu=B ms=995
09-24 14:09:05.104 17395 17408 I hfmodels-greedy: ROW id=960a4bcd kind=control letter='B' text='B' probe_cpu=B probe_gpu=B ms=1012
09-24 14:09:06.082 17395 17408 I hfmodels-greedy: ROW id=c6a411e7 kind=control letter='B' text='B' probe_cpu=C probe_gpu=C ms=975
09-24 14:09:07.042 17395 17408 I hfmodels-greedy: ROW id=e332aa92 kind=control letter='C' text='C' probe_cpu=C probe_gpu=C ms=958
09-24 14:09:07.963 17395 17408 I hfmodels-greedy: ROW id=a0128e55 kind=control letter='A' text='A' probe_cpu=A probe_gpu=A ms=918
09-24 14:09:08.867 17395 17408 I hfmodels-greedy: ROW id=46d6a073 kind=control letter='B' text='B' probe_cpu=B probe_gpu=B ms=902
09-24 14:09:09.943 17395 17408 I hfmodels-greedy: ROW id=21ca7a8b kind=control letter='C' text='C' probe_cpu=C probe_gpu=C ms=1073
09-24 14:09:10.960 17395 17408 I hfmodels-greedy: ROW id=4aa83af9 kind=control letter='A' text='A' probe_cpu=A probe_gpu=A ms=1014
09-24 14:09:11.969 17395 17408 I hfmodels-greedy: ROW id=cdfa9eed kind=control letter='C' text='C' probe_cpu=C probe_gpu=C ms=1006
09-24 14:09:13.046 17395 17408 I hfmodels-greedy: ROW id=d51b05bf kind=mismatch letter='A' text='A' probe_cpu=A probe_gpu=C ms=1075
09-24 14:09:14.054 17395 17408 I hfmodels-greedy: ROW id=fdd902cc kind=control letter='B' text='B' probe_cpu=B probe_gpu=B ms=1005
09-24 14:09:15.061 17395 17408 I hfmodels-greedy: ROW id=42384af9 kind=mismatch letter='C' text='C' probe_cpu=C probe_gpu=B ms=1004
09-24 14:09:16.058 17395 17408 I hfmodels-greedy: ROW id=cdf7f428 kind=mismatch letter='C' text='C' probe_cpu=B probe_gpu=C ms=994
09-24 14:09:17.067 17395 17408 I hfmodels-greedy: ROW id=774f7f92 kind=control letter='C' text='C' probe_cpu=C probe_gpu=C ms=1006
09-24 14:09:18.144 17395 17408 I hfmodels-greedy: ROW id=92ec2ffa kind=control letter='A' text='A' probe_cpu=C probe_gpu=C ms=1074
09-24 14:09:19.144 17395 17408 I hfmodels-greedy: ROW id=6149a17b kind=control letter='B' text='B' probe_cpu=B probe_gpu=B ms=997
09-24 14:09:20.169 17395 17408 I hfmodels-greedy: ROW id=be866e1d kind=control letter='B' text='B' probe_cpu=C probe_gpu=C ms=1021
09-24 14:09:21.170 17395 17408 I hfmodels-greedy: ROW id=97d2ed25 kind=control letter='B' text='B' probe_cpu=B probe_gpu=B ms=999
09-24 14:09:22.236 17395 17408 I hfmodels-greedy: ROW id=4533dd91 kind=mismatch letter='A' text='A' probe_cpu=B probe_gpu=A ms=1063
09-24 14:09:23.241 17395 17408 I hfmodels-greedy: ROW id=d880e65f kind=control letter='A' text='A' probe_cpu=A probe_gpu=A ms=1002
09-24 14:09:24.235 17395 17408 I hfmodels-greedy: ROW id=90494c76 kind=control letter='A' text='A' probe_cpu=A probe_gpu=A ms=992
09-24 14:09:25.230 17395 17408 I hfmodels-greedy: ROW id=9ac5cc82 kind=mismatch letter='B' text='B' probe_cpu=B probe_gpu=A ms=992
09-24 14:09:26.308 17395 17408 I hfmodels-greedy: ROW id=386e10b1 kind=control letter='B' text='B' probe_cpu=B probe_gpu=B ms=1076
09-24 14:09:27.393 17395 17408 I hfmodels-greedy: ROW id=4da6aedc kind=control letter='C' text='C' probe_cpu=C probe_gpu=C ms=1082
09-24 14:09:28.404 17395 17408 I hfmodels-greedy: ROW id=a22dab8b kind=control letter='C' text='C' probe_cpu=C probe_gpu=C ms=1008
09-24 14:09:29.409 17395 17408 I hfmodels-greedy: ROW id=42c54fa2 kind=control letter='B' text='B' probe_cpu=B probe_gpu=B ms=1002
09-24 14:09:30.463 17395 17408 I hfmodels-greedy: ROW id=f3d13cf1 kind=control letter='C' text='C' probe_cpu=C probe_gpu=C ms=1051
09-24 14:09:31.466 17395 17408 I hfmodels-greedy: ROW id=1105577d kind=control letter='C' text='C' probe_cpu=C probe_gpu=C ms=1001
09-24 14:09:32.467 17395 17408 I hfmodels-greedy: ROW id=0ebd2997 kind=control letter='C' text='C' probe_cpu=C probe_gpu=C ms=998
09-24 14:09:33.483 17395 17408 I hfmodels-greedy: ROW id=eafc22c8 kind=control letter='C' text='C' probe_cpu=C probe_gpu=C ms=1013
09-24 14:09:34.548 17395 17408 I hfmodels-greedy: ROW id=0aa14476 kind=control letter='C' text='C' probe_cpu=C probe_gpu=C ms=1062
09-24 14:09:35.620 17395 17408 I hfmodels-greedy: ROW id=980e7614 kind=control letter='C' text='C' probe_cpu=C probe_gpu=C ms=1069
09-24 14:09:36.625 17395 17408 I hfmodels-greedy: ROW id=4aee37a6 kind=control letter='A' text='A' probe_cpu=A probe_gpu=A ms=1002
09-24 14:09:37.636 17395 17408 I hfmodels-greedy: ROW id=6db17cc2 kind=control letter='C' text='C' probe_cpu=C probe_gpu=C ms=1009
09-24 14:09:38.718 17395 17408 I hfmodels-greedy: ROW id=ef3e0f8e kind=mismatch letter='C' text='C' probe_cpu=C probe_gpu=B ms=1079
09-24 14:09:39.805 17395 17408 I hfmodels-greedy: ROW id=f756e1cb kind=control letter='C' text='C' probe_cpu=C probe_gpu=C ms=1083
09-24 14:09:40.815 17395 17408 I hfmodels-greedy: ROW id=d167e51b kind=control letter='C' text='C' probe_cpu=C probe_gpu=C ms=1007
09-24 14:09:41.821 17395 17408 I hfmodels-greedy: ROW id=674ca4e9 kind=control letter='C' text='C' probe_cpu=C probe_gpu=C ms=1004
09-24 14:09:42.880 17395 17408 I hfmodels-greedy: ROW id=1df851a2 kind=control letter='C' text='C' probe_cpu=C probe_gpu=C ms=1056
09-24 14:09:43.881 17395 17408 I hfmodels-greedy: ROW id=b5e6788d kind=mismatch letter='C' text='C' probe_cpu=C probe_gpu=B ms=999
09-24 14:09:44.887 17395 17408 I hfmodels-greedy: ROW id=32f36cd0 kind=control letter='B' text='B' probe_cpu=A probe_gpu=A ms=1003
09-24 14:09:45.928 17395 17408 I hfmodels-greedy: ROW id=84318570 kind=control letter='B' text='B' probe_cpu=B probe_gpu=B ms=1038
09-24 14:09:46.994 17395 17408 I hfmodels-greedy: ROW id=b531dd60 kind=mismatch letter='C' text='C' probe_cpu=B probe_gpu=C ms=1063
09-24 14:09:48.069 17395 17408 I hfmodels-greedy: ROW id=be2dd67b kind=mismatch letter='A' text='A' probe_cpu=A probe_gpu=C ms=1072
09-24 14:09:49.082 17395 17408 I hfmodels-greedy: ROW id=b8e27503 kind=control letter='A' text='A' probe_cpu=A probe_gpu=A ms=1009
09-24 14:09:50.105 17395 17408 I hfmodels-greedy: ROW id=5d31b4bf kind=mismatch letter='A' text='A' probe_cpu=A probe_gpu=B ms=1021
09-24 14:09:51.117 17395 17408 I hfmodels-greedy: ROW id=a9230edf kind=mismatch letter='C' text='C' probe_cpu=C probe_gpu=B ms=1009
09-24 14:09:52.181 17395 17408 I hfmodels-greedy: ROW id=c100e845 kind=control letter='B' text='B' probe_cpu=B probe_gpu=B ms=1061
09-24 14:09:53.188 17395 17408 I hfmodels-greedy: ROW id=579beed1 kind=control letter='B' text='B' probe_cpu=B probe_gpu=B ms=1004
09-24 14:09:54.193 17395 17408 I hfmodels-greedy: ROW id=c4e9bd46 kind=control letter='C' text='C' probe_cpu=C probe_gpu=C ms=1002
09-24 14:09:55.268 17395 17408 I hfmodels-greedy: ROW id=b863998d kind=control letter='A' text='A' probe_cpu=A probe_gpu=A ms=1073
09-24 14:09:56.275 17395 17408 I hfmodels-greedy: ROW id=37cebc37 kind=control letter='B' text='B' probe_cpu=B probe_gpu=B ms=1004
09-24 14:09:57.352 17395 17408 I hfmodels-greedy: ROW id=64d63f86 kind=control letter='C' text='C' probe_cpu=C probe_gpu=C ms=1074
09-24 14:09:58.388 17395 17408 I hfmodels-greedy: ROW id=6d64a845 kind=control letter='C' text='C' probe_cpu=C probe_gpu=C ms=1033
09-24 14:09:59.405 17395 17408 I hfmodels-greedy: ROW id=27081932 kind=control letter='B' text='B' probe_cpu=B probe_gpu=B ms=1013
09-24 14:10:00.420 17395 17408 I hfmodels-greedy: ROW id=5a37d1df kind=control letter='B' text='B' probe_cpu=B probe_gpu=B ms=1012
09-24 14:10:01.459 17395 17408 I hfmodels-greedy: ROW id=acacd8b4 kind=control letter='B' text='B' probe_cpu=B probe_gpu=B ms=1037
09-24 14:10:02.467 17395 17408 I hfmodels-greedy: ROW id=4089c199 kind=control letter='C' text='C' probe_cpu=C probe_gpu=C ms=1005
09-24 14:10:03.482 17395 17408 I hfmodels-greedy: ROW id=02f2b95a kind=control letter='B' text='B' probe_cpu=B probe_gpu=B ms=1012
09-24 14:10:04.636 17395 17408 I hfmodels-greedy: ROW id=ebea4681 kind=control letter='B' text='B' probe_cpu=B probe_gpu=B ms=1151
09-24 14:10:05.715 17395 17408 I hfmodels-greedy: ROW id=b8c5b9b2 kind=control letter='B' text='B' probe_cpu=B probe_gpu=B ms=1076
09-24 14:10:06.713 17395 17408 I hfmodels-greedy: ROW id=7ed75d85 kind=control letter='C' text='C' probe_cpu=C probe_gpu=C ms=996
09-24 14:10:06.910 17395 17408 I hfmodels-greedy: RESULT step=greedy ok=true backend=cpu runtime=litertlm-android:0.17.1 model=qwen3_0_6b_mixed_int4.litertlm rows=144 letter_found=144 same_as_cpu_probe=127 same_as_gpu_probe=120 failures=0 out=/data/user/0/io.github.johnrocky.hfmodels.litertlm.test/files/greedy/qwen3_0_6b_mixed_int4-cpu.jsonl
# rows pulled: 144
