# stock-runtime greedy probe  date=2026-09-24T05:00:10Z serial=RFGL80R6A6H device=SM-S942Q build=BP4A.251205.006.S942QOPS1AZF2 android=16
# git=a7422e2 runtime=litertlm-android:0.16.1 (published AAR, no patch) backend=gpu model=qwen3_0_6b_mixed_int4.litertlm prompts=stock_prompts_qwen3.json sampler=topK1 thinking=off maxTokens=4 thermal=Thermal Status: 0 battery_temp_x10C= temperature: 353
# instrument rc=0 end=2026-09-24T05:00:20Z thermal_end=Thermal Status: 0
09-24 14:00:10.778 15719 15734 I hfmodels-greedy: device=SM-S942Q build=BP4A.251205.006.S942QOPS1AZF2 android=16 runtime=litertlm-android:0.16.1 backend=gpu model=/data/local/tmp/hfmodels/qwen3_0_6b_mixed_int4.litertlm prompts=29 maxTokens=4 sampler=topK1
09-24 14:00:14.341 15719 15734 I hfmodels-greedy: init_ms=3562
09-24 14:00:14.904 15719 15734 I hfmodels-greedy: ROW id=07ee70cf kind=mismatch letter='B' text='B' probe_cpu=A probe_gpu=B ms=553
09-24 14:00:15.068 15719 15734 I hfmodels-greedy: ROW id=c89b86e3 kind=mismatch letter='B' text='B' probe_cpu=C probe_gpu=B ms=162
09-24 14:00:15.232 15719 15734 I hfmodels-greedy: ROW id=4b3d794c kind=mismatch letter='C' text='C' probe_cpu=B probe_gpu=C ms=161
09-24 14:00:15.402 15719 15734 I hfmodels-greedy: ROW id=8a4c3de2 kind=mismatch letter='B' text='B' probe_cpu=A probe_gpu=B ms=167
09-24 14:00:15.568 15719 15734 I hfmodels-greedy: ROW id=533d4423 kind=mismatch letter='B' text='B' probe_cpu=C probe_gpu=B ms=162
09-24 14:00:15.742 15719 15734 I hfmodels-greedy: ROW id=f6d68126 kind=mismatch letter='B' text='B' probe_cpu=C probe_gpu=B ms=167
09-24 14:00:15.908 15719 15734 I hfmodels-greedy: ROW id=e1d610bd kind=mismatch letter='B' text='B' probe_cpu=C probe_gpu=B ms=164
09-24 14:00:16.091 15719 15734 I hfmodels-greedy: ROW id=ebd74aa0 kind=mismatch letter='C' text='C' probe_cpu=B probe_gpu=C ms=181
09-24 14:00:16.272 15719 15734 I hfmodels-greedy: ROW id=19d3d8d0 kind=mismatch letter='C' text='C' probe_cpu=A probe_gpu=C ms=177
09-24 14:00:16.459 15719 15734 I hfmodels-greedy: ROW id=f46f392e kind=mismatch letter='B' text='B' probe_cpu=A probe_gpu=B ms=181
09-24 14:00:16.645 15719 15734 I hfmodels-greedy: ROW id=edb708bd kind=mismatch letter='A' text='A' probe_cpu=C probe_gpu=A ms=180
09-24 14:00:16.825 15719 15734 I hfmodels-greedy: ROW id=0aa24a67 kind=mismatch letter='C' text='C' probe_cpu=B probe_gpu=C ms=177
09-24 14:00:17.009 15719 15734 I hfmodels-greedy: ROW id=d51b05bf kind=mismatch letter='C' text='C' probe_cpu=A probe_gpu=C ms=179
09-24 14:00:17.195 15719 15734 I hfmodels-greedy: ROW id=42384af9 kind=mismatch letter='B' text='B' probe_cpu=C probe_gpu=B ms=180
09-24 14:00:17.379 15719 15734 I hfmodels-greedy: ROW id=cdf7f428 kind=mismatch letter='C' text='C' probe_cpu=B probe_gpu=C ms=177
09-24 14:00:17.560 15719 15734 I hfmodels-greedy: ROW id=4533dd91 kind=mismatch letter='A' text='A' probe_cpu=B probe_gpu=A ms=177
09-24 14:00:17.743 15719 15734 I hfmodels-greedy: ROW id=9ac5cc82 kind=mismatch letter='A' text='A' probe_cpu=B probe_gpu=A ms=178
09-24 14:00:17.931 15719 15734 I hfmodels-greedy: ROW id=ef3e0f8e kind=mismatch letter='B' text='B' probe_cpu=C probe_gpu=B ms=181
09-24 14:00:18.119 15719 15734 I hfmodels-greedy: ROW id=b5e6788d kind=mismatch letter='B' text='B' probe_cpu=C probe_gpu=B ms=180
09-24 14:00:18.307 15719 15734 I hfmodels-greedy: ROW id=b531dd60 kind=mismatch letter='C' text='C' probe_cpu=B probe_gpu=C ms=181
09-24 14:00:18.489 15719 15734 I hfmodels-greedy: ROW id=be2dd67b kind=mismatch letter='C' text='C' probe_cpu=A probe_gpu=C ms=179
09-24 14:00:18.671 15719 15734 I hfmodels-greedy: ROW id=5d31b4bf kind=mismatch letter='B' text='B' probe_cpu=A probe_gpu=B ms=177
09-24 14:00:18.854 15719 15734 I hfmodels-greedy: ROW id=a9230edf kind=mismatch letter='B' text='B' probe_cpu=C probe_gpu=B ms=179
09-24 14:00:19.035 15719 15734 I hfmodels-greedy: ROW id=a3f18f3a kind=control letter='A' text='A' probe_cpu=A probe_gpu=A ms=178
09-24 14:00:19.216 15719 15734 I hfmodels-greedy: ROW id=f40beba9 kind=control letter='A' text='A' probe_cpu=A probe_gpu=A ms=176
09-24 14:00:19.402 15719 15734 I hfmodels-greedy: ROW id=0b43ea8e kind=control letter='B' text='B' probe_cpu=B probe_gpu=B ms=181
09-24 14:00:19.588 15719 15734 I hfmodels-greedy: ROW id=942ec65d kind=control letter='B' text='B' probe_cpu=B probe_gpu=B ms=181
09-24 14:00:19.776 15719 15734 I hfmodels-greedy: ROW id=e0c140e9 kind=control letter='A' text='A' probe_cpu=A probe_gpu=A ms=181
09-24 14:00:19.961 15719 15734 I hfmodels-greedy: ROW id=8e8c3804 kind=control letter='B' text='B' probe_cpu=B probe_gpu=B ms=179
09-24 14:00:20.126 15719 15734 I hfmodels-greedy: RESULT step=greedy ok=true backend=gpu runtime=litertlm-android:0.16.1 model=qwen3_0_6b_mixed_int4.litertlm rows=29 letter_found=29 same_as_cpu_probe=6 same_as_gpu_probe=29 failures=0 out=/data/user/0/io.github.johnrocky.hfmodels.litertlm.test/files/greedy/qwen3_0_6b_mixed_int4-gpu.jsonl
# rows pulled: 29
