# stock-runtime greedy probe  date=2026-09-24T05:10:36Z serial=RFGL80R6A6H device=SM-S942Q build=BP4A.251205.006.S942QOPS1AZF2 android=16
# git=195ac6d runtime=litertlm-android:0.16.1 (published AAR, no patch) backend=gpu model=qwen3_0_6b_mixed_int4.litertlm prompts=stock_prompts_qwen3_all144.json sampler=topK1 thinking=off maxTokens=4 thermal=Thermal Status: 2 battery_temp_x10C= temperature: 410
# instrument rc=0 end=2026-09-24T05:11:14Z thermal_end=Thermal Status: 2
09-24 14:10:36.691 17807 17821 I hfmodels-greedy: device=SM-S942Q build=BP4A.251205.006.S942QOPS1AZF2 android=16 runtime=litertlm-android:0.16.1 backend=gpu model=/data/local/tmp/hfmodels/qwen3_0_6b_mixed_int4.litertlm prompts=144 maxTokens=4 sampler=topK1
09-24 14:10:40.681 17807 17821 I hfmodels-greedy: init_ms=3989
09-24 14:10:41.264 17807 17821 I hfmodels-greedy: ROW id=a3f18f3a kind=control letter='A' text='A' probe_cpu=A probe_gpu=A ms=573
09-24 14:10:41.443 17807 17821 I hfmodels-greedy: ROW id=f40beba9 kind=control letter='A' text='A' probe_cpu=A probe_gpu=A ms=176
09-24 14:10:41.624 17807 17821 I hfmodels-greedy: ROW id=0b43ea8e kind=control letter='B' text='B' probe_cpu=B probe_gpu=B ms=177
09-24 14:10:41.810 17807 17821 I hfmodels-greedy: ROW id=942ec65d kind=control letter='B' text='B' probe_cpu=B probe_gpu=B ms=182
09-24 14:10:41.999 17807 17821 I hfmodels-greedy: ROW id=e0c140e9 kind=control letter='A' text='A' probe_cpu=A probe_gpu=A ms=182
09-24 14:10:42.188 17807 17821 I hfmodels-greedy: ROW id=8e8c3804 kind=control letter='B' text='B' probe_cpu=B probe_gpu=B ms=182
09-24 14:10:42.376 17807 17821 I hfmodels-greedy: ROW id=56c419b1 kind=control letter='C' text='C' probe_cpu=C probe_gpu=C ms=181
09-24 14:10:42.568 17807 17821 I hfmodels-greedy: ROW id=75b47058 kind=control letter='A' text='A' probe_cpu=A probe_gpu=A ms=184
09-24 14:10:42.759 17807 17821 I hfmodels-greedy: ROW id=834f3b3e kind=control letter='A' text='A' probe_cpu=A probe_gpu=A ms=183
09-24 14:10:42.941 17807 17821 I hfmodels-greedy: ROW id=76c7a79b kind=control letter='A' text='A' probe_cpu=A probe_gpu=A ms=178
09-24 14:10:43.123 17807 17821 I hfmodels-greedy: ROW id=36c71bb6 kind=control letter='A' text='A' probe_cpu=A probe_gpu=A ms=178
09-24 14:10:43.315 17807 17821 I hfmodels-greedy: ROW id=eac5121a kind=control letter='C' text='C' probe_cpu=C probe_gpu=C ms=184
09-24 14:10:43.507 17807 17821 I hfmodels-greedy: ROW id=44574c44 kind=control letter='C' text='C' probe_cpu=C probe_gpu=C ms=184
09-24 14:10:43.693 17807 17821 I hfmodels-greedy: ROW id=2608370d kind=control letter='A' text='A' probe_cpu=A probe_gpu=A ms=179
09-24 14:10:43.882 17807 17821 I hfmodels-greedy: ROW id=ec94ef90 kind=control letter='A' text='A' probe_cpu=A probe_gpu=A ms=182
09-24 14:10:44.068 17807 17821 I hfmodels-greedy: ROW id=03d919fd kind=control letter='B' text='B' probe_cpu=B probe_gpu=B ms=181
09-24 14:10:44.260 17807 17821 I hfmodels-greedy: ROW id=86a15618 kind=control letter='C' text='C' probe_cpu=C probe_gpu=C ms=184
09-24 14:10:44.451 17807 17821 I hfmodels-greedy: ROW id=3dd9c3ac kind=control letter='B' text='B' probe_cpu=B probe_gpu=B ms=184
09-24 14:10:44.636 17807 17821 I hfmodels-greedy: ROW id=36273dd4 kind=control letter='B' text='B' probe_cpu=B probe_gpu=B ms=179
09-24 14:10:44.826 17807 17821 I hfmodels-greedy: ROW id=07ee70cf kind=mismatch letter='B' text='B' probe_cpu=A probe_gpu=B ms=183
09-24 14:10:45.009 17807 17821 I hfmodels-greedy: ROW id=51ceab3c kind=control letter='B' text='B' probe_cpu=B probe_gpu=B ms=178
09-24 14:10:45.195 17807 17821 I hfmodels-greedy: ROW id=b8091be9 kind=control letter='B' text='B' probe_cpu=B probe_gpu=B ms=179
09-24 14:10:45.379 17807 17821 I hfmodels-greedy: ROW id=c89b86e3 kind=mismatch letter='B' text='B' probe_cpu=C probe_gpu=B ms=178
09-24 14:10:45.566 17807 17821 I hfmodels-greedy: ROW id=3b0958ca kind=control letter='B' text='B' probe_cpu=B probe_gpu=B ms=182
09-24 14:10:45.750 17807 17821 I hfmodels-greedy: ROW id=f2b4ec49 kind=control letter='C' text='C' probe_cpu=C probe_gpu=C ms=179
09-24 14:10:45.937 17807 17821 I hfmodels-greedy: ROW id=61ac20b0 kind=control letter='B' text='B' probe_cpu=B probe_gpu=B ms=182
09-24 14:10:46.134 17807 17821 I hfmodels-greedy: ROW id=4b3d794c kind=mismatch letter='C' text='C' probe_cpu=B probe_gpu=C ms=193
09-24 14:10:46.331 17807 17821 I hfmodels-greedy: ROW id=b7c4e62d kind=control letter='B' text='B' probe_cpu=B probe_gpu=B ms=193
09-24 14:10:46.530 17807 17821 I hfmodels-greedy: ROW id=9473603b kind=control letter='B' text='B' probe_cpu=B probe_gpu=B ms=193
09-24 14:10:46.733 17807 17821 I hfmodels-greedy: ROW id=d41072dc kind=control letter='C' text='C' probe_cpu=C probe_gpu=C ms=195
09-24 14:10:46.933 17807 17821 I hfmodels-greedy: ROW id=33d6e5da kind=control letter='C' text='C' probe_cpu=C probe_gpu=C ms=195
09-24 14:10:47.137 17807 17821 I hfmodels-greedy: ROW id=823bf736 kind=control letter='C' text='C' probe_cpu=C probe_gpu=C ms=197
09-24 14:10:47.334 17807 17821 I hfmodels-greedy: ROW id=8a4c3de2 kind=mismatch letter='B' text='B' probe_cpu=A probe_gpu=B ms=193
09-24 14:10:47.532 17807 17821 I hfmodels-greedy: ROW id=ea7ec66a kind=control letter='A' text='A' probe_cpu=A probe_gpu=A ms=193
09-24 14:10:47.730 17807 17821 I hfmodels-greedy: ROW id=25172cd6 kind=control letter='C' text='C' probe_cpu=C probe_gpu=C ms=193
09-24 14:10:47.931 17807 17821 I hfmodels-greedy: ROW id=fb73a85d kind=control letter='B' text='B' probe_cpu=B probe_gpu=B ms=193
09-24 14:10:48.140 17807 17821 I hfmodels-greedy: ROW id=a02fd582 kind=control letter='C' text='C' probe_cpu=C probe_gpu=C ms=197
09-24 14:10:48.344 17807 17821 I hfmodels-greedy: ROW id=19f37d5a kind=control letter='C' text='C' probe_cpu=C probe_gpu=C ms=197
09-24 14:10:48.551 17807 17821 I hfmodels-greedy: ROW id=fda0ca94 kind=control letter='B' text='B' probe_cpu=B probe_gpu=B ms=199
09-24 14:10:48.755 17807 17821 I hfmodels-greedy: ROW id=d0e36c4c kind=control letter='B' text='B' probe_cpu=B probe_gpu=B ms=197
09-24 14:10:48.965 17807 17821 I hfmodels-greedy: ROW id=a0a39ace kind=control letter='A' text='A' probe_cpu=A probe_gpu=A ms=202
09-24 14:10:49.164 17807 17821 I hfmodels-greedy: ROW id=eeae2838 kind=control letter='B' text='B' probe_cpu=B probe_gpu=B ms=194
09-24 14:10:49.366 17807 17821 I hfmodels-greedy: ROW id=00bb4cc0 kind=control letter='C' text='C' probe_cpu=C probe_gpu=C ms=196
09-24 14:10:49.570 17807 17821 I hfmodels-greedy: ROW id=1a81ead6 kind=control letter='A' text='A' probe_cpu=A probe_gpu=A ms=198
09-24 14:10:49.765 17807 17821 I hfmodels-greedy: ROW id=4444dad2 kind=control letter='C' text='C' probe_cpu=C probe_gpu=C ms=191
09-24 14:10:49.963 17807 17821 I hfmodels-greedy: ROW id=3226202b kind=control letter='C' text='C' probe_cpu=C probe_gpu=C ms=194
09-24 14:10:50.179 17807 17821 I hfmodels-greedy: ROW id=3f783eec kind=control letter='A' text='A' probe_cpu=A probe_gpu=A ms=205
09-24 14:10:50.390 17807 17821 I hfmodels-greedy: ROW id=ffee8614 kind=control letter='C' text='C' probe_cpu=C probe_gpu=C ms=205
09-24 14:10:50.606 17807 17821 I hfmodels-greedy: ROW id=8c992e17 kind=control letter='B' text='B' probe_cpu=B probe_gpu=B ms=209
09-24 14:10:50.821 17807 17821 I hfmodels-greedy: ROW id=695dd611 kind=control letter='B' text='B' probe_cpu=B probe_gpu=B ms=208
09-24 14:10:51.040 17807 17821 I hfmodels-greedy: ROW id=e6155431 kind=control letter='C' text='C' probe_cpu=C probe_gpu=C ms=212
09-24 14:10:51.257 17807 17821 I hfmodels-greedy: ROW id=b49ecda7 kind=control letter='B' text='B' probe_cpu=B probe_gpu=B ms=210
09-24 14:10:51.475 17807 17821 I hfmodels-greedy: ROW id=587ced26 kind=control letter='B' text='B' probe_cpu=B probe_gpu=B ms=210
09-24 14:10:51.687 17807 17821 I hfmodels-greedy: ROW id=533d4423 kind=mismatch letter='B' text='B' probe_cpu=C probe_gpu=B ms=207
09-24 14:10:51.902 17807 17821 I hfmodels-greedy: ROW id=2bf540d5 kind=control letter='C' text='C' probe_cpu=C probe_gpu=C ms=208
09-24 14:10:52.110 17807 17821 I hfmodels-greedy: ROW id=fdb9fc21 kind=control letter='B' text='B' probe_cpu=B probe_gpu=B ms=203
09-24 14:10:52.325 17807 17821 I hfmodels-greedy: ROW id=f6d68126 kind=mismatch letter='B' text='B' probe_cpu=C probe_gpu=B ms=210
09-24 14:10:52.539 17807 17821 I hfmodels-greedy: ROW id=44bae0c8 kind=control letter='B' text='B' probe_cpu=B probe_gpu=B ms=208
09-24 14:10:52.756 17807 17821 I hfmodels-greedy: ROW id=2175379f kind=control letter='B' text='B' probe_cpu=B probe_gpu=B ms=209
09-24 14:10:52.969 17807 17821 I hfmodels-greedy: ROW id=def9fe59 kind=control letter='C' text='C' probe_cpu=C probe_gpu=C ms=206
09-24 14:10:53.186 17807 17821 I hfmodels-greedy: ROW id=712f6ffb kind=control letter='B' text='B' probe_cpu=B probe_gpu=B ms=210
09-24 14:10:53.403 17807 17821 I hfmodels-greedy: ROW id=e1d610bd kind=mismatch letter='B' text='B' probe_cpu=C probe_gpu=B ms=209
09-24 14:10:53.617 17807 17821 I hfmodels-greedy: ROW id=22ec5782 kind=control letter='B' text='B' probe_cpu=B probe_gpu=B ms=206
09-24 14:10:53.821 17807 17821 I hfmodels-greedy: ROW id=3e75f2b8 kind=control letter='B' text='B' probe_cpu=B probe_gpu=B ms=199
09-24 14:10:54.029 17807 17821 I hfmodels-greedy: ROW id=ebd74aa0 kind=mismatch letter='C' text='C' probe_cpu=B probe_gpu=C ms=203
09-24 14:10:54.269 17807 17821 I hfmodels-greedy: ROW id=d7e84e42 kind=control letter='B' text='B' probe_cpu=B probe_gpu=B ms=234
09-24 14:10:54.513 17807 17821 I hfmodels-greedy: ROW id=f41ae66b kind=control letter='B' text='B' probe_cpu=B probe_gpu=B ms=237
09-24 14:10:54.753 17807 17821 I hfmodels-greedy: ROW id=82c2cd97 kind=control letter='C' text='C' probe_cpu=C probe_gpu=C ms=235
09-24 14:10:55.002 17807 17821 I hfmodels-greedy: ROW id=7ada97b6 kind=control letter='B' text='B' probe_cpu=B probe_gpu=B ms=241
09-24 14:10:55.247 17807 17821 I hfmodels-greedy: ROW id=4d7a0033 kind=control letter='C' text='C' probe_cpu=C probe_gpu=C ms=237
09-24 14:10:55.486 17807 17821 I hfmodels-greedy: ROW id=19d3d8d0 kind=mismatch letter='C' text='C' probe_cpu=A probe_gpu=C ms=232
09-24 14:10:55.726 17807 17821 I hfmodels-greedy: ROW id=d6de731c kind=control letter='C' text='C' probe_cpu=C probe_gpu=C ms=233
09-24 14:10:55.970 17807 17821 I hfmodels-greedy: ROW id=b45c63fb kind=control letter='B' text='B' probe_cpu=B probe_gpu=B ms=236
09-24 14:10:56.218 17807 17821 I hfmodels-greedy: ROW id=46b7029b kind=control letter='C' text='C' probe_cpu=C probe_gpu=C ms=239
09-24 14:10:56.467 17807 17821 I hfmodels-greedy: ROW id=caf773b2 kind=control letter='A' text='A' probe_cpu=A probe_gpu=A ms=242
09-24 14:10:56.710 17807 17821 I hfmodels-greedy: ROW id=f46f392e kind=mismatch letter='B' text='B' probe_cpu=A probe_gpu=B ms=235
09-24 14:10:56.955 17807 17821 I hfmodels-greedy: ROW id=005dcf6d kind=control letter='B' text='B' probe_cpu=B probe_gpu=B ms=238
09-24 14:10:57.201 17807 17821 I hfmodels-greedy: ROW id=edb708bd kind=mismatch letter='A' text='A' probe_cpu=C probe_gpu=A ms=239
09-24 14:10:57.444 17807 17821 I hfmodels-greedy: ROW id=97a35499 kind=control letter='B' text='B' probe_cpu=B probe_gpu=B ms=235
09-24 14:10:57.684 17807 17821 I hfmodels-greedy: ROW id=31eb4533 kind=control letter='C' text='C' probe_cpu=C probe_gpu=C ms=233
09-24 14:10:57.925 17807 17821 I hfmodels-greedy: ROW id=0aa24a67 kind=mismatch letter='C' text='C' probe_cpu=B probe_gpu=C ms=233
09-24 14:10:58.164 17807 17821 I hfmodels-greedy: ROW id=796d5c0d kind=control letter='B' text='B' probe_cpu=B probe_gpu=B ms=233
09-24 14:10:58.410 17807 17821 I hfmodels-greedy: ROW id=599b3092 kind=control letter='B' text='B' probe_cpu=B probe_gpu=B ms=238
09-24 14:10:58.660 17807 17821 I hfmodels-greedy: ROW id=960a4bcd kind=control letter='B' text='B' probe_cpu=B probe_gpu=B ms=243
09-24 14:10:58.904 17807 17821 I hfmodels-greedy: ROW id=c6a411e7 kind=control letter='C' text='C' probe_cpu=C probe_gpu=C ms=236
09-24 14:10:59.145 17807 17821 I hfmodels-greedy: ROW id=e332aa92 kind=control letter='C' text='C' probe_cpu=C probe_gpu=C ms=234
09-24 14:10:59.386 17807 17821 I hfmodels-greedy: ROW id=a0128e55 kind=control letter='A' text='A' probe_cpu=A probe_gpu=A ms=233
09-24 14:10:59.626 17807 17821 I hfmodels-greedy: ROW id=46d6a073 kind=control letter='B' text='B' probe_cpu=B probe_gpu=B ms=234
09-24 14:10:59.866 17807 17821 I hfmodels-greedy: ROW id=21ca7a8b kind=control letter='C' text='C' probe_cpu=C probe_gpu=C ms=232
09-24 14:11:00.100 17807 17821 I hfmodels-greedy: ROW id=4aa83af9 kind=control letter='A' text='A' probe_cpu=A probe_gpu=A ms=228
09-24 14:11:00.330 17807 17821 I hfmodels-greedy: ROW id=cdfa9eed kind=control letter='C' text='C' probe_cpu=C probe_gpu=C ms=225
09-24 14:11:00.569 17807 17821 I hfmodels-greedy: ROW id=d51b05bf kind=mismatch letter='C' text='C' probe_cpu=A probe_gpu=C ms=234
09-24 14:11:00.817 17807 17821 I hfmodels-greedy: ROW id=fdd902cc kind=control letter='B' text='B' probe_cpu=B probe_gpu=B ms=241
09-24 14:11:01.053 17807 17821 I hfmodels-greedy: ROW id=42384af9 kind=mismatch letter='B' text='B' probe_cpu=C probe_gpu=B ms=230
09-24 14:11:01.295 17807 17821 I hfmodels-greedy: ROW id=cdf7f428 kind=mismatch letter='C' text='C' probe_cpu=B probe_gpu=C ms=234
09-24 14:11:01.536 17807 17821 I hfmodels-greedy: ROW id=774f7f92 kind=control letter='C' text='C' probe_cpu=C probe_gpu=C ms=234
09-24 14:11:01.780 17807 17821 I hfmodels-greedy: ROW id=92ec2ffa kind=control letter='C' text='C' probe_cpu=C probe_gpu=C ms=236
09-24 14:11:02.024 17807 17821 I hfmodels-greedy: ROW id=6149a17b kind=control letter='B' text='B' probe_cpu=B probe_gpu=B ms=236
09-24 14:11:02.278 17807 17821 I hfmodels-greedy: ROW id=be866e1d kind=control letter='C' text='C' probe_cpu=C probe_gpu=C ms=247
09-24 14:11:02.542 17807 17821 I hfmodels-greedy: ROW id=97d2ed25 kind=control letter='B' text='B' probe_cpu=B probe_gpu=B ms=256
09-24 14:11:02.809 17807 17821 I hfmodels-greedy: ROW id=4533dd91 kind=mismatch letter='A' text='A' probe_cpu=B probe_gpu=A ms=259
09-24 14:11:03.073 17807 17821 I hfmodels-greedy: ROW id=d880e65f kind=control letter='A' text='A' probe_cpu=A probe_gpu=A ms=257
09-24 14:11:03.334 17807 17821 I hfmodels-greedy: ROW id=90494c76 kind=control letter='A' text='A' probe_cpu=A probe_gpu=A ms=254
09-24 14:11:03.597 17807 17821 I hfmodels-greedy: ROW id=9ac5cc82 kind=mismatch letter='A' text='A' probe_cpu=B probe_gpu=A ms=255
09-24 14:11:03.862 17807 17821 I hfmodels-greedy: ROW id=386e10b1 kind=control letter='B' text='B' probe_cpu=B probe_gpu=B ms=257
09-24 14:11:04.128 17807 17821 I hfmodels-greedy: ROW id=4da6aedc kind=control letter='C' text='C' probe_cpu=C probe_gpu=C ms=258
09-24 14:11:04.391 17807 17821 I hfmodels-greedy: ROW id=a22dab8b kind=control letter='C' text='C' probe_cpu=C probe_gpu=C ms=255
09-24 14:11:04.652 17807 17821 I hfmodels-greedy: ROW id=42c54fa2 kind=control letter='B' text='B' probe_cpu=B probe_gpu=B ms=253
09-24 14:11:04.916 17807 17821 I hfmodels-greedy: ROW id=f3d13cf1 kind=control letter='C' text='C' probe_cpu=C probe_gpu=C ms=257
09-24 14:11:05.184 17807 17821 I hfmodels-greedy: ROW id=1105577d kind=control letter='C' text='C' probe_cpu=C probe_gpu=C ms=262
09-24 14:11:05.445 17807 17821 I hfmodels-greedy: ROW id=0ebd2997 kind=control letter='C' text='C' probe_cpu=C probe_gpu=C ms=254
09-24 14:11:05.700 17807 17821 I hfmodels-greedy: ROW id=eafc22c8 kind=control letter='C' text='C' probe_cpu=C probe_gpu=C ms=251
09-24 14:11:05.962 17807 17821 I hfmodels-greedy: ROW id=0aa14476 kind=control letter='C' text='C' probe_cpu=C probe_gpu=C ms=255
09-24 14:11:06.224 17807 17821 I hfmodels-greedy: ROW id=980e7614 kind=control letter='C' text='C' probe_cpu=C probe_gpu=C ms=256
09-24 14:11:06.493 17807 17821 I hfmodels-greedy: ROW id=4aee37a6 kind=control letter='A' text='A' probe_cpu=A probe_gpu=A ms=261
09-24 14:11:06.751 17807 17821 I hfmodels-greedy: ROW id=6db17cc2 kind=control letter='C' text='C' probe_cpu=C probe_gpu=C ms=253
09-24 14:11:07.012 17807 17821 I hfmodels-greedy: ROW id=ef3e0f8e kind=mismatch letter='B' text='B' probe_cpu=C probe_gpu=B ms=254
09-24 14:11:07.276 17807 17821 I hfmodels-greedy: ROW id=f756e1cb kind=control letter='C' text='C' probe_cpu=C probe_gpu=C ms=257
09-24 14:11:07.540 17807 17821 I hfmodels-greedy: ROW id=d167e51b kind=control letter='C' text='C' probe_cpu=C probe_gpu=C ms=256
09-24 14:11:07.806 17807 17821 I hfmodels-greedy: ROW id=674ca4e9 kind=control letter='C' text='C' probe_cpu=C probe_gpu=C ms=258
09-24 14:11:08.064 17807 17821 I hfmodels-greedy: ROW id=1df851a2 kind=control letter='C' text='C' probe_cpu=C probe_gpu=C ms=253
09-24 14:11:08.342 17807 17821 I hfmodels-greedy: ROW id=b5e6788d kind=mismatch letter='B' text='B' probe_cpu=C probe_gpu=B ms=270
09-24 14:11:08.623 17807 17821 I hfmodels-greedy: ROW id=32f36cd0 kind=control letter='A' text='A' probe_cpu=A probe_gpu=A ms=274
09-24 14:11:08.909 17807 17821 I hfmodels-greedy: ROW id=84318570 kind=control letter='B' text='B' probe_cpu=B probe_gpu=B ms=278
09-24 14:11:09.197 17807 17821 I hfmodels-greedy: ROW id=b531dd60 kind=mismatch letter='C' text='C' probe_cpu=B probe_gpu=C ms=281
09-24 14:11:09.476 17807 17821 I hfmodels-greedy: ROW id=be2dd67b kind=mismatch letter='C' text='C' probe_cpu=A probe_gpu=C ms=273
09-24 14:11:09.758 17807 17821 I hfmodels-greedy: ROW id=b8e27503 kind=control letter='A' text='A' probe_cpu=A probe_gpu=A ms=277
09-24 14:11:10.042 17807 17821 I hfmodels-greedy: ROW id=5d31b4bf kind=mismatch letter='B' text='B' probe_cpu=A probe_gpu=B ms=275
09-24 14:11:10.334 17807 17821 I hfmodels-greedy: ROW id=a9230edf kind=mismatch letter='B' text='B' probe_cpu=C probe_gpu=B ms=286
09-24 14:11:10.613 17807 17821 I hfmodels-greedy: ROW id=c100e845 kind=control letter='B' text='B' probe_cpu=B probe_gpu=B ms=274
09-24 14:11:10.895 17807 17821 I hfmodels-greedy: ROW id=579beed1 kind=control letter='B' text='B' probe_cpu=B probe_gpu=B ms=275
09-24 14:11:11.177 17807 17821 I hfmodels-greedy: ROW id=c4e9bd46 kind=control letter='C' text='C' probe_cpu=C probe_gpu=C ms=275
09-24 14:11:11.470 17807 17821 I hfmodels-greedy: ROW id=b863998d kind=control letter='A' text='A' probe_cpu=A probe_gpu=A ms=285
09-24 14:11:11.753 17807 17821 I hfmodels-greedy: ROW id=37cebc37 kind=control letter='B' text='B' probe_cpu=B probe_gpu=B ms=276
09-24 14:11:12.038 17807 17821 I hfmodels-greedy: ROW id=64d63f86 kind=control letter='C' text='C' probe_cpu=C probe_gpu=C ms=277
09-24 14:11:12.324 17807 17821 I hfmodels-greedy: ROW id=6d64a845 kind=control letter='C' text='C' probe_cpu=C probe_gpu=C ms=279
09-24 14:11:12.618 17807 17821 I hfmodels-greedy: ROW id=27081932 kind=control letter='B' text='B' probe_cpu=B probe_gpu=B ms=286
09-24 14:11:12.905 17807 17821 I hfmodels-greedy: ROW id=5a37d1df kind=control letter='B' text='B' probe_cpu=B probe_gpu=B ms=279
09-24 14:11:13.187 17807 17821 I hfmodels-greedy: ROW id=acacd8b4 kind=control letter='B' text='B' probe_cpu=B probe_gpu=B ms=275
09-24 14:11:13.473 17807 17821 I hfmodels-greedy: ROW id=4089c199 kind=control letter='C' text='C' probe_cpu=C probe_gpu=C ms=279
09-24 14:11:13.763 17807 17821 I hfmodels-greedy: ROW id=02f2b95a kind=control letter='B' text='B' probe_cpu=B probe_gpu=B ms=283
09-24 14:11:14.049 17807 17821 I hfmodels-greedy: ROW id=ebea4681 kind=control letter='B' text='B' probe_cpu=B probe_gpu=B ms=278
09-24 14:11:14.333 17807 17821 I hfmodels-greedy: ROW id=b8c5b9b2 kind=control letter='B' text='B' probe_cpu=B probe_gpu=B ms=277
09-24 14:11:14.616 17807 17821 I hfmodels-greedy: ROW id=7ed75d85 kind=control letter='C' text='C' probe_cpu=C probe_gpu=C ms=278
09-24 14:11:14.791 17807 17821 I hfmodels-greedy: RESULT step=greedy ok=true backend=gpu runtime=litertlm-android:0.16.1 model=qwen3_0_6b_mixed_int4.litertlm rows=144 letter_found=144 same_as_cpu_probe=121 same_as_gpu_probe=144 failures=0 out=/data/user/0/io.github.johnrocky.hfmodels.litertlm.test/files/greedy/qwen3_0_6b_mixed_int4-gpu.jsonl
# rows pulled: 144
