# decode-vs-scoring probe  date=2026-09-24T03:19:14Z serial=RFGL80R6A6H device=SM-S942Q build=BP4A.251205.006.S942QOPS1AZF2 android=16
# git=5632404 backend=cpu model=qwen3_0_6b_mixed_int4.litertlm fixture=authored144_qwen3_0_6b_oracle.json jni=jniLibs_fix(#3562 applied) sampler=topK1 ids=all thermal=Thermal Status: 2 battery_temp_x10C= temperature: 421
# instrument rc=0 end=2026-09-24T03:24:27Z thermal_end=Thermal Status: 2
09-24 12:19:15.440 26021 26034 I hfmodels-scoring: device=SM-S942Q build=BP4A.251205.006.S942QOPS1AZF2 android=16 backend=cpu model=/data/local/tmp/hfmodels/qwen3_0_6b_mixed_int4.litertlm fixture=authored144_qwen3_0_6b_oracle.json ids=0 rows=144
09-24 12:19:19.494 26021 26034 I hfmodels-scoring: ROW id=a3f18f3a decode='A' decode_letter=0 score_letter=0 p=0.868,0.028,0.104 decode_ms=1933 score_ms=996
09-24 12:19:21.526 26021 26034 I hfmodels-scoring: ROW id=f40beba9 decode='A' decode_letter=0 score_letter=0 p=0.526,0.330,0.145 decode_ms=1036 score_ms=995
09-24 12:19:23.559 26021 26034 I hfmodels-scoring: ROW id=0b43ea8e decode='B' decode_letter=1 score_letter=1 p=0.000,0.998,0.001 decode_ms=1037 score_ms=996
09-24 12:19:25.609 26021 26034 I hfmodels-scoring: ROW id=942ec65d decode='B' decode_letter=1 score_letter=1 p=0.006,0.878,0.116 decode_ms=1027 score_ms=1023
09-24 12:19:27.783 26021 26034 I hfmodels-scoring: ROW id=e0c140e9 decode='A' decode_letter=0 score_letter=0 p=0.984,0.015,0.001 decode_ms=1137 score_ms=1035
09-24 12:19:29.896 26021 26034 I hfmodels-scoring: ROW id=8e8c3804 decode='B' decode_letter=1 score_letter=1 p=0.002,0.954,0.044 decode_ms=1079 score_ms=1034
09-24 12:19:32.036 26021 26034 I hfmodels-scoring: ROW id=56c419b1 decode='C' decode_letter=2 score_letter=2 p=0.149,0.205,0.646 decode_ms=1104 score_ms=1035
09-24 12:19:34.155 26021 26034 I hfmodels-scoring: ROW id=75b47058 decode='A' decode_letter=0 score_letter=0 p=0.463,0.084,0.453 decode_ms=1080 score_ms=1037
09-24 12:19:36.266 26021 26034 I hfmodels-scoring: ROW id=834f3b3e decode='A' decode_letter=0 score_letter=0 p=0.656,0.005,0.339 decode_ms=1072 score_ms=1038
09-24 12:19:38.367 26021 26034 I hfmodels-scoring: ROW id=76c7a79b decode='A' decode_letter=0 score_letter=0 p=0.708,0.003,0.290 decode_ms=1068 score_ms=1032
09-24 12:19:40.458 26021 26034 I hfmodels-scoring: ROW id=36c71bb6 decode='A' decode_letter=0 score_letter=0 p=0.989,0.003,0.008 decode_ms=1065 score_ms=1025
09-24 12:19:42.573 26021 26034 I hfmodels-scoring: ROW id=eac5121a decode='C' decode_letter=2 score_letter=2 p=0.119,0.031,0.851 decode_ms=1084 score_ms=1030
09-24 12:19:44.731 26021 26034 I hfmodels-scoring: ROW id=44574c44 decode='C' decode_letter=2 score_letter=2 p=0.003,0.149,0.848 decode_ms=1121 score_ms=1036
09-24 12:19:46.833 26021 26034 I hfmodels-scoring: ROW id=2608370d decode='A' decode_letter=0 score_letter=0 p=0.775,0.042,0.183 decode_ms=1069 score_ms=1033
09-24 12:19:48.943 26021 26034 I hfmodels-scoring: ROW id=ec94ef90 decode='A' decode_letter=0 score_letter=0 p=0.913,0.015,0.072 decode_ms=1078 score_ms=1031
09-24 12:19:51.062 26021 26034 I hfmodels-scoring: ROW id=03d919fd decode='B' decode_letter=1 score_letter=1 p=0.015,0.957,0.028 decode_ms=1081 score_ms=1037
09-24 12:19:53.144 26021 26034 I hfmodels-scoring: ROW id=86a15618 decode='C' decode_letter=2 score_letter=2 p=0.007,0.014,0.980 decode_ms=1087 score_ms=994
09-24 12:19:55.176 26021 26034 I hfmodels-scoring: ROW id=3dd9c3ac decode='B' decode_letter=1 score_letter=1 p=0.006,0.951,0.043 decode_ms=1033 score_ms=998
09-24 12:19:57.195 26021 26034 I hfmodels-scoring: ROW id=36273dd4 decode='B' decode_letter=1 score_letter=1 p=0.000,0.999,0.001 decode_ms=1027 score_ms=992
09-24 12:19:59.223 26021 26034 I hfmodels-scoring: ROW id=07ee70cf decode='A' decode_letter=0 score_letter=0 p=0.868,0.068,0.065 decode_ms=1029 score_ms=999
09-24 12:20:01.406 26021 26034 I hfmodels-scoring: ROW id=51ceab3c decode='B' decode_letter=1 score_letter=1 p=0.030,0.946,0.024 decode_ms=1139 score_ms=1042
09-24 12:20:03.523 26021 26034 I hfmodels-scoring: ROW id=b8091be9 decode='B' decode_letter=1 score_letter=1 p=0.033,0.896,0.071 decode_ms=1075 score_ms=1041
09-24 12:20:05.647 26021 26034 I hfmodels-scoring: ROW id=c89b86e3 decode='C' decode_letter=2 score_letter=2 p=0.196,0.285,0.519 decode_ms=1090 score_ms=1033
09-24 12:20:07.745 26021 26034 I hfmodels-scoring: ROW id=3b0958ca decode='B' decode_letter=1 score_letter=1 p=0.028,0.933,0.039 decode_ms=1069 score_ms=1028
09-24 12:20:09.931 26021 26034 I hfmodels-scoring: ROW id=f2b4ec49 decode='C' decode_letter=2 score_letter=2 p=0.002,0.067,0.931 decode_ms=1145 score_ms=1041
09-24 12:20:12.092 26021 26034 I hfmodels-scoring: ROW id=61ac20b0 decode='B' decode_letter=1 score_letter=1 p=0.003,0.995,0.002 decode_ms=1148 score_ms=1012
09-24 12:20:14.163 26021 26034 I hfmodels-scoring: ROW id=4b3d794c decode='B' decode_letter=1 score_letter=1 p=0.004,0.516,0.479 decode_ms=1041 score_ms=1030
09-24 12:20:16.342 26021 26034 I hfmodels-scoring: ROW id=b7c4e62d decode='B' decode_letter=1 score_letter=1 p=0.002,0.895,0.103 decode_ms=1139 score_ms=1040
09-24 12:20:18.510 26021 26034 I hfmodels-scoring: ROW id=9473603b decode='B' decode_letter=1 score_letter=1 p=0.220,0.777,0.003 decode_ms=1128 score_ms=1039
09-24 12:20:20.648 26021 26034 I hfmodels-scoring: ROW id=d41072dc decode='C' decode_letter=2 score_letter=2 p=0.075,0.062,0.863 decode_ms=1137 score_ms=1000
09-24 12:20:22.674 26021 26034 I hfmodels-scoring: ROW id=33d6e5da decode='C' decode_letter=2 score_letter=2 p=0.183,0.065,0.752 decode_ms=1034 score_ms=991
09-24 12:20:24.758 26021 26034 I hfmodels-scoring: ROW id=823bf736 decode='C' decode_letter=2 score_letter=2 p=0.151,0.124,0.725 decode_ms=1041 score_ms=1042
09-24 12:20:26.881 26021 26034 I hfmodels-scoring: ROW id=8a4c3de2 decode='A' decode_letter=0 score_letter=0 p=0.934,0.062,0.003 decode_ms=1084 score_ms=1037
09-24 12:20:29.024 26021 26034 I hfmodels-scoring: ROW id=ea7ec66a decode='A' decode_letter=0 score_letter=0 p=0.859,0.140,0.001 decode_ms=1104 score_ms=1039
09-24 12:20:31.149 26021 26034 I hfmodels-scoring: ROW id=25172cd6 decode='C' decode_letter=2 score_letter=2 p=0.011,0.325,0.663 decode_ms=1086 score_ms=1038
09-24 12:20:33.327 26021 26034 I hfmodels-scoring: ROW id=fb73a85d decode='B' decode_letter=1 score_letter=1 p=0.016,0.873,0.111 decode_ms=1142 score_ms=1035
09-24 12:20:35.515 26021 26034 I hfmodels-scoring: ROW id=a02fd582 decode='C' decode_letter=2 score_letter=2 p=0.078,0.012,0.910 decode_ms=1146 score_ms=1041
09-24 12:20:37.630 26021 26034 I hfmodels-scoring: ROW id=19f37d5a decode='C' decode_letter=2 score_letter=2 p=0.000,0.001,0.999 decode_ms=1075 score_ms=1039
09-24 12:20:39.659 26021 26034 I hfmodels-scoring: ROW id=fda0ca94 decode='B' decode_letter=1 score_letter=1 p=0.002,0.973,0.025 decode_ms=1035 score_ms=994
09-24 12:20:41.775 26021 26034 I hfmodels-scoring: ROW id=d0e36c4c decode='B' decode_letter=1 score_letter=1 p=0.017,0.952,0.031 decode_ms=1078 score_ms=1038
09-24 12:20:43.970 26021 26034 I hfmodels-scoring: ROW id=a0a39ace decode='A' decode_letter=0 score_letter=0 p=0.841,0.123,0.036 decode_ms=1146 score_ms=1047
09-24 12:20:46.077 26021 26034 I hfmodels-scoring: ROW id=eeae2838 decode='B' decode_letter=1 score_letter=1 p=0.013,0.916,0.071 decode_ms=1085 score_ms=1021
09-24 12:20:48.140 26021 26034 I hfmodels-scoring: ROW id=00bb4cc0 decode='C' decode_letter=2 score_letter=2 p=0.000,0.000,0.999 decode_ms=1047 score_ms=1016
09-24 12:20:50.288 26021 26034 I hfmodels-scoring: ROW id=1a81ead6 decode='A' decode_letter=0 score_letter=0 p=0.986,0.004,0.010 decode_ms=1105 score_ms=1042
09-24 12:20:52.427 26021 26034 I hfmodels-scoring: ROW id=4444dad2 decode='C' decode_letter=2 score_letter=2 p=0.013,0.140,0.847 decode_ms=1080 score_ms=1058
09-24 12:20:54.570 26021 26034 I hfmodels-scoring: ROW id=3226202b decode='C' decode_letter=2 score_letter=2 p=0.007,0.183,0.810 decode_ms=1100 score_ms=1042
09-24 12:20:56.650 26021 26034 I hfmodels-scoring: ROW id=3f783eec decode='A' decode_letter=0 score_letter=0 p=0.940,0.001,0.060 decode_ms=1080 score_ms=999
09-24 12:20:58.709 26021 26034 I hfmodels-scoring: ROW id=ffee8614 decode='C' decode_letter=2 score_letter=2 p=0.189,0.130,0.681 decode_ms=1059 score_ms=999
09-24 12:21:00.751 26021 26034 I hfmodels-scoring: ROW id=8c992e17 decode='B' decode_letter=1 score_letter=1 p=0.000,0.999,0.000 decode_ms=1047 score_ms=993
09-24 12:21:02.826 26021 26034 I hfmodels-scoring: ROW id=695dd611 decode='B' decode_letter=1 score_letter=1 p=0.001,0.999,0.000 decode_ms=1082 score_ms=992
09-24 12:21:04.871 26021 26034 I hfmodels-scoring: ROW id=e6155431 decode='C' decode_letter=2 score_letter=2 p=0.054,0.007,0.938 decode_ms=1047 score_ms=997
09-24 12:21:06.926 26021 26034 I hfmodels-scoring: ROW id=b49ecda7 decode='B' decode_letter=1 score_letter=1 p=0.001,0.907,0.092 decode_ms=1054 score_ms=1001
09-24 12:21:09.026 26021 26034 I hfmodels-scoring: ROW id=587ced26 decode='B' decode_letter=1 score_letter=1 p=0.000,0.954,0.046 decode_ms=1104 score_ms=995
09-24 12:21:11.130 26021 26034 I hfmodels-scoring: ROW id=533d4423 decode='C' decode_letter=2 score_letter=2 p=0.017,0.442,0.541 decode_ms=1104 score_ms=999
09-24 12:21:13.172 26021 26034 I hfmodels-scoring: ROW id=2bf540d5 decode='C' decode_letter=2 score_letter=2 p=0.004,0.003,0.993 decode_ms=1044 score_ms=997
09-24 12:21:15.191 26021 26034 I hfmodels-scoring: ROW id=fdb9fc21 decode='B' decode_letter=1 score_letter=1 p=0.000,0.903,0.096 decode_ms=1033 score_ms=984
09-24 12:21:17.360 26021 26034 I hfmodels-scoring: ROW id=f6d68126 decode='C' decode_letter=2 score_letter=2 p=0.001,0.333,0.666 decode_ms=1114 score_ms=1055
09-24 12:21:19.485 26021 26034 I hfmodels-scoring: ROW id=44bae0c8 decode='B' decode_letter=1 score_letter=1 p=0.001,0.999,0.000 decode_ms=1130 score_ms=994
09-24 12:21:21.528 26021 26034 I hfmodels-scoring: ROW id=2175379f decode='B' decode_letter=1 score_letter=1 p=0.000,0.991,0.009 decode_ms=1050 score_ms=992
09-24 12:21:23.613 26021 26034 I hfmodels-scoring: ROW id=def9fe59 decode='C' decode_letter=2 score_letter=2 p=0.003,0.062,0.935 decode_ms=1053 score_ms=1031
09-24 12:21:25.777 26021 26034 I hfmodels-scoring: ROW id=712f6ffb decode='B' decode_letter=1 score_letter=1 p=0.002,0.916,0.082 decode_ms=1117 score_ms=1046
09-24 12:21:27.882 26021 26034 I hfmodels-scoring: ROW id=e1d610bd decode='C' decode_letter=2 score_letter=2 p=0.001,0.146,0.853 decode_ms=1073 score_ms=1031
09-24 12:21:30.005 26021 26034 I hfmodels-scoring: ROW id=22ec5782 decode='B' decode_letter=1 score_letter=1 p=0.009,0.833,0.158 decode_ms=1086 score_ms=1036
09-24 12:21:32.108 26021 26034 I hfmodels-scoring: ROW id=3e75f2b8 decode='B' decode_letter=1 score_letter=1 p=0.007,0.641,0.352 decode_ms=1072 score_ms=1030
09-24 12:21:34.289 26021 26034 I hfmodels-scoring: ROW id=ebd74aa0 decode='B' decode_letter=1 score_letter=1 p=0.001,0.540,0.459 decode_ms=1139 score_ms=1042
09-24 12:21:36.399 26021 26034 I hfmodels-scoring: ROW id=d7e84e42 decode='B' decode_letter=1 score_letter=1 p=0.000,0.554,0.446 decode_ms=1080 score_ms=1029
09-24 12:21:38.452 26021 26034 I hfmodels-scoring: ROW id=f41ae66b decode='B' decode_letter=1 score_letter=1 p=0.001,0.738,0.262 decode_ms=1044 score_ms=1008
09-24 12:21:40.523 26021 26034 I hfmodels-scoring: ROW id=82c2cd97 decode='C' decode_letter=2 score_letter=2 p=0.060,0.001,0.939 decode_ms=1063 score_ms=1008
09-24 12:21:42.700 26021 26034 I hfmodels-scoring: ROW id=7ada97b6 decode='B' decode_letter=1 score_letter=1 p=0.001,0.998,0.001 decode_ms=1119 score_ms=1057
09-24 12:21:44.858 26021 26034 I hfmodels-scoring: ROW id=4d7a0033 decode='C' decode_letter=2 score_letter=2 p=0.001,0.081,0.918 decode_ms=1116 score_ms=1041
09-24 12:21:46.976 26021 26034 I hfmodels-scoring: ROW id=19d3d8d0 decode='A' decode_letter=0 score_letter=0 p=0.591,0.016,0.393 decode_ms=1084 score_ms=1034
09-24 12:21:49.094 26021 26034 I hfmodels-scoring: ROW id=d6de731c decode='C' decode_letter=2 score_letter=2 p=0.013,0.011,0.977 decode_ms=1068 score_ms=1050
09-24 12:21:51.314 26021 26034 I hfmodels-scoring: ROW id=b45c63fb decode='B' decode_letter=1 score_letter=1 p=0.005,0.977,0.018 decode_ms=1172 score_ms=1047
09-24 12:21:53.455 26021 26034 I hfmodels-scoring: ROW id=46b7029b decode='C' decode_letter=2 score_letter=2 p=0.000,0.001,0.998 decode_ms=1096 score_ms=1044
09-24 12:21:55.566 26021 26034 I hfmodels-scoring: ROW id=caf773b2 decode='A' decode_letter=0 score_letter=0 p=0.998,0.001,0.001 decode_ms=1074 score_ms=1035
09-24 12:21:57.700 26021 26034 I hfmodels-scoring: ROW id=f46f392e decode='A' decode_letter=0 score_letter=0 p=0.673,0.115,0.211 decode_ms=1102 score_ms=1032
09-24 12:21:59.911 26021 26034 I hfmodels-scoring: ROW id=005dcf6d decode='B' decode_letter=1 score_letter=1 p=0.015,0.821,0.164 decode_ms=1147 score_ms=1064
09-24 12:22:02.126 26021 26034 I hfmodels-scoring: ROW id=edb708bd decode='C' decode_letter=2 score_letter=2 p=0.382,0.172,0.446 decode_ms=1143 score_ms=1072
09-24 12:22:04.277 26021 26034 I hfmodels-scoring: ROW id=97a35499 decode='B' decode_letter=1 score_letter=1 p=0.138,0.762,0.100 decode_ms=1105 score_ms=1046
09-24 12:22:06.410 26021 26034 I hfmodels-scoring: ROW id=31eb4533 decode='C' decode_letter=2 score_letter=2 p=0.005,0.020,0.975 decode_ms=1092 score_ms=1041
09-24 12:22:08.540 26021 26034 I hfmodels-scoring: ROW id=0aa24a67 decode='B' decode_letter=1 score_letter=1 p=0.008,0.524,0.468 decode_ms=1088 score_ms=1040
09-24 12:22:10.661 26021 26034 I hfmodels-scoring: ROW id=796d5c0d decode='B' decode_letter=1 score_letter=1 p=0.000,0.999,0.001 decode_ms=1081 score_ms=1039
09-24 12:22:12.792 26021 26034 I hfmodels-scoring: ROW id=599b3092 decode='B' decode_letter=1 score_letter=1 p=0.000,0.999,0.001 decode_ms=1079 score_ms=1052
09-24 12:22:14.966 26021 26034 I hfmodels-scoring: ROW id=960a4bcd decode='B' decode_letter=1 score_letter=1 p=0.000,1.000,0.000 decode_ms=1135 score_ms=1039
09-24 12:22:17.188 26021 26034 I hfmodels-scoring: ROW id=c6a411e7 decode='C' decode_letter=2 score_letter=2 p=0.023,0.224,0.753 decode_ms=1166 score_ms=1056
09-24 12:22:19.365 26021 26034 I hfmodels-scoring: ROW id=e332aa92 decode='C' decode_letter=2 score_letter=2 p=0.003,0.017,0.979 decode_ms=1150 score_ms=1027
09-24 12:22:21.441 26021 26034 I hfmodels-scoring: ROW id=a0128e55 decode='A' decode_letter=0 score_letter=0 p=0.995,0.002,0.003 decode_ms=1045 score_ms=1030
09-24 12:22:23.596 26021 26034 I hfmodels-scoring: ROW id=46d6a073 decode='B' decode_letter=1 score_letter=1 p=0.022,0.669,0.309 decode_ms=1090 score_ms=1065
09-24 12:22:25.829 26021 26034 I hfmodels-scoring: ROW id=21ca7a8b decode='C' decode_letter=2 score_letter=2 p=0.069,0.317,0.615 decode_ms=1182 score_ms=1051
09-24 12:22:27.973 26021 26034 I hfmodels-scoring: ROW id=4aa83af9 decode='A' decode_letter=0 score_letter=0 p=0.867,0.016,0.117 decode_ms=1092 score_ms=1052
09-24 12:22:30.112 26021 26034 I hfmodels-scoring: ROW id=cdfa9eed decode='C' decode_letter=2 score_letter=2 p=0.020,0.066,0.914 decode_ms=1097 score_ms=1040
09-24 12:22:32.325 26021 26034 I hfmodels-scoring: ROW id=d51b05bf decode='A' decode_letter=0 score_letter=0 p=0.508,0.013,0.479 decode_ms=1163 score_ms=1050
09-24 12:22:34.471 26021 26034 I hfmodels-scoring: ROW id=fdd902cc decode='B' decode_letter=1 score_letter=1 p=0.001,0.998,0.001 decode_ms=1088 score_ms=1058
09-24 12:22:36.645 26021 26034 I hfmodels-scoring: ROW id=42384af9 decode='C' decode_letter=2 score_letter=2 p=0.000,0.105,0.895 decode_ms=1109 score_ms=1064
09-24 12:22:38.769 26021 26034 I hfmodels-scoring: ROW id=cdf7f428 decode='B' decode_letter=1 score_letter=1 p=0.000,0.530,0.469 decode_ms=1081 score_ms=1042
09-24 12:22:40.903 26021 26034 I hfmodels-scoring: ROW id=774f7f92 decode='C' decode_letter=2 score_letter=2 p=0.000,0.000,1.000 decode_ms=1093 score_ms=1040
09-24 12:22:43.106 26021 26034 I hfmodels-scoring: ROW id=92ec2ffa decode='C' decode_letter=2 score_letter=2 p=0.132,0.300,0.568 decode_ms=1157 score_ms=1046
09-24 12:22:45.224 26021 26034 I hfmodels-scoring: ROW id=6149a17b decode='B' decode_letter=1 score_letter=1 p=0.106,0.665,0.229 decode_ms=1078 score_ms=1039
09-24 12:22:47.424 26021 26034 I hfmodels-scoring: ROW id=be866e1d decode='C' decode_letter=2 score_letter=2 p=0.018,0.298,0.684 decode_ms=1130 score_ms=1069
09-24 12:22:49.557 26021 26034 I hfmodels-scoring: ROW id=97d2ed25 decode='B' decode_letter=1 score_letter=1 p=0.024,0.898,0.077 decode_ms=1089 score_ms=1043
09-24 12:22:51.761 26021 26034 I hfmodels-scoring: ROW id=4533dd91 decode='B' decode_letter=1 score_letter=1 p=0.442,0.538,0.020 decode_ms=1147 score_ms=1057
09-24 12:22:53.880 26021 26034 I hfmodels-scoring: ROW id=d880e65f decode='A' decode_letter=0 score_letter=0 p=0.832,0.158,0.010 decode_ms=1078 score_ms=1040
09-24 12:22:55.998 26021 26034 I hfmodels-scoring: ROW id=90494c76 decode='A' decode_letter=0 score_letter=0 p=0.956,0.029,0.015 decode_ms=1079 score_ms=1039
09-24 12:22:58.143 26021 26034 I hfmodels-scoring: ROW id=9ac5cc82 decode='B' decode_letter=1 score_letter=1 p=0.281,0.700,0.019 decode_ms=1087 score_ms=1057
09-24 12:23:00.367 26021 26034 I hfmodels-scoring: ROW id=386e10b1 decode='B' decode_letter=1 score_letter=1 p=0.002,0.994,0.005 decode_ms=1165 score_ms=1057
09-24 12:23:02.637 26021 26034 I hfmodels-scoring: ROW id=4da6aedc decode='C' decode_letter=2 score_letter=2 p=0.002,0.001,0.997 decode_ms=1180 score_ms=1089
09-24 12:23:04.789 26021 26034 I hfmodels-scoring: ROW id=a22dab8b decode='C' decode_letter=2 score_letter=2 p=0.006,0.004,0.989 decode_ms=1103 score_ms=1048
09-24 12:23:06.919 26021 26034 I hfmodels-scoring: ROW id=42c54fa2 decode='B' decode_letter=1 score_letter=1 p=0.000,0.999,0.001 decode_ms=1088 score_ms=1042
09-24 12:23:09.239 26021 26034 I hfmodels-scoring: ROW id=f3d13cf1 decode='C' decode_letter=2 score_letter=2 p=0.000,0.002,0.998 decode_ms=1206 score_ms=1112
09-24 12:23:11.504 26021 26034 I hfmodels-scoring: ROW id=1105577d decode='C' decode_letter=2 score_letter=2 p=0.004,0.014,0.982 decode_ms=1155 score_ms=1109
09-24 12:23:13.763 26021 26034 I hfmodels-scoring: ROW id=0ebd2997 decode='C' decode_letter=2 score_letter=2 p=0.000,0.003,0.997 decode_ms=1156 score_ms=1102
09-24 12:23:16.053 26021 26034 I hfmodels-scoring: ROW id=eafc22c8 decode='C' decode_letter=2 score_letter=2 p=0.140,0.218,0.642 decode_ms=1172 score_ms=1117
09-24 12:23:18.414 26021 26034 I hfmodels-scoring: ROW id=0aa14476 decode='C' decode_letter=2 score_letter=2 p=0.010,0.090,0.899 decode_ms=1247 score_ms=1113
09-24 12:23:20.737 26021 26034 I hfmodels-scoring: ROW id=980e7614 decode='C' decode_letter=2 score_letter=2 p=0.021,0.046,0.933 decode_ms=1210 score_ms=1112
09-24 12:23:23.000 26021 26034 I hfmodels-scoring: ROW id=4aee37a6 decode='A' decode_letter=0 score_letter=0 p=0.954,0.006,0.040 decode_ms=1156 score_ms=1106
09-24 12:23:25.155 26021 26034 I hfmodels-scoring: ROW id=6db17cc2 decode='C' decode_letter=2 score_letter=2 p=0.139,0.033,0.828 decode_ms=1111 score_ms=1044
09-24 12:23:27.344 26021 26034 I hfmodels-scoring: ROW id=ef3e0f8e decode='C' decode_letter=2 score_letter=2 p=0.011,0.401,0.588 decode_ms=1148 score_ms=1040
09-24 12:23:29.592 26021 26034 I hfmodels-scoring: ROW id=f756e1cb decode='C' decode_letter=2 score_letter=2 p=0.004,0.041,0.955 decode_ms=1171 score_ms=1076
09-24 12:23:31.852 26021 26034 I hfmodels-scoring: ROW id=d167e51b decode='C' decode_letter=2 score_letter=2 p=0.002,0.001,0.997 decode_ms=1161 score_ms=1099
09-24 12:23:34.102 26021 26034 I hfmodels-scoring: ROW id=674ca4e9 decode='C' decode_letter=2 score_letter=2 p=0.109,0.002,0.889 decode_ms=1164 score_ms=1084
09-24 12:23:36.351 26021 26034 I hfmodels-scoring: ROW id=1df851a2 decode='C' decode_letter=2 score_letter=2 p=0.006,0.358,0.636 decode_ms=1156 score_ms=1092
09-24 12:23:38.546 26021 26034 I hfmodels-scoring: ROW id=b5e6788d decode='C' decode_letter=2 score_letter=2 p=0.005,0.084,0.911 decode_ms=1153 score_ms=1041
09-24 12:23:40.678 26021 26034 I hfmodels-scoring: ROW id=32f36cd0 decode='A' decode_letter=0 score_letter=0 p=0.795,0.031,0.174 decode_ms=1094 score_ms=1037
09-24 12:23:42.933 26021 26034 I hfmodels-scoring: ROW id=84318570 decode='B' decode_letter=1 score_letter=1 p=0.127,0.506,0.367 decode_ms=1157 score_ms=1097
09-24 12:23:45.259 26021 26034 I hfmodels-scoring: ROW id=b531dd60 decode='B' decode_letter=1 score_letter=1 p=0.197,0.424,0.379 decode_ms=1224 score_ms=1101
09-24 12:23:47.598 26021 26034 I hfmodels-scoring: ROW id=be2dd67b decode='A' decode_letter=0 score_letter=0 p=0.722,0.102,0.176 decode_ms=1242 score_ms=1097
09-24 12:23:49.722 26021 26034 I hfmodels-scoring: ROW id=b8e27503 decode='A' decode_letter=0 score_letter=0 p=0.986,0.001,0.013 decode_ms=1085 score_ms=1038
09-24 12:23:51.872 26021 26034 I hfmodels-scoring: ROW id=5d31b4bf decode='A' decode_letter=0 score_letter=0 p=0.846,0.149,0.005 decode_ms=1104 score_ms=1045
09-24 12:23:54.005 26021 26034 I hfmodels-scoring: ROW id=a9230edf decode='C' decode_letter=2 score_letter=2 p=0.007,0.378,0.614 decode_ms=1096 score_ms=1037
09-24 12:23:56.231 26021 26034 I hfmodels-scoring: ROW id=c100e845 decode='B' decode_letter=1 score_letter=1 p=0.000,1.000,0.000 decode_ms=1151 score_ms=1074
09-24 12:23:58.431 26021 26034 I hfmodels-scoring: ROW id=579beed1 decode='B' decode_letter=1 score_letter=1 p=0.000,0.985,0.015 decode_ms=1154 score_ms=1046
09-24 12:24:00.550 26021 26034 I hfmodels-scoring: ROW id=c4e9bd46 decode='C' decode_letter=2 score_letter=2 p=0.006,0.001,0.993 decode_ms=1088 score_ms=1029
09-24 12:24:02.793 26021 26034 I hfmodels-scoring: ROW id=b863998d decode='A' decode_letter=0 score_letter=0 p=0.574,0.408,0.018 decode_ms=1165 score_ms=1078
09-24 12:24:04.937 26021 26034 I hfmodels-scoring: ROW id=37cebc37 decode='B' decode_letter=1 score_letter=1 p=0.001,0.997,0.002 decode_ms=1101 score_ms=1042
09-24 12:24:07.161 26021 26034 I hfmodels-scoring: ROW id=64d63f86 decode='C' decode_letter=2 score_letter=2 p=0.001,0.019,0.980 decode_ms=1169 score_ms=1055
09-24 12:24:09.306 26021 26034 I hfmodels-scoring: ROW id=6d64a845 decode='C' decode_letter=2 score_letter=2 p=0.001,0.014,0.985 decode_ms=1093 score_ms=1050
09-24 12:24:11.451 26021 26034 I hfmodels-scoring: ROW id=27081932 decode='B' decode_letter=1 score_letter=1 p=0.056,0.860,0.084 decode_ms=1093 score_ms=1051
09-24 12:24:13.587 26021 26034 I hfmodels-scoring: ROW id=5a37d1df decode='B' decode_letter=1 score_letter=1 p=0.086,0.721,0.194 decode_ms=1092 score_ms=1043
09-24 12:24:15.769 26021 26034 I hfmodels-scoring: ROW id=acacd8b4 decode='B' decode_letter=1 score_letter=1 p=0.012,0.968,0.020 decode_ms=1132 score_ms=1049
09-24 12:24:18.037 26021 26034 I hfmodels-scoring: ROW id=4089c199 decode='C' decode_letter=2 score_letter=2 p=0.174,0.105,0.722 decode_ms=1159 score_ms=1109
09-24 12:24:20.308 26021 26034 I hfmodels-scoring: ROW id=02f2b95a decode='B' decode_letter=1 score_letter=1 p=0.000,0.998,0.002 decode_ms=1167 score_ms=1103
09-24 12:24:22.639 26021 26034 I hfmodels-scoring: ROW id=ebea4681 decode='B' decode_letter=1 score_letter=1 p=0.000,0.999,0.001 decode_ms=1230 score_ms=1099
09-24 12:24:24.901 26021 26034 I hfmodels-scoring: ROW id=b8c5b9b2 decode='B' decode_letter=1 score_letter=1 p=0.000,0.926,0.074 decode_ms=1162 score_ms=1100
09-24 12:24:27.146 26021 26034 I hfmodels-scoring: ROW id=7ed75d85 decode='C' decode_letter=2 score_letter=2 p=0.195,0.243,0.562 decode_ms=1147 score_ms=1097
09-24 12:24:27.146 26021 26034 I hfmodels-scoring: RESULT step=decode_vs_scoring ok=true backend=cpu model=qwen3_0_6b_mixed_int4.litertlm fixture=authored144_qwen3_0_6b_oracle.json rows=144 decode_letter_found=144 agree=144 disagree=0 out=/data/user/0/io.github.johnrocky.hfmodels.probe.scoring/files/scoring/authored144_qwen3_0_6b_oracle-cpu.decode.jsonl
# rows pulled: 144
