# stock-runtime greedy probe  date=2026-09-24T05:15:26Z serial=RFGL80R6A6H device=SM-S942Q build=BP4A.251205.006.S942QOPS1AZF2 android=16
# git=195ac6d runtime=litertlm-android:0.17.1 (published AAR, no patch) backend=gpu model=MiniCPM5-2B_int8.litertlm prompts=stock_prompts_minicpm5_all144.json sampler=topK1 thinking=off maxTokens=4 thermal=Thermal Status: 2 battery_temp_x10C= temperature: 400
# instrument rc=0 end=2026-09-24T05:17:14Z thermal_end=Thermal Status: 2
09-24 14:15:26.651 18288 18301 I hfmodels-greedy: device=SM-S942Q build=BP4A.251205.006.S942QOPS1AZF2 android=16 runtime=litertlm-android:0.17.1 backend=gpu model=/data/local/tmp/hfmodels/MiniCPM5-2B_int8.litertlm prompts=144 maxTokens=4 sampler=topK1
09-24 14:15:34.266 18288 18301 I hfmodels-greedy: init_ms=7614
09-24 14:15:35.150 18288 18301 I hfmodels-greedy: ROW id=a3f18f3a kind=control letter='C' text='C' probe_cpu=C probe_gpu=C ms=862
09-24 14:15:35.577 18288 18301 I hfmodels-greedy: ROW id=f40beba9 kind=control letter='A' text='A' probe_cpu=A probe_gpu=A ms=424
09-24 14:15:36.002 18288 18301 I hfmodels-greedy: ROW id=0b43ea8e kind=control letter='B' text='B' probe_cpu=B probe_gpu=B ms=421
09-24 14:15:36.435 18288 18301 I hfmodels-greedy: ROW id=942ec65d kind=control letter='A' text='A' probe_cpu=A probe_gpu=A ms=430
09-24 14:15:36.863 18288 18301 I hfmodels-greedy: ROW id=e0c140e9 kind=control letter='A' text='A' probe_cpu=A probe_gpu=A ms=426
09-24 14:15:37.291 18288 18301 I hfmodels-greedy: ROW id=8e8c3804 kind=control letter='B' text='B' probe_cpu=B probe_gpu=B ms=424
09-24 14:15:37.722 18288 18301 I hfmodels-greedy: ROW id=56c419b1 kind=mismatch letter='A' text='A' probe_cpu=C probe_gpu=A ms=428
09-24 14:15:38.154 18288 18301 I hfmodels-greedy: ROW id=75b47058 kind=control letter='C' text='C' probe_cpu=C probe_gpu=C ms=429
09-24 14:15:38.588 18288 18301 I hfmodels-greedy: ROW id=834f3b3e kind=control letter='C' text='C' probe_cpu=C probe_gpu=C ms=430
09-24 14:15:39.025 18288 18301 I hfmodels-greedy: ROW id=76c7a79b kind=control letter='A' text='A' probe_cpu=A probe_gpu=A ms=433
09-24 14:15:39.464 18288 18301 I hfmodels-greedy: ROW id=36c71bb6 kind=control letter='A' text='A' probe_cpu=A probe_gpu=A ms=435
09-24 14:15:39.914 18288 18301 I hfmodels-greedy: ROW id=eac5121a kind=control letter='A' text='A' probe_cpu=A probe_gpu=A ms=444
09-24 14:15:40.387 18288 18301 I hfmodels-greedy: ROW id=44574c44 kind=control letter='C' text='C' probe_cpu=C probe_gpu=C ms=466
09-24 14:15:40.829 18288 18301 I hfmodels-greedy: ROW id=2608370d kind=mismatch letter='C' text='C' probe_cpu=B probe_gpu=A ms=437
09-24 14:15:41.280 18288 18301 I hfmodels-greedy: ROW id=ec94ef90 kind=control letter='C' text='C' probe_cpu=C probe_gpu=C ms=445
09-24 14:15:41.735 18288 18301 I hfmodels-greedy: ROW id=03d919fd kind=control letter='A' text='A' probe_cpu=A probe_gpu=A ms=449
09-24 14:15:42.193 18288 18301 I hfmodels-greedy: ROW id=86a15618 kind=control letter='A' text='A' probe_cpu=A probe_gpu=A ms=451
09-24 14:15:42.647 18288 18301 I hfmodels-greedy: ROW id=3dd9c3ac kind=control letter='B' text='B' probe_cpu=B probe_gpu=B ms=447
09-24 14:15:43.102 18288 18301 I hfmodels-greedy: ROW id=36273dd4 kind=control letter='B' text='B' probe_cpu=B probe_gpu=B ms=449
09-24 14:15:43.560 18288 18301 I hfmodels-greedy: ROW id=07ee70cf kind=control letter='C' text='C' probe_cpu=C probe_gpu=C ms=453
09-24 14:15:44.024 18288 18301 I hfmodels-greedy: ROW id=51ceab3c kind=control letter='C' text='C' probe_cpu=C probe_gpu=C ms=457
09-24 14:15:44.490 18288 18301 I hfmodels-greedy: ROW id=b8091be9 kind=control letter='B' text='B' probe_cpu=B probe_gpu=B ms=459
09-24 14:15:44.945 18288 18301 I hfmodels-greedy: ROW id=c89b86e3 kind=control letter='B' text='B' probe_cpu=B probe_gpu=B ms=452
09-24 14:15:45.403 18288 18301 I hfmodels-greedy: ROW id=3b0958ca kind=mismatch letter='A' text='A' probe_cpu=B probe_gpu=A ms=455
09-24 14:15:45.886 18288 18301 I hfmodels-greedy: ROW id=f2b4ec49 kind=mismatch letter='B' text='B' probe_cpu=C probe_gpu=B ms=479
09-24 14:15:46.378 18288 18301 I hfmodels-greedy: ROW id=61ac20b0 kind=control letter='B' text='B' probe_cpu=B probe_gpu=B ms=486
09-24 14:15:46.870 18288 18301 I hfmodels-greedy: ROW id=4b3d794c kind=control letter='C' text='C' probe_cpu=C probe_gpu=C ms=485
09-24 14:15:47.357 18288 18301 I hfmodels-greedy: ROW id=b7c4e62d kind=control letter='A' text='A' probe_cpu=A probe_gpu=A ms=483
09-24 14:15:47.872 18288 18301 I hfmodels-greedy: ROW id=9473603b kind=control letter='A' text='A' probe_cpu=A probe_gpu=A ms=509
09-24 14:15:48.386 18288 18301 I hfmodels-greedy: ROW id=d41072dc kind=mismatch letter='B' text='B' probe_cpu=C probe_gpu=B ms=507
09-24 14:15:48.896 18288 18301 I hfmodels-greedy: ROW id=33d6e5da kind=control letter='A' text='A' probe_cpu=B probe_gpu=B ms=504
09-24 14:15:49.416 18288 18301 I hfmodels-greedy: ROW id=823bf736 kind=control letter='B' text='B' probe_cpu=B probe_gpu=B ms=514
09-24 14:15:49.931 18288 18301 I hfmodels-greedy: ROW id=8a4c3de2 kind=control letter='B' text='B' probe_cpu=B probe_gpu=B ms=508
09-24 14:15:50.452 18288 18301 I hfmodels-greedy: ROW id=ea7ec66a kind=control letter='A' text='A' probe_cpu=A probe_gpu=A ms=514
09-24 14:15:50.970 18288 18301 I hfmodels-greedy: ROW id=25172cd6 kind=control letter='C' text='C' probe_cpu=C probe_gpu=C ms=512
09-24 14:15:51.501 18288 18301 I hfmodels-greedy: ROW id=fb73a85d kind=control letter='A' text='A' probe_cpu=A probe_gpu=A ms=524
09-24 14:15:52.081 18288 18301 I hfmodels-greedy: ROW id=a02fd582 kind=control letter='A' text='A' probe_cpu=C probe_gpu=C ms=574
09-24 14:15:52.651 18288 18301 I hfmodels-greedy: ROW id=19f37d5a kind=control letter='B' text='B' probe_cpu=B probe_gpu=B ms=563
09-24 14:15:53.230 18288 18301 I hfmodels-greedy: ROW id=fda0ca94 kind=control letter='A' text='A' probe_cpu=A probe_gpu=A ms=572
09-24 14:15:53.805 18288 18301 I hfmodels-greedy: ROW id=d0e36c4c kind=control letter='A' text='A' probe_cpu=A probe_gpu=A ms=569
09-24 14:15:54.390 18288 18301 I hfmodels-greedy: ROW id=a0a39ace kind=control letter='A' text='A' probe_cpu=A probe_gpu=A ms=579
09-24 14:15:54.958 18288 18301 I hfmodels-greedy: ROW id=eeae2838 kind=control letter='B' text='B' probe_cpu=B probe_gpu=B ms=563
09-24 14:15:55.534 18288 18301 I hfmodels-greedy: ROW id=00bb4cc0 kind=control letter='C' text='C' probe_cpu=C probe_gpu=C ms=570
09-24 14:15:56.116 18288 18301 I hfmodels-greedy: ROW id=1a81ead6 kind=control letter='B' text='B' probe_cpu=B probe_gpu=B ms=576
09-24 14:15:56.688 18288 18301 I hfmodels-greedy: ROW id=4444dad2 kind=control letter='B' text='B' probe_cpu=C probe_gpu=C ms=568
09-24 14:15:57.267 18288 18301 I hfmodels-greedy: ROW id=3226202b kind=control letter='A' text='A' probe_cpu=C probe_gpu=C ms=572
09-24 14:15:57.843 18288 18301 I hfmodels-greedy: ROW id=3f783eec kind=control letter='B' text='B' probe_cpu=C probe_gpu=C ms=570
09-24 14:15:58.417 18288 18301 I hfmodels-greedy: ROW id=ffee8614 kind=control letter='C' text='C' probe_cpu=C probe_gpu=C ms=567
09-24 14:15:58.994 18288 18301 I hfmodels-greedy: ROW id=8c992e17 kind=control letter='B' text='B' probe_cpu=B probe_gpu=B ms=571
09-24 14:15:59.577 18288 18301 I hfmodels-greedy: ROW id=695dd611 kind=control letter='A' text='A' probe_cpu=A probe_gpu=A ms=577
09-24 14:16:00.158 18288 18301 I hfmodels-greedy: ROW id=e6155431 kind=control letter='B' text='B' probe_cpu=B probe_gpu=B ms=574
09-24 14:16:00.731 18288 18301 I hfmodels-greedy: ROW id=b49ecda7 kind=control letter='B' text='B' probe_cpu=B probe_gpu=B ms=567
09-24 14:16:01.304 18288 18301 I hfmodels-greedy: ROW id=587ced26 kind=control letter='B' text='B' probe_cpu=B probe_gpu=B ms=568
09-24 14:16:01.922 18288 18301 I hfmodels-greedy: ROW id=533d4423 kind=mismatch letter='A' text='A' probe_cpu=B probe_gpu=A ms=612
09-24 14:16:02.564 18288 18301 I hfmodels-greedy: ROW id=2bf540d5 kind=control letter='C' text='C' probe_cpu=C probe_gpu=C ms=635
09-24 14:16:02.979 18288 18301 I hfmodels-greedy: ROW id=fdb9fc21 kind=mismatch letter='B' text='B' probe_cpu=A probe_gpu=B ms=408
09-24 14:16:03.625 18288 18301 I hfmodels-greedy: ROW id=f6d68126 kind=mismatch letter='A' text='A' probe_cpu=B probe_gpu=A ms=640
09-24 14:16:04.252 18288 18301 I hfmodels-greedy: ROW id=44bae0c8 kind=control letter='B' text='B' probe_cpu=B probe_gpu=B ms=620
09-24 14:16:04.895 18288 18301 I hfmodels-greedy: ROW id=2175379f kind=control letter='B' text='B' probe_cpu=B probe_gpu=B ms=636
09-24 14:16:05.512 18288 18301 I hfmodels-greedy: ROW id=def9fe59 kind=control letter='C' text='C' probe_cpu=C probe_gpu=C ms=614
09-24 14:16:06.147 18288 18301 I hfmodels-greedy: ROW id=712f6ffb kind=control letter='B' text='B' probe_cpu=B probe_gpu=B ms=631
09-24 14:16:06.769 18288 18301 I hfmodels-greedy: ROW id=e1d610bd kind=control letter='A' text='A' probe_cpu=A probe_gpu=A ms=618
09-24 14:16:07.409 18288 18301 I hfmodels-greedy: ROW id=22ec5782 kind=control letter='B' text='B' probe_cpu=B probe_gpu=B ms=633
09-24 14:16:08.075 18288 18301 I hfmodels-greedy: ROW id=3e75f2b8 kind=control letter='C' text='C' probe_cpu=B probe_gpu=B ms=660
09-24 14:16:08.756 18288 18301 I hfmodels-greedy: ROW id=ebd74aa0 kind=mismatch letter='B' text='B' probe_cpu=A probe_gpu=B ms=675
09-24 14:16:09.424 18288 18301 I hfmodels-greedy: ROW id=d7e84e42 kind=control letter='C' text='C' probe_cpu=C probe_gpu=C ms=663
09-24 14:16:10.103 18288 18301 I hfmodels-greedy: ROW id=f41ae66b kind=control letter='C' text='C' probe_cpu=C probe_gpu=C ms=673
09-24 14:16:10.778 18288 18301 I hfmodels-greedy: ROW id=82c2cd97 kind=control letter='C' text='C' probe_cpu=C probe_gpu=C ms=669
09-24 14:16:11.456 18288 18301 I hfmodels-greedy: ROW id=7ada97b6 kind=control letter='B' text='B' probe_cpu=B probe_gpu=B ms=673
09-24 14:16:12.239 18288 18301 I hfmodels-greedy: ROW id=4d7a0033 kind=mismatch letter='B' text='B' probe_cpu=B probe_gpu=A ms=776
09-24 14:16:13.038 18288 18301 I hfmodels-greedy: ROW id=19d3d8d0 kind=control letter='A' text='A' probe_cpu=A probe_gpu=A ms=792
09-24 14:16:13.859 18288 18301 I hfmodels-greedy: ROW id=d6de731c kind=control letter='B' text='B' probe_cpu=C probe_gpu=C ms=814
09-24 14:16:14.654 18288 18301 I hfmodels-greedy: ROW id=b45c63fb kind=control letter='B' text='B' probe_cpu=B probe_gpu=B ms=790
09-24 14:16:15.458 18288 18301 I hfmodels-greedy: ROW id=46b7029b kind=mismatch letter='A' text='A' probe_cpu=B probe_gpu=C ms=797
09-24 14:16:16.258 18288 18301 I hfmodels-greedy: ROW id=caf773b2 kind=control letter='A' text='A' probe_cpu=A probe_gpu=A ms=795
09-24 14:16:17.051 18288 18301 I hfmodels-greedy: ROW id=f46f392e kind=control letter='B' text='B' probe_cpu=B probe_gpu=B ms=787
09-24 14:16:17.854 18288 18301 I hfmodels-greedy: ROW id=005dcf6d kind=control letter='B' text='B' probe_cpu=B probe_gpu=B ms=797
09-24 14:16:18.667 18288 18301 I hfmodels-greedy: ROW id=edb708bd kind=control letter='A' text='A' probe_cpu=A probe_gpu=A ms=806
09-24 14:16:19.465 18288 18301 I hfmodels-greedy: ROW id=97a35499 kind=mismatch letter='C' text='C' probe_cpu=B probe_gpu=C ms=791
09-24 14:16:20.268 18288 18301 I hfmodels-greedy: ROW id=31eb4533 kind=control letter='A' text='A' probe_cpu=A probe_gpu=A ms=797
09-24 14:16:21.070 18288 18301 I hfmodels-greedy: ROW id=0aa24a67 kind=control letter='B' text='B' probe_cpu=B probe_gpu=B ms=796
09-24 14:16:21.878 18288 18301 I hfmodels-greedy: ROW id=796d5c0d kind=control letter='B' text='B' probe_cpu=B probe_gpu=B ms=801
09-24 14:16:22.686 18288 18301 I hfmodels-greedy: ROW id=599b3092 kind=control letter='C' text='C' probe_cpu=C probe_gpu=C ms=803
09-24 14:16:23.478 18288 18301 I hfmodels-greedy: ROW id=960a4bcd kind=control letter='B' text='B' probe_cpu=B probe_gpu=B ms=786
09-24 14:16:24.287 18288 18301 I hfmodels-greedy: ROW id=c6a411e7 kind=mismatch letter='A' text='A' probe_cpu=C probe_gpu=A ms=803
09-24 14:16:25.088 18288 18301 I hfmodels-greedy: ROW id=e332aa92 kind=control letter='C' text='C' probe_cpu=C probe_gpu=C ms=795
09-24 14:16:25.888 18288 18301 I hfmodels-greedy: ROW id=a0128e55 kind=control letter='A' text='A' probe_cpu=A probe_gpu=A ms=794
09-24 14:16:26.681 18288 18301 I hfmodels-greedy: ROW id=46d6a073 kind=control letter='A' text='A' probe_cpu=A probe_gpu=A ms=787
09-24 14:16:27.476 18288 18301 I hfmodels-greedy: ROW id=21ca7a8b kind=control letter='A' text='A' probe_cpu=A probe_gpu=A ms=788
09-24 14:16:28.273 18288 18301 I hfmodels-greedy: ROW id=4aa83af9 kind=control letter='A' text='A' probe_cpu=A probe_gpu=A ms=791
09-24 14:16:29.069 18288 18301 I hfmodels-greedy: ROW id=cdfa9eed kind=mismatch letter='C' text='C' probe_cpu=C probe_gpu=A ms=790
09-24 14:16:29.873 18288 18301 I hfmodels-greedy: ROW id=d51b05bf kind=control letter='B' text='B' probe_cpu=B probe_gpu=B ms=798
09-24 14:16:30.724 18288 18301 I hfmodels-greedy: ROW id=fdd902cc kind=control letter='B' text='B' probe_cpu=B probe_gpu=B ms=845
09-24 14:16:31.574 18288 18301 I hfmodels-greedy: ROW id=42384af9 kind=control letter='B' text='B' probe_cpu=B probe_gpu=B ms=844
09-24 14:16:32.425 18288 18301 I hfmodels-greedy: ROW id=cdf7f428 kind=control letter='C' text='C' probe_cpu=B probe_gpu=B ms=844
09-24 14:16:33.271 18288 18301 I hfmodels-greedy: ROW id=774f7f92 kind=control letter='C' text='C' probe_cpu=C probe_gpu=C ms=839
09-24 14:16:34.127 18288 18301 I hfmodels-greedy: ROW id=92ec2ffa kind=control letter='A' text='A' probe_cpu=A probe_gpu=A ms=850
09-24 14:16:34.970 18288 18301 I hfmodels-greedy: ROW id=6149a17b kind=control letter='A' text='A' probe_cpu=A probe_gpu=A ms=836
09-24 14:16:35.816 18288 18301 I hfmodels-greedy: ROW id=be866e1d kind=control letter='C' text='C' probe_cpu=C probe_gpu=C ms=840
09-24 14:16:36.658 18288 18301 I hfmodels-greedy: ROW id=97d2ed25 kind=control letter='B' text='B' probe_cpu=B probe_gpu=B ms=836
09-24 14:16:37.499 18288 18301 I hfmodels-greedy: ROW id=4533dd91 kind=control letter='C' text='C' probe_cpu=C probe_gpu=C ms=834
09-24 14:16:38.341 18288 18301 I hfmodels-greedy: ROW id=d880e65f kind=control letter='A' text='A' probe_cpu=A probe_gpu=A ms=835
09-24 14:16:39.193 18288 18301 I hfmodels-greedy: ROW id=90494c76 kind=control letter='A' text='A' probe_cpu=A probe_gpu=A ms=845
09-24 14:16:40.039 18288 18301 I hfmodels-greedy: ROW id=9ac5cc82 kind=control letter='B' text='B' probe_cpu=B probe_gpu=B ms=840
09-24 14:16:40.887 18288 18301 I hfmodels-greedy: ROW id=386e10b1 kind=control letter='B' text='B' probe_cpu=B probe_gpu=B ms=841
09-24 14:16:41.725 18288 18301 I hfmodels-greedy: ROW id=4da6aedc kind=control letter='B' text='B' probe_cpu=B probe_gpu=B ms=832
09-24 14:16:42.577 18288 18301 I hfmodels-greedy: ROW id=a22dab8b kind=control letter='B' text='B' probe_cpu=B probe_gpu=B ms=845
09-24 14:16:43.427 18288 18301 I hfmodels-greedy: ROW id=42c54fa2 kind=control letter='B' text='B' probe_cpu=B probe_gpu=B ms=844
09-24 14:16:44.270 18288 18301 I hfmodels-greedy: ROW id=f3d13cf1 kind=control letter='A' text='A' probe_cpu=C probe_gpu=C ms=836
09-24 14:16:45.121 18288 18301 I hfmodels-greedy: ROW id=1105577d kind=mismatch letter='A' text='A' probe_cpu=C probe_gpu=A ms=845
09-24 14:16:45.969 18288 18301 I hfmodels-greedy: ROW id=0ebd2997 kind=mismatch letter='A' text='A' probe_cpu=C probe_gpu=A ms=842
09-24 14:16:46.819 18288 18301 I hfmodels-greedy: ROW id=eafc22c8 kind=control letter='A' text='A' probe_cpu=C probe_gpu=C ms=843
09-24 14:16:47.671 18288 18301 I hfmodels-greedy: ROW id=0aa14476 kind=control letter='C' text='C' probe_cpu=C probe_gpu=C ms=846
09-24 14:16:48.539 18288 18301 I hfmodels-greedy: ROW id=980e7614 kind=control letter='C' text='C' probe_cpu=C probe_gpu=C ms=861
09-24 14:16:49.380 18288 18301 I hfmodels-greedy: ROW id=4aee37a6 kind=mismatch letter='B' text='B' probe_cpu=A probe_gpu=C ms=835
09-24 14:16:50.224 18288 18301 I hfmodels-greedy: ROW id=6db17cc2 kind=control letter='C' text='C' probe_cpu=C probe_gpu=C ms=838
09-24 14:16:51.079 18288 18301 I hfmodels-greedy: ROW id=ef3e0f8e kind=mismatch letter='A' text='A' probe_cpu=A probe_gpu=C ms=849
09-24 14:16:51.938 18288 18301 I hfmodels-greedy: ROW id=f756e1cb kind=control letter='B' text='B' probe_cpu=B probe_gpu=B ms=852
09-24 14:16:52.782 18288 18301 I hfmodels-greedy: ROW id=d167e51b kind=mismatch letter='A' text='A' probe_cpu=B probe_gpu=A ms=838
09-24 14:16:53.647 18288 18301 I hfmodels-greedy: ROW id=674ca4e9 kind=control letter='A' text='A' probe_cpu=A probe_gpu=A ms=858
09-24 14:16:54.497 18288 18301 I hfmodels-greedy: ROW id=1df851a2 kind=control letter='A' text='A' probe_cpu=A probe_gpu=A ms=843
09-24 14:16:55.341 18288 18301 I hfmodels-greedy: ROW id=b5e6788d kind=mismatch letter='B' text='B' probe_cpu=C probe_gpu=A ms=838
09-24 14:16:56.186 18288 18301 I hfmodels-greedy: ROW id=32f36cd0 kind=control letter='A' text='A' probe_cpu=A probe_gpu=A ms=838
09-24 14:16:57.031 18288 18301 I hfmodels-greedy: ROW id=84318570 kind=mismatch letter='A' text='A' probe_cpu=C probe_gpu=A ms=838
09-24 14:16:57.883 18288 18301 I hfmodels-greedy: ROW id=b531dd60 kind=mismatch letter='A' text='A' probe_cpu=C probe_gpu=A ms=846
09-24 14:16:58.734 18288 18301 I hfmodels-greedy: ROW id=be2dd67b kind=control letter='B' text='B' probe_cpu=B probe_gpu=B ms=845
09-24 14:16:59.577 18288 18301 I hfmodels-greedy: ROW id=b8e27503 kind=control letter='A' text='A' probe_cpu=A probe_gpu=A ms=836
09-24 14:17:00.438 18288 18301 I hfmodels-greedy: ROW id=5d31b4bf kind=control letter='B' text='B' probe_cpu=B probe_gpu=B ms=855
09-24 14:17:01.266 18288 18301 I hfmodels-greedy: ROW id=a9230edf kind=control letter='C' text='C' probe_cpu=C probe_gpu=C ms=824
09-24 14:17:02.089 18288 18301 I hfmodels-greedy: ROW id=c100e845 kind=control letter='B' text='B' probe_cpu=B probe_gpu=B ms=817
09-24 14:17:02.920 18288 18301 I hfmodels-greedy: ROW id=579beed1 kind=control letter='B' text='B' probe_cpu=B probe_gpu=B ms=829
09-24 14:17:03.762 18288 18301 I hfmodels-greedy: ROW id=c4e9bd46 kind=control letter='C' text='C' probe_cpu=C probe_gpu=C ms=836
09-24 14:17:04.597 18288 18301 I hfmodels-greedy: ROW id=b863998d kind=mismatch letter='A' text='A' probe_cpu=C probe_gpu=A ms=830
09-24 14:17:05.437 18288 18301 I hfmodels-greedy: ROW id=37cebc37 kind=control letter='B' text='B' probe_cpu=B probe_gpu=B ms=834
09-24 14:17:06.283 18288 18301 I hfmodels-greedy: ROW id=64d63f86 kind=control letter='A' text='A' probe_cpu=A probe_gpu=A ms=841
09-24 14:17:07.122 18288 18301 I hfmodels-greedy: ROW id=6d64a845 kind=control letter='A' text='A' probe_cpu=A probe_gpu=A ms=833
09-24 14:17:07.968 18288 18301 I hfmodels-greedy: ROW id=27081932 kind=control letter='B' text='B' probe_cpu=B probe_gpu=B ms=840
09-24 14:17:08.807 18288 18301 I hfmodels-greedy: ROW id=5a37d1df kind=control letter='B' text='B' probe_cpu=B probe_gpu=B ms=832
09-24 14:17:09.657 18288 18301 I hfmodels-greedy: ROW id=acacd8b4 kind=control letter='B' text='B' probe_cpu=B probe_gpu=B ms=844
09-24 14:17:10.504 18288 18301 I hfmodels-greedy: ROW id=4089c199 kind=control letter='C' text='C' probe_cpu=C probe_gpu=C ms=841
09-24 14:17:11.354 18288 18301 I hfmodels-greedy: ROW id=02f2b95a kind=control letter='A' text='A' probe_cpu=A probe_gpu=A ms=844
09-24 14:17:12.209 18288 18301 I hfmodels-greedy: ROW id=ebea4681 kind=control letter='B' text='B' probe_cpu=B probe_gpu=B ms=849
09-24 14:17:13.063 18288 18301 I hfmodels-greedy: ROW id=b8c5b9b2 kind=control letter='B' text='B' probe_cpu=B probe_gpu=B ms=848
09-24 14:17:13.915 18288 18301 I hfmodels-greedy: ROW id=7ed75d85 kind=control letter='A' text='A' probe_cpu=A probe_gpu=A ms=845
09-24 14:17:14.357 18288 18301 I hfmodels-greedy: RESULT step=greedy ok=true backend=gpu runtime=litertlm-android:0.17.1 model=MiniCPM5-2B_int8.litertlm rows=144 letter_found=144 same_as_cpu_probe=114 same_as_gpu_probe=127 failures=0 out=/data/user/0/io.github.johnrocky.hfmodels.litertlm.test/files/greedy/MiniCPM5-2B_int8-gpu.jsonl
# rows pulled: 144
