# stock-runtime greedy probe  date=2026-09-24T05:17:24Z serial=RFGL80R6A6H device=SM-S942Q build=BP4A.251205.006.S942QOPS1AZF2 android=16
# git=195ac6d runtime=litertlm-android:0.17.1 (published AAR, no patch) backend=cpu model=MiniCPM5-2B_int8.litertlm prompts=stock_prompts_minicpm5_all144.json sampler=topK1 thinking=off maxTokens=4 thermal=Thermal Status: 2 battery_temp_x10C= temperature: 430
# instrument rc=0 end=2026-09-24T05:22:38Z thermal_end=Thermal Status: 2
09-24 14:17:25.624 19462 19475 I hfmodels-greedy: device=SM-S942Q build=BP4A.251205.006.S942QOPS1AZF2 android=16 runtime=litertlm-android:0.17.1 backend=cpu model=/data/local/tmp/hfmodels/MiniCPM5-2B_int8.litertlm prompts=144 maxTokens=4 sampler=topK1
09-24 14:17:34.929 19462 19475 I hfmodels-greedy: init_ms=9304
09-24 14:17:37.964 19462 19475 I hfmodels-greedy: ROW id=a3f18f3a kind=control letter='C' text='C' probe_cpu=C probe_gpu=C ms=3018
09-24 14:17:40.068 19462 19475 I hfmodels-greedy: ROW id=f40beba9 kind=control letter='A' text='A' probe_cpu=A probe_gpu=A ms=2100
09-24 14:17:42.171 19462 19475 I hfmodels-greedy: ROW id=0b43ea8e kind=control letter='B' text='B' probe_cpu=B probe_gpu=B ms=2099
09-24 14:17:44.272 19462 19475 I hfmodels-greedy: ROW id=942ec65d kind=control letter='A' text='A' probe_cpu=A probe_gpu=A ms=2098
09-24 14:17:46.390 19462 19475 I hfmodels-greedy: ROW id=e0c140e9 kind=control letter='A' text='A' probe_cpu=A probe_gpu=A ms=2114
09-24 14:17:48.522 19462 19475 I hfmodels-greedy: ROW id=8e8c3804 kind=control letter='B' text='B' probe_cpu=B probe_gpu=B ms=2129
09-24 14:17:50.626 19462 19475 I hfmodels-greedy: ROW id=56c419b1 kind=mismatch letter='C' text='C' probe_cpu=C probe_gpu=A ms=2101
09-24 14:17:52.729 19462 19475 I hfmodels-greedy: ROW id=75b47058 kind=control letter='C' text='C' probe_cpu=C probe_gpu=C ms=2099
09-24 14:17:54.832 19462 19475 I hfmodels-greedy: ROW id=834f3b3e kind=control letter='C' text='C' probe_cpu=C probe_gpu=C ms=2100
09-24 14:17:56.933 19462 19475 I hfmodels-greedy: ROW id=76c7a79b kind=control letter='A' text='A' probe_cpu=A probe_gpu=A ms=2098
09-24 14:17:59.025 19462 19475 I hfmodels-greedy: ROW id=36c71bb6 kind=control letter='A' text='A' probe_cpu=A probe_gpu=A ms=2090
09-24 14:18:01.128 19462 19475 I hfmodels-greedy: ROW id=eac5121a kind=control letter='A' text='A' probe_cpu=A probe_gpu=A ms=2100
09-24 14:18:03.227 19462 19475 I hfmodels-greedy: ROW id=44574c44 kind=control letter='C' text='C' probe_cpu=C probe_gpu=C ms=2095
09-24 14:18:05.410 19462 19475 I hfmodels-greedy: ROW id=2608370d kind=mismatch letter='C' text='C' probe_cpu=B probe_gpu=A ms=2180
09-24 14:18:07.534 19462 19475 I hfmodels-greedy: ROW id=ec94ef90 kind=control letter='C' text='C' probe_cpu=C probe_gpu=C ms=2121
09-24 14:18:09.628 19462 19475 I hfmodels-greedy: ROW id=03d919fd kind=control letter='A' text='A' probe_cpu=A probe_gpu=A ms=2091
09-24 14:18:11.732 19462 19475 I hfmodels-greedy: ROW id=86a15618 kind=control letter='A' text='A' probe_cpu=A probe_gpu=A ms=2100
09-24 14:18:13.826 19462 19475 I hfmodels-greedy: ROW id=3dd9c3ac kind=control letter='B' text='B' probe_cpu=B probe_gpu=B ms=2091
09-24 14:18:15.921 19462 19475 I hfmodels-greedy: ROW id=36273dd4 kind=control letter='B' text='B' probe_cpu=B probe_gpu=B ms=2093
09-24 14:18:18.027 19462 19475 I hfmodels-greedy: ROW id=07ee70cf kind=control letter='C' text='C' probe_cpu=C probe_gpu=C ms=2102
09-24 14:18:20.137 19462 19475 I hfmodels-greedy: ROW id=51ceab3c kind=control letter='C' text='C' probe_cpu=C probe_gpu=C ms=2107
09-24 14:18:22.235 19462 19475 I hfmodels-greedy: ROW id=b8091be9 kind=control letter='B' text='B' probe_cpu=B probe_gpu=B ms=2095
09-24 14:18:24.335 19462 19475 I hfmodels-greedy: ROW id=c89b86e3 kind=control letter='B' text='B' probe_cpu=B probe_gpu=B ms=2097
09-24 14:18:26.426 19462 19475 I hfmodels-greedy: ROW id=3b0958ca kind=mismatch letter='A' text='A' probe_cpu=B probe_gpu=A ms=2088
09-24 14:18:28.531 19462 19475 I hfmodels-greedy: ROW id=f2b4ec49 kind=mismatch letter='C' text='C' probe_cpu=C probe_gpu=B ms=2102
09-24 14:18:30.656 19462 19475 I hfmodels-greedy: ROW id=61ac20b0 kind=control letter='B' text='B' probe_cpu=B probe_gpu=B ms=2121
09-24 14:18:32.874 19462 19475 I hfmodels-greedy: ROW id=4b3d794c kind=control letter='C' text='C' probe_cpu=C probe_gpu=C ms=2215
09-24 14:18:35.001 19462 19475 I hfmodels-greedy: ROW id=b7c4e62d kind=control letter='A' text='A' probe_cpu=A probe_gpu=A ms=2124
09-24 14:18:37.146 19462 19475 I hfmodels-greedy: ROW id=9473603b kind=control letter='A' text='A' probe_cpu=A probe_gpu=A ms=2142
09-24 14:18:39.251 19462 19475 I hfmodels-greedy: ROW id=d41072dc kind=mismatch letter='C' text='C' probe_cpu=C probe_gpu=B ms=2102
09-24 14:18:41.357 19462 19475 I hfmodels-greedy: ROW id=33d6e5da kind=control letter='B' text='B' probe_cpu=B probe_gpu=B ms=2103
09-24 14:18:43.457 19462 19475 I hfmodels-greedy: ROW id=823bf736 kind=control letter='B' text='B' probe_cpu=B probe_gpu=B ms=2097
09-24 14:18:45.559 19462 19475 I hfmodels-greedy: ROW id=8a4c3de2 kind=control letter='B' text='B' probe_cpu=B probe_gpu=B ms=2099
09-24 14:18:47.657 19462 19475 I hfmodels-greedy: ROW id=ea7ec66a kind=control letter='A' text='A' probe_cpu=A probe_gpu=A ms=2094
09-24 14:18:49.758 19462 19475 I hfmodels-greedy: ROW id=25172cd6 kind=control letter='C' text='C' probe_cpu=C probe_gpu=C ms=2098
09-24 14:18:51.860 19462 19475 I hfmodels-greedy: ROW id=fb73a85d kind=control letter='A' text='A' probe_cpu=A probe_gpu=A ms=2098
09-24 14:18:53.966 19462 19475 I hfmodels-greedy: ROW id=a02fd582 kind=control letter='C' text='C' probe_cpu=C probe_gpu=C ms=2103
09-24 14:18:56.072 19462 19475 I hfmodels-greedy: ROW id=19f37d5a kind=control letter='B' text='B' probe_cpu=B probe_gpu=B ms=2103
09-24 14:18:58.169 19462 19475 I hfmodels-greedy: ROW id=fda0ca94 kind=control letter='A' text='A' probe_cpu=A probe_gpu=A ms=2093
09-24 14:19:00.268 19462 19475 I hfmodels-greedy: ROW id=d0e36c4c kind=control letter='A' text='A' probe_cpu=A probe_gpu=A ms=2096
09-24 14:19:02.373 19462 19475 I hfmodels-greedy: ROW id=a0a39ace kind=control letter='A' text='A' probe_cpu=A probe_gpu=A ms=2102
09-24 14:19:04.465 19462 19475 I hfmodels-greedy: ROW id=eeae2838 kind=control letter='B' text='B' probe_cpu=B probe_gpu=B ms=2089
09-24 14:19:06.564 19462 19475 I hfmodels-greedy: ROW id=00bb4cc0 kind=control letter='C' text='C' probe_cpu=C probe_gpu=C ms=2096
09-24 14:19:08.655 19462 19475 I hfmodels-greedy: ROW id=1a81ead6 kind=control letter='B' text='B' probe_cpu=B probe_gpu=B ms=2088
09-24 14:19:10.756 19462 19475 I hfmodels-greedy: ROW id=4444dad2 kind=control letter='C' text='C' probe_cpu=C probe_gpu=C ms=2098
09-24 14:19:12.855 19462 19475 I hfmodels-greedy: ROW id=3226202b kind=control letter='C' text='C' probe_cpu=C probe_gpu=C ms=2095
09-24 14:19:14.956 19462 19475 I hfmodels-greedy: ROW id=3f783eec kind=control letter='C' text='C' probe_cpu=C probe_gpu=C ms=2098
09-24 14:19:17.058 19462 19475 I hfmodels-greedy: ROW id=ffee8614 kind=control letter='C' text='C' probe_cpu=C probe_gpu=C ms=2099
09-24 14:19:19.162 19462 19475 I hfmodels-greedy: ROW id=8c992e17 kind=control letter='B' text='B' probe_cpu=B probe_gpu=B ms=2101
09-24 14:19:21.263 19462 19475 I hfmodels-greedy: ROW id=695dd611 kind=control letter='A' text='A' probe_cpu=A probe_gpu=A ms=2098
09-24 14:19:23.362 19462 19475 I hfmodels-greedy: ROW id=e6155431 kind=control letter='B' text='B' probe_cpu=B probe_gpu=B ms=2096
09-24 14:19:25.466 19462 19475 I hfmodels-greedy: ROW id=b49ecda7 kind=control letter='B' text='B' probe_cpu=B probe_gpu=B ms=2100
09-24 14:19:27.591 19462 19475 I hfmodels-greedy: ROW id=587ced26 kind=control letter='B' text='B' probe_cpu=B probe_gpu=B ms=2122
09-24 14:19:29.747 19462 19475 I hfmodels-greedy: ROW id=533d4423 kind=mismatch letter='B' text='B' probe_cpu=B probe_gpu=A ms=2153
09-24 14:19:31.852 19462 19475 I hfmodels-greedy: ROW id=2bf540d5 kind=control letter='C' text='C' probe_cpu=C probe_gpu=C ms=2102
09-24 14:19:33.045 19462 19475 I hfmodels-greedy: ROW id=fdb9fc21 kind=mismatch letter='A' text='A' probe_cpu=A probe_gpu=B ms=1190
09-24 14:19:35.226 19462 19475 I hfmodels-greedy: ROW id=f6d68126 kind=mismatch letter='A' text='A' probe_cpu=B probe_gpu=A ms=2178
09-24 14:19:37.395 19462 19475 I hfmodels-greedy: ROW id=44bae0c8 kind=control letter='B' text='B' probe_cpu=B probe_gpu=B ms=2166
09-24 14:19:39.485 19462 19475 I hfmodels-greedy: ROW id=2175379f kind=control letter='B' text='B' probe_cpu=B probe_gpu=B ms=2087
09-24 14:19:41.587 19462 19475 I hfmodels-greedy: ROW id=def9fe59 kind=control letter='C' text='C' probe_cpu=C probe_gpu=C ms=2099
09-24 14:19:43.692 19462 19475 I hfmodels-greedy: ROW id=712f6ffb kind=control letter='B' text='B' probe_cpu=B probe_gpu=B ms=2101
09-24 14:19:45.797 19462 19475 I hfmodels-greedy: ROW id=e1d610bd kind=control letter='A' text='A' probe_cpu=A probe_gpu=A ms=2102
09-24 14:19:47.895 19462 19475 I hfmodels-greedy: ROW id=22ec5782 kind=control letter='B' text='B' probe_cpu=B probe_gpu=B ms=2095
09-24 14:19:49.995 19462 19475 I hfmodels-greedy: ROW id=3e75f2b8 kind=control letter='B' text='B' probe_cpu=B probe_gpu=B ms=2097
09-24 14:19:52.104 19462 19475 I hfmodels-greedy: ROW id=ebd74aa0 kind=mismatch letter='A' text='A' probe_cpu=A probe_gpu=B ms=2105
09-24 14:19:54.209 19462 19475 I hfmodels-greedy: ROW id=d7e84e42 kind=control letter='C' text='C' probe_cpu=C probe_gpu=C ms=2102
09-24 14:19:56.309 19462 19475 I hfmodels-greedy: ROW id=f41ae66b kind=control letter='C' text='C' probe_cpu=C probe_gpu=C ms=2097
09-24 14:19:58.405 19462 19475 I hfmodels-greedy: ROW id=82c2cd97 kind=control letter='C' text='C' probe_cpu=C probe_gpu=C ms=2093
09-24 14:20:00.510 19462 19475 I hfmodels-greedy: ROW id=7ada97b6 kind=control letter='B' text='B' probe_cpu=B probe_gpu=B ms=2102
09-24 14:20:02.619 19462 19475 I hfmodels-greedy: ROW id=4d7a0033 kind=mismatch letter='B' text='B' probe_cpu=B probe_gpu=A ms=2106
09-24 14:20:04.711 19462 19475 I hfmodels-greedy: ROW id=19d3d8d0 kind=control letter='A' text='A' probe_cpu=A probe_gpu=A ms=2089
09-24 14:20:06.804 19462 19475 I hfmodels-greedy: ROW id=d6de731c kind=control letter='C' text='C' probe_cpu=C probe_gpu=C ms=2091
09-24 14:20:08.904 19462 19475 I hfmodels-greedy: ROW id=b45c63fb kind=control letter='B' text='B' probe_cpu=B probe_gpu=B ms=2096
09-24 14:20:11.001 19462 19475 I hfmodels-greedy: ROW id=46b7029b kind=mismatch letter='B' text='B' probe_cpu=B probe_gpu=C ms=2095
09-24 14:20:13.102 19462 19475 I hfmodels-greedy: ROW id=caf773b2 kind=control letter='A' text='A' probe_cpu=A probe_gpu=A ms=2098
09-24 14:20:15.203 19462 19475 I hfmodels-greedy: ROW id=f46f392e kind=control letter='B' text='B' probe_cpu=B probe_gpu=B ms=2098
09-24 14:20:17.311 19462 19475 I hfmodels-greedy: ROW id=005dcf6d kind=control letter='B' text='B' probe_cpu=B probe_gpu=B ms=2105
09-24 14:20:19.415 19462 19475 I hfmodels-greedy: ROW id=edb708bd kind=control letter='A' text='A' probe_cpu=A probe_gpu=A ms=2100
09-24 14:20:21.522 19462 19475 I hfmodels-greedy: ROW id=97a35499 kind=mismatch letter='B' text='B' probe_cpu=B probe_gpu=C ms=2104
09-24 14:20:23.632 19462 19475 I hfmodels-greedy: ROW id=31eb4533 kind=control letter='A' text='A' probe_cpu=A probe_gpu=A ms=2108
09-24 14:20:25.739 19462 19475 I hfmodels-greedy: ROW id=0aa24a67 kind=control letter='B' text='B' probe_cpu=B probe_gpu=B ms=2103
09-24 14:20:27.838 19462 19475 I hfmodels-greedy: ROW id=796d5c0d kind=control letter='B' text='B' probe_cpu=B probe_gpu=B ms=2096
09-24 14:20:29.942 19462 19475 I hfmodels-greedy: ROW id=599b3092 kind=control letter='C' text='C' probe_cpu=C probe_gpu=C ms=2101
09-24 14:20:32.046 19462 19475 I hfmodels-greedy: ROW id=960a4bcd kind=control letter='B' text='B' probe_cpu=B probe_gpu=B ms=2101
09-24 14:20:34.159 19462 19475 I hfmodels-greedy: ROW id=c6a411e7 kind=mismatch letter='A' text='A' probe_cpu=C probe_gpu=A ms=2109
09-24 14:20:36.259 19462 19475 I hfmodels-greedy: ROW id=e332aa92 kind=control letter='C' text='C' probe_cpu=C probe_gpu=C ms=2097
09-24 14:20:38.355 19462 19475 I hfmodels-greedy: ROW id=a0128e55 kind=control letter='A' text='A' probe_cpu=A probe_gpu=A ms=2093
09-24 14:20:40.460 19462 19475 I hfmodels-greedy: ROW id=46d6a073 kind=control letter='A' text='A' probe_cpu=A probe_gpu=A ms=2102
09-24 14:20:42.565 19462 19475 I hfmodels-greedy: ROW id=21ca7a8b kind=control letter='A' text='A' probe_cpu=A probe_gpu=A ms=2102
09-24 14:20:44.671 19462 19475 I hfmodels-greedy: ROW id=4aa83af9 kind=control letter='A' text='A' probe_cpu=A probe_gpu=A ms=2103
09-24 14:20:46.772 19462 19475 I hfmodels-greedy: ROW id=cdfa9eed kind=mismatch letter='C' text='C' probe_cpu=C probe_gpu=A ms=2099
09-24 14:20:48.889 19462 19475 I hfmodels-greedy: ROW id=d51b05bf kind=control letter='B' text='B' probe_cpu=B probe_gpu=B ms=2114
09-24 14:20:50.987 19462 19475 I hfmodels-greedy: ROW id=fdd902cc kind=control letter='B' text='B' probe_cpu=B probe_gpu=B ms=2095
09-24 14:20:53.087 19462 19475 I hfmodels-greedy: ROW id=42384af9 kind=control letter='B' text='B' probe_cpu=B probe_gpu=B ms=2097
09-24 14:20:55.197 19462 19475 I hfmodels-greedy: ROW id=cdf7f428 kind=control letter='B' text='B' probe_cpu=B probe_gpu=B ms=2107
09-24 14:20:57.291 19462 19475 I hfmodels-greedy: ROW id=774f7f92 kind=control letter='C' text='C' probe_cpu=C probe_gpu=C ms=2090
09-24 14:20:59.397 19462 19475 I hfmodels-greedy: ROW id=92ec2ffa kind=control letter='C' text='C' probe_cpu=A probe_gpu=A ms=2103
09-24 14:21:01.499 19462 19475 I hfmodels-greedy: ROW id=6149a17b kind=control letter='A' text='A' probe_cpu=A probe_gpu=A ms=2099
09-24 14:21:03.606 19462 19475 I hfmodels-greedy: ROW id=be866e1d kind=control letter='C' text='C' probe_cpu=C probe_gpu=C ms=2104
09-24 14:21:05.703 19462 19475 I hfmodels-greedy: ROW id=97d2ed25 kind=control letter='B' text='B' probe_cpu=B probe_gpu=B ms=2094
09-24 14:21:07.813 19462 19475 I hfmodels-greedy: ROW id=4533dd91 kind=control letter='C' text='C' probe_cpu=C probe_gpu=C ms=2107
09-24 14:21:09.910 19462 19475 I hfmodels-greedy: ROW id=d880e65f kind=control letter='A' text='A' probe_cpu=A probe_gpu=A ms=2094
09-24 14:21:12.014 19462 19475 I hfmodels-greedy: ROW id=90494c76 kind=control letter='A' text='A' probe_cpu=A probe_gpu=A ms=2102
09-24 14:21:14.121 19462 19475 I hfmodels-greedy: ROW id=9ac5cc82 kind=control letter='B' text='B' probe_cpu=B probe_gpu=B ms=2103
09-24 14:21:16.225 19462 19475 I hfmodels-greedy: ROW id=386e10b1 kind=control letter='B' text='B' probe_cpu=B probe_gpu=B ms=2101
09-24 14:21:18.332 19462 19475 I hfmodels-greedy: ROW id=4da6aedc kind=control letter='B' text='B' probe_cpu=B probe_gpu=B ms=2104
09-24 14:21:20.426 19462 19475 I hfmodels-greedy: ROW id=a22dab8b kind=control letter='B' text='B' probe_cpu=B probe_gpu=B ms=2090
09-24 14:21:22.532 19462 19475 I hfmodels-greedy: ROW id=42c54fa2 kind=control letter='B' text='B' probe_cpu=B probe_gpu=B ms=2103
09-24 14:21:24.665 19462 19475 I hfmodels-greedy: ROW id=f3d13cf1 kind=control letter='C' text='C' probe_cpu=C probe_gpu=C ms=2130
09-24 14:21:26.780 19462 19475 I hfmodels-greedy: ROW id=1105577d kind=mismatch letter='C' text='C' probe_cpu=C probe_gpu=A ms=2112
09-24 14:21:28.934 19462 19475 I hfmodels-greedy: ROW id=0ebd2997 kind=mismatch letter='C' text='C' probe_cpu=C probe_gpu=A ms=2151
09-24 14:21:31.038 19462 19475 I hfmodels-greedy: ROW id=eafc22c8 kind=control letter='C' text='C' probe_cpu=C probe_gpu=C ms=2100
09-24 14:21:33.141 19462 19475 I hfmodels-greedy: ROW id=0aa14476 kind=control letter='C' text='C' probe_cpu=C probe_gpu=C ms=2100
09-24 14:21:35.243 19462 19475 I hfmodels-greedy: ROW id=980e7614 kind=control letter='C' text='C' probe_cpu=C probe_gpu=C ms=2099
09-24 14:21:37.348 19462 19475 I hfmodels-greedy: ROW id=4aee37a6 kind=mismatch letter='A' text='A' probe_cpu=A probe_gpu=C ms=2102
09-24 14:21:39.452 19462 19475 I hfmodels-greedy: ROW id=6db17cc2 kind=control letter='C' text='C' probe_cpu=C probe_gpu=C ms=2101
09-24 14:21:41.557 19462 19475 I hfmodels-greedy: ROW id=ef3e0f8e kind=mismatch letter='C' text='C' probe_cpu=A probe_gpu=C ms=2102
09-24 14:21:43.660 19462 19475 I hfmodels-greedy: ROW id=f756e1cb kind=control letter='B' text='B' probe_cpu=B probe_gpu=B ms=2100
09-24 14:21:45.756 19462 19475 I hfmodels-greedy: ROW id=d167e51b kind=mismatch letter='B' text='B' probe_cpu=B probe_gpu=A ms=2093
09-24 14:21:47.851 19462 19475 I hfmodels-greedy: ROW id=674ca4e9 kind=control letter='A' text='A' probe_cpu=A probe_gpu=A ms=2092
09-24 14:21:49.948 19462 19475 I hfmodels-greedy: ROW id=1df851a2 kind=control letter='A' text='A' probe_cpu=A probe_gpu=A ms=2094
09-24 14:21:52.047 19462 19475 I hfmodels-greedy: ROW id=b5e6788d kind=mismatch letter='C' text='C' probe_cpu=C probe_gpu=A ms=2096
09-24 14:21:54.147 19462 19475 I hfmodels-greedy: ROW id=32f36cd0 kind=control letter='A' text='A' probe_cpu=A probe_gpu=A ms=2097
09-24 14:21:56.249 19462 19475 I hfmodels-greedy: ROW id=84318570 kind=mismatch letter='C' text='C' probe_cpu=C probe_gpu=A ms=2098
09-24 14:21:58.354 19462 19475 I hfmodels-greedy: ROW id=b531dd60 kind=mismatch letter='A' text='A' probe_cpu=C probe_gpu=A ms=2102
09-24 14:22:00.454 19462 19475 I hfmodels-greedy: ROW id=be2dd67b kind=control letter='B' text='B' probe_cpu=B probe_gpu=B ms=2098
09-24 14:22:02.555 19462 19475 I hfmodels-greedy: ROW id=b8e27503 kind=control letter='A' text='A' probe_cpu=A probe_gpu=A ms=2098
09-24 14:22:04.656 19462 19475 I hfmodels-greedy: ROW id=5d31b4bf kind=control letter='B' text='B' probe_cpu=B probe_gpu=B ms=2097
09-24 14:22:06.763 19462 19475 I hfmodels-greedy: ROW id=a9230edf kind=control letter='C' text='C' probe_cpu=C probe_gpu=C ms=2104
09-24 14:22:08.854 19462 19475 I hfmodels-greedy: ROW id=c100e845 kind=control letter='B' text='B' probe_cpu=B probe_gpu=B ms=2088
09-24 14:22:10.953 19462 19475 I hfmodels-greedy: ROW id=579beed1 kind=control letter='B' text='B' probe_cpu=B probe_gpu=B ms=2095
09-24 14:22:13.042 19462 19475 I hfmodels-greedy: ROW id=c4e9bd46 kind=control letter='C' text='C' probe_cpu=C probe_gpu=C ms=2087
09-24 14:22:15.142 19462 19475 I hfmodels-greedy: ROW id=b863998d kind=mismatch letter='A' text='A' probe_cpu=C probe_gpu=A ms=2097
09-24 14:22:17.252 19462 19475 I hfmodels-greedy: ROW id=37cebc37 kind=control letter='B' text='B' probe_cpu=B probe_gpu=B ms=2107
09-24 14:22:19.357 19462 19475 I hfmodels-greedy: ROW id=64d63f86 kind=control letter='A' text='A' probe_cpu=A probe_gpu=A ms=2102
09-24 14:22:21.466 19462 19475 I hfmodels-greedy: ROW id=6d64a845 kind=control letter='A' text='A' probe_cpu=A probe_gpu=A ms=2106
09-24 14:22:23.572 19462 19475 I hfmodels-greedy: ROW id=27081932 kind=control letter='B' text='B' probe_cpu=B probe_gpu=B ms=2103
09-24 14:22:25.679 19462 19475 I hfmodels-greedy: ROW id=5a37d1df kind=control letter='B' text='B' probe_cpu=B probe_gpu=B ms=2104
09-24 14:22:27.797 19462 19475 I hfmodels-greedy: ROW id=acacd8b4 kind=control letter='B' text='B' probe_cpu=B probe_gpu=B ms=2114
09-24 14:22:29.910 19462 19475 I hfmodels-greedy: ROW id=4089c199 kind=control letter='C' text='C' probe_cpu=C probe_gpu=C ms=2110
09-24 14:22:32.017 19462 19475 I hfmodels-greedy: ROW id=02f2b95a kind=control letter='A' text='A' probe_cpu=A probe_gpu=A ms=2104
09-24 14:22:34.124 19462 19475 I hfmodels-greedy: ROW id=ebea4681 kind=control letter='B' text='B' probe_cpu=B probe_gpu=B ms=2104
09-24 14:22:36.245 19462 19475 I hfmodels-greedy: ROW id=b8c5b9b2 kind=control letter='B' text='B' probe_cpu=B probe_gpu=B ms=2118
09-24 14:22:38.353 19462 19475 I hfmodels-greedy: ROW id=7ed75d85 kind=control letter='A' text='A' probe_cpu=A probe_gpu=A ms=2105
09-24 14:22:38.630 19462 19475 I hfmodels-greedy: RESULT step=greedy ok=true backend=cpu runtime=litertlm-android:0.17.1 model=MiniCPM5-2B_int8.litertlm rows=144 letter_found=144 same_as_cpu_probe=136 same_as_gpu_probe=126 failures=0 out=/data/user/0/io.github.johnrocky.hfmodels.litertlm.test/files/greedy/MiniCPM5-2B_int8-cpu.jsonl
# rows pulled: 144
