# decode-vs-scoring probe  date=2026-09-24T03:17:27Z serial=RFGL80R6A6H device=SM-S942Q build=BP4A.251205.006.S942QOPS1AZF2 android=16
# git=5632404 backend=gpu model=qwen3_0_6b_mixed_int4.litertlm fixture=authored144_qwen3_0_6b_oracle.json jni=jniLibs_fix(#3562 applied) sampler=topK1 ids=all thermal=Thermal Status: 2 battery_temp_x10C= temperature: 412
# instrument rc=0 end=2026-09-24T03:18:59Z thermal_end=Thermal Status: 2
09-24 12:17:29.190 25674 25686 I hfmodels-scoring: device=SM-S942Q build=BP4A.251205.006.S942QOPS1AZF2 android=16 backend=gpu model=/data/local/tmp/hfmodels/qwen3_0_6b_mixed_int4.litertlm fixture=authored144_qwen3_0_6b_oracle.json ids=0 rows=144
09-24 12:17:34.336 25674 25686 I hfmodels-scoring: ROW id=a3f18f3a decode='A' decode_letter=0 score_letter=0 p=0.750,0.088,0.162 decode_ms=670 score_ms=235
09-24 12:17:34.770 25674 25686 I hfmodels-scoring: ROW id=f40beba9 decode='A' decode_letter=0 score_letter=0 p=0.709,0.050,0.241 decode_ms=204 score_ms=229
09-24 12:17:35.218 25674 25686 I hfmodels-scoring: ROW id=0b43ea8e decode='B' decode_letter=1 score_letter=1 p=0.000,0.998,0.002 decode_ms=201 score_ms=245
09-24 12:17:35.665 25674 25686 I hfmodels-scoring: ROW id=942ec65d decode='B' decode_letter=1 score_letter=1 p=0.002,0.981,0.016 decode_ms=208 score_ms=238
09-24 12:17:36.093 25674 25686 I hfmodels-scoring: ROW id=e0c140e9 decode='A' decode_letter=0 score_letter=0 p=0.977,0.022,0.001 decode_ms=194 score_ms=232
09-24 12:17:36.516 25674 25686 I hfmodels-scoring: ROW id=8e8c3804 decode='B' decode_letter=1 score_letter=1 p=0.005,0.846,0.149 decode_ms=194 score_ms=227
09-24 12:17:36.925 25674 25686 I hfmodels-scoring: ROW id=56c419b1 decode='C' decode_letter=2 score_letter=2 p=0.024,0.192,0.784 decode_ms=193 score_ms=215
09-24 12:17:37.344 25674 25686 I hfmodels-scoring: ROW id=75b47058 decode='A' decode_letter=0 score_letter=0 p=0.495,0.200,0.305 decode_ms=194 score_ms=224
09-24 12:17:37.775 25674 25686 I hfmodels-scoring: ROW id=834f3b3e decode='A' decode_letter=0 score_letter=0 p=0.591,0.015,0.394 decode_ms=197 score_ms=234
09-24 12:17:38.224 25674 25686 I hfmodels-scoring: ROW id=76c7a79b decode='A' decode_letter=0 score_letter=0 p=0.832,0.004,0.164 decode_ms=202 score_ms=246
09-24 12:17:38.669 25674 25686 I hfmodels-scoring: ROW id=36c71bb6 decode='A' decode_letter=0 score_letter=0 p=0.991,0.001,0.008 decode_ms=208 score_ms=236
09-24 12:17:39.105 25674 25686 I hfmodels-scoring: ROW id=eac5121a decode='C' decode_letter=2 score_letter=2 p=0.236,0.025,0.739 decode_ms=204 score_ms=231
09-24 12:17:39.549 25674 25686 I hfmodels-scoring: ROW id=44574c44 decode='C' decode_letter=2 score_letter=2 p=0.002,0.036,0.962 decode_ms=205 score_ms=238
09-24 12:17:40.001 25674 25686 I hfmodels-scoring: ROW id=2608370d decode='A' decode_letter=0 score_letter=0 p=0.807,0.067,0.126 decode_ms=206 score_ms=244
09-24 12:17:40.448 25674 25686 I hfmodels-scoring: ROW id=ec94ef90 decode='A' decode_letter=0 score_letter=0 p=0.845,0.022,0.134 decode_ms=207 score_ms=239
09-24 12:17:40.896 25674 25686 I hfmodels-scoring: ROW id=03d919fd decode='B' decode_letter=1 score_letter=1 p=0.013,0.961,0.027 decode_ms=204 score_ms=244
09-24 12:17:41.343 25674 25686 I hfmodels-scoring: ROW id=86a15618 decode='C' decode_letter=2 score_letter=2 p=0.007,0.014,0.979 decode_ms=203 score_ms=243
09-24 12:17:41.790 25674 25686 I hfmodels-scoring: ROW id=3dd9c3ac decode='B' decode_letter=1 score_letter=1 p=0.001,0.989,0.009 decode_ms=202 score_ms=243
09-24 12:17:42.240 25674 25686 I hfmodels-scoring: ROW id=36273dd4 decode='B' decode_letter=1 score_letter=1 p=0.000,0.999,0.001 decode_ms=213 score_ms=235
09-24 12:17:42.679 25674 25686 I hfmodels-scoring: ROW id=07ee70cf decode='B' decode_letter=1 score_letter=1 p=0.387,0.406,0.207 decode_ms=201 score_ms=237
09-24 12:17:43.128 25674 25686 I hfmodels-scoring: ROW id=51ceab3c decode='B' decode_letter=1 score_letter=1 p=0.072,0.868,0.059 decode_ms=208 score_ms=240
09-24 12:17:43.569 25674 25686 I hfmodels-scoring: ROW id=b8091be9 decode='B' decode_letter=1 score_letter=1 p=0.011,0.919,0.070 decode_ms=209 score_ms=231
09-24 12:17:44.018 25674 25686 I hfmodels-scoring: ROW id=c89b86e3 decode='B' decode_letter=1 score_letter=1 p=0.081,0.621,0.298 decode_ms=203 score_ms=244
09-24 12:17:44.462 25674 25686 I hfmodels-scoring: ROW id=3b0958ca decode='B' decode_letter=1 score_letter=1 p=0.007,0.956,0.037 decode_ms=207 score_ms=236
09-24 12:17:44.913 25674 25686 I hfmodels-scoring: ROW id=f2b4ec49 decode='C' decode_letter=2 score_letter=2 p=0.006,0.091,0.903 decode_ms=206 score_ms=245
09-24 12:17:45.358 25674 25686 I hfmodels-scoring: ROW id=61ac20b0 decode='B' decode_letter=1 score_letter=1 p=0.002,0.997,0.000 decode_ms=207 score_ms=237
09-24 12:17:45.808 25674 25686 I hfmodels-scoring: ROW id=4b3d794c decode='C' decode_letter=2 score_letter=2 p=0.004,0.280,0.716 decode_ms=201 score_ms=248
09-24 12:17:46.309 25674 25686 I hfmodels-scoring: ROW id=b7c4e62d decode='B' decode_letter=1 score_letter=1 p=0.008,0.728,0.264 decode_ms=229 score_ms=270
09-24 12:17:46.808 25674 25686 I hfmodels-scoring: ROW id=9473603b decode='B' decode_letter=1 score_letter=1 p=0.238,0.757,0.005 decode_ms=233 score_ms=264
09-24 12:17:47.306 25674 25686 I hfmodels-scoring: ROW id=d41072dc decode='C' decode_letter=2 score_letter=2 p=0.207,0.036,0.757 decode_ms=232 score_ms=265
09-24 12:17:47.803 25674 25686 I hfmodels-scoring: ROW id=33d6e5da decode='C' decode_letter=2 score_letter=2 p=0.061,0.247,0.693 decode_ms=232 score_ms=264
09-24 12:17:48.310 25674 25686 I hfmodels-scoring: ROW id=823bf736 decode='C' decode_letter=2 score_letter=2 p=0.114,0.238,0.648 decode_ms=233 score_ms=272
09-24 12:17:48.816 25674 25686 I hfmodels-scoring: ROW id=8a4c3de2 decode='B' decode_letter=1 score_letter=1 p=0.239,0.760,0.001 decode_ms=232 score_ms=273
09-24 12:17:49.321 25674 25686 I hfmodels-scoring: ROW id=ea7ec66a decode='A' decode_letter=0 score_letter=0 p=0.956,0.043,0.000 decode_ms=233 score_ms=270
09-24 12:17:49.827 25674 25686 I hfmodels-scoring: ROW id=25172cd6 decode='C' decode_letter=2 score_letter=2 p=0.005,0.127,0.868 decode_ms=232 score_ms=273
09-24 12:17:50.328 25674 25686 I hfmodels-scoring: ROW id=fb73a85d decode='B' decode_letter=1 score_letter=1 p=0.053,0.777,0.171 decode_ms=228 score_ms=271
09-24 12:17:50.816 25674 25686 I hfmodels-scoring: ROW id=a02fd582 decode='C' decode_letter=2 score_letter=2 p=0.010,0.006,0.984 decode_ms=227 score_ms=260
09-24 12:17:51.326 25674 25686 I hfmodels-scoring: ROW id=19f37d5a decode='C' decode_letter=2 score_letter=2 p=0.003,0.003,0.993 decode_ms=232 score_ms=277
09-24 12:17:51.839 25674 25686 I hfmodels-scoring: ROW id=fda0ca94 decode='B' decode_letter=1 score_letter=1 p=0.001,0.992,0.008 decode_ms=232 score_ms=279
09-24 12:17:52.348 25674 25686 I hfmodels-scoring: ROW id=d0e36c4c decode='B' decode_letter=1 score_letter=1 p=0.035,0.893,0.072 decode_ms=230 score_ms=278
09-24 12:17:52.853 25674 25686 I hfmodels-scoring: ROW id=a0a39ace decode='A' decode_letter=0 score_letter=0 p=0.807,0.126,0.067 decode_ms=230 score_ms=273
09-24 12:17:53.355 25674 25686 I hfmodels-scoring: ROW id=eeae2838 decode='B' decode_letter=1 score_letter=1 p=0.032,0.846,0.122 decode_ms=230 score_ms=271
09-24 12:17:53.862 25674 25686 I hfmodels-scoring: ROW id=00bb4cc0 decode='C' decode_letter=2 score_letter=2 p=0.001,0.001,0.999 decode_ms=232 score_ms=273
09-24 12:17:54.406 25674 25686 I hfmodels-scoring: ROW id=1a81ead6 decode='A' decode_letter=0 score_letter=0 p=0.989,0.003,0.008 decode_ms=248 score_ms=294
09-24 12:17:54.966 25674 25686 I hfmodels-scoring: ROW id=4444dad2 decode='C' decode_letter=2 score_letter=2 p=0.109,0.370,0.521 decode_ms=249 score_ms=309
09-24 12:17:55.510 25674 25686 I hfmodels-scoring: ROW id=3226202b decode='C' decode_letter=2 score_letter=2 p=0.018,0.360,0.622 decode_ms=248 score_ms=294
09-24 12:17:56.060 25674 25686 I hfmodels-scoring: ROW id=3f783eec decode='A' decode_letter=0 score_letter=0 p=0.673,0.009,0.318 decode_ms=249 score_ms=301
09-24 12:17:56.618 25674 25686 I hfmodels-scoring: ROW id=ffee8614 decode='C' decode_letter=2 score_letter=2 p=0.043,0.116,0.842 decode_ms=250 score_ms=306
09-24 12:17:57.174 25674 25686 I hfmodels-scoring: ROW id=8c992e17 decode='B' decode_letter=1 score_letter=1 p=0.001,0.997,0.002 decode_ms=251 score_ms=303
09-24 12:17:57.709 25674 25686 I hfmodels-scoring: ROW id=695dd611 decode='B' decode_letter=1 score_letter=1 p=0.000,0.997,0.003 decode_ms=253 score_ms=281
09-24 12:17:58.271 25674 25686 I hfmodels-scoring: ROW id=e6155431 decode='C' decode_letter=2 score_letter=2 p=0.016,0.002,0.982 decode_ms=245 score_ms=315
09-24 12:17:58.833 25674 25686 I hfmodels-scoring: ROW id=b49ecda7 decode='B' decode_letter=1 score_letter=1 p=0.001,0.865,0.135 decode_ms=268 score_ms=293
09-24 12:17:59.402 25674 25686 I hfmodels-scoring: ROW id=587ced26 decode='B' decode_letter=1 score_letter=1 p=0.000,0.676,0.324 decode_ms=260 score_ms=306
09-24 12:17:59.971 25674 25686 I hfmodels-scoring: ROW id=533d4423 decode='B' decode_letter=1 score_letter=1 p=0.100,0.574,0.327 decode_ms=260 score_ms=308
09-24 12:18:00.516 25674 25686 I hfmodels-scoring: ROW id=2bf540d5 decode='C' decode_letter=2 score_letter=2 p=0.002,0.009,0.989 decode_ms=251 score_ms=293
09-24 12:18:01.057 25674 25686 I hfmodels-scoring: ROW id=fdb9fc21 decode='B' decode_letter=1 score_letter=1 p=0.000,0.887,0.113 decode_ms=248 score_ms=291
09-24 12:18:01.622 25674 25686 I hfmodels-scoring: ROW id=f6d68126 decode='B' decode_letter=1 score_letter=1 p=0.001,0.558,0.441 decode_ms=263 score_ms=300
09-24 12:18:02.176 25674 25686 I hfmodels-scoring: ROW id=44bae0c8 decode='B' decode_letter=1 score_letter=1 p=0.001,0.999,0.001 decode_ms=249 score_ms=304
09-24 12:18:02.723 25674 25686 I hfmodels-scoring: ROW id=2175379f decode='B' decode_letter=1 score_letter=1 p=0.001,0.872,0.128 decode_ms=254 score_ms=291
09-24 12:18:03.266 25674 25686 I hfmodels-scoring: ROW id=def9fe59 decode='C' decode_letter=2 score_letter=2 p=0.001,0.146,0.853 decode_ms=250 score_ms=292
09-24 12:18:03.826 25674 25686 I hfmodels-scoring: ROW id=712f6ffb decode='B' decode_letter=1 score_letter=1 p=0.000,0.973,0.026 decode_ms=248 score_ms=310
09-24 12:18:04.414 25674 25686 I hfmodels-scoring: ROW id=e1d610bd decode='B' decode_letter=1 score_letter=1 p=0.000,0.662,0.338 decode_ms=271 score_ms=316
09-24 12:18:05.009 25674 25686 I hfmodels-scoring: ROW id=22ec5782 decode='B' decode_letter=1 score_letter=1 p=0.002,0.902,0.095 decode_ms=275 score_ms=318
09-24 12:18:05.601 25674 25686 I hfmodels-scoring: ROW id=3e75f2b8 decode='B' decode_letter=1 score_letter=1 p=0.000,0.982,0.018 decode_ms=277 score_ms=313
09-24 12:18:06.199 25674 25686 I hfmodels-scoring: ROW id=ebd74aa0 decode='C' decode_letter=2 score_letter=2 p=0.001,0.321,0.679 decode_ms=270 score_ms=326
09-24 12:18:06.794 25674 25686 I hfmodels-scoring: ROW id=d7e84e42 decode='B' decode_letter=1 score_letter=1 p=0.000,0.676,0.324 decode_ms=278 score_ms=315
09-24 12:18:07.375 25674 25686 I hfmodels-scoring: ROW id=f41ae66b decode='B' decode_letter=1 score_letter=1 p=0.000,0.686,0.314 decode_ms=273 score_ms=307
09-24 12:18:07.968 25674 25686 I hfmodels-scoring: ROW id=82c2cd97 decode='C' decode_letter=2 score_letter=2 p=0.011,0.000,0.989 decode_ms=277 score_ms=314
09-24 12:18:08.562 25674 25686 I hfmodels-scoring: ROW id=7ada97b6 decode='B' decode_letter=1 score_letter=1 p=0.000,0.993,0.007 decode_ms=274 score_ms=318
09-24 12:18:09.159 25674 25686 I hfmodels-scoring: ROW id=4d7a0033 decode='C' decode_letter=2 score_letter=2 p=0.001,0.192,0.807 decode_ms=279 score_ms=317
09-24 12:18:09.762 25674 25686 I hfmodels-scoring: ROW id=19d3d8d0 decode='C' decode_letter=2 score_letter=2 p=0.182,0.194,0.625 decode_ms=272 score_ms=330
09-24 12:18:10.372 25674 25686 I hfmodels-scoring: ROW id=d6de731c decode='C' decode_letter=2 score_letter=2 p=0.004,0.085,0.912 decode_ms=275 score_ms=333
09-24 12:18:10.966 25674 25686 I hfmodels-scoring: ROW id=b45c63fb decode='B' decode_letter=1 score_letter=1 p=0.003,0.994,0.004 decode_ms=279 score_ms=314
09-24 12:18:11.556 25674 25686 I hfmodels-scoring: ROW id=46b7029b decode='C' decode_letter=2 score_letter=2 p=0.000,0.001,0.999 decode_ms=269 score_ms=319
09-24 12:18:12.146 25674 25686 I hfmodels-scoring: ROW id=caf773b2 decode='A' decode_letter=0 score_letter=0 p=0.991,0.007,0.002 decode_ms=272 score_ms=317
09-24 12:18:12.734 25674 25686 I hfmodels-scoring: ROW id=f46f392e decode='B' decode_letter=1 score_letter=1 p=0.152,0.771,0.078 decode_ms=275 score_ms=311
09-24 12:18:13.331 25674 25686 I hfmodels-scoring: ROW id=005dcf6d decode='B' decode_letter=1 score_letter=1 p=0.007,0.889,0.104 decode_ms=279 score_ms=317
09-24 12:18:13.922 25674 25686 I hfmodels-scoring: ROW id=edb708bd decode='A' decode_letter=0 score_letter=0 p=0.512,0.231,0.257 decode_ms=278 score_ms=311
09-24 12:18:14.514 25674 25686 I hfmodels-scoring: ROW id=97a35499 decode='B' decode_letter=1 score_letter=1 p=0.051,0.688,0.261 decode_ms=273 score_ms=319
09-24 12:18:15.104 25674 25686 I hfmodels-scoring: ROW id=31eb4533 decode='C' decode_letter=2 score_letter=2 p=0.002,0.003,0.994 decode_ms=273 score_ms=315
09-24 12:18:15.698 25674 25686 I hfmodels-scoring: ROW id=0aa24a67 decode='C' decode_letter=2 score_letter=2 p=0.003,0.316,0.680 decode_ms=277 score_ms=315
09-24 12:18:16.288 25674 25686 I hfmodels-scoring: ROW id=796d5c0d decode='B' decode_letter=1 score_letter=1 p=0.000,0.998,0.002 decode_ms=279 score_ms=309
09-24 12:18:16.861 25674 25686 I hfmodels-scoring: ROW id=599b3092 decode='B' decode_letter=1 score_letter=1 p=0.000,0.994,0.006 decode_ms=271 score_ms=301
09-24 12:18:17.444 25674 25686 I hfmodels-scoring: ROW id=960a4bcd decode='B' decode_letter=1 score_letter=1 p=0.000,0.998,0.002 decode_ms=271 score_ms=310
09-24 12:18:18.036 25674 25686 I hfmodels-scoring: ROW id=c6a411e7 decode='C' decode_letter=2 score_letter=2 p=0.015,0.191,0.793 decode_ms=269 score_ms=322
09-24 12:18:18.620 25674 25686 I hfmodels-scoring: ROW id=e332aa92 decode='C' decode_letter=2 score_letter=2 p=0.008,0.012,0.980 decode_ms=273 score_ms=309
09-24 12:18:19.206 25674 25686 I hfmodels-scoring: ROW id=a0128e55 decode='A' decode_letter=0 score_letter=0 p=0.977,0.010,0.012 decode_ms=269 score_ms=315
09-24 12:18:19.791 25674 25686 I hfmodels-scoring: ROW id=46d6a073 decode='B' decode_letter=1 score_letter=1 p=0.003,0.735,0.262 decode_ms=277 score_ms=307
09-24 12:18:20.445 25674 25686 I hfmodels-scoring: ROW id=21ca7a8b decode='C' decode_letter=2 score_letter=2 p=0.049,0.335,0.616 decode_ms=274 score_ms=378
09-24 12:18:21.152 25674 25686 I hfmodels-scoring: ROW id=4aa83af9 decode='A' decode_letter=0 score_letter=0 p=0.884,0.038,0.077 decode_ms=319 score_ms=386
09-24 12:18:21.855 25674 25686 I hfmodels-scoring: ROW id=cdfa9eed decode='C' decode_letter=2 score_letter=2 p=0.032,0.014,0.954 decode_ms=321 score_ms=381
09-24 12:18:22.563 25674 25686 I hfmodels-scoring: ROW id=d51b05bf decode='C' decode_letter=2 score_letter=2 p=0.428,0.123,0.449 decode_ms=318 score_ms=388
09-24 12:18:23.278 25674 25686 I hfmodels-scoring: ROW id=fdd902cc decode='B' decode_letter=1 score_letter=1 p=0.000,1.000,0.000 decode_ms=328 score_ms=384
09-24 12:18:23.987 25674 25686 I hfmodels-scoring: ROW id=42384af9 decode='B' decode_letter=1 score_letter=1 p=0.000,0.577,0.422 decode_ms=322 score_ms=386
09-24 12:18:24.689 25674 25686 I hfmodels-scoring: ROW id=cdf7f428 decode='C' decode_letter=2 score_letter=2 p=0.002,0.452,0.546 decode_ms=320 score_ms=381
09-24 12:18:25.391 25674 25686 I hfmodels-scoring: ROW id=774f7f92 decode='C' decode_letter=2 score_letter=2 p=0.001,0.000,0.999 decode_ms=320 score_ms=380
09-24 12:18:26.091 25674 25686 I hfmodels-scoring: ROW id=92ec2ffa decode='C' decode_letter=2 score_letter=2 p=0.054,0.229,0.717 decode_ms=317 score_ms=381
09-24 12:18:26.792 25674 25686 I hfmodels-scoring: ROW id=6149a17b decode='B' decode_letter=1 score_letter=1 p=0.018,0.808,0.175 decode_ms=323 score_ms=376
09-24 12:18:27.503 25674 25686 I hfmodels-scoring: ROW id=be866e1d decode='C' decode_letter=2 score_letter=2 p=0.005,0.398,0.597 decode_ms=324 score_ms=385
09-24 12:18:28.197 25674 25686 I hfmodels-scoring: ROW id=97d2ed25 decode='B' decode_letter=1 score_letter=1 p=0.025,0.939,0.036 decode_ms=319 score_ms=374
09-24 12:18:28.904 25674 25686 I hfmodels-scoring: ROW id=4533dd91 decode='A' decode_letter=0 score_letter=0 p=0.739,0.244,0.017 decode_ms=323 score_ms=382
09-24 12:18:29.608 25674 25686 I hfmodels-scoring: ROW id=d880e65f decode='A' decode_letter=0 score_letter=0 p=0.686,0.309,0.005 decode_ms=321 score_ms=381
09-24 12:18:30.315 25674 25686 I hfmodels-scoring: ROW id=90494c76 decode='A' decode_letter=0 score_letter=0 p=0.977,0.019,0.003 decode_ms=329 score_ms=376
09-24 12:18:31.021 25674 25686 I hfmodels-scoring: ROW id=9ac5cc82 decode='A' decode_letter=0 score_letter=0 p=0.709,0.273,0.017 decode_ms=323 score_ms=381
09-24 12:18:31.729 25674 25686 I hfmodels-scoring: ROW id=386e10b1 decode='B' decode_letter=1 score_letter=1 p=0.000,0.996,0.004 decode_ms=324 score_ms=383
09-24 12:18:32.434 25674 25686 I hfmodels-scoring: ROW id=4da6aedc decode='C' decode_letter=2 score_letter=2 p=0.003,0.005,0.991 decode_ms=324 score_ms=379
09-24 12:18:33.137 25674 25686 I hfmodels-scoring: ROW id=a22dab8b decode='C' decode_letter=2 score_letter=2 p=0.016,0.075,0.909 decode_ms=324 score_ms=378
09-24 12:18:33.831 25674 25686 I hfmodels-scoring: ROW id=42c54fa2 decode='B' decode_letter=1 score_letter=1 p=0.000,0.998,0.002 decode_ms=317 score_ms=376
09-24 12:18:34.542 25674 25686 I hfmodels-scoring: ROW id=f3d13cf1 decode='C' decode_letter=2 score_letter=2 p=0.002,0.008,0.990 decode_ms=322 score_ms=387
09-24 12:18:35.219 25674 25686 I hfmodels-scoring: ROW id=1105577d decode='C' decode_letter=2 score_letter=2 p=0.001,0.004,0.995 decode_ms=317 score_ms=358
09-24 12:18:35.910 25674 25686 I hfmodels-scoring: ROW id=0ebd2997 decode='C' decode_letter=2 score_letter=2 p=0.000,0.005,0.995 decode_ms=317 score_ms=371
09-24 12:18:36.604 25674 25686 I hfmodels-scoring: ROW id=eafc22c8 decode='C' decode_letter=2 score_letter=2 p=0.200,0.122,0.678 decode_ms=318 score_ms=374
09-24 12:18:37.312 25674 25686 I hfmodels-scoring: ROW id=0aa14476 decode='C' decode_letter=2 score_letter=2 p=0.027,0.065,0.909 decode_ms=325 score_ms=381
09-24 12:18:38.021 25674 25686 I hfmodels-scoring: ROW id=980e7614 decode='C' decode_letter=2 score_letter=2 p=0.020,0.030,0.950 decode_ms=323 score_ms=385
09-24 12:18:38.737 25674 25686 I hfmodels-scoring: ROW id=4aee37a6 decode='A' decode_letter=0 score_letter=0 p=0.964,0.005,0.032 decode_ms=323 score_ms=392
09-24 12:18:39.443 25674 25686 I hfmodels-scoring: ROW id=6db17cc2 decode='C' decode_letter=2 score_letter=2 p=0.247,0.014,0.738 decode_ms=323 score_ms=381
09-24 12:18:40.150 25674 25686 I hfmodels-scoring: ROW id=ef3e0f8e decode='B' decode_letter=1 score_letter=1 p=0.002,0.580,0.418 decode_ms=323 score_ms=382
09-24 12:18:40.843 25674 25686 I hfmodels-scoring: ROW id=f756e1cb decode='C' decode_letter=2 score_letter=2 p=0.002,0.036,0.962 decode_ms=323 score_ms=368
09-24 12:18:41.539 25674 25686 I hfmodels-scoring: ROW id=d167e51b decode='C' decode_letter=2 score_letter=2 p=0.003,0.002,0.995 decode_ms=318 score_ms=376
09-24 12:18:42.245 25674 25686 I hfmodels-scoring: ROW id=674ca4e9 decode='C' decode_letter=2 score_letter=2 p=0.074,0.002,0.925 decode_ms=322 score_ms=382
09-24 12:18:42.959 25674 25686 I hfmodels-scoring: ROW id=1df851a2 decode='C' decode_letter=2 score_letter=2 p=0.010,0.167,0.823 decode_ms=327 score_ms=386
09-24 12:18:43.643 25674 25686 I hfmodels-scoring: ROW id=b5e6788d decode='B' decode_letter=1 score_letter=1 p=0.005,0.536,0.459 decode_ms=320 score_ms=362
09-24 12:18:44.358 25674 25686 I hfmodels-scoring: ROW id=32f36cd0 decode='A' decode_letter=0 score_letter=0 p=0.651,0.094,0.255 decode_ms=321 score_ms=393
09-24 12:18:45.061 25674 25686 I hfmodels-scoring: ROW id=84318570 decode='B' decode_letter=1 score_letter=1 p=0.035,0.755,0.210 decode_ms=327 score_ms=374
09-24 12:18:45.757 25674 25686 I hfmodels-scoring: ROW id=b531dd60 decode='C' decode_letter=2 score_letter=2 p=0.298,0.294,0.408 decode_ms=325 score_ms=369
09-24 12:18:46.471 25674 25686 I hfmodels-scoring: ROW id=be2dd67b decode='C' decode_letter=2 score_letter=2 p=0.189,0.327,0.484 decode_ms=329 score_ms=383
09-24 12:18:47.170 25674 25686 I hfmodels-scoring: ROW id=b8e27503 decode='A' decode_letter=0 score_letter=0 p=0.899,0.004,0.098 decode_ms=322 score_ms=375
09-24 12:18:47.877 25674 25686 I hfmodels-scoring: ROW id=5d31b4bf decode='B' decode_letter=1 score_letter=1 p=0.486,0.509,0.006 decode_ms=321 score_ms=384
09-24 12:18:48.583 25674 25686 I hfmodels-scoring: ROW id=a9230edf decode='B' decode_letter=1 score_letter=1 p=0.001,0.785,0.215 decode_ms=323 score_ms=381
09-24 12:18:49.286 25674 25686 I hfmodels-scoring: ROW id=c100e845 decode='B' decode_letter=1 score_letter=1 p=0.000,0.999,0.001 decode_ms=323 score_ms=379
09-24 12:18:49.989 25674 25686 I hfmodels-scoring: ROW id=579beed1 decode='B' decode_letter=1 score_letter=1 p=0.000,0.990,0.009 decode_ms=322 score_ms=380
09-24 12:18:50.693 25674 25686 I hfmodels-scoring: ROW id=c4e9bd46 decode='C' decode_letter=2 score_letter=2 p=0.001,0.001,0.998 decode_ms=320 score_ms=381
09-24 12:18:51.394 25674 25686 I hfmodels-scoring: ROW id=b863998d decode='A' decode_letter=0 score_letter=0 p=0.880,0.114,0.006 decode_ms=321 score_ms=378
09-24 12:18:52.095 25674 25686 I hfmodels-scoring: ROW id=37cebc37 decode='B' decode_letter=1 score_letter=1 p=0.000,0.998,0.002 decode_ms=319 score_ms=381
09-24 12:18:52.789 25674 25686 I hfmodels-scoring: ROW id=64d63f86 decode='C' decode_letter=2 score_letter=2 p=0.000,0.004,0.996 decode_ms=320 score_ms=371
09-24 12:18:53.501 25674 25686 I hfmodels-scoring: ROW id=6d64a845 decode='C' decode_letter=2 score_letter=2 p=0.001,0.053,0.946 decode_ms=323 score_ms=386
09-24 12:18:54.205 25674 25686 I hfmodels-scoring: ROW id=27081932 decode='B' decode_letter=1 score_letter=1 p=0.068,0.639,0.293 decode_ms=324 score_ms=378
09-24 12:18:54.910 25674 25686 I hfmodels-scoring: ROW id=5a37d1df decode='B' decode_letter=1 score_letter=1 p=0.094,0.686,0.219 decode_ms=324 score_ms=380
09-24 12:18:55.597 25674 25686 I hfmodels-scoring: ROW id=acacd8b4 decode='B' decode_letter=1 score_letter=1 p=0.033,0.954,0.013 decode_ms=319 score_ms=366
09-24 12:18:56.310 25674 25686 I hfmodels-scoring: ROW id=4089c199 decode='C' decode_letter=2 score_letter=2 p=0.118,0.038,0.844 decode_ms=325 score_ms=387
09-24 12:18:57.014 25674 25686 I hfmodels-scoring: ROW id=02f2b95a decode='B' decode_letter=1 score_letter=1 p=0.000,0.999,0.000 decode_ms=327 score_ms=375
09-24 12:18:57.718 25674 25686 I hfmodels-scoring: ROW id=ebea4681 decode='B' decode_letter=1 score_letter=1 p=0.000,0.998,0.002 decode_ms=323 score_ms=380
09-24 12:18:58.414 25674 25686 I hfmodels-scoring: ROW id=b8c5b9b2 decode='B' decode_letter=1 score_letter=1 p=0.000,0.867,0.133 decode_ms=320 score_ms=375
09-24 12:18:59.155 25674 25686 I hfmodels-scoring: ROW id=7ed75d85 decode='C' decode_letter=2 score_letter=2 p=0.151,0.068,0.780 decode_ms=337 score_ms=402
09-24 12:18:59.155 25674 25686 I hfmodels-scoring: RESULT step=decode_vs_scoring ok=true backend=gpu model=qwen3_0_6b_mixed_int4.litertlm fixture=authored144_qwen3_0_6b_oracle.json rows=144 decode_letter_found=144 agree=144 disagree=0 out=/data/user/0/io.github.johnrocky.hfmodels.probe.scoring/files/scoring/authored144_qwen3_0_6b_oracle-gpu.decode.jsonl
# rows pulled: 144
