# hfmodels typed-decisions device gate  date=2026-10-04T07:10:59Z serial=RFGL80R6A6H device=SM-S942Q build=BP4A.251205.006.S942QOPS1AZH9 android=16
# git=402a874 test=DebertaDecisionDeviceTest variant=s256_wfp16 backend=gpu thermal=Thermal Status: 0 battery_level= level: 79 battery_temp_x10C= temperature: 363 screen= mWakefulness=Dozing
# gradle rc=0 end=2026-10-04T07:12:16Z thermal_end=Thermal Status: 2 battery_temp_end_x10C= temperature: 410
--------- beginning of main
10-04 16:11:00.683 17138 17179 I hfmodels-decide: device=SM-S942Q soc=QTI/SM8850 build=BP4A.251205.006.S942QOPS1AZH9 android=16 litert=2.2.0 model=litert-community/Open-Decision-DeBERTa-v3-Large-LiteRT@7a276235 variant=s256_wfp16 backend=gpu
10-04 16:11:00.686 17138 17183 I hfmodels: resolve litert-community/Open-Decision-DeBERTa-v3-Large-LiteRT: commit=7a276235 via EXPLICIT_REVISION, descriptor=caller@explicit/hfmodels.json sha=a092c779
10-04 16:11:01.548 17138 17183 I hfmodels: imported deberta_v3_large_decision_s256_wfp16.tflite: 712780432 bytes, sha256 ok, from /data/local/tmp/hfmodels/open-decision/deberta_v3_large_decision_s256_wfp16.tflite
10-04 16:11:01.790 17138 17183 I hfmodels: imported word_embeddings_fp16.bin: 262348800 bytes, sha256 ok, from /data/local/tmp/hfmodels/open-decision/word_embeddings_fp16.bin
10-04 16:11:01.803 17138 17183 I hfmodels: imported tokenizer.json: 8657170 bytes, sha256 ok, from /data/local/tmp/hfmodels/open-decision/tokenizer.json
10-04 16:11:01.804 17138 17183 I hfmodels: resolve litert-community/Open-Decision-DeBERTa-v3-Large-LiteRT: commit=7a276235 via EXPLICIT_REVISION, descriptor=caller@explicit/hfmodels.json sha=a092c779
10-04 16:11:02.362 17138 17183 I hfmodels: tokenizer tokenizer.json: 128004 tokens (Unigram), load_ms=549
10-04 16:11:05.860 17138 17179 I hfmodels: ready litert-community/Open-Decision-DeBERTa-v3-Large-LiteRT@7a276235 variant=s256_wfp16 profile=gpu inference=GPU prepare_ms=4048
10-04 16:11:05.861 17138 17179 I hfmodels-decide: RESULT step=load ok=true variant=s256_wfp16 backend=gpu import_ms=1116 load_ms=4058 compile_ms=3497 profile=gpu window=256 head=256 max_options=128 notes=family=deberta_decision compile_ms=3497 on gpu (precision fp32) | observed backend is UNKNOWN: litert 2.2.0 reports no per-op execution target; 'initialized' is the accelerator the CompiledModel was created with | host token lookup: word_embeddings_fp16.bin (float16, 128100 rows x 1024) feeds inputs_embeds | the questions of one decide() in one forward as the author's decide() does, split in question order when they do not fit the window or the option slots: options = a choice's descriptions (the key when there is none), a score's levels, a noul's no / yes; the state is cut to its first 256 tokens; a request longer than the 256-token window or with more than 128 options is refused; probabilities are the softmax of the logits / 1.05 (the author's calibration), extras.max_probability is the author's confidence
10-04 16:11:06.262 17138 17179 I hfmodels-decide: RESULT step=sequence ok=true variant=s256_wfp16 backend=gpu rows=143 of 160 mismatches=0 window=256
10-04 16:11:37.388 17138 17179 I hfmodels-decide: RESULT step=parity ok=true variant=s256_wfp16 backend=gpu rows=143 questions=371 argmax_match=371/371 answers_equal_author=371/371 max_prob_abs_err=6.861624558591184E-4 (worst fam-ood-47 q0) max_logit_abs_err_vs_author=0.00216519832611084 dp_tol=0.01 forward_ms_median=185.282708 p90=194.393646 min=177.676823 max=429.846667
10-04 16:11:49.564 17138 17179 I hfmodels-decide: RESULT step=demo ok=true variant=s256_wfp16 backend=gpu form=policy rows=30 same_answer_as_mac=30/30 max_prob_abs_err_vs_mac=9.328052532620035E-7 (worst b10) encoded_length_equal_host=30/30 dp_tol=0.01 correct_device=19/30 correct_mac=19/30 question_ms_median=387.455989 p90=393.401822 min=330.927187 max=397.53062400000005 lookup_ms_median=1.928177
10-04 16:12:00.265 17138 17179 I hfmodels-decide: RESULT step=demo ok=true variant=s256_wfp16 backend=gpu form=keys rows=30 same_answer_as_mac=30/30 max_prob_abs_err_vs_mac=2.028996443748099E-6 (worst b22) encoded_length_equal_host=30/30 dp_tol=0.01 correct_device=22/30 correct_mac=22/30 question_ms_median=331.49473900000004 p90=333.52302 min=309.39271 max=337.187187 lookup_ms_median=1.847552
10-04 16:12:08.603 17138 17179 I hfmodels-decide: RESULT step=timing ok=true variant=s256_wfp16 backend=gpu repeats=5 forwards_for_4q=1 decide_4q_total_ms_median=312.234479 four_decide_1q_total_ms_median=1223.901719 state_tokens=19 per_question_ms=311.496041,311.496041,311.496041,311.496041 answers={department=billing 0.74095467372367, urgency=0.6637985189196726, refund_requested=0.9173051284357872, tone=neutral 0.4445183378688088}
10-04 16:12:15.675 17138 17179 I hfmodels-decide: RESULT step=zoo_input ok=true variant=s256_wfp16 backend=gpu text_tokens=11 forward_tokens=64 window=256 first=1 warmups=2 timed=10 wall_ms_median=307.55333299999995 total_ms_median=307.47638 state_ms_median=1.490338 question_ms_median=305.863933 lookup_ms_median=1.704063 tokenize_ms_median=1.5704685 forward_build_ms_median=3.5157809999999996 graph_call_ms_median=301.0510415 answer=promise p=nothing:0.04098411157859003,promise:0.3786183967831869,request:0.2614846801469182,plan:0.3189128114913048 wall_ms=305.05,311.215052,305.773281,311.461615,309.580624,305.878854,309.227812,312.720104,305.753282,305.610833
10-04 16:12:16.207 17138 17179 I hfmodels-decide: RESULT step=lookup ok=true variant=s256_wfp16 backend=gpu rows=256 hidden=1024 zoo_style=arith zoo_ms_median=16.793802 zoo_ms_min=16.762448 sdk_ms_median=0.553907 sdk_ms_min=0.552709 repeats=20 outputs_identical=true
10-04 16:12:16.284 17138 17179 I hfmodels-decide: RESULT step=release ok=true variant=s256_wfp16 backend=gpu close_ms=77
10-04 16:12:16.284 17138 17179 I hfmodels-decide: RESULT ok=true model=litert-community/Open-Decision-DeBERTa-v3-Large-LiteRT variant=s256_wfp16 backend=gpu device=SM-S942Q build=BP4A.251205.006.S942QOPS1AZH9 failures=
## residency (1 lines, pid 17138)
10-04 16:11:02.449 17138 17187 I tflite  : Replacing 1785 out of 1785 node(s) with delegate (LITERT_CL) node, yielding 1 partitions for subgraph 0 (main).
