# hfmodels typed-decisions device gate  date=2026-10-05T02:18:40Z serial=RFGL80R6A6H device=SM-S942Q build=BP4A.251205.006.S942QOPS1AZH9 android=16
# git=4706851 test=DebertaDecisionDeviceTest variant=s256_npu_wfp16 backend=npu thermal=Thermal Status: 0 battery_level= level: 80 battery_temp_x10C= temperature: 377 screen= mWakefulness=Dozing
# gradle rc=0 end=2026-10-05T02:23:44Z thermal_end=Thermal Status: 1 battery_temp_end_x10C= temperature: 388
--------- beginning of main
10-05 11:18:41.673   869   884 I hfmodels-decide: device=SM-S942Q soc=QTI/SM8850 build=BP4A.251205.006.S942QOPS1AZH9 android=16 litert=2.2.0 model=litert-community/Open-Decision-DeBERTa-v3-Large-LiteRT@7a276235 variant=s256_npu_wfp16 backend=npu
10-05 11:18:41.676   869   888 I hfmodels: resolve litert-community/Open-Decision-DeBERTa-v3-Large-LiteRT: commit=7a276235 via EXPLICIT_REVISION, descriptor=caller@explicit/hfmodels.json sha=b9226bd1
10-05 11:18:42.304   869   888 I hfmodels: imported deberta_v3_large_decision_s256_npu_wfp16.tflite: 712671952 bytes, sha256 ok, from /data/local/tmp/hfmodels/open-decision-r21/deberta_v3_large_decision_s256_npu_wfp16.tflite
10-05 11:18:42.305   869   888 I hfmodels: resolve litert-community/Open-Decision-DeBERTa-v3-Large-LiteRT: commit=7a276235 via EXPLICIT_REVISION, descriptor=caller@explicit/hfmodels.json sha=b9226bd1
10-05 11:18:42.870   869   888 I hfmodels: tokenizer tokenizer.json: 128004 tokens (Unigram), load_ms=556
10-05 11:23:11.007   869   884 I hfmodels: ready litert-community/Open-Decision-DeBERTa-v3-Large-LiteRT@7a276235 variant=s256_npu_wfp16 profile=npu inference=NPU prepare_ms=268694
10-05 11:23:11.008   869   884 I hfmodels-decide: RESULT step=load ok=true variant=s256_npu_wfp16 backend=npu import_ms=625 load_ms=268703 compile_ms=268135 profile=npu window=256 head=256 max_options=128 descriptor_patch=none npu_libs_ready=true notes=family=deberta_decision compile_ms=268135 on npu (Qualcomm HTP V81, JIT, burst; the first compile on a phone takes tens of seconds, later loads read the cache) | observed backend is UNKNOWN: litert 2.2.0 reports no per-op execution target; 'initialized' is the accelerator the CompiledModel was created with | host token lookup: word_embeddings_fp16.bin (float16, 128100 rows x 1024) feeds inputs_embeds | the questions of one decide() in one forward as the author's decide() does, split in question order when they do not fit the window or the option slots: options = a choice's descriptions (the key when there is none), a score's levels, a noul's no / yes; the state is cut to its first 256 tokens; a request longer than the 256-token window or with more than 128 options is refused; probabilities are the softmax of the logits / 1.05 (the author's calibration), extras.max_probability is the author's confidence
10-05 11:23:11.573   869   884 I hfmodels-decide: RESULT step=sequence ok=true variant=s256_npu_wfp16 backend=npu rows=143 of 160 mismatches=0 window=256
10-05 11:23:29.624   869   884 I hfmodels-decide: RESULT step=parity ok=true variant=s256_npu_wfp16 backend=npu rows=143 questions=371 argmax_match=371/371 answers_equal_author=371/371 max_prob_abs_err=0.00929797448921732 (worst fam-test-1198 q1) max_logit_abs_err_vs_author=0.04025435447692871 dp_tol=0.01 forward_ms_median=119.404583 p90=123.368542 min=111.957761 max=127.11677
10-05 11:23:33.743   869   884 I hfmodels-decide: RESULT step=demo ok=true variant=s256_npu_wfp16 backend=npu form=policy rows=30 same_answer_as_mac=30/30 max_prob_abs_err_vs_mac=0.002878611685819099 (worst b10) encoded_length_equal_host=30/30 dp_tol=0.01 correct_device=19/30 correct_mac=19/30 question_ms_median=121.803386 p90=124.905626 min=114.891771 max=127.027761 lookup_ms_median=1.7775
10-05 11:23:37.494   869   884 I hfmodels-decide: RESULT step=demo ok=true variant=s256_npu_wfp16 backend=npu form=keys rows=30 same_answer_as_mac=30/30 max_prob_abs_err_vs_mac=0.006154591713030677 (worst b10) encoded_length_equal_host=30/30 dp_tol=0.01 correct_device=22/30 correct_mac=22/30 question_ms_median=114.715572 p90=115.889324 min=111.869948 max=117.355313 lookup_ms_median=1.684532
10-05 11:23:40.709   869   884 I hfmodels-decide: RESULT step=timing ok=true variant=s256_npu_wfp16 backend=npu repeats=5 forwards_for_4q=1 decide_4q_total_ms_median=124.599583 four_decide_1q_total_ms_median=464.226875 state_tokens=19 per_question_ms=119.51052,119.51052,119.51052,119.51052 answers={department=billing 0.7416029600947379, urgency=0.6658576532513145, refund_requested=0.9175549740063775, tone=neutral 0.44466224361194673}
10-05 11:23:43.424   869   884 I hfmodels-decide: RESULT step=zoo_input ok=true variant=s256_npu_wfp16 backend=npu text_tokens=11 forward_tokens=64 window=256 first=1 warmups=2 timed=10 wall_ms_median=118.901094 total_ms_median=118.86630199999999 state_ms_median=0.704323 question_ms_median=118.0818495 lookup_ms_median=1.5714585 tokenize_ms_median=0.746562 forward_build_ms_median=2.738724 graph_call_ms_median=113.1048695 answer=promise p=nothing:0.041032658623525946,promise:0.37799668075660475,request:0.2615385896773172,plan:0.31943207094255205 wall_ms=119.093802,119.888489,118.745677,117.504114,117.995573,119.056511,119.127968,118.289584,118.148646,119.491303
10-05 11:23:44.007   869   884 I hfmodels-decide: RESULT step=lookup ok=true variant=s256_npu_wfp16 backend=npu rows=256 hidden=1024 zoo_style=arith zoo_ms_median=18.769427 zoo_ms_min=18.541406 sdk_ms_median=0.615261 sdk_ms_min=0.61375 repeats=20 outputs_identical=true
10-05 11:23:44.170   869   884 I hfmodels-decide: RESULT step=release ok=true variant=s256_npu_wfp16 backend=npu close_ms=163
10-05 11:23:44.171   869   884 I hfmodels-decide: RESULT ok=true model=litert-community/Open-Decision-DeBERTa-v3-Large-LiteRT variant=s256_npu_wfp16 backend=npu device=SM-S942Q build=BP4A.251205.006.S942QOPS1AZH9 failures=
## residency (7 lines, pid 869)
10-05 11:18:42.875   869   892 I litert  : [npu_registry.cc:30] NPU accelerator registered.
10-05 11:18:42.902   869   892 I litert  : [compiled_model.cc:754] NPU JIT compilation caching enabled with cache dir: /data/user/0/io.github.johnrocky.hfmodels.litert.test/cache
10-05 11:18:42.909   869   892 I litert  :   HtpPerformanceMode       : Burst(2)
10-05 11:18:43.288   869   892 I litert  : [compiler_plugin.cc:741] Partitioned subgraph<0>, selected 1906 ops, from a total of 1906 ops. resulted in 1 partitions.
10-05 11:23:09.587   869   892 I litert  : [compiled_model.cc:1250] 1 compiler plugins were applied successfully: Qualcomm compiler plugin (ver 0.1.0)
10-05 11:23:10.636   869   892 I litert  :   HtpPerformanceMode       : Burst(2)
10-05 11:23:10.640   869   892 I tflite  : Replacing 1 out of 1 node(s) with delegate (DispatchDelegate) node, yielding 1 partitions for subgraph 0 (main).
