# hfmodels typed-decisions device gate  date=2026-10-04T01:27:24Z serial=RFGL80R6A6H device=SM-S942Q build=BP4A.251205.006.S942QOPS1AZH9 android=16
# git=29bc04c test=GlinerDecideDeviceTest variant=s128_npu_wfp16 backend=npu thermal=Thermal Status: 0 battery_level= level: 79 battery_temp_x10C= temperature: 353 screen= mWakefulness=Dozing
# gradle rc=0 end=2026-10-04T01:27:31Z thermal_end=Thermal Status: 0 battery_temp_end_x10C= temperature: 352
--------- beginning of main
10-04 10:27:25.315 23377 23391 I hfmodels-decide: device=SM-S942Q soc=QTI/SM8850 build=BP4A.251205.006.S942QOPS1AZH9 android=16 litert=2.2.0 model=litert-community/GLiNER2.5-Decide-LiteRT@db801972 variant=s128_npu_wfp16 backend=npu
10-04 10:27:25.318 23377 23398 I hfmodels: resolve litert-community/GLiNER2.5-Decide-LiteRT: commit=db801972 via EXPLICIT_REVISION, descriptor=caller@explicit/hfmodels.json sha=7212d850
10-04 10:27:25.322 23377 23398 I hfmodels: resolve litert-community/GLiNER2.5-Decide-LiteRT: commit=db801972 via EXPLICIT_REVISION, descriptor=caller@explicit/hfmodels.json sha=7212d850
10-04 10:27:25.844 23377 23398 I hfmodels: tokenizer tokenizer.json: 128011 tokens (Unigram), load_ms=511
10-04 10:27:26.522 23377 23391 I hfmodels: ready litert-community/GLiNER2.5-Decide-LiteRT@db801972 variant=s128_npu_wfp16 profile=npu inference=NPU prepare_ms=1191
10-04 10:27:26.522 23377 23391 I hfmodels-decide: RESULT step=load ok=true variant=s128_npu_wfp16 backend=npu import_ms=0 load_ms=1202 compile_ms=677 profile=npu window=128 head=128 max_options=32 descriptor_patch=none npu_libs_ready=true notes=family=gliner2_decide compile_ms=677 on npu (Qualcomm HTP V81, JIT, burst; the first compile on a phone takes tens of seconds, later loads read the cache) | observed backend is UNKNOWN: litert 2.2.0 reports no per-op execution target; 'initialized' is the accelerator the CompiledModel was created with | host token lookup: word_embeddings_fp16.bin (float16, 128011 rows x 1024) feeds inputs_embeds | one gliner2 task per question (task 'answer', the instructions as its prompt, the options as labels); a request longer than the 128-token window or with more than 32 labels is refused, never cut; probabilities are gliner2's single-label float32 softmax of the label logits (T=1)
10-04 10:27:26.814 23377 23391 I hfmodels-decide: RESULT step=sequence ok=true variant=s128_npu_wfp16 backend=npu rows=42 mismatches=0 window=128
10-04 10:27:28.178 23377 23391 I hfmodels-decide: RESULT step=parity ok=true variant=s128_npu_wfp16 backend=npu rows=42 argmax_match=42/42 decisions_equal_official=42/42 max_prob_abs_err=0.005537569522857666 (worst readme_11_handoff_to_a_person) max_logit_abs_err_vs_oracle=0.07334709167480469 max_logit_abs_err_vs_mac_cpu=0.0716099739074707 dp_tol=0.01 forward_ms_median=28.479166 p90=28.913594 min=26.847552 max=29.019114
10-04 10:27:29.137 23377 23391 I hfmodels-decide: RESULT step=demo ok=true variant=s128_npu_wfp16 backend=npu rows=30 same_answer_as_mac=30/30 max_prob_abs_err_vs_mac=0.004745304584503174 (worst b27) correct_device=27/30 correct_mac=27/30 question_ms_median=29.357657 p90=29.550885 min=28.953021 max=30.557917 lookup_ms_median=0.373229
10-04 10:27:29.146 23377 23391 I hfmodels-decide: RESULT step=pack ok=true variant=s128_npu_wfp16 backend=npu skipped: pack=0
10-04 10:27:30.795 23377 23391 I hfmodels-decide: RESULT step=timing ok=true variant=s128_npu_wfp16 backend=npu repeats=5 decide_4q_total_ms_median=115.018073 four_decide_1q_total_ms_median=117.147291 decide_4q_packed_total_ms_median=34.293281 packed_forwards=1 state_tokens=19 per_question_ms=28.382343,28.425781999999998,28.237553,27.998541000000003 answers={department=billing 0.7032336592674255, urgency=0.6473173797130585, refund_requested=0.9845458269119263, tone=polite 0.38318777084350586} answers_packed={department=billing 0.5648603439331055, urgency=0.7296986281871796, refund_requested=0.9618575572967529, tone=polite 0.40679946541786194}
10-04 10:27:30.964 23377 23391 I hfmodels-decide: RESULT step=lookup ok=true variant=s128_npu_wfp16 backend=npu rows=128 hidden=1024 zoo_style=lut zoo_ms_median=3.996406 zoo_ms_min=3.724427 sdk_ms_median=0.197657 sdk_ms_min=0.197291 repeats=20 outputs_identical=true
10-04 10:27:31.013 23377 23391 I hfmodels-decide: RESULT step=release ok=true variant=s128_npu_wfp16 backend=npu close_ms=49
10-04 10:27:31.014 23377 23391 I hfmodels-decide: RESULT ok=true model=litert-community/GLiNER2.5-Decide-LiteRT variant=s128_npu_wfp16 backend=npu device=SM-S942Q build=BP4A.251205.006.S942QOPS1AZH9 failures=
## residency (6 lines, pid 23377)
10-04 10:27:25.847 23377 23401 I litert  : [npu_registry.cc:30] NPU accelerator registered.
10-04 10:27:25.881 23377 23401 I litert  : [compiled_model.cc:754] NPU JIT compilation caching enabled with cache dir: /data/user/0/io.github.johnrocky.hfmodels.litert.test/cache
10-04 10:27:25.886 23377 23401 I litert  :   HtpPerformanceMode       : Burst(2)
10-04 10:27:25.995 23377 23401 I litert  : [compiled_model.cc:1233] Flatbuffer model initialized from cached model.
10-04 10:27:25.996 23377 23401 I litert  :   HtpPerformanceMode       : Burst(2)
10-04 10:27:26.109 23377 23401 I tflite  : Replacing 1 out of 1 node(s) with delegate (DispatchDelegate) node, yielding 1 partitions for subgraph 0 (main).
