# hfmodels transcribe device gate  date=2026-10-03T05:08:24Z serial=RFGL80R6A6H device=SM-S942Q build=BP4A.251205.006.S942QOPS1AZH9 android=16
# git=a7575c6 test=TranscribeDeviceTest variant=small_fp16 backend=gpu thermal=Thermal Status: 0 battery_level= level: 79 battery_temp_x10C= temperature: 270 screen= mWakefulness=Dozing
# gradle rc=0 end=2026-10-03T05:08:40Z thermal_end=Thermal Status: 0 battery_temp_end_x10C= temperature: 270
--------- beginning of main
10-03 14:08:36.161 15542 15556 I hfmodels-transcribe: device=SM-S942Q soc=QTI/SM8850 build=BP4A.251205.006.S942QOPS1AZH9 android=16 model=litert-community/Zipformer-medium-CR-CTC-LiteRT@7732ad6c variant=small_fp16 backend=gpu
10-03 14:08:36.163 15542 15560 I hfmodels: resolve litert-community/Zipformer-medium-CR-CTC-LiteRT: commit=7732ad6c via EXPLICIT_REVISION, descriptor=caller@explicit/hfmodels.json sha=d00756d9
10-03 14:08:36.230 15542 15560 I hfmodels: imported zipformer_ctc_small_fp16.tflite: 46216688 bytes, sha256 ok, from /data/local/tmp/hfmodels/zipformer/zipformer_ctc_small_fp16.tflite
10-03 14:08:36.231 15542 15560 I hfmodels: imported tokens.txt: 5048 bytes, sha256 ok, from /data/local/tmp/hfmodels/zipformer/tokens.txt
10-03 14:08:36.232 15542 15560 I hfmodels: resolve litert-community/Zipformer-medium-CR-CTC-LiteRT: commit=7732ad6c via EXPLICIT_REVISION, descriptor=caller@explicit/hfmodels.json sha=d00756d9
10-03 14:08:36.242 15542 15560 I hfmodels: tokens tokens.txt: 502 pieces
10-03 14:08:38.261 15542 15556 I hfmodels: ready litert-community/Zipformer-medium-CR-CTC-LiteRT@7732ad6c variant=small_fp16 profile=gpu inference=GPU prepare_ms=2022
10-03 14:08:38.261 15542 15556 I hfmodels-transcribe: RESULT step=load ok=true variant=small_fp16 backend=gpu import_ms=68 load_ms=2029 profile=gpu runtime=litert 2.2.0 window_s=16.0 sample_rate=16000 notes=family=zipformer_ctc compile_ms=2018 on gpu (precision default) | observed backend is UNKNOWN: litert 2.2.0 reports no per-op execution target; 'initialized' is the accelerator the CompiledModel was created with | window 16.0 s = 1600 fbank frames at 16000 Hz; longer audio is INVALID_INPUT, shorter is padded
10-03 14:08:38.380 15542 15556 I hfmodels-transcribe: RESULT step=transcribe ok=true variant=small_fp16 backend=gpu file=c01 exact=false norm=false ms_feature=60.6 ms_infer=35.6 ms_total=100.5 audio_s=2.73 got="SET AN ALARM FOR SEVEN THIRTY TO MORROW MORNING" expect="Set an alarm for seven thirty tomorrow morning."
10-03 14:08:38.423 15542 15556 I hfmodels-transcribe: RESULT step=transcribe ok=true variant=small_fp16 backend=gpu file=c02 exact=false norm=false ms_feature=11.7 ms_infer=28.1 ms_total=42.6 audio_s=1.81 got="AND WAKE ME UP AT SIX FIFTEEN" expect="Wake me up at six fifteen."
10-03 14:08:38.466 15542 15556 I hfmodels-transcribe: RESULT step=transcribe ok=true variant=small_fp16 backend=gpu file=c03 exact=false norm=true ms_feature=10.9 ms_infer=28.1 ms_total=42.7 audio_s=1.91 got="START A TIMER FOR TEN MINUTES" expect="Start a timer for ten minutes."
10-03 14:08:38.506 15542 15556 I hfmodels-transcribe: RESULT step=transcribe ok=true variant=small_fp16 backend=gpu file=c04 exact=false norm=true ms_feature=11.2 ms_infer=28.4 ms_total=39.7 audio_s=2.22 got="SET A TIMER FOR FORTY FIVE MINUTES" expect="Set a timer for forty five minutes."
10-03 14:08:38.543 15542 15556 I hfmodels-transcribe: RESULT step=transcribe ok=true variant=small_fp16 backend=gpu file=c05 exact=false norm=false ms_feature=8.6 ms_infer=28.6 ms_total=37.2 audio_s=1.57 got="TIME IS IT RIGHT NOW" expect="What time is it right now?"
10-03 14:08:38.584 15542 15556 I hfmodels-transcribe: RESULT step=transcribe ok=true variant=small_fp16 backend=gpu file=c06 exact=false norm=false ms_feature=12.1 ms_infer=28.5 ms_total=40.6 audio_s=1.96 got="BUT IS ON MY CALENDAR TO MORROW" expect="What is on my calendar tomorrow?"
10-03 14:08:38.628 15542 15556 I hfmodels-transcribe: RESULT step=transcribe ok=true variant=small_fp16 backend=gpu file=c07 exact=false norm=false ms_feature=15.7 ms_infer=28.3 ms_total=44.1 audio_s=2.88 got="HAD A MEETING WITH THE DENTIST AT FIVE P M TO MORROW" expect="Add a meeting with the dentist at five p.m. tomorrow."
10-03 14:08:38.677 15542 15556 I hfmodels-transcribe: RESULT step=transcribe ok=true variant=small_fp16 backend=gpu file=c08 exact=false norm=false ms_feature=19.9 ms_infer=28.3 ms_total=48.4 audio_s=3.49 got="WHO A TEAM STAND UP ON MY CALENDAR AT NINE TO MORROW MORNING" expect="Put a team standup on my calendar at nine tomorrow morning."
10-03 14:08:38.723 15542 15556 I hfmodels-transcribe: RESULT step=transcribe ok=true variant=small_fp16 backend=gpu file=c09 exact=false norm=false ms_feature=17.1 ms_infer=28.4 ms_total=45.6 audio_s=2.95 got="SET AN ALARM FOR AID AND A TIMER FOR TWENTY MINUTES" expect="Set an alarm for eight and a timer for twenty minutes."
10-03 14:08:38.765 15542 15556 I hfmodels-transcribe: RESULT step=transcribe ok=true variant=small_fp16 backend=gpu file=c10 exact=false norm=false ms_feature=12.9 ms_infer=28.4 ms_total=41.4 audio_s=2.68 got="LEASE SET AN ALARM FOR HALF PAST NINE TO NIGHT" expect="Please set an alarm for half past nine tonight."
10-03 14:08:38.765 15542 15556 I hfmodels-transcribe: RESULT step=summary ok=true variant=small_fp16 backend=gpu files=10 exact=0 norm=2
10-03 14:08:39.181 15542 15556 I hfmodels-transcribe: RESULT step=timing ok=true variant=small_fp16 backend=gpu warm_calls=10 ms_feature_median=13.0 ms_infer_median=28.4 ms_total_median=41.5 ms_infer_min=28.4 ms_infer_max=28.6 same_text_as_first=10/10
10-03 14:08:39.193 15542 15556 I hfmodels-transcribe: RESULT step=endpointer ok=true variant=small_fp16 backend=gpu files=10 utterances=10 chunk_ms=20 start_rms=0.02 hangover_ms=800 spans(start-end/file_length): c01=40-2731ms(flush)/2731ms c02=0-1813ms(flush)/1813ms c03=140-1906ms(flush)/1906ms c04=40-2220ms(flush)/2220ms c05=0-1569ms(flush)/1569ms c06=0-1964ms(flush)/1964ms c07=0-2875ms(flush)/2875ms c08=40-3492ms(flush)/3492ms c09=40-2951ms(flush)/2951ms c10=40-2680ms(flush)/2680ms
10-03 14:08:39.217 15542 15556 I hfmodels-transcribe: RESULT step=release ok=true variant=small_fp16 backend=gpu close_ms=24
10-03 14:08:39.217 15542 15556 I hfmodels-transcribe: RESULT ok=true model=litert-community/Zipformer-medium-CR-CTC-LiteRT variant=small_fp16 backend=gpu device=SM-S942Q build=BP4A.251205.006.S942QOPS1AZH9 failures=
