# hfmodels typed-decisions device gate  date=2026-10-04T01:15:45Z serial=RFGL80R6A6H device=SM-S942Q build=BP4A.251205.006.S942QOPS1AZH9 android=16
# git=29bc04c test=GlinerDecideDeviceTest variant=s128_npu_wfp16 backend=npu thermal=Thermal Status: 0 battery_level= level: 79 battery_temp_x10C= temperature: 344 screen= mWakefulness=Awake
# gradle rc=0 end=2026-10-04T01:16:30Z thermal_end=Thermal Status: 0 battery_temp_end_x10C= temperature: 353
--------- beginning of main
10-04 10:15:46.842 21031 21049 I hfmodels-decide: device=SM-S942Q soc=QTI/SM8850 build=BP4A.251205.006.S942QOPS1AZH9 android=16 litert=2.2.0 model=litert-community/GLiNER2.5-Decide-LiteRT@db801972 variant=s128_npu_wfp16 backend=npu
10-04 10:15:46.845 21031 21055 I hfmodels: resolve litert-community/GLiNER2.5-Decide-LiteRT: commit=db801972 via EXPLICIT_REVISION, descriptor=caller@explicit/hfmodels.json sha=7212d850
10-04 10:15:47.672 21031 21055 I hfmodels: imported gliner25_decide_s128_npu_split_fc1_wfp16.tflite: 660302784 bytes, sha256 ok, from /data/local/tmp/hfmodels/gliner-decide/gliner25_decide_s128_npu_split_fc1_wfp16.tflite
10-04 10:15:47.880 21031 21055 I hfmodels: imported word_embeddings_fp16.bin: 262166528 bytes, sha256 ok, from /data/local/tmp/hfmodels/gliner-decide/host_assets/word_embeddings_fp16.bin
10-04 10:15:47.888 21031 21055 I hfmodels: imported tokenizer.json: 8333952 bytes, sha256 ok, from /data/local/tmp/hfmodels/gliner-decide/host_assets/tokenizer.json
10-04 10:15:47.889 21031 21055 I hfmodels: resolve litert-community/GLiNER2.5-Decide-LiteRT: commit=db801972 via EXPLICIT_REVISION, descriptor=caller@explicit/hfmodels.json sha=7212d850
10-04 10:15:48.389 21031 21055 I hfmodels: tokenizer tokenizer.json: 128011 tokens (Unigram), load_ms=490
10-04 10:16:20.787 21031 21049 I hfmodels: ready litert-community/GLiNER2.5-Decide-LiteRT@db801972 variant=s128_npu_wfp16 profile=npu inference=NPU prepare_ms=32889
10-04 10:16:20.787 21031 21049 I hfmodels-decide: RESULT step=load ok=true variant=s128_npu_wfp16 backend=npu import_ms=1042 load_ms=32899 compile_ms=32397 profile=npu window=128 head=128 max_options=32 descriptor_patch=none npu_libs_ready=true notes=family=gliner2_decide compile_ms=32397 on npu (Qualcomm HTP V81, JIT, burst; the first compile on a phone takes tens of seconds, later loads read the cache) | observed backend is UNKNOWN: litert 2.2.0 reports no per-op execution target; 'initialized' is the accelerator the CompiledModel was created with | host token lookup: word_embeddings_fp16.bin (float16, 128011 rows x 1024) feeds inputs_embeds | one gliner2 task per question (task 'answer', the instructions as its prompt, the options as labels); a request longer than the 128-token window or with more than 32 labels is refused, never cut; probabilities are gliner2's single-label float32 softmax of the label logits (T=1)
10-04 10:16:21.091 21031 21049 I hfmodels-decide: RESULT step=sequence ok=true variant=s128_npu_wfp16 backend=npu rows=42 mismatches=0 window=128
10-04 10:16:22.476 21031 21049 I hfmodels-decide: RESULT step=parity ok=true variant=s128_npu_wfp16 backend=npu rows=42 argmax_match=42/42 decisions_equal_official=42/42 max_prob_abs_err=0.005537569522857666 (worst readme_11_handoff_to_a_person) max_logit_abs_err_vs_oracle=0.07334709167480469 max_logit_abs_err_vs_mac_cpu=0.0716099739074707 dp_tol=0.01 forward_ms_median=28.636198 p90=29.915417 min=26.467292 max=31.111927
10-04 10:16:23.381 21031 21049 I hfmodels-decide: RESULT step=demo ok=true variant=s128_npu_wfp16 backend=npu rows=30 same_answer_as_mac=30/30 max_prob_abs_err_vs_mac=0.004745304584503174 (worst b27) correct_device=27/30 correct_mac=27/30 question_ms_median=27.467343 p90=29.275050999999998 min=26.97276 max=29.624845 lookup_ms_median=0.371406
10-04 10:16:28.620 21031 21049 I hfmodels-decide: RESULT step=pack ok=true variant=s128_npu_wfp16 backend=npu rows=30 questions=kind,who,urgency,time single_same_as_mac=120/120 packed_same_as_mac=120/120 max_prob_abs_err_single_vs_mac=0.004745304584503174 max_prob_abs_err_packed_vs_mac=0.003367602825164795 (worst b03/time) answers_changed_by_packing_here=20/120 answers_changed_by_packing_mac=20/120 max_prob_abs_diff_single_vs_packed_here=0.2854893207550049 packed_forwards_max=1 decide_4q_single_total_ms_median=114.756406 decide_4q_packed_total_ms_median=41.375833 packed_p90=42.724115
10-04 10:16:30.366 21031 21049 I hfmodels-decide: RESULT step=timing ok=true variant=s128_npu_wfp16 backend=npu repeats=5 decide_4q_total_ms_median=117.106093 four_decide_1q_total_ms_median=123.73974 decide_4q_packed_total_ms_median=42.227916 packed_forwards=1 state_tokens=19 per_question_ms=29.019218000000002,28.857084,29.586563,28.412552 answers={department=billing 0.7032336592674255, urgency=0.6473173797130585, refund_requested=0.9845458269119263, tone=polite 0.38318777084350586} answers_packed={department=billing 0.5648603439331055, urgency=0.7296986281871796, refund_requested=0.9618575572967529, tone=polite 0.40679946541786194}
10-04 10:16:30.538 21031 21049 I hfmodels-decide: RESULT step=lookup ok=true variant=s128_npu_wfp16 backend=npu rows=128 hidden=1024 zoo_style=lut zoo_ms_median=4.941667 zoo_ms_min=4.918906 sdk_ms_median=0.260834 sdk_ms_min=0.260573 repeats=20 outputs_identical=true
10-04 10:16:30.658 21031 21049 I hfmodels-decide: RESULT step=release ok=true variant=s128_npu_wfp16 backend=npu close_ms=120
10-04 10:16:30.658 21031 21049 I hfmodels-decide: RESULT ok=true model=litert-community/GLiNER2.5-Decide-LiteRT variant=s128_npu_wfp16 backend=npu device=SM-S942Q build=BP4A.251205.006.S942QOPS1AZH9 failures=
## residency (7 lines, pid 21031)
10-04 10:15:48.392 21031 21084 I litert  : [npu_registry.cc:30] NPU accelerator registered.
10-04 10:15:48.420 21031 21084 I litert  : [compiled_model.cc:754] NPU JIT compilation caching enabled with cache dir: /data/user/0/io.github.johnrocky.hfmodels.litert.test/cache
10-04 10:15:48.427 21031 21084 I litert  :   HtpPerformanceMode       : Burst(2)
10-04 10:15:48.718 21031 21084 I litert  : [compiler_plugin.cc:741] Partitioned subgraph<0>, selected 1874 ops, from a total of 1874 ops. resulted in 1 partitions.
10-04 10:16:19.906 21031 21084 I litert  : [compiled_model.cc:1250] 1 compiler plugins were applied successfully: Qualcomm compiler plugin (ver 0.1.0)
10-04 10:16:20.656 21031 21084 I litert  :   HtpPerformanceMode       : Burst(2)
10-04 10:16:20.661 21031 21084 I tflite  : Replacing 1 out of 1 node(s) with delegate (DispatchDelegate) node, yielding 1 partitions for subgraph 0 (main).
