# hfmodels typed-decisions device gate  date=2026-10-05T01:37:35Z serial=RFGL80R6A6H device=SM-S942Q build=BP4A.251205.006.S942QOPS1AZH9 android=16
# git=009baa2 test=GlinerDecideDeviceTest variant=s512_fp16hw_wfp16 backend=gpu thermal=Thermal Status: 0 battery_level= level: 80 battery_temp_x10C= temperature: 366 screen= mWakefulness=Dozing
# gradle rc=0 end=2026-10-05T01:40:00Z thermal_end=Thermal Status: 2 battery_temp_end_x10C= temperature: 414
--------- beginning of main
10-05 10:37:36.161 12185 12199 I hfmodels-decide: device=SM-S942Q soc=QTI/SM8850 build=BP4A.251205.006.S942QOPS1AZH9 android=16 litert=2.2.0 model=litert-community/GLiNER2.5-Decide-LiteRT@f6f6e9c9 variant=s512_fp16hw_wfp16 backend=gpu
10-05 10:37:36.165 12185 12202 I hfmodels: resolve litert-community/GLiNER2.5-Decide-LiteRT: commit=f6f6e9c9 via EXPLICIT_REVISION, descriptor=caller@explicit/hfmodels.json sha=071b5223
10-05 10:37:36.171 12185 12202 I hfmodels: resolve litert-community/GLiNER2.5-Decide-LiteRT: commit=f6f6e9c9 via EXPLICIT_REVISION, descriptor=caller@explicit/hfmodels.json sha=071b5223
10-05 10:37:36.701 12185 12202 I hfmodels: tokenizer tokenizer.json: 128011 tokens (Unigram), load_ms=520
10-05 10:37:42.096 12185 12199 I hfmodels: ready litert-community/GLiNER2.5-Decide-LiteRT@f6f6e9c9 variant=s512_fp16hw_wfp16 profile=gpu inference=GPU prepare_ms=5917
10-05 10:37:42.096 12185 12199 I hfmodels-decide: RESULT step=load ok=true variant=s512_fp16hw_wfp16 backend=gpu import_ms=0 load_ms=5927 compile_ms=5393 profile=gpu window=512 head=512 max_options=32 descriptor_patch=gpu_precision=fp32 npu_libs_ready=true notes=family=gliner2_decide compile_ms=5393 on gpu (precision fp32) | observed backend is UNKNOWN: litert 2.2.0 reports no per-op execution target; 'initialized' is the accelerator the CompiledModel was created with | host token lookup: word_embeddings_fp16.bin (float16, 128011 rows x 1024) feeds inputs_embeds | one gliner2 task per question (task 'answer', the instructions as its prompt, the options as labels); a request longer than the 512-token window or with more than 32 labels is refused, never cut; probabilities are gliner2's single-label float32 softmax of the label logits (T=1)
10-05 10:37:42.736 12185 12199 I hfmodels-decide: RESULT step=sequence ok=true variant=s512_fp16hw_wfp16 backend=gpu rows=42 mismatches=0 window=512
10-05 10:38:08.841 12185 12199 I hfmodels-decide: RESULT step=parity ok=true variant=s512_fp16hw_wfp16 backend=gpu rows=42 argmax_match=42/42 decisions_equal_official=42/42 max_prob_abs_err=2.2584199905395508E-4 (worst screen_tags_005) max_logit_abs_err_vs_oracle=0.003300905227661133 max_logit_abs_err_vs_mac_cpu=2.574920654296875E-5 dp_tol=0.01 forward_ms_median=591.959114 p90=598.115781 min=581.216197 max=599.532447 first10_median=596.656927 last10_median=586.800364
10-05 10:38:43.585 12185 12199 I hfmodels-decide: RESULT step=demo ok=true variant=s512_fp16hw_wfp16 backend=gpu rows=30 same_answer_as_mac=30/30 max_prob_abs_err_vs_mac=2.175569534301758E-6 (worst b27) correct_device=27/30 correct_mac=27/30 question_ms_median=1044.079896 p90=1299.387135 min=744.656874 max=1384.861458 lookup_ms_median=3.953438 first10_median=1298.684582 last10_median=1034.7656240000001
10-05 10:38:43.585 12185 12199 I hfmodels-decide: RESULT step=pack ok=true variant=s512_fp16hw_wfp16 backend=gpu skipped: pack=0
10-05 10:39:36.718 12185 12199 I hfmodels-decide: RESULT step=timing ok=true variant=s512_fp16hw_wfp16 backend=gpu repeats=5 decide_4q_total_ms_median=3841.109686 four_decide_1q_total_ms_median=3845.368957 decide_4q_packed_total_ms_median=974.352395 packed_forwards=1 state_tokens=19 per_question_ms=953.764948,956.921041,956.559791,957.791301 answers={department=billing 0.7019871473312378, urgency=0.6463629007339478, refund_requested=0.9842850565910339, tone=polite 0.38392743468284607} answers_packed={department=billing 0.5641588568687439, urgency=0.7295433580875397, refund_requested=0.9618254899978638, tone=polite 0.40689727663993835}
10-05 10:39:59.942 12185 12199 I hfmodels-decide: RESULT step=zoo_input ok=true variant=s512_fp16hw_wfp16 backend=gpu text_tokens=12 forward_tokens=69 window=512 first=1 warmups=2 timed=10 wall_ms_median=965.804869 total_ms_median=965.7186194999999 state_ms_median=1.5804170000000002 question_ms_median=963.964609 lookup_ms_median=3.084766 tokenize_ms_median=1.7984635 forward_build_ms_median=2.7139585 graph_call_ms_median=1034.7234895000001 answer=promise p=nothing:0.04225689545273781,promise:0.4653647840023041,request:0.15299905836582184,plan:0.3393792510032654 wall_ms=957.857448,962.128333,962.469166,962.91901,961.625572,968.690728,1019.985156,1048.462031,1046.976302,1046.834999
10-05 10:40:00.733 12185 12199 I hfmodels-decide: RESULT step=lookup ok=true variant=s512_fp16hw_wfp16 backend=gpu rows=512 hidden=1024 zoo_style=lut zoo_ms_median=27.66948 zoo_ms_min=27.088177 sdk_ms_median=1.224635 sdk_ms_min=1.223229 repeats=20 outputs_identical=true
10-05 10:40:00.894 12185 12199 I hfmodels-decide: RESULT step=release ok=true variant=s512_fp16hw_wfp16 backend=gpu close_ms=161
10-05 10:40:00.894 12185 12199 I hfmodels-decide: RESULT ok=true model=litert-community/GLiNER2.5-Decide-LiteRT variant=s512_fp16hw_wfp16 backend=gpu device=SM-S942Q build=BP4A.251205.006.S942QOPS1AZH9 failures=
## residency (6 lines, pid 12185)
10-05 10:37:36.705 12185 12205 I litert  : [npu_registry.cc:30] NPU accelerator registered.
10-05 10:37:36.734 12185 12205 I litert  : [compiled_model.cc:754] NPU JIT compilation caching enabled with cache dir: /data/user/0/io.github.johnrocky.hfmodels.litert.test/cache
10-05 10:37:36.744 12185 12205 I litert  :   HtpPerformanceMode       : Burst(2)
10-05 10:37:37.642 12185 12205 I litert  : [compiled_model.cc:1250] 0 compiler plugins were applied successfully: 
10-05 10:37:37.654 12185 12205 I litert  :   HtpPerformanceMode       : Burst(2)
10-05 10:37:37.901 12185 12205 I tflite  : Replacing 1877 out of 1877 node(s) with delegate (LITERT_CL) node, yielding 1 partitions for subgraph 0 (main).
