# hfmodels typed-decisions device gate  date=2026-10-04T09:27:09Z serial=RFGL80R6A6H device=SM-S942Q build=BP4A.251205.006.S942QOPS1AZH9 android=16
# git=519722c test=GlinerDecideDeviceTest variant=s128_npu_wfp16 backend=cpu thermal=Thermal Status: 0 battery_level= level: 79 battery_temp_x10C= temperature: 375 screen= mWakefulness=Awake
# gradle rc=0 end=2026-10-04T09:28:11Z thermal_end=Thermal Status: 0 battery_temp_end_x10C= temperature: 384
--------- beginning of main
10-04 18:27:10.426 32717 32731 I hfmodels-decide: device=SM-S942Q soc=QTI/SM8850 build=BP4A.251205.006.S942QOPS1AZH9 android=16 litert=2.2.0 model=litert-community/GLiNER2.5-Decide-LiteRT@310090c3 variant=s128_npu_wfp16 backend=cpu
10-04 18:27:10.430 32717 32737 I hfmodels: resolve litert-community/GLiNER2.5-Decide-LiteRT: commit=310090c3 via EXPLICIT_REVISION, descriptor=caller@explicit/hfmodels.json sha=d4e0f310
10-04 18:27:11.263 32717 32737 I hfmodels: imported gliner25_decide_s128_npu_wfp16.tflite: 660302784 bytes, sha256 ok, from /data/local/tmp/hfmodels/gliner-decide/gliner25_decide_s128_npu_wfp16.tflite
10-04 18:27:11.550 32717 32737 I hfmodels: imported word_embeddings_fp16.bin: 262166528 bytes, sha256 ok, from /data/local/tmp/hfmodels/gliner-decide/host_assets/word_embeddings_fp16.bin
10-04 18:27:11.564 32717 32737 I hfmodels: imported tokenizer.json: 8333952 bytes, sha256 ok, from /data/local/tmp/hfmodels/gliner-decide/host_assets/tokenizer.json
10-04 18:27:11.566 32717 32737 I hfmodels: resolve litert-community/GLiNER2.5-Decide-LiteRT: commit=310090c3 via EXPLICIT_REVISION, descriptor=caller@explicit/hfmodels.json sha=d4e0f310
10-04 18:27:12.151 32717 32737 I hfmodels: tokenizer tokenizer.json: 128011 tokens (Unigram), load_ms=573
10-04 18:27:13.635 32717 32731 I hfmodels: ready litert-community/GLiNER2.5-Decide-LiteRT@310090c3 variant=s128_npu_wfp16 profile=cpu inference=CPU prepare_ms=2059
10-04 18:27:13.635 32717 32731 I hfmodels-decide: RESULT step=load ok=true variant=s128_npu_wfp16 backend=cpu import_ms=1134 load_ms=2071 compile_ms=1483 profile=cpu window=128 head=128 max_options=32 descriptor_patch=none npu_libs_ready=true notes=family=gliner2_decide compile_ms=1483 on cpu (4 threads) | observed backend is UNKNOWN: litert 2.2.0 reports no per-op execution target; 'initialized' is the accelerator the CompiledModel was created with | host token lookup: word_embeddings_fp16.bin (float16, 128011 rows x 1024) feeds inputs_embeds | one gliner2 task per question (task 'answer', the instructions as its prompt, the options as labels); a request longer than the 128-token window or with more than 32 labels is refused, never cut; probabilities are gliner2's single-label float32 softmax of the label logits (T=1)
10-04 18:27:13.972 32717 32731 I hfmodels-decide: RESULT step=sequence ok=true variant=s128_npu_wfp16 backend=cpu rows=42 mismatches=0 window=128
10-04 18:27:26.621 32717 32731 I hfmodels-decide: RESULT step=parity ok=true variant=s128_npu_wfp16 backend=cpu rows=42 argmax_match=42/42 decisions_equal_official=42/42 max_prob_abs_err=2.562999725341797E-4 (worst news_topic_018) max_logit_abs_err_vs_oracle=0.0017347335815429688 max_logit_abs_err_vs_mac_cpu=1.1444091796875E-5 dp_tol=0.01 forward_ms_median=284.900521 p90=323.164375 min=255.398334 max=325.628594
10-04 18:27:38.921 32717 32731 I hfmodels-decide: RESULT step=demo ok=true variant=s128_npu_wfp16 backend=cpu rows=30 same_answer_as_mac=30/30 max_prob_abs_err_vs_mac=8.046627044677734E-7 (worst b05) correct_device=27/30 correct_mac=27/30 question_ms_median=386.99645799999996 p90=412.90635399999996 min=323.30791700000003 max=413.616927 lookup_ms_median=0.42349
10-04 18:27:38.921 32717 32731 I hfmodels-decide: RESULT step=pack ok=true variant=s128_npu_wfp16 backend=cpu skipped: pack=0
10-04 18:28:01.648 32717 32731 I hfmodels-decide: RESULT step=timing ok=true variant=s128_npu_wfp16 backend=cpu repeats=5 decide_4q_total_ms_median=1645.612707 four_decide_1q_total_ms_median=1648.668489 decide_4q_packed_total_ms_median=418.450937 packed_forwards=1 state_tokens=19 per_question_ms=415.641928,413.23979099999997,410.277656,410.53942600000005 answers={department=billing 0.7019873261451721, urgency=0.646363228559494, refund_requested=0.9842851758003235, tone=polite 0.38392704725265503} answers_packed={department=billing 0.5641593933105469, urgency=0.7295432388782501, refund_requested=0.9618256092071533, tone=polite 0.40689727663993835}
10-04 18:28:11.114 32717 32731 I hfmodels-decide: RESULT step=zoo_input ok=true variant=s128_npu_wfp16 backend=cpu text_tokens=12 forward_tokens=69 window=128 first=1 warmups=2 timed=10 wall_ms_median=411.5828905 total_ms_median=411.55562499999996 state_ms_median=0.6036455000000001 question_ms_median=410.8744005 lookup_ms_median=0.46268200000000004 tokenize_ms_median=0.6565885 forward_build_ms_median=1.143646 graph_call_ms_median=410.436276 answer=promise p=nothing:0.042257025837898254,promise:0.46536412835121155,request:0.15299926698207855,plan:0.33937954902648926 wall_ms=414.474844,411.383281,411.823021,413.643645,410.897864,410.974844,413.550104,411.545468,411.620313,411.491197
10-04 18:28:11.284 32717 32731 I hfmodels-decide: RESULT step=lookup ok=true variant=s128_npu_wfp16 backend=cpu rows=128 hidden=1024 zoo_style=lut zoo_ms_median=5.018855 zoo_ms_min=4.97625 sdk_ms_median=0.264219 sdk_ms_min=0.259635 repeats=20 outputs_identical=true
10-04 18:28:11.413 32717 32731 I hfmodels-decide: RESULT step=release ok=true variant=s128_npu_wfp16 backend=cpu close_ms=129
10-04 18:28:11.413 32717 32731 I hfmodels-decide: RESULT ok=true model=litert-community/GLiNER2.5-Decide-LiteRT variant=s128_npu_wfp16 backend=cpu device=SM-S942Q build=BP4A.251205.006.S942QOPS1AZH9 failures=
## residency (6 lines, pid 32717)
10-04 18:27:12.161 32717   330 I litert  : [npu_registry.cc:30] NPU accelerator registered.
10-04 18:27:12.197 32717   330 I litert  : [compiled_model.cc:754] NPU JIT compilation caching enabled with cache dir: /data/user/0/io.github.johnrocky.hfmodels.litert.test/cache
10-04 18:27:12.219 32717   330 I litert  :   HtpPerformanceMode       : Burst(2)
10-04 18:27:12.338 32717   330 I litert  : [compiled_model.cc:1250] 0 compiler plugins were applied successfully: 
10-04 18:27:12.350 32717   330 I litert  :   HtpPerformanceMode       : Burst(2)
10-04 18:27:12.455 32717   330 I tflite  : Replacing 1874 out of 1874 node(s) with delegate (TfLiteXNNPackDelegate) node, yielding 1 partitions for subgraph 0 (main).
