# hfmodels transcribe device gate  date=2026-10-03T05:09:40Z serial=RFGL80R6A6H device=SM-S942Q build=BP4A.251205.006.S942QOPS1AZH9 android=16
# git=a7575c6 test=TranscribeDeviceTest variant=small_fp16 backend=cpu thermal=Thermal Status: 0 battery_level= level: 79 battery_temp_x10C= temperature: 273 screen= mWakefulness=Dozing
# gradle rc=0 end=2026-10-03T05:09:55Z thermal_end=Thermal Status: 0 battery_temp_end_x10C= temperature: 273
--------- beginning of main
10-03 14:09:50.925 15940 15953 I hfmodels-transcribe: device=SM-S942Q soc=QTI/SM8850 build=BP4A.251205.006.S942QOPS1AZH9 android=16 model=litert-community/Zipformer-medium-CR-CTC-LiteRT@7732ad6c variant=small_fp16 backend=cpu
10-03 14:09:50.928 15940 15959 I hfmodels: resolve litert-community/Zipformer-medium-CR-CTC-LiteRT: commit=7732ad6c via EXPLICIT_REVISION, descriptor=caller@explicit/hfmodels.json sha=d00756d9
10-03 14:09:50.930 15940 15959 I hfmodels: resolve litert-community/Zipformer-medium-CR-CTC-LiteRT: commit=7732ad6c via EXPLICIT_REVISION, descriptor=caller@explicit/hfmodels.json sha=d00756d9
10-03 14:09:50.942 15940 15959 I hfmodels: tokens tokens.txt: 502 pieces
10-03 14:09:51.103 15940 15953 I hfmodels: ready litert-community/Zipformer-medium-CR-CTC-LiteRT@7732ad6c variant=small_fp16 profile=cpu inference=CPU prepare_ms=165
10-03 14:09:51.103 15940 15953 I hfmodels-transcribe: RESULT step=load ok=true variant=small_fp16 backend=cpu import_ms=0 load_ms=173 profile=cpu runtime=litert 2.2.0 window_s=16.0 sample_rate=16000 notes=family=zipformer_ctc compile_ms=160 on cpu (4 threads) | observed backend is UNKNOWN: litert 2.2.0 reports no per-op execution target; 'initialized' is the accelerator the CompiledModel was created with | window 16.0 s = 1600 fbank frames at 16000 Hz; longer audio is INVALID_INPUT, shorter is padded
10-03 14:09:51.413 15940 15953 I hfmodels-transcribe: RESULT step=transcribe ok=true variant=small_fp16 backend=cpu file=c01 exact=false norm=false ms_feature=60.5 ms_infer=229.0 ms_total=293.0 audio_s=2.73 got="SET AN ALARM FOR SEVEN THIRTY TO MORROW MORNING" expect="Set an alarm for seven thirty tomorrow morning."
10-03 14:09:51.610 15940 15953 I hfmodels-transcribe: RESULT step=transcribe ok=true variant=small_fp16 backend=cpu file=c02 exact=false norm=false ms_feature=11.8 ms_infer=182.3 ms_total=196.6 audio_s=1.81 got="AND WAKE ME UP AT SIX FIFTEEN" expect="Wake me up at six fifteen."
10-03 14:09:51.806 15940 15953 I hfmodels-transcribe: RESULT step=transcribe ok=true variant=small_fp16 backend=cpu file=c03 exact=false norm=true ms_feature=10.4 ms_infer=182.4 ms_total=195.8 audio_s=1.91 got="START A TIMER FOR TEN MINUTES" expect="Start a timer for ten minutes."
10-03 14:09:51.998 15940 15953 I hfmodels-transcribe: RESULT step=transcribe ok=true variant=small_fp16 backend=cpu file=c04 exact=false norm=true ms_feature=11.1 ms_infer=180.2 ms_total=191.3 audio_s=2.22 got="SET A TIMER FOR FORTY FIVE MINUTES" expect="Set a timer for forty five minutes."
10-03 14:09:52.171 15940 15953 I hfmodels-transcribe: RESULT step=transcribe ok=true variant=small_fp16 backend=cpu file=c05 exact=false norm=false ms_feature=8.5 ms_infer=164.3 ms_total=172.8 audio_s=1.57 got="TIME IS IT RIGHT NOW" expect="What time is it right now?"
10-03 14:09:52.329 15940 15953 I hfmodels-transcribe: RESULT step=transcribe ok=true variant=small_fp16 backend=cpu file=c06 exact=false norm=false ms_feature=9.0 ms_infer=148.4 ms_total=157.4 audio_s=1.96 got="BUT IS ON MY CALENDAR TO MORROW" expect="What is on my calendar tomorrow?"
10-03 14:09:52.483 15940 15953 I hfmodels-transcribe: RESULT step=transcribe ok=true variant=small_fp16 backend=cpu file=c07 exact=false norm=false ms_feature=10.9 ms_infer=143.2 ms_total=154.2 audio_s=2.88 got="HAD A MEETING WITH THE DENTIST AT FIVE P M TO MORROW" expect="Add a meeting with the dentist at five p.m. tomorrow."
10-03 14:09:52.644 15940 15953 I hfmodels-transcribe: RESULT step=transcribe ok=true variant=small_fp16 backend=cpu file=c08 exact=false norm=false ms_feature=13.1 ms_infer=147.0 ms_total=160.2 audio_s=3.49 got="WHO A TEAM STAND UP ON MY CALENDAR AT NINE TO MORROW MORNING" expect="Put a team standup on my calendar at nine tomorrow morning."
10-03 14:09:52.800 15940 15953 I hfmodels-transcribe: RESULT step=transcribe ok=true variant=small_fp16 backend=cpu file=c09 exact=false norm=true ms_feature=11.4 ms_infer=144.7 ms_total=156.2 audio_s=2.95 got="SET AN ALARM FOR EIGHT AND A TIMER FOR TWENTY MINUTES" expect="Set an alarm for eight and a timer for twenty minutes."
10-03 14:09:52.956 15940 15953 I hfmodels-transcribe: RESULT step=transcribe ok=true variant=small_fp16 backend=cpu file=c10 exact=false norm=false ms_feature=10.2 ms_infer=145.2 ms_total=155.4 audio_s=2.68 got="ASE SET IN ALARM FOR HALF PAST NINE TO NIGHT" expect="Please set an alarm for half past nine tonight."
10-03 14:09:52.956 15940 15953 I hfmodels-transcribe: RESULT step=summary ok=true variant=small_fp16 backend=cpu files=10 exact=0 norm=3
10-03 14:09:54.493 15940 15953 I hfmodels-transcribe: RESULT step=timing ok=true variant=small_fp16 backend=cpu warm_calls=10 ms_feature_median=9.3 ms_infer_median=144.5 ms_total_median=153.4 ms_infer_min=143.4 ms_infer_max=145.1 same_text_as_first=10/10
10-03 14:09:54.503 15940 15953 I hfmodels-transcribe: RESULT step=endpointer ok=true variant=small_fp16 backend=cpu files=10 utterances=10 chunk_ms=20 start_rms=0.02 hangover_ms=800 spans(start-end/file_length): c01=40-2731ms(flush)/2731ms c02=0-1813ms(flush)/1813ms c03=140-1906ms(flush)/1906ms c04=40-2220ms(flush)/2220ms c05=0-1569ms(flush)/1569ms c06=0-1964ms(flush)/1964ms c07=0-2875ms(flush)/2875ms c08=40-3492ms(flush)/3492ms c09=40-2951ms(flush)/2951ms c10=40-2680ms(flush)/2680ms
10-03 14:09:54.525 15940 15953 I hfmodels-transcribe: RESULT step=release ok=true variant=small_fp16 backend=cpu close_ms=21
10-03 14:09:54.525 15940 15953 I hfmodels-transcribe: RESULT ok=true model=litert-community/Zipformer-medium-CR-CTC-LiteRT variant=small_fp16 backend=cpu device=SM-S942Q build=BP4A.251205.006.S942QOPS1AZH9 failures=
