# hfmodels typed-decisions device gate  date=2026-10-04T07:19:50Z serial=RFGL80R6A6H device=SM-S942Q build=BP4A.251205.006.S942QOPS1AZH9 android=16
# git=402a874 test=DebertaDecisionDeviceTest variant=s256_fp32 backend=cpu thermal=Thermal Status: 0 battery_level= level: 79 battery_temp_x10C= temperature: 368 screen= mWakefulness=Dozing
# gradle rc=0 end=2026-10-04T07:23:31Z thermal_end=Thermal Status: 1 battery_temp_end_x10C= temperature: 393
--------- beginning of main
10-04 16:19:51.258 18969 18983 I hfmodels-decide: device=SM-S942Q soc=QTI/SM8850 build=BP4A.251205.006.S942QOPS1AZH9 android=16 litert=2.2.0 model=litert-community/Open-Decision-DeBERTa-v3-Large-LiteRT@7a276235 variant=s256_fp32 backend=cpu
10-04 16:19:51.262 18969 18987 I hfmodels: resolve litert-community/Open-Decision-DeBERTa-v3-Large-LiteRT: commit=7a276235 via EXPLICIT_REVISION, descriptor=caller@explicit/hfmodels.json sha=a092c779
10-04 16:19:52.497 18969 18987 I hfmodels: imported deberta_v3_large_decision_s256_fp32.tflite: 1323008720 bytes, sha256 ok, from /data/local/tmp/hfmodels/open-decision/deberta_v3_large_decision_s256_fp32.tflite
10-04 16:19:52.784 18969 18987 I hfmodels: imported word_embeddings_fp16.bin: 262348800 bytes, sha256 ok, from /data/local/tmp/hfmodels/open-decision/word_embeddings_fp16.bin
10-04 16:19:52.795 18969 18987 I hfmodels: imported tokenizer.json: 8657170 bytes, sha256 ok, from /data/local/tmp/hfmodels/open-decision/tokenizer.json
10-04 16:19:52.796 18969 18987 I hfmodels: resolve litert-community/Open-Decision-DeBERTa-v3-Large-LiteRT: commit=7a276235 via EXPLICIT_REVISION, descriptor=caller@explicit/hfmodels.json sha=a092c779
10-04 16:19:53.393 18969 18987 I hfmodels: tokenizer tokenizer.json: 128004 tokens (Unigram), load_ms=588
10-04 16:19:53.930 18969 18983 I hfmodels: ready litert-community/Open-Decision-DeBERTa-v3-Large-LiteRT@7a276235 variant=s256_fp32 profile=cpu inference=CPU prepare_ms=1125
10-04 16:19:53.957 18969 18983 I hfmodels-decide: RESULT step=load ok=true variant=s256_fp32 backend=cpu import_ms=1533 load_ms=1135 compile_ms=534 profile=cpu window=256 head=256 max_options=128 notes=family=deberta_decision compile_ms=534 on cpu (4 threads) | observed backend is UNKNOWN: litert 2.2.0 reports no per-op execution target; 'initialized' is the accelerator the CompiledModel was created with | host token lookup: word_embeddings_fp16.bin (float16, 128100 rows x 1024) feeds inputs_embeds | the questions of one decide() in one forward as the author's decide() does, split in question order when they do not fit the window or the option slots: options = a choice's descriptions (the key when there is none), a score's levels, a noul's no / yes; the state is cut to its first 256 tokens; a request longer than the 256-token window or with more than 128 options is refused; probabilities are the softmax of the logits / 1.05 (the author's calibration), extras.max_probability is the author's confidence
10-04 16:19:54.382 18969 18983 I hfmodels-decide: RESULT step=sequence ok=true variant=s256_fp32 backend=cpu rows=143 of 160 mismatches=0 window=256
10-04 16:21:48.572 18969 18983 I hfmodels-decide: RESULT step=parity ok=true variant=s256_fp32 backend=cpu rows=143 questions=371 argmax_match=371/371 answers_equal_author=371/371 max_prob_abs_err=1.3017797011044552E-4 (worst fam-test-618 q0) max_logit_abs_err_vs_author=7.311701774597168E-4 dp_tol=0.01 forward_ms_median=821.90651 p90=828.093958 min=575.968646 max=834.183177
10-04 16:22:15.658 18969 18983 I hfmodels-decide: RESULT step=demo ok=true variant=s256_fp32 backend=cpu form=policy rows=30 same_answer_as_mac=30/30 max_prob_abs_err_vs_mac=9.15460594983486E-5 (worst b12) encoded_length_equal_host=30/30 dp_tol=0.01 correct_device=19/30 correct_mac=19/30 question_ms_median=831.6498439999999 p90=871.094115 min=822.1969260000001 max=876.458489 lookup_ms_median=0.68651
10-04 16:22:44.390 18969 18983 I hfmodels-decide: RESULT step=demo ok=true variant=s256_fp32 backend=cpu form=keys rows=30 same_answer_as_mac=30/30 max_prob_abs_err_vs_mac=3.8350583829932505E-4 (worst b30) encoded_length_equal_host=30/30 dp_tol=0.01 correct_device=22/30 correct_mac=22/30 question_ms_median=920.932916 p90=929.430573 min=866.638281 max=931.179739 lookup_ms_median=0.706354
10-04 16:23:09.405 18969 18983 I hfmodels-decide: RESULT step=timing ok=true variant=s256_fp32 backend=cpu repeats=5 forwards_for_4q=1 decide_4q_total_ms_median=926.29927 four_decide_1q_total_ms_median=3700.688384 state_tokens=19 per_question_ms=926.276353,926.276353,926.276353,926.276353 answers={department=billing 0.7410167535021063, urgency=0.6640038583958836, refund_requested=0.9173371192134718, tone=neutral 0.444403129023723}
10-04 16:23:30.664 18969 18983 I hfmodels-decide: RESULT step=zoo_input ok=true variant=s256_fp32 backend=cpu text_tokens=11 forward_tokens=64 window=256 first=1 warmups=2 timed=10 wall_ms_median=925.415364 total_ms_median=925.387239 state_ms_median=0.59362 question_ms_median=924.748957 lookup_ms_median=0.674531 tokenize_ms_median=0.6346615 forward_build_ms_median=1.3635415 graph_call_ms_median=921.177083 answer=promise p=nothing:0.04098966538266892,promise:0.37860341689584404,request:0.26149781719103193,plan:0.3189091005304552 wall_ms=924.707031,925.252656,926.250729,926.745885,925.578072,926.591666,923.614531,924.930051,925.959427,924.284687
10-04 16:23:31.235 18969 18983 I hfmodels-decide: RESULT step=lookup ok=true variant=s256_fp32 backend=cpu rows=256 hidden=1024 zoo_style=arith zoo_ms_median=19.10625 zoo_ms_min=18.818646 sdk_ms_median=0.619636 sdk_ms_min=0.615156 repeats=20 outputs_identical=true
10-04 16:23:31.406 18969 18983 I hfmodels-decide: RESULT step=release ok=true variant=s256_fp32 backend=cpu close_ms=171
10-04 16:23:31.407 18969 18983 I hfmodels-decide: RESULT ok=true model=litert-community/Open-Decision-DeBERTa-v3-Large-LiteRT variant=s256_fp32 backend=cpu device=SM-S942Q build=BP4A.251205.006.S942QOPS1AZH9 failures=
## residency (1 lines, pid 18969)
10-04 16:19:53.426 18969 18992 I tflite  : Replacing 1639 out of 1639 node(s) with delegate (TfLiteXNNPackDelegate) node, yielding 1 partitions for subgraph 0 (main).
