# hfmodels typed-decisions device gate  date=2026-10-05T01:29:02Z serial=RFGL80R6A6H device=SM-S942Q build=BP4A.251205.006.S942QOPS1AZH9 android=16
# git=009baa2 test=GlinerDecideDeviceTest variant=s256_npu_wfp16 backend=npu thermal=Thermal Status: 0 battery_level= level: 79 battery_temp_x10C= temperature: 373 screen= mWakefulness=Dozing
# gradle rc=0 end=2026-10-05T01:29:27Z thermal_end=Thermal Status: 0 battery_temp_end_x10C= temperature: 381
--------- beginning of main
10-05 10:29:03.615 10701 10715 I hfmodels-decide: device=SM-S942Q soc=QTI/SM8850 build=BP4A.251205.006.S942QOPS1AZH9 android=16 litert=2.2.0 model=litert-community/GLiNER2.5-Decide-LiteRT@f6f6e9c9 variant=s256_npu_wfp16 backend=npu
10-05 10:29:03.619 10701 10720 I hfmodels: resolve litert-community/GLiNER2.5-Decide-LiteRT: commit=f6f6e9c9 via EXPLICIT_REVISION, descriptor=caller@explicit/hfmodels.json sha=62f4e66e
10-05 10:29:03.625 10701 10720 I hfmodels: resolve litert-community/GLiNER2.5-Decide-LiteRT: commit=f6f6e9c9 via EXPLICIT_REVISION, descriptor=caller@explicit/hfmodels.json sha=62f4e66e
10-05 10:29:04.138 10701 10720 I hfmodels: tokenizer tokenizer.json: 128011 tokens (Unigram), load_ms=501
10-05 10:29:05.407 10701 10715 I hfmodels: ready litert-community/GLiNER2.5-Decide-LiteRT@f6f6e9c9 variant=s256_npu_wfp16 profile=npu inference=NPU prepare_ms=1771
10-05 10:29:05.407 10701 10715 I hfmodels-decide: RESULT step=load ok=true variant=s256_npu_wfp16 backend=npu import_ms=0 load_ms=1784 compile_ms=1267 profile=npu window=256 head=256 max_options=32 descriptor_patch=none npu_libs_ready=true notes=family=gliner2_decide compile_ms=1267 on npu (Qualcomm HTP V81, JIT, burst; the first compile on a phone takes tens of seconds, later loads read the cache) | observed backend is UNKNOWN: litert 2.2.0 reports no per-op execution target; 'initialized' is the accelerator the CompiledModel was created with | host token lookup: word_embeddings_fp16.bin (float16, 128011 rows x 1024) feeds inputs_embeds | one gliner2 task per question (task 'answer', the instructions as its prompt, the options as labels); a request longer than the 256-token window or with more than 32 labels is refused, never cut; probabilities are gliner2's single-label float32 softmax of the label logits (T=1)
10-05 10:29:05.858 10701 10715 I hfmodels-decide: RESULT step=sequence ok=true variant=s256_npu_wfp16 backend=npu rows=42 mismatches=0 window=256
10-05 10:29:11.914 10701 10715 I hfmodels-decide: RESULT step=parity ok=true variant=s256_npu_wfp16 backend=npu rows=42 argmax_match=42/42 decisions_equal_official=42/42 max_prob_abs_err=0.006280720233917236 (worst sports_recap_015) max_logit_abs_err_vs_oracle=0.09678316116333008 max_logit_abs_err_vs_mac_cpu=0.09349966049194336 dp_tol=0.01 forward_ms_median=130.524687 p90=134.243906 min=126.742396 max=138.895782 first10_median=128.083073 last10_median=134.061563
10-05 10:29:16.229 10701 10715 I hfmodels-decide: RESULT step=demo ok=true variant=s256_npu_wfp16 backend=npu rows=30 same_answer_as_mac=30/30 max_prob_abs_err_vs_mac=0.00470617413520813 (worst b24) correct_device=27/30 correct_mac=27/30 question_ms_median=132.864166 p90=135.22312499999998 min=131.310156 max=137.104688 lookup_ms_median=1.883698 first10_median=133.21005200000002 last10_median=132.864166
10-05 10:29:16.229 10701 10715 I hfmodels-decide: RESULT step=pack ok=true variant=s256_npu_wfp16 backend=npu skipped: pack=0
10-05 10:29:23.662 10701 10715 I hfmodels-decide: RESULT step=timing ok=true variant=s256_npu_wfp16 backend=npu repeats=5 decide_4q_total_ms_median=531.149166 four_decide_1q_total_ms_median=533.239635 decide_4q_packed_total_ms_median=148.148073 packed_forwards=1 state_tokens=19 per_question_ms=130.41958300000002,131.96281299999998,133.56088499999998,132.214635 answers={department=billing 0.7025220990180969, urgency=0.6468987166881561, refund_requested=0.984605073928833, tone=polite 0.38285309076309204} answers_packed={department=billing 0.5645906925201416, urgency=0.7296509742736816, refund_requested=0.9617859125137329, tone=polite 0.4066345989704132}
10-05 10:29:26.749 10701 10715 I hfmodels-decide: RESULT step=zoo_input ok=true variant=s256_npu_wfp16 backend=npu text_tokens=12 forward_tokens=69 window=256 first=1 warmups=2 timed=10 wall_ms_median=134.07989600000002 total_ms_median=134.0270575 state_ms_median=1.0514845 question_ms_median=132.8437765 lookup_ms_median=1.710547 tokenize_ms_median=1.1025779999999998 forward_build_ms_median=1.9232550000000002 graph_call_ms_median=131.0229425 answer=promise p=nothing:0.04270995408296585,promise:0.46453118324279785,request:0.1537293642759323,plan:0.33902955055236816 wall_ms=131.949791,136.28026,134.341667,133.061406,136.404322,133.818125,132.769584,136.19401,133.483802,134.412968
10-05 10:29:27.150 10701 10715 I hfmodels-decide: RESULT step=lookup ok=true variant=s256_npu_wfp16 backend=npu rows=256 hidden=1024 zoo_style=lut zoo_ms_median=12.13349 zoo_ms_min=12.093594 sdk_ms_median=0.629636 sdk_ms_min=0.62875 repeats=20 outputs_identical=true
10-05 10:29:27.223 10701 10715 I hfmodels-decide: RESULT step=release ok=true variant=s256_npu_wfp16 backend=npu close_ms=73
10-05 10:29:27.223 10701 10715 I hfmodels-decide: RESULT ok=true model=litert-community/GLiNER2.5-Decide-LiteRT variant=s256_npu_wfp16 backend=npu device=SM-S942Q build=BP4A.251205.006.S942QOPS1AZH9 failures=
## residency (6 lines, pid 10701)
10-05 10:29:04.143 10701 10723 I litert  : [npu_registry.cc:30] NPU accelerator registered.
10-05 10:29:04.177 10701 10723 I litert  : [compiled_model.cc:754] NPU JIT compilation caching enabled with cache dir: /data/user/0/io.github.johnrocky.hfmodels.litert.test/cache
10-05 10:29:04.183 10701 10723 I litert  :   HtpPerformanceMode       : Burst(2)
10-05 10:29:04.916 10701 10723 I litert  : [compiled_model.cc:1233] Flatbuffer model initialized from cached model.
10-05 10:29:04.918 10701 10723 I litert  :   HtpPerformanceMode       : Burst(2)
10-05 10:29:05.009 10701 10723 I tflite  : Replacing 1 out of 1 node(s) with delegate (DispatchDelegate) node, yielding 1 partitions for subgraph 0 (main).
