# hfmodels typed-decisions device gate  date=2026-10-05T02:24:49Z serial=RFGL80R6A6H device=SM-S942Q build=BP4A.251205.006.S942QOPS1AZH9 android=16
# git=4706851 test=DebertaDecisionDeviceTest variant=s256_npu_wfp16 backend=npu thermal=Thermal Status: 0 battery_level= level: 80 battery_temp_x10C= temperature: 375 screen= mWakefulness=Dozing
# gradle rc=0 end=2026-10-05T02:25:24Z thermal_end=Thermal Status: 1 battery_temp_end_x10C= temperature: 388
--------- beginning of main
10-05 11:24:50.738  1763  1777 I hfmodels-decide: device=SM-S942Q soc=QTI/SM8850 build=BP4A.251205.006.S942QOPS1AZH9 android=16 litert=2.2.0 model=litert-community/Open-Decision-DeBERTa-v3-Large-LiteRT@7a276235 variant=s256_npu_wfp16 backend=npu
10-05 11:24:50.741  1763  1781 I hfmodels: resolve litert-community/Open-Decision-DeBERTa-v3-Large-LiteRT: commit=7a276235 via EXPLICIT_REVISION, descriptor=caller@explicit/hfmodels.json sha=b9226bd1
10-05 11:24:50.744  1763  1781 I hfmodels: resolve litert-community/Open-Decision-DeBERTa-v3-Large-LiteRT: commit=7a276235 via EXPLICIT_REVISION, descriptor=caller@explicit/hfmodels.json sha=b9226bd1
10-05 11:24:51.326  1763  1781 I hfmodels: tokenizer tokenizer.json: 128004 tokens (Unigram), load_ms=571
10-05 11:24:52.549  1763  1777 I hfmodels: ready litert-community/Open-Decision-DeBERTa-v3-Large-LiteRT@7a276235 variant=s256_npu_wfp16 profile=npu inference=NPU prepare_ms=1796
10-05 11:24:52.550  1763  1777 I hfmodels-decide: RESULT step=load ok=true variant=s256_npu_wfp16 backend=npu import_ms=0 load_ms=1806 compile_ms=1222 profile=npu window=256 head=256 max_options=128 descriptor_patch=none npu_libs_ready=true notes=family=deberta_decision compile_ms=1222 on npu (Qualcomm HTP V81, JIT, burst; the first compile on a phone takes tens of seconds, later loads read the cache) | observed backend is UNKNOWN: litert 2.2.0 reports no per-op execution target; 'initialized' is the accelerator the CompiledModel was created with | host token lookup: word_embeddings_fp16.bin (float16, 128100 rows x 1024) feeds inputs_embeds | the questions of one decide() in one forward as the author's decide() does, split in question order when they do not fit the window or the option slots: options = a choice's descriptions (the key when there is none), a score's levels, a noul's no / yes; the state is cut to its first 256 tokens; a request longer than the 256-token window or with more than 128 options is refused; probabilities are the softmax of the logits / 1.05 (the author's calibration), extras.max_probability is the author's confidence
10-05 11:24:52.948  1763  1777 I hfmodels-decide: RESULT step=sequence ok=true variant=s256_npu_wfp16 backend=npu rows=143 of 160 mismatches=0 window=256
10-05 11:25:10.190  1763  1777 I hfmodels-decide: RESULT step=parity ok=true variant=s256_npu_wfp16 backend=npu rows=143 questions=371 argmax_match=371/371 answers_equal_author=371/371 max_prob_abs_err=0.00929797448921732 (worst fam-test-1198 q1) max_logit_abs_err_vs_author=0.04025435447692871 dp_tol=0.01 forward_ms_median=112.934167 p90=117.260104 min=108.404063 max=120.142187
10-05 11:25:14.248  1763  1777 I hfmodels-decide: RESULT step=demo ok=true variant=s256_npu_wfp16 backend=npu form=policy rows=30 same_answer_as_mac=30/30 max_prob_abs_err_vs_mac=0.002878611685819099 (worst b10) encoded_length_equal_host=30/30 dp_tol=0.01 correct_device=19/30 correct_mac=19/30 question_ms_median=120.56198 p90=122.321875 min=115.924582 max=123.407864 lookup_ms_median=1.752812
10-05 11:25:17.966  1763  1777 I hfmodels-decide: RESULT step=demo ok=true variant=s256_npu_wfp16 backend=npu form=keys rows=30 same_answer_as_mac=30/30 max_prob_abs_err_vs_mac=0.006154591713030677 (worst b10) encoded_length_equal_host=30/30 dp_tol=0.01 correct_device=22/30 correct_mac=22/30 question_ms_median=113.54369799999999 p90=114.498645 min=112.338333 max=115.950208 lookup_ms_median=1.705052
10-05 11:25:21.157  1763  1777 I hfmodels-decide: RESULT step=timing ok=true variant=s256_npu_wfp16 backend=npu repeats=5 forwards_for_4q=1 decide_4q_total_ms_median=124.736875 four_decide_1q_total_ms_median=461.489844 state_tokens=19 per_question_ms=122.217084,122.217084,122.217084,122.217084 answers={department=billing 0.7416029600947379, urgency=0.6658576532513145, refund_requested=0.9175549740063775, tone=neutral 0.44466224361194673}
10-05 11:25:23.850  1763  1777 I hfmodels-decide: RESULT step=zoo_input ok=true variant=s256_npu_wfp16 backend=npu text_tokens=11 forward_tokens=64 window=256 first=1 warmups=2 timed=10 wall_ms_median=118.059818 total_ms_median=118.0243485 state_ms_median=0.6805205000000001 question_ms_median=117.26112 lookup_ms_median=1.5353645 tokenize_ms_median=0.7182035 forward_build_ms_median=2.700859 graph_call_ms_median=112.021016 answer=promise p=nothing:0.041032658623525946,promise:0.37799668075660475,request:0.2615385896773172,plan:0.31943207094255205 wall_ms=117.361458,118.255624,118.048021,118.071615,118.276041,117.905937,117.479479,118.446302,118.198281,116.92823
10-05 11:25:24.437  1763  1777 I hfmodels-decide: RESULT step=lookup ok=true variant=s256_npu_wfp16 backend=npu rows=256 hidden=1024 zoo_style=arith zoo_ms_median=18.75974 zoo_ms_min=18.573334 sdk_ms_median=0.618281 sdk_ms_min=0.615937 repeats=20 outputs_identical=true
10-05 11:25:24.509  1763  1777 I hfmodels-decide: RESULT step=release ok=true variant=s256_npu_wfp16 backend=npu close_ms=72
10-05 11:25:24.510  1763  1777 I hfmodels-decide: RESULT ok=true model=litert-community/Open-Decision-DeBERTa-v3-Large-LiteRT variant=s256_npu_wfp16 backend=npu device=SM-S942Q build=BP4A.251205.006.S942QOPS1AZH9 failures=
## residency (6 lines, pid 1763)
10-05 11:24:51.329  1763  1784 I litert  : [npu_registry.cc:30] NPU accelerator registered.
10-05 11:24:51.358  1763  1784 I litert  : [compiled_model.cc:754] NPU JIT compilation caching enabled with cache dir: /data/user/0/io.github.johnrocky.hfmodels.litert.test/cache
10-05 11:24:51.363  1763  1784 I litert  :   HtpPerformanceMode       : Burst(2)
10-05 11:24:52.049  1763  1784 I litert  : [compiled_model.cc:1233] Flatbuffer model initialized from cached model.
10-05 11:24:52.050  1763  1784 I litert  :   HtpPerformanceMode       : Burst(2)
10-05 11:24:52.153  1763  1784 I tflite  : Replacing 1 out of 1 node(s) with delegate (DispatchDelegate) node, yielding 1 partitions for subgraph 0 (main).
