# hfmodels typed-decisions device gate  date=2026-10-04T01:28:22Z serial=RFGL80R6A6H device=SM-S942Q build=BP4A.251205.006.S942QOPS1AZH9 android=16
# git=29bc04c test=GlinerDecideDeviceTest variant=s128_npu_wfp16 backend=gpu thermal=Thermal Status: 0 battery_level= level: 79 battery_temp_x10C= temperature: 351 screen= mWakefulness=Dozing
# gradle rc=1 end=2026-10-04T01:28:33Z thermal_end=Thermal Status: 0 battery_temp_end_x10C= temperature: 350
--------- beginning of main
10-04 10:28:23.081 23504 23519 I hfmodels-decide: device=SM-S942Q soc=QTI/SM8850 build=BP4A.251205.006.S942QOPS1AZH9 android=16 litert=2.2.0 model=litert-community/GLiNER2.5-Decide-LiteRT@db801972 variant=s128_npu_wfp16 backend=gpu
10-04 10:28:23.085 23504 23533 I hfmodels: resolve litert-community/GLiNER2.5-Decide-LiteRT: commit=db801972 via EXPLICIT_REVISION, descriptor=caller@explicit/hfmodels.json sha=c0fbbea3
10-04 10:28:23.088 23504 23533 I hfmodels: resolve litert-community/GLiNER2.5-Decide-LiteRT: commit=db801972 via EXPLICIT_REVISION, descriptor=caller@explicit/hfmodels.json sha=c0fbbea3
10-04 10:28:23.608 23504 23533 I hfmodels: tokenizer tokenizer.json: 128011 tokens (Unigram), load_ms=509
10-04 10:28:26.591 23504 23519 I hfmodels: ready litert-community/GLiNER2.5-Decide-LiteRT@db801972 variant=s128_npu_wfp16 profile=gpu inference=GPU prepare_ms=3494
10-04 10:28:26.592 23504 23519 I hfmodels-decide: RESULT step=load ok=true variant=s128_npu_wfp16 backend=gpu import_ms=0 load_ms=3505 compile_ms=2982 profile=gpu window=128 head=128 max_options=32 descriptor_patch=gpu_precision=fp16 npu_libs_ready=true notes=family=gliner2_decide compile_ms=2982 on gpu (precision fp16) | observed backend is UNKNOWN: litert 2.2.0 reports no per-op execution target; 'initialized' is the accelerator the CompiledModel was created with | host token lookup: word_embeddings_fp16.bin (float16, 128011 rows x 1024) feeds inputs_embeds | one gliner2 task per question (task 'answer', the instructions as its prompt, the options as labels); a request longer than the 128-token window or with more than 32 labels is refused, never cut; probabilities are gliner2's single-label float32 softmax of the label logits (T=1)
10-04 10:28:26.876 23504 23519 I hfmodels-decide: RESULT step=sequence ok=true variant=s128_npu_wfp16 backend=gpu rows=42 mismatches=0 window=128
10-04 10:28:28.615 23504 23519 W hfmodels-decide: travel_request_018: argmax differs; device [-3.6425781, -7.4804688, -7.5117188, -7.71875, -6.5625, -7.4765625, -0.86865234, -6.5078125, -0.6953125, -0.6640625, -3.875, -2.5] oracle [-3.6035953, -7.473303, -7.485424, -7.7019105, -6.5159845, -7.483101, -0.87220126, -6.481962, -0.67089975, -0.68659914, -3.882111, -2.4998386]
10-04 10:28:28.615 23504 23519 W hfmodels-decide: travel_request_018: decisions differ from the official result
10-04 10:28:29.040 23504 23519 I hfmodels-decide: RESULT step=parity ok=false variant=s128_npu_wfp16 backend=gpu rows=42 argmax_match=41/42 decisions_equal_official=41/42 max_prob_abs_err=0.016016513109207153 (worst product_feedback_003) max_logit_abs_err_vs_oracle=0.10045528411865234 max_logit_abs_err_vs_mac_cpu=0.10042905807495117 dp_tol=0.01 forward_ms_median=40.858958 p90=44.579219 min=38.742917 max=45.400209
10-04 10:28:30.561 23504 23519 I hfmodels-decide: RESULT step=demo ok=true variant=s128_npu_wfp16 backend=gpu rows=30 same_answer_as_mac=30/30 max_prob_abs_err_vs_mac=0.007804274559020996 (worst b24) correct_device=27/30 correct_mac=27/30 question_ms_median=44.462344 p90=47.880156 min=42.184791000000004 max=48.184582999999996 lookup_ms_median=1.20151
10-04 10:28:30.580 23504 23519 I hfmodels-decide: RESULT step=pack ok=true variant=s128_npu_wfp16 backend=gpu skipped: pack=0
10-04 10:28:33.155 23504 23519 I hfmodels-decide: RESULT step=timing ok=true variant=s128_npu_wfp16 backend=gpu repeats=5 decide_4q_total_ms_median=172.245624 four_decide_1q_total_ms_median=186.239323 decide_4q_packed_total_ms_median=59.259583 packed_forwards=1 state_tokens=19 per_question_ms=43.086667,41.554584,40.540626,41.335625 answers={department=billing 0.7046681642532349, urgency=0.6461183428764343, refund_requested=0.9847962856292725, tone=polite 0.38585397601127625} answers_packed={department=billing 0.5651907920837402, urgency=0.7317247092723846, refund_requested=0.961605966091156, tone=polite 0.4067637622356415}
10-04 10:28:33.321 23504 23519 I hfmodels-decide: RESULT step=lookup ok=true variant=s128_npu_wfp16 backend=gpu rows=128 hidden=1024 zoo_style=lut zoo_ms_median=3.916458 zoo_ms_min=3.858333 sdk_ms_median=0.204322 sdk_ms_min=0.203855 repeats=20 outputs_identical=true
10-04 10:28:33.385 23504 23519 I hfmodels-decide: RESULT step=release ok=true variant=s128_npu_wfp16 backend=gpu close_ms=64
10-04 10:28:33.386 23504 23519 I hfmodels-decide: RESULT ok=false model=litert-community/GLiNER2.5-Decide-LiteRT variant=s128_npu_wfp16 backend=gpu device=SM-S942Q build=BP4A.251205.006.S942QOPS1AZH9 failures=parity: rows=42 argmax_match=41/42 decisions_equal_official=41/42 max_prob_abs_err=0.016016513109207153 (worst product_feedback_003) max_logit_abs_err_vs_oracle=0.10045528411865234 max_logit_abs_err_vs_mac_cpu=0.10042905807495117 dp_tol=0.01 forward_ms_median=40.858958 p90=44.579219 min=38.742917 max=45.400209
## residency (6 lines, pid 23504)
10-04 10:28:23.612 23504 23536 I litert  : [npu_registry.cc:30] NPU accelerator registered.
10-04 10:28:23.644 23504 23536 I litert  : [compiled_model.cc:754] NPU JIT compilation caching enabled with cache dir: /data/user/0/io.github.johnrocky.hfmodels.litert.test/cache
10-04 10:28:23.650 23504 23536 I litert  :   HtpPerformanceMode       : Burst(2)
10-04 10:28:23.756 23504 23536 I litert  : [compiled_model.cc:1250] 0 compiler plugins were applied successfully: 
10-04 10:28:23.759 23504 23536 I litert  :   HtpPerformanceMode       : Burst(2)
10-04 10:28:23.934 23504 23536 I tflite  : Replacing 1874 out of 1874 node(s) with delegate (LITERT_CL) node, yielding 1 partitions for subgraph 0 (main).
