# hfmodels transcribe device gate  date=2026-10-05T01:03:39Z serial=RFGL80R6A6H device=SM-S942Q build=BP4A.251205.006.S942QOPS1AZH9 android=16
# git=ee61fcc test=TranscribeDeviceTest variant=small_fp16 backend=gpu thermal=Thermal Status: 0 battery_level= level: 79 battery_temp_x10C= temperature: 373 screen= mWakefulness=Awake
# gradle rc=0 end=2026-10-05T01:03:56Z thermal_end=Thermal Status: 0 battery_temp_end_x10C= temperature: 369
--------- beginning of main
10-05 10:03:50.676 31311 31325 I hfmodels-transcribe: device=SM-S942Q soc=QTI/SM8850 build=BP4A.251205.006.S942QOPS1AZH9 android=16 model=litert-community/Zipformer-medium-CR-CTC-LiteRT@fa063a88 variant=small_fp16 backend=gpu network=Offline preroll_ms=0 gpu_precision=descriptor
10-05 10:03:50.684 31311 31329 I hfmodels: resolve litert-community/Zipformer-medium-CR-CTC-LiteRT: commit=fa063a88 via EXPLICIT_REVISION, descriptor=litert-community/Zipformer-medium-CR-CTC-LiteRT@fa063a88/hfmodels.json sha=7aff6f2b
10-05 10:03:50.688 31311 31329 I hfmodels: resolve litert-community/Zipformer-medium-CR-CTC-LiteRT: commit=fa063a88 via EXPLICIT_REVISION, descriptor=litert-community/Zipformer-medium-CR-CTC-LiteRT@fa063a88/hfmodels.json sha=7aff6f2b
10-05 10:03:50.701 31311 31329 I hfmodels: tokens tokens.txt: 502 pieces
10-05 10:03:53.603 31311 31325 I hfmodels: ready litert-community/Zipformer-medium-CR-CTC-LiteRT@fa063a88 variant=small_fp16 profile=gpu inference=GPU prepare_ms=2906
10-05 10:03:53.603 31311 31325 I hfmodels-transcribe: RESULT step=load ok=true variant=small_fp16 backend=gpu commit=fa063a88 binding=EXPLICIT_REVISION descriptor=litert-community/Zipformer-medium-CR-CTC-LiteRT@fa063a88/hfmodels.json import_ms=0 load_ms=2916 profile=gpu runtime=litert 2.2.0 window_s=16.0 sample_rate=16000 notes=family=zipformer_ctc compile_ms=2900 on gpu (precision default) | observed backend is UNKNOWN: litert 2.2.0 reports no per-op execution target; 'initialized' is the accelerator the CompiledModel was created with | window 16.0 s = 1600 fbank frames at 16000 Hz; longer audio is INVALID_INPUT, shorter is padded
10-05 10:03:53.767 31311 31325 I hfmodels-transcribe: RESULT step=transcribe ok=true variant=small_fp16 backend=gpu file=c01 exact=false norm=false ms_feature=90.5 ms_infer=35.9 ms_total=132.3 audio_s=2.73 got="SET AN ALARM FOR SEVEN THIRTY TO MORROW MORNING" expect="Set an alarm for seven thirty tomorrow morning."
10-05 10:03:53.823 31311 31325 I hfmodels-transcribe: RESULT step=transcribe ok=true variant=small_fp16 backend=gpu file=c02 exact=false norm=false ms_feature=17.0 ms_infer=30.0 ms_total=54.8 audio_s=1.81 got="AND WAKE ME UP AT SIX FIFTEEN" expect="Wake me up at six fifteen."
10-05 10:03:53.870 31311 31325 I hfmodels-transcribe: RESULT step=transcribe ok=true variant=small_fp16 backend=gpu file=c03 exact=false norm=true ms_feature=11.4 ms_infer=29.6 ms_total=46.0 audio_s=1.91 got="START A TIMER FOR TEN MINUTES" expect="Start a timer for ten minutes."
10-05 10:03:53.917 31311 31325 I hfmodels-transcribe: RESULT step=transcribe ok=true variant=small_fp16 backend=gpu file=c04 exact=false norm=true ms_feature=17.4 ms_infer=29.1 ms_total=46.7 audio_s=2.22 got="SET A TIMER FOR FORTY FIVE MINUTES" expect="Set a timer for forty five minutes."
10-05 10:03:53.966 31311 31325 I hfmodels-transcribe: RESULT step=transcribe ok=true variant=small_fp16 backend=gpu file=c05 exact=false norm=false ms_feature=17.3 ms_infer=29.9 ms_total=47.5 audio_s=1.57 got="TIME IS IT RIGHT NOW" expect="What time is it right now?"
10-05 10:03:54.018 31311 31325 I hfmodels-transcribe: RESULT step=transcribe ok=true variant=small_fp16 backend=gpu file=c06 exact=false norm=false ms_feature=21.4 ms_infer=29.6 ms_total=51.2 audio_s=1.96 got="BUT IS ON MY CALENDAR TO MORROW" expect="What is on my calendar tomorrow?"
10-05 10:03:54.068 31311 31325 I hfmodels-transcribe: RESULT step=transcribe ok=true variant=small_fp16 backend=gpu file=c07 exact=false norm=false ms_feature=18.7 ms_infer=29.7 ms_total=48.8 audio_s=2.88 got="HAD A MEETING WITH THE DENTIST AT FIVE P M TO MORROW" expect="Add a meeting with the dentist at five p.m. tomorrow."
10-05 10:03:54.126 31311 31325 I hfmodels-transcribe: RESULT step=transcribe ok=true variant=small_fp16 backend=gpu file=c08 exact=false norm=false ms_feature=28.0 ms_infer=29.3 ms_total=57.6 audio_s=3.49 got="WHO A TEAM STAND UP ON MY CALENDAR AT NINE TO MORROW MORNING" expect="Put a team standup on my calendar at nine tomorrow morning."
10-05 10:03:54.185 31311 31325 I hfmodels-transcribe: RESULT step=transcribe ok=true variant=small_fp16 backend=gpu file=c09 exact=false norm=false ms_feature=27.0 ms_infer=29.6 ms_total=57.1 audio_s=2.95 got="SET AN ALARM FOR AID AND A TIMER FOR TWENTY MINUTES" expect="Set an alarm for eight and a timer for twenty minutes."
10-05 10:03:54.239 31311 31325 I hfmodels-transcribe: RESULT step=transcribe ok=true variant=small_fp16 backend=gpu file=c10 exact=false norm=false ms_feature=24.3 ms_infer=29.4 ms_total=54.0 audio_s=2.68 got="LEASE SET AN ALARM FOR HALF PAST NINE TO NIGHT" expect="Please set an alarm for half past nine tonight."
10-05 10:03:54.240 31311 31325 I hfmodels-transcribe: RESULT step=summary ok=true variant=small_fp16 backend=gpu files=10 exact=0 norm=2 preroll_ms=0 gpu_precision=descriptor
10-05 10:03:54.781 31311 31325 I hfmodels-transcribe: RESULT step=timing ok=true variant=small_fp16 backend=gpu warm_calls=10 ms_feature_median=24.4 ms_infer_median=29.6 ms_total_median=54.1 ms_infer_min=28.4 ms_infer_max=30.0 same_text_as_first=10/10
10-05 10:03:54.835 31311 31325 I hfmodels-transcribe: RESULT step=endpointer_text ok=true variant=small_fp16 backend=gpu file=c01 norm=false utterances=1 pre_roll_ms=40 samples=43700 got="SET AN ALARM FOR SEVEN THIRTY TO MORROW MORNING" expect="Set an alarm for seven thirty tomorrow morning."
10-05 10:03:54.890 31311 31325 I hfmodels-transcribe: RESULT step=endpointer_text ok=true variant=small_fp16 backend=gpu file=c02 norm=false utterances=1 pre_roll_ms=0 samples=29015 got="AND WAKE ME UP AT SIX FIFTEEN" expect="Wake me up at six fifteen."
10-05 10:03:54.940 31311 31325 I hfmodels-transcribe: RESULT step=endpointer_text ok=true variant=small_fp16 backend=gpu file=c03 norm=true utterances=1 pre_roll_ms=140 samples=30500 got="START A TIMER FOR TEN MINUTES" expect="Start a timer for ten minutes."
10-05 10:03:54.988 31311 31325 I hfmodels-transcribe: RESULT step=endpointer_text ok=true variant=small_fp16 backend=gpu file=c04 norm=true utterances=1 pre_roll_ms=40 samples=35526 got="SET A TIMER FOR FORTY FIVE MINUTES" expect="Set a timer for forty five minutes."
10-05 10:03:55.030 31311 31325 I hfmodels-transcribe: RESULT step=endpointer_text ok=true variant=small_fp16 backend=gpu file=c05 norm=false utterances=1 pre_roll_ms=0 samples=25117 got="TIME IS IT RIGHT NOW" expect="What time is it right now?"
10-05 10:03:55.086 31311 31325 I hfmodels-transcribe: RESULT step=endpointer_text ok=true variant=small_fp16 backend=gpu file=c06 norm=false utterances=1 pre_roll_ms=0 samples=31432 got="BUT IS ON MY CALENDAR TO MORROW" expect="What is on my calendar tomorrow?"
10-05 10:03:55.157 31311 31325 I hfmodels-transcribe: RESULT step=endpointer_text ok=true variant=small_fp16 backend=gpu file=c07 norm=false utterances=1 pre_roll_ms=0 samples=46014 got="HAD A MEETING WITH THE DENTIST AT FIVE P M TO MORROW" expect="Add a meeting with the dentist at five p.m. tomorrow."
10-05 10:03:55.229 31311 31325 I hfmodels-transcribe: RESULT step=endpointer_text ok=true variant=small_fp16 backend=gpu file=c08 norm=false utterances=1 pre_roll_ms=40 samples=55883 got="WHO A TEAM STAND UP ON MY CALENDAR AT NINE TO MORROW MORNING" expect="Put a team standup on my calendar at nine tomorrow morning."
10-05 10:03:55.289 31311 31325 I hfmodels-transcribe: RESULT step=endpointer_text ok=true variant=small_fp16 backend=gpu file=c09 norm=false utterances=1 pre_roll_ms=40 samples=47229 got="SET AN ALARM FOR AID AND A TIMER FOR TWENTY MINUTES" expect="Set an alarm for eight and a timer for twenty minutes."
10-05 10:03:55.356 31311 31325 I hfmodels-transcribe: RESULT step=endpointer_text ok=true variant=small_fp16 backend=gpu file=c10 norm=false utterances=1 pre_roll_ms=40 samples=42880 got="LEASE SET AN ALARM FOR HALF PAST NINE TO NIGHT" expect="Please set an alarm for half past nine tonight."
10-05 10:03:55.357 31311 31325 I hfmodels-transcribe: RESULT step=endpointer ok=true variant=small_fp16 backend=gpu files=10 utterances=10 norm=2/10 chunk_ms=20 start_rms=0.02 hangover_ms=800 pre_roll_ms=300 pre_roll_used_ms(what each WAV holds before its first voiced run, at most pre_roll_ms; the fixtures have no silence of their own in front): c01=40 c02=0 c03=140 c04=40 c05=0 c06=0 c07=0 c08=40 c09=40 c10=40 spans(start-end/file_length): c01=0-2731ms(flush)/2731ms c02=0-1813ms(flush)/1813ms c03=0-1906ms(flush)/1906ms c04=0-2220ms(flush)/2220ms c05=0-1569ms(flush)/1569ms c06=0-1964ms(flush)/1964ms c07=0-2875ms(flush)/2875ms c08=0-3492ms(flush)/3492ms c09=0-2951ms(flush)/2951ms c10=0-2680ms(flush)/2680ms
10-05 10:03:55.391 31311 31325 I hfmodels-transcribe: RESULT step=release ok=true variant=small_fp16 backend=gpu close_ms=35
10-05 10:03:55.392 31311 31325 I hfmodels-transcribe: RESULT ok=true model=litert-community/Zipformer-medium-CR-CTC-LiteRT variant=small_fp16 backend=gpu device=SM-S942Q build=BP4A.251205.006.S942QOPS1AZH9 failures=
