# hfmodels typed-decisions device gate  date=2026-10-04T06:50:17Z serial=RFGL80R6A6H device=SM-S942Q build=BP4A.251205.006.S942QOPS1AZH9 android=16
# git=402a874 test=GlinerDecideDeviceTest variant=s512_wfp16 backend=gpu thermal=Thermal Status: 0 battery_level= level: 79 battery_temp_x10C= temperature: 356 screen= mWakefulness=Awake
# gradle rc=0 end=2026-10-04T06:52:03Z thermal_end=Thermal Status: 2 battery_temp_end_x10C= temperature: 438
--------- beginning of main
10-04 15:50:18.470 13765 13780 I hfmodels-decide: device=SM-S942Q soc=QTI/SM8850 build=BP4A.251205.006.S942QOPS1AZH9 android=16 litert=2.2.0 model=litert-community/GLiNER2.5-Decide-LiteRT@db801972 variant=s512_wfp16 backend=gpu
10-04 15:50:18.473 13765 13784 I hfmodels: resolve litert-community/GLiNER2.5-Decide-LiteRT: commit=db801972 via EXPLICIT_REVISION, descriptor=caller@explicit/hfmodels.json sha=7212d850
10-04 15:50:19.320 13765 13784 I hfmodels: imported gliner25_decide_s512_wfp16.tflite: 811378816 bytes, sha256 ok, from /data/local/tmp/hfmodels/gliner-decide/gliner25_decide_s512_wfp16.tflite
10-04 15:50:19.602 13765 13784 I hfmodels: imported word_embeddings_fp16.bin: 262166528 bytes, sha256 ok, from /data/local/tmp/hfmodels/gliner-decide/host_assets/word_embeddings_fp16.bin
10-04 15:50:19.612 13765 13784 I hfmodels: imported tokenizer.json: 8333952 bytes, sha256 ok, from /data/local/tmp/hfmodels/gliner-decide/host_assets/tokenizer.json
10-04 15:50:19.614 13765 13784 I hfmodels: resolve litert-community/GLiNER2.5-Decide-LiteRT: commit=db801972 via EXPLICIT_REVISION, descriptor=caller@explicit/hfmodels.json sha=7212d850
10-04 15:50:20.121 13765 13784 I hfmodels: tokenizer tokenizer.json: 128011 tokens (Unigram), load_ms=496
10-04 15:50:24.386 13765 13780 I hfmodels: ready litert-community/GLiNER2.5-Decide-LiteRT@db801972 variant=s512_wfp16 profile=gpu inference=GPU prepare_ms=4763
10-04 15:50:24.386 13765 13780 I hfmodels-decide: RESULT step=load ok=true variant=s512_wfp16 backend=gpu import_ms=1136 load_ms=4774 compile_ms=4263 profile=gpu window=512 head=512 max_options=32 descriptor_patch=none npu_libs_ready=false notes=family=gliner2_decide compile_ms=4263 on gpu (precision fp32) | observed backend is UNKNOWN: litert 2.2.0 reports no per-op execution target; 'initialized' is the accelerator the CompiledModel was created with | host token lookup: word_embeddings_fp16.bin (float16, 128011 rows x 1024) feeds inputs_embeds | one gliner2 task per question (task 'answer', the instructions as its prompt, the options as labels); a request longer than the 512-token window or with more than 32 labels is refused, never cut; probabilities are gliner2's single-label float32 softmax of the label logits (T=1)
10-04 15:50:24.991 13765 13780 I hfmodels-decide: RESULT step=sequence ok=true variant=s512_wfp16 backend=gpu rows=42 mismatches=0 window=512
10-04 15:50:50.466 13765 13780 I hfmodels-decide: RESULT step=parity ok=true variant=s512_wfp16 backend=gpu rows=42 argmax_match=42/42 decisions_equal_official=42/42 max_prob_abs_err=2.2584199905395508E-4 (worst screen_tags_005) max_logit_abs_err_vs_oracle=0.003300905227661133 max_logit_abs_err_vs_mac_cpu=2.574920654296875E-5 dp_tol=0.01 forward_ms_median=578.269948 p90=587.338958 min=572.043021 max=600.861822
10-04 15:51:10.032 13765 13780 I hfmodels-decide: RESULT step=demo ok=true variant=s512_wfp16 backend=gpu rows=30 same_answer_as_mac=30/30 max_prob_abs_err_vs_mac=2.175569534301758E-6 (worst b27) correct_device=27/30 correct_mac=27/30 question_ms_median=615.471301 p90=629.688229 min=591.267865 max=633.584219 lookup_ms_median=3.908542
10-04 15:51:10.033 13765 13780 I hfmodels-decide: RESULT step=pack ok=true variant=s512_wfp16 backend=gpu skipped: pack=0
10-04 15:51:45.952 13765 13780 I hfmodels-decide: RESULT step=timing ok=true variant=s512_wfp16 backend=gpu repeats=5 decide_4q_total_ms_median=2578.292395 four_decide_1q_total_ms_median=2601.848541 decide_4q_packed_total_ms_median=663.617135 packed_forwards=1 state_tokens=19 per_question_ms=685.463802,688.147866,691.0542710000001,688.369479 answers={department=billing 0.7019871473312378, urgency=0.6463629007339478, refund_requested=0.9842850565910339, tone=polite 0.38392743468284607} answers_packed={department=billing 0.5641588568687439, urgency=0.7295433580875397, refund_requested=0.9618254899978638, tone=polite 0.40689727663993835}
10-04 15:52:01.987 13765 13780 I hfmodels-decide: RESULT step=zoo_input ok=true variant=s512_wfp16 backend=gpu text_tokens=12 forward_tokens=69 window=512 first=1 warmups=2 timed=10 wall_ms_median=695.14276 total_ms_median=695.0836455 state_ms_median=1.662786 question_ms_median=693.4250525 lookup_ms_median=3.1540359999999996 tokenize_ms_median=1.70336 forward_build_ms_median=2.8311195 graph_call_ms_median=689.5580465 answer=promise p=nothing:0.04225689545273781,promise:0.4653647840023041,request:0.15299905836582184,plan:0.3393792510032654 wall_ms=699.475209,700.490677,697.904948,693.122864,695.056666,694.150989,695.228854,710.038177,693.244531,692.859166
10-04 15:52:02.865 13765 13780 I hfmodels-decide: RESULT step=lookup ok=true variant=s512_wfp16 backend=gpu rows=512 hidden=1024 zoo_style=lut zoo_ms_median=30.913646 zoo_ms_min=30.551666 sdk_ms_median=1.478125 sdk_ms_min=1.358646 repeats=20 outputs_identical=true
10-04 15:52:02.999 13765 13780 I hfmodels-decide: RESULT step=release ok=true variant=s512_wfp16 backend=gpu close_ms=134
10-04 15:52:03.000 13765 13780 I hfmodels-decide: RESULT ok=true model=litert-community/GLiNER2.5-Decide-LiteRT variant=s512_wfp16 backend=gpu device=SM-S942Q build=BP4A.251205.006.S942QOPS1AZH9 failures=
## residency (1 lines, pid 13765)
10-04 15:50:20.255 13765 13872 I tflite  : Replacing 1780 out of 1780 node(s) with delegate (LITERT_CL) node, yielding 1 partitions for subgraph 0 (main).
