# hfmodels transcribe device gate  date=2026-10-03T05:11:04Z serial=RFGL80R6A6H device=SM-S942Q build=BP4A.251205.006.S942QOPS1AZH9 android=16
# git=36dcb6e test=TranscribeDeviceTest variant=small_fp16 backend=gpu thermal=Thermal Status: 0 battery_level= level: 79 battery_temp_x10C= temperature: 275 screen= mWakefulness=Dozing
# gradle rc=0 end=2026-10-03T05:11:19Z thermal_end=Thermal Status: 0 battery_temp_end_x10C= temperature: 279
--------- beginning of main
10-03 14:11:15.296 16542 16556 I hfmodels-transcribe: device=SM-S942Q soc=QTI/SM8850 build=BP4A.251205.006.S942QOPS1AZH9 android=16 model=litert-community/Zipformer-medium-CR-CTC-LiteRT@7732ad6c variant=small_fp16 backend=gpu preroll_ms=300 gpu_precision=descriptor
10-03 14:11:15.299 16542 16561 I hfmodels: resolve litert-community/Zipformer-medium-CR-CTC-LiteRT: commit=7732ad6c via EXPLICIT_REVISION, descriptor=caller@explicit/hfmodels.json sha=d00756d9
10-03 14:11:15.302 16542 16561 I hfmodels: resolve litert-community/Zipformer-medium-CR-CTC-LiteRT: commit=7732ad6c via EXPLICIT_REVISION, descriptor=caller@explicit/hfmodels.json sha=d00756d9
10-03 14:11:15.314 16542 16561 I hfmodels: tokens tokens.txt: 502 pieces
10-03 14:11:17.392 16542 16556 I hfmodels: ready litert-community/Zipformer-medium-CR-CTC-LiteRT@7732ad6c variant=small_fp16 profile=gpu inference=GPU prepare_ms=2082
10-03 14:11:17.392 16542 16556 I hfmodels-transcribe: RESULT step=load ok=true variant=small_fp16 backend=gpu import_ms=0 load_ms=2091 profile=gpu runtime=litert 2.2.0 window_s=16.0 sample_rate=16000 notes=family=zipformer_ctc compile_ms=2077 on gpu (precision default) | observed backend is UNKNOWN: litert 2.2.0 reports no per-op execution target; 'initialized' is the accelerator the CompiledModel was created with | window 16.0 s = 1600 fbank frames at 16000 Hz; longer audio is INVALID_INPUT, shorter is padded
10-03 14:11:17.518 16542 16556 I hfmodels-transcribe: RESULT step=transcribe ok=true variant=small_fp16 backend=gpu file=c01 exact=false norm=false ms_feature=63.5 ms_infer=34.3 ms_total=109.3 audio_s=3.03 got="SET IN ALARM FOR SEVEN THIRTY TO MORROW MORNING" expect="Set an alarm for seven thirty tomorrow morning."
10-03 14:11:17.572 16542 16556 I hfmodels-transcribe: RESULT step=transcribe ok=true variant=small_fp16 backend=gpu file=c02 exact=false norm=true ms_feature=15.4 ms_infer=29.4 ms_total=53.6 audio_s=2.11 got="WAKE ME UP AT SIX FIFTEEN" expect="Wake me up at six fifteen."
10-03 14:11:17.615 16542 16556 I hfmodels-transcribe: RESULT step=transcribe ok=true variant=small_fp16 backend=gpu file=c03 exact=false norm=true ms_feature=10.0 ms_infer=28.9 ms_total=42.9 audio_s=2.21 got="START A TIMER FOR TEN MINUTES" expect="Start a timer for ten minutes."
10-03 14:11:17.660 16542 16556 I hfmodels-transcribe: RESULT step=transcribe ok=true variant=small_fp16 backend=gpu file=c04 exact=false norm=true ms_feature=15.6 ms_infer=29.2 ms_total=45.0 audio_s=2.52 got="SET A TIMER FOR FORTY FIVE MINUTES" expect="Set a timer for forty five minutes."
10-03 14:11:17.703 16542 16556 I hfmodels-transcribe: RESULT step=transcribe ok=true variant=small_fp16 backend=gpu file=c05 exact=false norm=true ms_feature=11.4 ms_infer=30.0 ms_total=41.5 audio_s=1.87 got="WHAT TIME IS IT RIGHT NOW" expect="What time is it right now?"
10-03 14:11:17.755 16542 16556 I hfmodels-transcribe: RESULT step=transcribe ok=true variant=small_fp16 backend=gpu file=c06 exact=false norm=false ms_feature=22.1 ms_infer=29.3 ms_total=51.6 audio_s=2.26 got="WHAT IS ON MY CALENDAR TO MORROW" expect="What is on my calendar tomorrow?"
10-03 14:11:17.802 16542 16556 I hfmodels-transcribe: RESULT step=transcribe ok=true variant=small_fp16 backend=gpu file=c07 exact=false norm=false ms_feature=16.4 ms_infer=29.8 ms_total=46.4 audio_s=3.18 got="AT A MEETING WITH THE DENTIST AT FIVE P M TO MORROW" expect="Add a meeting with the dentist at five p.m. tomorrow."
10-03 14:11:17.855 16542 16556 I hfmodels-transcribe: RESULT step=transcribe ok=true variant=small_fp16 backend=gpu file=c08 exact=false norm=false ms_feature=22.8 ms_infer=29.2 ms_total=52.2 audio_s=3.79 got="PUT A TEAM STAND UP ON MY CALENDAR AT NINE TO MORROW MORNING" expect="Put a team standup on my calendar at nine tomorrow morning."
10-03 14:11:17.908 16542 16556 I hfmodels-transcribe: RESULT step=transcribe ok=true variant=small_fp16 backend=gpu file=c09 exact=false norm=true ms_feature=23.6 ms_infer=29.1 ms_total=52.9 audio_s=3.25 got="SET AN ALARM FOR EIGHT AND A TIMER FOR TWENTY MINUTES" expect="Set an alarm for eight and a timer for twenty minutes."
10-03 14:11:17.956 16542 16556 I hfmodels-transcribe: RESULT step=transcribe ok=true variant=small_fp16 backend=gpu file=c10 exact=false norm=false ms_feature=17.3 ms_infer=30.0 ms_total=47.6 audio_s=2.98 got="PLEASE SET AN ALARM FOR HALF PAST NINE TO NIGHT" expect="Please set an alarm for half past nine tonight."
10-03 14:11:17.956 16542 16556 I hfmodels-transcribe: RESULT step=summary ok=true variant=small_fp16 backend=gpu files=10 exact=0 norm=5 preroll_ms=300 gpu_precision=descriptor
10-03 14:11:18.462 16542 16556 I hfmodels-transcribe: RESULT step=timing ok=true variant=small_fp16 backend=gpu warm_calls=10 ms_feature_median=22.5 ms_infer_median=29.4 ms_total_median=52.1 ms_infer_min=29.2 ms_infer_max=29.6 same_text_as_first=10/10
10-03 14:11:18.480 16542 16556 I hfmodels-transcribe: RESULT step=endpointer ok=true variant=small_fp16 backend=gpu files=10 utterances=10 chunk_ms=20 start_rms=0.02 hangover_ms=800 spans(start-end/file_length): c01=40-2731ms(flush)/2731ms c02=0-1813ms(flush)/1813ms c03=140-1906ms(flush)/1906ms c04=40-2220ms(flush)/2220ms c05=0-1569ms(flush)/1569ms c06=0-1964ms(flush)/1964ms c07=0-2875ms(flush)/2875ms c08=40-3492ms(flush)/3492ms c09=40-2951ms(flush)/2951ms c10=40-2680ms(flush)/2680ms
10-03 14:11:18.513 16542 16556 I hfmodels-transcribe: RESULT step=release ok=true variant=small_fp16 backend=gpu close_ms=33
10-03 14:11:18.514 16542 16556 I hfmodels-transcribe: RESULT ok=true model=litert-community/Zipformer-medium-CR-CTC-LiteRT variant=small_fp16 backend=gpu device=SM-S942Q build=BP4A.251205.006.S942QOPS1AZH9 failures=
