# hfmodels typed-decisions device gate  date=2026-10-04T01:29:34Z serial=RFGL80R6A6H device=SM-S942Q build=BP4A.251205.006.S942QOPS1AZH9 android=16
# git=29bc04c test=GliclassDeviceTest variant=s256_fp32 backend=cpu thermal=Thermal Status: 0 battery_level= level: 79 battery_temp_x10C= temperature: 361 screen= mWakefulness=Dozing
# gradle rc=0 end=2026-10-04T01:29:43Z thermal_end=Thermal Status: 0 battery_temp_end_x10C= temperature: 360
--------- beginning of main
10-04 10:29:35.367 24018 24035 I hfmodels-decide: device=SM-S942Q soc=QTI/SM8850 build=BP4A.251205.006.S942QOPS1AZH9 android=16 litert=2.2.0 model=litert-community/GLiClass-Edge-v3.0-LiteRT@88c90950 variant=s256_fp32 backend=cpu
10-04 10:29:35.370 24018 24040 I hfmodels: resolve litert-community/GLiClass-Edge-v3.0-LiteRT: commit=88c90950 via EXPLICIT_REVISION, descriptor=caller@explicit/hfmodels.json sha=afe7d983
10-04 10:29:35.373 24018 24040 I hfmodels: resolve litert-community/GLiClass-Edge-v3.0-LiteRT: commit=88c90950 via EXPLICIT_REVISION, descriptor=caller@explicit/hfmodels.json sha=afe7d983
10-04 10:29:35.878 24018 24040 I hfmodels: tokenizer tokenizer.json: 50370 tokens (byte-level BPE, prefix space), load_ms=494
10-04 10:29:36.061 24018 24035 I hfmodels: ready litert-community/GLiClass-Edge-v3.0-LiteRT@88c90950 variant=s256_fp32 profile=cpu inference=CPU prepare_ms=678
10-04 10:29:36.061 24018 24035 I hfmodels-decide: RESULT step=load ok=true variant=s256_fp32 backend=cpu import_ms=0 load_ms=689 compile_ms=181 profile=cpu window=256 head=256 max_options=25 notes=family=gliclass compile_ms=181 on cpu (4 threads) | observed backend is UNKNOWN: litert 2.2.0 reports no per-op execution target; 'initialized' is the accelerator the CompiledModel was created with | host token lookup: tok_embeddings_fp16.bin (float16, 50370 rows x 384) feeds inputs_embeds | one gliclass request per question: labels = a choice's descriptions (the key when there is none), a score's levels, a noul's false / true descriptions or no / yes; prompt = the instructions plus one space, right before the text; a request longer than the 256-token window or with more than 25 labels is refused, never cut; probabilities are gliclass's single-label float32 softmax of the label logits (T=1)
10-04 10:29:36.810 24018 24035 I hfmodels-decide: RESULT step=sequence ok=true variant=s256_fp32 backend=cpu rows=152 of 152 mismatches=0 window=256
10-04 10:29:40.729 24018 24035 I hfmodels-decide: RESULT step=parity ok=true variant=s256_fp32 backend=cpu rows=152 argmax_match=152/152 single_label_equal_official=152/152 multi_label_equal_official=152/152 max_prob_abs_err=0.001450374722480774 (worst semif_135) max_logit_abs_err_vs_oracle=0.009016335010528564 dp_tol=0.01 forward_ms_median=24.105937 p90=24.743177 min=23.791198 max=31.640886
10-04 10:29:41.679 24018 24035 I hfmodels-decide: RESULT step=demo ok=true variant=s256_fp32 backend=cpu form=described rows=30 same_answer_as_mac=30/30 max_prob_abs_err_vs_mac=0.0 (worst ) encoded_length_equal_host=30/30 dp_tol=0.01 correct_device=10/30 correct_mac=10/30 question_ms_median=26.85276 p90=27.541197999999998 min=25.658646 max=27.675626 lookup_ms_median=0.243698
10-04 10:29:42.514 24018 24035 I hfmodels-decide: RESULT step=demo ok=true variant=s256_fp32 backend=cpu form=keys rows=30 same_answer_as_mac=30/30 max_prob_abs_err_vs_mac=0.0 (worst ) encoded_length_equal_host=30/30 dp_tol=0.01 correct_device=10/30 correct_mac=10/30 question_ms_median=25.073697 p90=25.686301999999998 min=24.918021 max=26.340625 lookup_ms_median=0.222135
10-04 10:29:43.760 24018 24035 I hfmodels-decide: RESULT step=timing ok=true variant=s256_fp32 backend=cpu repeats=5 decide_4q_total_ms_median=102.827604 four_decide_1q_total_ms_median=102.415052 state_tokens=21 per_question_ms=25.371823,25.184687,26.501458000000003,26.018229 answers={department=billing 0.9799988865852356, urgency=0.11925152130424976, refund_requested=0.33966735005378723, tone=angry 0.7151762247085571}
10-04 10:29:43.817 24018 24035 I hfmodels-decide: RESULT step=lookup ok=true variant=s256_fp32 backend=cpu rows=128 hidden=384 zoo_style=lut zoo_ms_median=1.458125 zoo_ms_min=1.443594 sdk_ms_median=0.086145 sdk_ms_min=0.085573 repeats=20 outputs_identical=true
10-04 10:29:43.823 24018 24035 I hfmodels-decide: RESULT step=release ok=true variant=s256_fp32 backend=cpu close_ms=6
10-04 10:29:43.823 24018 24035 I hfmodels-decide: RESULT ok=true model=litert-community/GLiClass-Edge-v3.0-LiteRT variant=s256_fp32 backend=cpu device=SM-S942Q build=BP4A.251205.006.S942QOPS1AZH9 failures=
## residency (6 lines, pid 24018)
10-04 10:29:35.881 24018 24046 I litert  : [npu_registry.cc:30] NPU accelerator registered.
10-04 10:29:35.886 24018 24046 I litert  : [compiled_model.cc:754] NPU JIT compilation caching enabled with cache dir: /data/user/0/io.github.johnrocky.hfmodels.litert.test/cache
10-04 10:29:35.893 24018 24046 I litert  :   HtpPerformanceMode       : Burst(2)
10-04 10:29:35.905 24018 24046 I litert  : [compiled_model.cc:1250] 0 compiler plugins were applied successfully: 
10-04 10:29:35.907 24018 24046 I litert  :   HtpPerformanceMode       : Burst(2)
10-04 10:29:36.012 24018 24046 I tflite  : Replacing 670 out of 670 node(s) with delegate (TfLiteXNNPackDelegate) node, yielding 1 partitions for subgraph 0 (main).
