# hfmodels transcribe device gate  date=2026-10-05T00:57:19Z serial=RFGL80R6A6H device=SM-S942Q build=BP4A.251205.006.S942QOPS1AZH9 android=16
# git=ee61fcc test=TranscribeDeviceTest variant=medium_fp16 backend=gpu thermal=Thermal Status: 0 battery_level= level: 79 battery_temp_x10C= temperature: 372 screen= mWakefulness=Awake
# gradle rc=0 end=2026-10-05T00:57:41Z thermal_end=Thermal Status: 0 battery_temp_end_x10C= temperature: 372
--------- beginning of main
10-05 09:57:34.267 26073 26092 I hfmodels-transcribe: device=SM-S942Q soc=QTI/SM8850 build=BP4A.251205.006.S942QOPS1AZH9 android=16 model=litert-community/Zipformer-medium-CR-CTC-LiteRT@id variant=medium_fp16 backend=gpu network=Unmetered preroll_ms=0 gpu_precision=descriptor
10-05 09:57:35.234 26073 26097 I hfmodels: resolve litert-community/Zipformer-medium-CR-CTC-LiteRT: commit=fa063a88 via RESOLVED_BRANCH, descriptor=litert-community/Zipformer-medium-CR-CTC-LiteRT@fa063a88/hfmodels.json sha=7aff6f2b
10-05 09:57:35.440 26073 26097 I hfmodels: resolve litert-community/Zipformer-medium-CR-CTC-LiteRT: commit=fa063a88 via RESOLVED_BRANCH, descriptor=litert-community/Zipformer-medium-CR-CTC-LiteRT@fa063a88/hfmodels.json sha=7aff6f2b
10-05 09:57:35.454 26073 26097 I hfmodels: tokens tokens.txt: 502 pieces
10-05 09:57:38.234 26073 26092 I hfmodels: ready litert-community/Zipformer-medium-CR-CTC-LiteRT@fa063a88 variant=medium_fp16 profile=gpu inference=GPU prepare_ms=2785
10-05 09:57:38.236 26073 26092 I hfmodels-transcribe: RESULT step=load ok=true variant=medium_fp16 backend=gpu commit=fa063a88 binding=RESOLVED_BRANCH descriptor=litert-community/Zipformer-medium-CR-CTC-LiteRT@fa063a88/hfmodels.json import_ms=0 load_ms=2995 profile=gpu runtime=litert 2.2.0 window_s=16.0 sample_rate=16000 notes=family=zipformer_ctc compile_ms=2780 on gpu (precision default) | observed backend is UNKNOWN: litert 2.2.0 reports no per-op execution target; 'initialized' is the accelerator the CompiledModel was created with | window 16.0 s = 1600 fbank frames at 16000 Hz; longer audio is INVALID_INPUT, shorter is padded
10-05 09:57:38.362 26073 26092 I hfmodels-transcribe: RESULT step=transcribe ok=true variant=medium_fp16 backend=gpu file=c01 exact=false norm=false ms_feature=60.5 ms_infer=41.9 ms_total=106.7 audio_s=2.73 got="SET AN ALARM FOR SEVEN THIRTY TO MORROW MORNING" expect="Set an alarm for seven thirty tomorrow morning."
10-05 09:57:38.412 26073 26092 I hfmodels-transcribe: RESULT step=transcribe ok=true variant=medium_fp16 backend=gpu file=c02 exact=false norm=false ms_feature=11.7 ms_infer=36.0 ms_total=50.5 audio_s=1.81 got="WAKED ME UP AT SIX FIFTEEN" expect="Wake me up at six fifteen."
10-05 09:57:38.462 26073 26092 I hfmodels-transcribe: RESULT step=transcribe ok=true variant=medium_fp16 backend=gpu file=c03 exact=false norm=true ms_feature=10.7 ms_infer=35.6 ms_total=48.9 audio_s=1.91 got="START A TIMER FOR TEN MINUTES" expect="Start a timer for ten minutes."
10-05 09:57:38.509 26073 26092 I hfmodels-transcribe: RESULT step=transcribe ok=true variant=medium_fp16 backend=gpu file=c04 exact=false norm=true ms_feature=11.9 ms_infer=35.4 ms_total=47.4 audio_s=2.22 got="SET A TIMER FOR FORTY FIVE MINUTES" expect="Set a timer for forty five minutes."
10-05 09:57:38.555 26073 26092 I hfmodels-transcribe: RESULT step=transcribe ok=true variant=medium_fp16 backend=gpu file=c05 exact=false norm=true ms_feature=10.0 ms_infer=35.8 ms_total=45.8 audio_s=1.57 got="WHAT TIME IS IT RIGHT NOW" expect="What time is it right now?"
10-05 09:57:38.604 26073 26092 I hfmodels-transcribe: RESULT step=transcribe ok=true variant=medium_fp16 backend=gpu file=c06 exact=false norm=false ms_feature=12.6 ms_infer=35.4 ms_total=48.1 audio_s=1.96 got="B IS ON MY CALENDAR TO MORROW" expect="What is on my calendar tomorrow?"
10-05 09:57:38.657 26073 26092 I hfmodels-transcribe: RESULT step=transcribe ok=true variant=medium_fp16 backend=gpu file=c07 exact=false norm=false ms_feature=16.9 ms_infer=36.1 ms_total=53.1 audio_s=2.88 got="I HAD A MEETING WITH THE DENTIST AT FIVE P M TO MORROW" expect="Add a meeting with the dentist at five p.m. tomorrow."
10-05 09:57:38.709 26073 26092 I hfmodels-transcribe: RESULT step=transcribe ok=true variant=medium_fp16 backend=gpu file=c08 exact=false norm=false ms_feature=16.6 ms_infer=35.7 ms_total=52.4 audio_s=3.49 got="WOULD A TEAM STAND UP ON MY CALENDAR AT NINE TO MORROW MORNING" expect="Put a team standup on my calendar at nine tomorrow morning."
10-05 09:57:38.760 26073 26092 I hfmodels-transcribe: RESULT step=transcribe ok=true variant=medium_fp16 backend=gpu file=c09 exact=false norm=true ms_feature=14.8 ms_infer=35.4 ms_total=50.3 audio_s=2.95 got="SET AN ALARM FOR EIGHT AND A TIMER FOR TWENTY MINUTES" expect="Set an alarm for eight and a timer for twenty minutes."
10-05 09:57:38.808 26073 26092 I hfmodels-transcribe: RESULT step=transcribe ok=true variant=medium_fp16 backend=gpu file=c10 exact=false norm=false ms_feature=11.5 ms_infer=35.7 ms_total=47.3 audio_s=2.68 got="PLEASE SET AN ALARM FOR HALF PAST NINE TO NIGHT" expect="Please set an alarm for half past nine tonight."
10-05 09:57:38.808 26073 26092 I hfmodels-transcribe: RESULT step=summary ok=true variant=medium_fp16 backend=gpu files=10 exact=0 norm=4 preroll_ms=0 gpu_precision=descriptor
10-05 09:57:39.301 26073 26092 I hfmodels-transcribe: RESULT step=timing ok=true variant=medium_fp16 backend=gpu warm_calls=10 ms_feature_median=14.0 ms_infer_median=35.9 ms_total_median=50.0 ms_infer_min=35.4 ms_infer_max=36.5 same_text_as_first=10/10
10-05 09:57:39.366 26073 26092 I hfmodels-transcribe: RESULT step=endpointer_text ok=true variant=medium_fp16 backend=gpu file=c01 norm=false utterances=1 pre_roll_ms=40 samples=43700 got="SET AN ALARM FOR SEVEN THIRTY TO MORROW MORNING" expect="Set an alarm for seven thirty tomorrow morning."
10-05 09:57:39.421 26073 26092 I hfmodels-transcribe: RESULT step=endpointer_text ok=true variant=medium_fp16 backend=gpu file=c02 norm=false utterances=1 pre_roll_ms=0 samples=29015 got="WAKED ME UP AT SIX FIFTEEN" expect="Wake me up at six fifteen."
10-05 09:57:39.484 26073 26092 I hfmodels-transcribe: RESULT step=endpointer_text ok=true variant=medium_fp16 backend=gpu file=c03 norm=true utterances=1 pre_roll_ms=140 samples=30500 got="START A TIMER FOR TEN MINUTES" expect="Start a timer for ten minutes."
10-05 09:57:39.547 26073 26092 I hfmodels-transcribe: RESULT step=endpointer_text ok=true variant=medium_fp16 backend=gpu file=c04 norm=true utterances=1 pre_roll_ms=40 samples=35526 got="SET A TIMER FOR FORTY FIVE MINUTES" expect="Set a timer for forty five minutes."
10-05 09:57:39.605 26073 26092 I hfmodels-transcribe: RESULT step=endpointer_text ok=true variant=medium_fp16 backend=gpu file=c05 norm=true utterances=1 pre_roll_ms=0 samples=25117 got="WHAT TIME IS IT RIGHT NOW" expect="What time is it right now?"
10-05 09:57:39.668 26073 26092 I hfmodels-transcribe: RESULT step=endpointer_text ok=true variant=medium_fp16 backend=gpu file=c06 norm=false utterances=1 pre_roll_ms=0 samples=31432 got="B IS ON MY CALENDAR TO MORROW" expect="What is on my calendar tomorrow?"
10-05 09:57:39.725 26073 26092 I hfmodels-transcribe: RESULT step=endpointer_text ok=true variant=medium_fp16 backend=gpu file=c07 norm=false utterances=1 pre_roll_ms=0 samples=46014 got="I HAD A MEETING WITH THE DENTIST AT FIVE P M TO MORROW" expect="Add a meeting with the dentist at five p.m. tomorrow."
10-05 09:57:39.794 26073 26092 I hfmodels-transcribe: RESULT step=endpointer_text ok=true variant=medium_fp16 backend=gpu file=c08 norm=false utterances=1 pre_roll_ms=40 samples=55883 got="WOULD A TEAM STAND UP ON MY CALENDAR AT NINE TO MORROW MORNING" expect="Put a team standup on my calendar at nine tomorrow morning."
10-05 09:57:39.854 26073 26092 I hfmodels-transcribe: RESULT step=endpointer_text ok=true variant=medium_fp16 backend=gpu file=c09 norm=true utterances=1 pre_roll_ms=40 samples=47229 got="SET AN ALARM FOR EIGHT AND A TIMER FOR TWENTY MINUTES" expect="Set an alarm for eight and a timer for twenty minutes."
10-05 09:57:39.922 26073 26092 I hfmodels-transcribe: RESULT step=endpointer_text ok=true variant=medium_fp16 backend=gpu file=c10 norm=false utterances=1 pre_roll_ms=40 samples=42880 got="PLEASE SET AN ALARM FOR HALF PAST NINE TO NIGHT" expect="Please set an alarm for half past nine tonight."
10-05 09:57:39.922 26073 26092 I hfmodels-transcribe: RESULT step=endpointer ok=true variant=medium_fp16 backend=gpu files=10 utterances=10 norm=4/10 chunk_ms=20 start_rms=0.02 hangover_ms=800 pre_roll_ms=300 pre_roll_used_ms(what each WAV holds before its first voiced run, at most pre_roll_ms; the fixtures have no silence of their own in front): c01=40 c02=0 c03=140 c04=40 c05=0 c06=0 c07=0 c08=40 c09=40 c10=40 spans(start-end/file_length): c01=0-2731ms(flush)/2731ms c02=0-1813ms(flush)/1813ms c03=0-1906ms(flush)/1906ms c04=0-2220ms(flush)/2220ms c05=0-1569ms(flush)/1569ms c06=0-1964ms(flush)/1964ms c07=0-2875ms(flush)/2875ms c08=0-3492ms(flush)/3492ms c09=0-2951ms(flush)/2951ms c10=0-2680ms(flush)/2680ms
10-05 09:57:39.968 26073 26092 I hfmodels-transcribe: RESULT step=release ok=true variant=medium_fp16 backend=gpu close_ms=46
10-05 09:57:39.968 26073 26092 I hfmodels-transcribe: RESULT ok=true model=litert-community/Zipformer-medium-CR-CTC-LiteRT variant=medium_fp16 backend=gpu device=SM-S942Q build=BP4A.251205.006.S942QOPS1AZH9 failures=
