# hfmodels typed-decisions device gate  date=2026-10-04T01:17:54Z serial=RFGL80R6A6H device=SM-S942Q build=BP4A.251205.006.S942QOPS1AZH9 android=16
# git=29bc04c test=GlinerDecideDeviceTest variant=s128_npu_wfp16 backend=gpu thermal=Thermal Status: 0 battery_level= level: 79 battery_temp_x10C= temperature: 351 screen= mWakefulness=Awake
# gradle rc=0 end=2026-10-04T01:18:30Z thermal_end=Thermal Status: 0 battery_temp_end_x10C= temperature: 380
--------- beginning of main
10-04 10:17:54.884 21488 21508 I hfmodels-decide: device=SM-S942Q soc=QTI/SM8850 build=BP4A.251205.006.S942QOPS1AZH9 android=16 litert=2.2.0 model=litert-community/GLiNER2.5-Decide-LiteRT@db801972 variant=s128_npu_wfp16 backend=gpu
10-04 10:17:54.887 21488 21513 I hfmodels: resolve litert-community/GLiNER2.5-Decide-LiteRT: commit=db801972 via EXPLICIT_REVISION, descriptor=caller@explicit/hfmodels.json sha=7212d850
10-04 10:17:54.891 21488 21513 I hfmodels: resolve litert-community/GLiNER2.5-Decide-LiteRT: commit=db801972 via EXPLICIT_REVISION, descriptor=caller@explicit/hfmodels.json sha=7212d850
10-04 10:17:55.419 21488 21513 I hfmodels: tokenizer tokenizer.json: 128011 tokens (Unigram), load_ms=517
10-04 10:17:59.201 21488 21508 I hfmodels: ready litert-community/GLiNER2.5-Decide-LiteRT@db801972 variant=s128_npu_wfp16 profile=gpu inference=GPU prepare_ms=4300
10-04 10:17:59.201 21488 21508 I hfmodels-decide: RESULT step=load ok=true variant=s128_npu_wfp16 backend=gpu import_ms=0 load_ms=4312 compile_ms=3780 profile=gpu window=128 head=128 max_options=32 descriptor_patch=none npu_libs_ready=true notes=family=gliner2_decide compile_ms=3780 on gpu (precision fp32) | observed backend is UNKNOWN: litert 2.2.0 reports no per-op execution target; 'initialized' is the accelerator the CompiledModel was created with | host token lookup: word_embeddings_fp16.bin (float16, 128011 rows x 1024) feeds inputs_embeds | one gliner2 task per question (task 'answer', the instructions as its prompt, the options as labels); a request longer than the 128-token window or with more than 32 labels is refused, never cut; probabilities are gliner2's single-label float32 softmax of the label logits (T=1)
10-04 10:17:59.494 21488 21508 I hfmodels-decide: RESULT step=sequence ok=true variant=s128_npu_wfp16 backend=gpu rows=42 mismatches=0 window=128
10-04 10:18:02.851 21488 21508 I hfmodels-decide: RESULT step=parity ok=true variant=s128_npu_wfp16 backend=gpu rows=42 argmax_match=42/42 decisions_equal_official=42/42 max_prob_abs_err=2.561807632446289E-4 (worst news_topic_018) max_logit_abs_err_vs_oracle=0.001720428466796875 max_logit_abs_err_vs_mac_cpu=2.193450927734375E-5 dp_tol=0.01 forward_ms_median=69.143021 p90=72.095 min=67.491198 max=72.951511
10-04 10:18:05.256 21488 21508 I hfmodels-decide: RESULT step=demo ok=true variant=s128_npu_wfp16 backend=gpu rows=30 same_answer_as_mac=30/30 max_prob_abs_err_vs_mac=2.086162567138672E-6 (worst b24) correct_device=27/30 correct_mac=27/30 question_ms_median=72.496979 p90=76.23354099999999 min=70.55599 max=76.40328099999999 lookup_ms_median=1.201198
10-04 10:18:22.253 21488 21508 I hfmodels-decide: RESULT step=pack ok=true variant=s128_npu_wfp16 backend=gpu rows=30 questions=kind,who,urgency,time single_same_as_mac=120/120 packed_same_as_mac=120/120 max_prob_abs_err_single_vs_mac=2.5033950805664062E-6 max_prob_abs_err_packed_vs_mac=2.3543834686279297E-6 (worst b03/time) answers_changed_by_packing_here=20/120 answers_changed_by_packing_mac=20/120 max_prob_abs_diff_single_vs_packed_here=0.28677141666412354 packed_forwards_max=1 decide_4q_single_total_ms_median=398.463489 decide_4q_packed_total_ms_median=117.689688 packed_p90=145.828021
10-04 10:18:29.802 21488 21508 I hfmodels-decide: RESULT step=timing ok=true variant=s128_npu_wfp16 backend=gpu repeats=5 decide_4q_total_ms_median=519.433906 four_decide_1q_total_ms_median=527.425625 decide_4q_packed_total_ms_median=146.25099 packed_forwards=1 state_tokens=19 per_question_ms=140.782656,139.144792,143.484843,143.249324 answers={department=billing 0.7019870281219482, urgency=0.6463629901409149, refund_requested=0.9842850565910339, tone=polite 0.3839274048805237} answers_packed={department=billing 0.5641587376594543, urgency=0.7295433282852173, refund_requested=0.9618254899978638, tone=polite 0.40689730644226074}
10-04 10:18:30.011 21488 21508 I hfmodels-decide: RESULT step=lookup ok=true variant=s128_npu_wfp16 backend=gpu rows=128 hidden=1024 zoo_style=lut zoo_ms_median=6.123177 zoo_ms_min=6.067969 sdk_ms_median=0.322239 sdk_ms_min=0.321718 repeats=20 outputs_identical=true
10-04 10:18:30.107 21488 21508 I hfmodels-decide: RESULT step=release ok=true variant=s128_npu_wfp16 backend=gpu close_ms=96
10-04 10:18:30.108 21488 21508 I hfmodels-decide: RESULT ok=true model=litert-community/GLiNER2.5-Decide-LiteRT variant=s128_npu_wfp16 backend=gpu device=SM-S942Q build=BP4A.251205.006.S942QOPS1AZH9 failures=
## residency (6 lines, pid 21488)
10-04 10:17:55.423 21488 21516 I litert  : [npu_registry.cc:30] NPU accelerator registered.
10-04 10:17:55.454 21488 21516 I litert  : [compiled_model.cc:754] NPU JIT compilation caching enabled with cache dir: /data/user/0/io.github.johnrocky.hfmodels.litert.test/cache
10-04 10:17:55.461 21488 21516 I litert  :   HtpPerformanceMode       : Burst(2)
10-04 10:17:55.993 21488 21516 I litert  : [compiled_model.cc:1250] 0 compiler plugins were applied successfully: 
10-04 10:17:55.997 21488 21516 I litert  :   HtpPerformanceMode       : Burst(2)
10-04 10:17:56.161 21488 21516 I tflite  : Replacing 1874 out of 1874 node(s) with delegate (LITERT_CL) node, yielding 1 partitions for subgraph 0 (main).
