# hfmodels typed-decisions device gate  date=2026-10-05T02:30:11Z serial=RFGL80R6A6H device=SM-S942Q build=BP4A.251205.006.S942QOPS1AZH9 android=16
# git=4706851 test=DebertaDecisionDeviceTest variant=s256_npu_wfp16 backend=gpu thermal=Thermal Status: 0 battery_level= level: 79 battery_temp_x10C= temperature: 375 screen= mWakefulness=Dozing
# gradle rc=0 end=2026-10-05T02:31:15Z thermal_end=Thermal Status: 2 battery_temp_end_x10C= temperature: 412
--------- beginning of main
10-05 11:30:12.193  3809  3824 I hfmodels-decide: device=SM-S942Q soc=QTI/SM8850 build=BP4A.251205.006.S942QOPS1AZH9 android=16 litert=2.2.0 model=litert-community/Open-Decision-DeBERTa-v3-Large-LiteRT@7a276235 variant=s256_npu_wfp16 backend=gpu
10-05 11:30:12.196  3809  3828 I hfmodels: resolve litert-community/Open-Decision-DeBERTa-v3-Large-LiteRT: commit=7a276235 via EXPLICIT_REVISION, descriptor=caller@explicit/hfmodels.json sha=c50516a0
10-05 11:30:12.199  3809  3828 I hfmodels: resolve litert-community/Open-Decision-DeBERTa-v3-Large-LiteRT: commit=7a276235 via EXPLICIT_REVISION, descriptor=caller@explicit/hfmodels.json sha=c50516a0
10-05 11:30:12.769  3809  3828 I hfmodels: tokenizer tokenizer.json: 128004 tokens (Unigram), load_ms=562
10-05 11:30:16.015  3809  3824 I hfmodels: ready litert-community/Open-Decision-DeBERTa-v3-Large-LiteRT@7a276235 variant=s256_npu_wfp16 profile=gpu inference=GPU prepare_ms=3808
10-05 11:30:16.015  3809  3824 I hfmodels-decide: RESULT step=load ok=true variant=s256_npu_wfp16 backend=gpu import_ms=0 load_ms=3817 compile_ms=3244 profile=gpu window=256 head=256 max_options=128 descriptor_patch=gpu_precision=fp16_with_fp32_accum npu_libs_ready=true notes=family=deberta_decision compile_ms=3244 on gpu (precision fp16_with_fp32_accum) | observed backend is UNKNOWN: litert 2.2.0 reports no per-op execution target; 'initialized' is the accelerator the CompiledModel was created with | host token lookup: word_embeddings_fp16.bin (float16, 128100 rows x 1024) feeds inputs_embeds | the questions of one decide() in one forward as the author's decide() does, split in question order when they do not fit the window or the option slots: options = a choice's descriptions (the key when there is none), a score's levels, a noul's no / yes; the state is cut to its first 256 tokens; a request longer than the 256-token window or with more than 128 options is refused; probabilities are the softmax of the logits / 1.05 (the author's calibration), extras.max_probability is the author's confidence
10-05 11:30:16.398  3809  3824 I hfmodels-decide: RESULT step=sequence ok=true variant=s256_npu_wfp16 backend=gpu rows=143 of 160 mismatches=0 window=256
10-05 11:30:38.839  3809  3824 I hfmodels-decide: RESULT step=parity ok=true variant=s256_npu_wfp16 backend=gpu rows=143 questions=371 argmax_match=371/371 answers_equal_author=371/371 max_prob_abs_err=0.005781109845991117 (worst fam-test-1198 q1) max_logit_abs_err_vs_author=0.021564006805419922 dp_tol=0.01 forward_ms_median=145.863386 p90=149.22625 min=141.875157 max=151.183437
10-05 11:30:48.668  3809  3824 I hfmodels-decide: RESULT step=demo ok=true variant=s256_npu_wfp16 backend=gpu form=policy rows=30 same_answer_as_mac=30/30 max_prob_abs_err_vs_mac=0.0013281891018970815 (worst b20) encoded_length_equal_host=30/30 dp_tol=0.01 correct_device=19/30 correct_mac=19/30 question_ms_median=397.75458399999997 p90=402.620468 min=149.717083 max=404.483073 lookup_ms_median=1.912709
10-05 11:31:00.111  3809  3824 I hfmodels-decide: RESULT step=demo ok=true variant=s256_npu_wfp16 backend=gpu form=keys rows=30 same_answer_as_mac=30/30 max_prob_abs_err_vs_mac=0.0030586770517979645 (worst b12) encoded_length_equal_host=30/30 dp_tol=0.01 correct_device=22/30 correct_mac=22/30 question_ms_median=369.74437400000005 p90=372.47182300000003 min=305.92333299999996 max=374.737657 lookup_ms_median=1.845156
10-05 11:31:08.302  3809  3824 I hfmodels-decide: RESULT step=timing ok=true variant=s256_npu_wfp16 backend=gpu repeats=5 forwards_for_4q=1 decide_4q_total_ms_median=317.917343 four_decide_1q_total_ms_median=1245.101771 state_tokens=19 per_question_ms=289.067864,289.067864,289.067864,289.067864 answers={department=billing 0.7411607214371123, urgency=0.6638132648831923, refund_requested=0.9176846018722837, tone=neutral 0.44511100679899296}
10-05 11:31:14.831  3809  3824 I hfmodels-decide: RESULT step=zoo_input ok=true variant=s256_npu_wfp16 backend=gpu text_tokens=11 forward_tokens=64 window=256 first=1 warmups=2 timed=10 wall_ms_median=284.03799449999997 total_ms_median=283.9633595 state_ms_median=1.469349 question_ms_median=282.453385 lookup_ms_median=1.7505465 tokenize_ms_median=1.6260415 forward_build_ms_median=3.4413020000000003 graph_call_ms_median=278.4725785 answer=promise p=nothing:0.040558862289029635,promise:0.37905728617983775,request:0.2615416631518037,plan:0.318842188379329 wall_ms=285.101041,287.040208,283.609687,286.946354,284.759374,282.960885,283.649531,283.559948,283.79,284.285989
10-05 11:31:15.311  3809  3824 I hfmodels-decide: RESULT step=lookup ok=true variant=s256_npu_wfp16 backend=gpu rows=256 hidden=1024 zoo_style=arith zoo_ms_median=14.990677 zoo_ms_min=14.759739 sdk_ms_median=0.492292 sdk_ms_min=0.491041 repeats=20 outputs_identical=true
10-05 11:31:15.362  3809  3824 I hfmodels-decide: RESULT step=release ok=true variant=s256_npu_wfp16 backend=gpu close_ms=51
10-05 11:31:15.363  3809  3824 I hfmodels-decide: RESULT ok=true model=litert-community/Open-Decision-DeBERTa-v3-Large-LiteRT variant=s256_npu_wfp16 backend=gpu device=SM-S942Q build=BP4A.251205.006.S942QOPS1AZH9 failures=
## residency (6 lines, pid 3809)
10-05 11:30:12.773  3809  3831 I litert  : [npu_registry.cc:30] NPU accelerator registered.
10-05 11:30:12.802  3809  3831 I litert  : [compiled_model.cc:754] NPU JIT compilation caching enabled with cache dir: /data/user/0/io.github.johnrocky.hfmodels.litert.test/cache
10-05 11:30:12.807  3809  3831 I litert  :   HtpPerformanceMode       : Burst(2)
10-05 11:30:12.928  3809  3831 I litert  : [compiled_model.cc:1250] 0 compiler plugins were applied successfully: 
10-05 11:30:12.931  3809  3831 I litert  :   HtpPerformanceMode       : Burst(2)
10-05 11:30:13.091  3809  3831 I tflite  : Replacing 1906 out of 1906 node(s) with delegate (LITERT_CL) node, yielding 1 partitions for subgraph 0 (main).
