# hfmodels typed-decisions device gate  date=2026-10-05T01:29:36Z serial=RFGL80R6A6H device=SM-S942Q build=BP4A.251205.006.S942QOPS1AZH9 android=16
# git=009baa2 test=GlinerDecideDeviceTest variant=s256_npu_wfp16 backend=gpu thermal=Thermal Status: 0 battery_level= level: 78 battery_temp_x10C= temperature: 386 screen= mWakefulness=Dozing
# gradle rc=0 end=2026-10-05T01:30:15Z thermal_end=Thermal Status: 2 battery_temp_end_x10C= temperature: 409
--------- beginning of main
10-05 10:29:37.187 10857 10871 I hfmodels-decide: device=SM-S942Q soc=QTI/SM8850 build=BP4A.251205.006.S942QOPS1AZH9 android=16 litert=2.2.0 model=litert-community/GLiNER2.5-Decide-LiteRT@f6f6e9c9 variant=s256_npu_wfp16 backend=gpu
10-05 10:29:37.193 10857 10875 I hfmodels: resolve litert-community/GLiNER2.5-Decide-LiteRT: commit=f6f6e9c9 via EXPLICIT_REVISION, descriptor=caller@explicit/hfmodels.json sha=62f4e66e
10-05 10:29:37.199 10857 10875 I hfmodels: resolve litert-community/GLiNER2.5-Decide-LiteRT: commit=f6f6e9c9 via EXPLICIT_REVISION, descriptor=caller@explicit/hfmodels.json sha=62f4e66e
10-05 10:29:38.016 10857 10875 I hfmodels: tokenizer tokenizer.json: 128011 tokens (Unigram), load_ms=802
10-05 10:29:43.009 10857 10871 I hfmodels: ready litert-community/GLiNER2.5-Decide-LiteRT@f6f6e9c9 variant=s256_npu_wfp16 profile=gpu inference=GPU prepare_ms=5797
10-05 10:29:43.009 10857 10871 I hfmodels-decide: RESULT step=load ok=true variant=s256_npu_wfp16 backend=gpu import_ms=0 load_ms=5813 compile_ms=4991 profile=gpu window=256 head=256 max_options=32 descriptor_patch=none npu_libs_ready=true notes=family=gliner2_decide compile_ms=4991 on gpu (precision fp16_with_fp32_accum) | observed backend is UNKNOWN: litert 2.2.0 reports no per-op execution target; 'initialized' is the accelerator the CompiledModel was created with | host token lookup: word_embeddings_fp16.bin (float16, 128011 rows x 1024) feeds inputs_embeds | one gliner2 task per question (task 'answer', the instructions as its prompt, the options as labels); a request longer than the 256-token window or with more than 32 labels is refused, never cut; probabilities are gliner2's single-label float32 softmax of the label logits (T=1)
10-05 10:29:43.728 10857 10871 I hfmodels-decide: RESULT step=sequence ok=true variant=s256_npu_wfp16 backend=gpu rows=42 mismatches=0 window=256
10-05 10:29:50.654 10857 10871 I hfmodels-decide: RESULT step=parity ok=true variant=s256_npu_wfp16 backend=gpu rows=42 argmax_match=42/42 decisions_equal_official=42/42 max_prob_abs_err=0.003268331289291382 (worst readme_03_travel_request) max_logit_abs_err_vs_oracle=0.018866419792175293 max_logit_abs_err_vs_mac_cpu=0.018976211547851562 dp_tol=0.01 forward_ms_median=145.127135 p90=148.145417 min=142.948594 max=149.339532 first10_median=145.159063 last10_median=147.113855
10-05 10:29:55.486 10857 10871 I hfmodels-decide: RESULT step=demo ok=true variant=s256_npu_wfp16 backend=gpu rows=30 same_answer_as_mac=30/30 max_prob_abs_err_vs_mac=0.0021461844444274902 (worst b24) correct_device=27/30 correct_mac=27/30 question_ms_median=147.985938 p90=151.22760399999999 min=146.608333 max=153.32354 lookup_ms_median=2.108125 first10_median=147.706406 last10_median=148.211667
10-05 10:29:55.486 10857 10871 I hfmodels-decide: RESULT step=pack ok=true variant=s256_npu_wfp16 backend=gpu skipped: pack=0
10-05 10:30:06.045 10857 10871 I hfmodels-decide: RESULT step=timing ok=true variant=s256_npu_wfp16 backend=gpu repeats=5 decide_4q_total_ms_median=592.411666 four_decide_1q_total_ms_median=599.361927 decide_4q_packed_total_ms_median=162.870157 packed_forwards=1 state_tokens=19 per_question_ms=395.48479199999997,393.149428,395.00359299999997,392.87849 answers={department=billing 0.7021415829658508, urgency=0.6465431451797485, refund_requested=0.9843664169311523, tone=polite 0.38433095812797546} answers_packed={department=billing 0.5638999938964844, urgency=0.729175478219986, refund_requested=0.9617859125137329, tone=polite 0.4068816304206848}
10-05 10:30:15.033 10857 10871 I hfmodels-decide: RESULT step=zoo_input ok=true variant=s256_npu_wfp16 backend=gpu text_tokens=12 forward_tokens=69 window=256 first=1 warmups=2 timed=10 wall_ms_median=398.5040365 total_ms_median=398.419089 state_ms_median=1.553698 question_ms_median=396.53531250000003 lookup_ms_median=1.9177345 tokenize_ms_median=1.4878125 forward_build_ms_median=2.4700525 graph_call_ms_median=376.2413545 answer=promise p=nothing:0.04235348477959633,promise:0.4650043547153473,request:0.15326730906963348,plan:0.3393748998641968 wall_ms=395.163229,398.116823,395.75177,399.893593,398.455313,397.772552,400.132448,398.55276,398.737031,398.935677
10-05 10:30:15.524 10857 10871 I hfmodels-decide: RESULT step=lookup ok=true variant=s256_npu_wfp16 backend=gpu rows=256 hidden=1024 zoo_style=lut zoo_ms_median=15.151198 zoo_ms_min=15.107708 sdk_ms_median=0.786562 sdk_ms_min=0.783646 repeats=20 outputs_identical=true
10-05 10:30:15.641 10857 10871 I hfmodels-decide: RESULT step=release ok=true variant=s256_npu_wfp16 backend=gpu close_ms=117
10-05 10:30:15.641 10857 10871 I hfmodels-decide: RESULT ok=true model=litert-community/GLiNER2.5-Decide-LiteRT variant=s256_npu_wfp16 backend=gpu device=SM-S942Q build=BP4A.251205.006.S942QOPS1AZH9 failures=
## residency (6 lines, pid 10857)
10-05 10:29:38.022 10857 10878 I litert  : [npu_registry.cc:30] NPU accelerator registered.
10-05 10:29:38.062 10857 10878 I litert  : [compiled_model.cc:754] NPU JIT compilation caching enabled with cache dir: /data/user/0/io.github.johnrocky.hfmodels.litert.test/cache
10-05 10:29:38.070 10857 10878 I litert  :   HtpPerformanceMode       : Burst(2)
10-05 10:29:38.234 10857 10878 I litert  : [compiled_model.cc:1250] 0 compiler plugins were applied successfully: 
10-05 10:29:38.238 10857 10878 I litert  :   HtpPerformanceMode       : Burst(2)
10-05 10:29:38.444 10857 10878 I tflite  : Replacing 1878 out of 1878 node(s) with delegate (LITERT_CL) node, yielding 1 partitions for subgraph 0 (main).
