# hfmodels typed-decisions device gate  date=2026-10-04T08:10:33Z serial=RFGL80R6A6H device=SM-S942Q build=BP4A.251205.006.S942QOPS1AZH9 android=16
# git=7b304ce test=DebertaDecisionDeviceTest variant=s256_npu_wfp16 backend=npu thermal=Thermal Status: 0 battery_level= level: 80 battery_temp_x10C= temperature: 377 screen= mWakefulness=Dozing
# gradle rc=0 end=2026-10-04T08:16:51Z thermal_end=Thermal Status: 1 battery_temp_end_x10C= temperature: 388
--------- beginning of main
10-04 17:10:34.903  9172  9185 I hfmodels-decide: device=SM-S942Q soc=QTI/SM8850 build=BP4A.251205.006.S942QOPS1AZH9 android=16 litert=2.2.0 model=litert-community/Open-Decision-DeBERTa-v3-Large-LiteRT@7a276235 variant=s256_npu_wfp16 backend=npu
10-04 17:10:34.906  9172  9189 I hfmodels: resolve litert-community/Open-Decision-DeBERTa-v3-Large-LiteRT: commit=7a276235 via EXPLICIT_REVISION, descriptor=caller@explicit/hfmodels.json sha=7ff5fa84
10-04 17:10:35.666  9172  9189 I hfmodels: imported deberta_v3_large_decision_s256_r12b_m1e4krow_ffnsplit_wfp16.tflite: 712691856 bytes, sha256 ok, from /data/local/tmp/hfmodels/open-decision-r16/deberta_v3_large_decision_s256_r12b_m1e4krow_ffnsplit_wfp16.tflite
10-04 17:10:35.900  9172  9189 I hfmodels: imported word_embeddings_fp16.bin: 262348800 bytes, sha256 ok, from /data/local/tmp/hfmodels/open-decision-r16/word_embeddings_fp16.bin
10-04 17:10:35.909  9172  9189 I hfmodels: imported tokenizer.json: 8657170 bytes, sha256 ok, from /data/local/tmp/hfmodels/open-decision-r16/tokenizer.json
10-04 17:10:35.910  9172  9189 I hfmodels: resolve litert-community/Open-Decision-DeBERTa-v3-Large-LiteRT: commit=7a276235 via EXPLICIT_REVISION, descriptor=caller@explicit/hfmodels.json sha=7ff5fa84
10-04 17:10:36.486  9172  9189 I hfmodels: tokenizer tokenizer.json: 128004 tokens (Unigram), load_ms=566
10-04 17:16:16.402  9172  9185 I hfmodels: ready litert-community/Open-Decision-DeBERTa-v3-Large-LiteRT@7a276235 variant=s256_npu_wfp16 profile=npu inference=NPU prepare_ms=340483
10-04 17:16:16.403  9172  9185 I hfmodels-decide: RESULT step=load ok=true variant=s256_npu_wfp16 backend=npu import_ms=1002 load_ms=340493 compile_ms=339914 profile=npu window=256 head=256 max_options=128 npu_libs_ready=true notes=family=deberta_decision compile_ms=339914 on npu (Qualcomm HTP V81, JIT, burst; the first compile on a phone takes tens of seconds, later loads read the cache) | observed backend is UNKNOWN: litert 2.2.0 reports no per-op execution target; 'initialized' is the accelerator the CompiledModel was created with | host token lookup: word_embeddings_fp16.bin (float16, 128100 rows x 1024) feeds inputs_embeds | the questions of one decide() in one forward as the author's decide() does, split in question order when they do not fit the window or the option slots: options = a choice's descriptions (the key when there is none), a score's levels, a noul's no / yes; the state is cut to its first 256 tokens; a request longer than the 256-token window or with more than 128 options is refused; probabilities are the softmax of the logits / 1.05 (the author's calibration), extras.max_probability is the author's confidence
10-04 17:16:17.049  9172  9185 I hfmodels-decide: RESULT step=sequence ok=true variant=s256_npu_wfp16 backend=npu rows=143 of 160 mismatches=0 window=256
10-04 17:16:38.251  9172  9185 I hfmodels-decide: RESULT step=parity ok=true variant=s256_npu_wfp16 backend=npu rows=143 questions=371 argmax_match=371/371 answers_equal_author=371/371 max_prob_abs_err=0.008778010475522624 (worst fam-test-183 q1) max_logit_abs_err_vs_author=0.03898286819458008 dp_tol=0.01 forward_ms_median=140.611563 p90=145.340521 min=130.334062 max=149.004166
10-04 17:16:42.751  9172  9185 I hfmodels-decide: RESULT step=demo ok=true variant=s256_npu_wfp16 backend=npu form=policy rows=30 same_answer_as_mac=30/30 max_prob_abs_err_vs_mac=0.002884887720920992 (worst b05) encoded_length_equal_host=30/30 dp_tol=0.01 correct_device=19/30 correct_mac=19/30 question_ms_median=133.660261 p90=144.589792 min=131.121719 max=146.612239 lookup_ms_median=0.722552
10-04 17:16:47.189  9172  9185 I hfmodels-decide: RESULT step=demo ok=true variant=s256_npu_wfp16 backend=npu form=keys rows=30 same_answer_as_mac=30/30 max_prob_abs_err_vs_mac=0.005956821480610386 (worst b10) encoded_length_equal_host=30/30 dp_tol=0.01 correct_device=22/30 correct_mac=22/30 question_ms_median=135.804999 p90=141.85599000000002 min=132.864115 max=144.71255100000002 lookup_ms_median=1.684792
10-04 17:16:51.027  9172  9185 I hfmodels-decide: RESULT step=timing ok=true variant=s256_npu_wfp16 backend=npu repeats=5 forwards_for_4q=1 decide_4q_total_ms_median=149.937291 four_decide_1q_total_ms_median=555.655782 state_tokens=19 per_question_ms=144.931354,144.931354,144.931354,144.931354 answers={department=billing 0.741605256716302, urgency=0.6659898873636352, refund_requested=0.91733924928068, tone=neutral 0.4443446102995086}
10-04 17:16:51.606  9172  9185 I hfmodels-decide: RESULT step=lookup ok=true variant=s256_npu_wfp16 backend=npu rows=256 hidden=1024 zoo_style=arith zoo_ms_median=18.767084 zoo_ms_min=18.545416 sdk_ms_median=0.643646 sdk_ms_min=0.61875 repeats=20 outputs_identical=true
10-04 17:16:51.796  9172  9185 I hfmodels-decide: RESULT step=release ok=true variant=s256_npu_wfp16 backend=npu close_ms=190
10-04 17:16:51.797  9172  9185 I hfmodels-decide: RESULT ok=true model=litert-community/Open-Decision-DeBERTa-v3-Large-LiteRT variant=s256_npu_wfp16 backend=npu device=SM-S942Q build=BP4A.251205.006.S942QOPS1AZH9 failures=
## residency (7 lines, pid 9172)
10-04 17:10:36.490  9172  9251 I litert  : [npu_registry.cc:30] NPU accelerator registered.
10-04 17:10:36.527  9172  9251 I litert  : [compiled_model.cc:754] NPU JIT compilation caching enabled with cache dir: /data/user/0/io.github.johnrocky.hfmodels.litert.test/cache
10-04 17:10:36.534  9172  9251 I litert  :   HtpPerformanceMode       : Burst(2)
10-04 17:10:37.079  9172  9251 I litert  : [compiler_plugin.cc:741] Partitioned subgraph<0>, selected 1880 ops, from a total of 1880 ops. resulted in 1 partitions.
10-04 17:16:14.780  9172  9251 I litert  : [compiled_model.cc:1250] 1 compiler plugins were applied successfully: Qualcomm compiler plugin (ver 0.1.0)
10-04 17:16:16.007  9172  9251 I litert  :   HtpPerformanceMode       : Burst(2)
10-04 17:16:16.013  9172  9251 I tflite  : Replacing 1 out of 1 node(s) with delegate (DispatchDelegate) node, yielding 1 partitions for subgraph 0 (main).
