# hfmodels transcribe device gate  date=2026-10-03T05:55:29Z serial=RFGL80R6A6H device=SM-S942Q build=BP4A.251205.006.S942QOPS1AZH9 android=16
# git=fb40625 test=TranscribeDeviceTest variant=medium_fp16 backend=cpu thermal=Thermal Status: 0 battery_level= level: 80 battery_temp_x10C= temperature: 286 screen= mWakefulness=Dozing
# gradle rc=0 end=2026-10-03T05:55:45Z thermal_end=Thermal Status: 0 battery_temp_end_x10C= temperature: 286
--------- beginning of main
10-03 14:55:39.957 23181 23196 I hfmodels-transcribe: device=SM-S942Q soc=QTI/SM8850 build=BP4A.251205.006.S942QOPS1AZH9 android=16 model=litert-community/Zipformer-medium-CR-CTC-LiteRT@7732ad6c variant=medium_fp16 backend=cpu preroll_ms=0 gpu_precision=descriptor
10-03 14:55:39.961 23181 23200 I hfmodels: resolve litert-community/Zipformer-medium-CR-CTC-LiteRT: commit=7732ad6c via EXPLICIT_REVISION, descriptor=caller@explicit/hfmodels.json sha=5b2d26e0
10-03 14:55:39.963 23181 23200 I hfmodels: resolve litert-community/Zipformer-medium-CR-CTC-LiteRT: commit=7732ad6c via EXPLICIT_REVISION, descriptor=caller@explicit/hfmodels.json sha=5b2d26e0
10-03 14:55:39.972 23181 23200 I hfmodels: tokens tokens.txt: 502 pieces
10-03 14:55:40.275 23181 23196 I hfmodels: ready litert-community/Zipformer-medium-CR-CTC-LiteRT@7732ad6c variant=medium_fp16 profile=cpu inference=CPU prepare_ms=306
10-03 14:55:40.275 23181 23196 I hfmodels-transcribe: RESULT step=load ok=true variant=medium_fp16 backend=cpu import_ms=0 load_ms=312 profile=cpu runtime=litert 2.2.0 window_s=16.0 sample_rate=16000 notes=family=zipformer_ctc compile_ms=302 on cpu (4 threads) | observed backend is UNKNOWN: litert 2.2.0 reports no per-op execution target; 'initialized' is the accelerator the CompiledModel was created with | window 16.0 s = 1600 fbank frames at 16000 Hz; longer audio is INVALID_INPUT, shorter is padded
10-03 14:55:40.583 23181 23196 I hfmodels-transcribe: RESULT step=transcribe ok=true variant=medium_fp16 backend=cpu file=r01 exact=false norm=false ms_feature=66.1 ms_infer=221.1 ms_total=290.0 audio_s=2.94 got="ALARM SET FOR SEVEN THIRTY TO MORROW MORNING" expect="Alarm set for seven thirty tomorrow morning."
10-03 14:55:40.792 23181 23196 I hfmodels-transcribe: RESULT step=transcribe ok=true variant=medium_fp16 backend=cpu file=r02 exact=false norm=true ms_feature=18.1 ms_infer=188.2 ms_total=208.4 audio_s=2.39 got="YOUR TIMER FOR TEN MINUTES IS RUNNING" expect="Your timer for ten minutes is running."
10-03 14:55:40.994 23181 23196 I hfmodels-transcribe: RESULT step=transcribe ok=true variant=medium_fp16 backend=cpu file=r03 exact=false norm=true ms_feature=10.5 ms_infer=188.7 ms_total=202.2 audio_s=2.37 got="IT IS THREE FIFTEEN IN THE AFTERNOON" expect="It is three fifteen in the afternoon."
10-03 14:55:41.206 23181 23196 I hfmodels-transcribe: RESULT step=transcribe ok=true variant=medium_fp16 backend=cpu file=r04 exact=false norm=false ms_feature=20.4 ms_infer=191.2 ms_total=211.7 audio_s=5.04 got="YOU HAVE TWO EVENTS TO MORROW A TEAM STAND UP AT NINE AND THE DENTIST AT FIVE" expect="You have two events tomorrow: a team standup at nine and the dentist at five."
10-03 14:55:41.406 23181 23196 I hfmodels-transcribe: RESULT step=transcribe ok=true variant=medium_fp16 backend=cpu file=r05 exact=false norm=true ms_feature=10.1 ms_infer=189.4 ms_total=199.5 audio_s=2.57 got="DONE I ADDED THE MEETING TO YOUR CALENDAR" expect="Done. I added the meeting to your calendar."
10-03 14:55:41.607 23181 23196 I hfmodels-transcribe: RESULT step=transcribe ok=true variant=medium_fp16 backend=cpu file=r06 exact=false norm=true ms_feature=12.4 ms_infer=188.3 ms_total=200.8 audio_s=3.27 got="SORRY I COULD NOT FIND A CALENDAR ON THIS PHONE" expect="Sorry, I could not find a calendar on this phone."
10-03 14:55:41.806 23181 23196 I hfmodels-transcribe: RESULT step=transcribe ok=true variant=medium_fp16 backend=cpu file=r07 exact=false norm=false ms_feature=10.8 ms_infer=188.3 ms_total=199.2 audio_s=2.87 got="THE LAM IS SET FOR HALF PAST NINE TO NIGHT" expect="The alarm is set for half past nine tonight."
10-03 14:55:42.005 23181 23196 I hfmodels-transcribe: RESULT step=transcribe ok=true variant=medium_fp16 backend=cpu file=r08 exact=false norm=true ms_feature=9.1 ms_infer=188.9 ms_total=198.0 audio_s=2.39 got="TIMER STARTED FORTY FIVE MINUTES" expect="Timer started: forty five minutes."
10-03 14:55:42.206 23181 23196 I hfmodels-transcribe: RESULT step=transcribe ok=true variant=medium_fp16 backend=cpu file=r09 exact=false norm=false ms_feature=12.0 ms_infer=188.8 ms_total=200.9 audio_s=3.17 got="GOOD MORNING EVERYTHING IS RUNNING ON THIS PHONE OFF LINE" expect="Good morning! Everything is running on this phone, offline."
10-03 14:55:42.405 23181 23196 I hfmodels-transcribe: RESULT step=transcribe ok=true variant=medium_fp16 backend=cpu file=r10 exact=false norm=true ms_feature=12.2 ms_infer=186.3 ms_total=198.6 audio_s=3.22 got="I SET AN ALARM FOR EIGHT AND A TIMER FOR TWENTY MINUTES" expect="I set an alarm for eight and a timer for twenty minutes."
10-03 14:55:42.405 23181 23196 I hfmodels-transcribe: RESULT step=summary ok=true variant=medium_fp16 backend=cpu files=10 exact=0 norm=6 preroll_ms=0 gpu_precision=descriptor
10-03 14:55:44.410 23181 23196 I hfmodels-transcribe: RESULT step=timing ok=true variant=medium_fp16 backend=cpu warm_calls=10 ms_feature_median=11.6 ms_infer_median=188.2 ms_total_median=200.9 ms_infer_min=185.9 ms_infer_max=191.9 same_text_as_first=10/10
10-03 14:55:44.420 23181 23196 I hfmodels-transcribe: RESULT step=endpointer ok=true variant=medium_fp16 backend=cpu files=10 utterances=10 chunk_ms=20 start_rms=0.02 hangover_ms=800 spans(start-end/file_length): r01=580-2941ms(flush)/2941ms r02=480-2391ms(flush)/2391ms r03=620-2366ms(flush)/2366ms r04=500-5041ms(flush)/5041ms r05=660-2566ms(flush)/2566ms r06=560-3266ms(flush)/3266ms r07=580-2866ms(flush)/2866ms r08=640-2391ms(flush)/2391ms r09=640-3166ms(flush)/3166ms r10=620-3216ms(flush)/3216ms
10-03 14:55:44.458 23181 23196 I hfmodels-transcribe: RESULT step=release ok=true variant=medium_fp16 backend=cpu close_ms=38
10-03 14:55:44.458 23181 23196 I hfmodels-transcribe: RESULT ok=true model=litert-community/Zipformer-medium-CR-CTC-LiteRT variant=medium_fp16 backend=cpu device=SM-S942Q build=BP4A.251205.006.S942QOPS1AZH9 failures=
