# hfmodels typed-decisions device gate  date=2026-10-05T01:18:36Z serial=RFGL80R6A6H device=SM-S942Q build=BP4A.251205.006.S942QOPS1AZH9 android=16
# git=009baa2 test=GlinerDecideDeviceTest variant=s512_fp16hw_wfp16 backend=gpu thermal=Thermal Status: 0 battery_level= level: 79 battery_temp_x10C= temperature: 362 screen= mWakefulness=Dozing
# gradle rc=0 end=2026-10-05T01:20:25Z thermal_end=Thermal Status: 2 battery_temp_end_x10C= temperature: 404
--------- beginning of main
10-05 10:18:37.705  9762  9775 I hfmodels-decide: device=SM-S942Q soc=QTI/SM8850 build=BP4A.251205.006.S942QOPS1AZH9 android=16 litert=2.2.0 model=litert-community/GLiNER2.5-Decide-LiteRT@f6f6e9c9 variant=s512_fp16hw_wfp16 backend=gpu
10-05 10:18:37.709  9762  9780 I hfmodels: resolve litert-community/GLiNER2.5-Decide-LiteRT: commit=f6f6e9c9 via EXPLICIT_REVISION, descriptor=caller@explicit/hfmodels.json sha=62f4e66e
10-05 10:18:38.513  9762  9780 I hfmodels: imported gliner25_decide_s512_fp16hw_wfp16.tflite: 811295824 bytes, sha256 ok, from /data/local/tmp/hfmodels/gliner-decide/gliner25_decide_s512_fp16hw_wfp16.tflite
10-05 10:18:38.755  9762  9780 I hfmodels: imported word_embeddings_fp16.bin: 262166528 bytes, sha256 ok, from /data/local/tmp/hfmodels/gliner-decide/host_assets/word_embeddings_fp16.bin
10-05 10:18:38.765  9762  9780 I hfmodels: imported tokenizer.json: 8333952 bytes, sha256 ok, from /data/local/tmp/hfmodels/gliner-decide/host_assets/tokenizer.json
10-05 10:18:38.767  9762  9780 I hfmodels: resolve litert-community/GLiNER2.5-Decide-LiteRT: commit=f6f6e9c9 via EXPLICIT_REVISION, descriptor=caller@explicit/hfmodels.json sha=62f4e66e
10-05 10:18:39.272  9762  9780 I hfmodels: tokenizer tokenizer.json: 128011 tokens (Unigram), load_ms=495
10-05 10:18:43.150  9762  9775 I hfmodels: ready litert-community/GLiNER2.5-Decide-LiteRT@f6f6e9c9 variant=s512_fp16hw_wfp16 profile=gpu inference=GPU prepare_ms=4374
10-05 10:18:43.150  9762  9775 I hfmodels-decide: RESULT step=load ok=true variant=s512_fp16hw_wfp16 backend=gpu import_ms=1055 load_ms=4385 compile_ms=3876 profile=gpu window=512 head=512 max_options=32 descriptor_patch=none npu_libs_ready=true notes=family=gliner2_decide compile_ms=3876 on gpu (precision fp16_with_fp32_accum) | observed backend is UNKNOWN: litert 2.2.0 reports no per-op execution target; 'initialized' is the accelerator the CompiledModel was created with | host token lookup: word_embeddings_fp16.bin (float16, 128011 rows x 1024) feeds inputs_embeds | one gliner2 task per question (task 'answer', the instructions as its prompt, the options as labels); a request longer than the 512-token window or with more than 32 labels is refused, never cut; probabilities are gliner2's single-label float32 softmax of the label logits (T=1)
10-05 10:18:43.772  9762  9775 I hfmodels-decide: RESULT step=sequence ok=true variant=s512_fp16hw_wfp16 backend=gpu rows=42 mismatches=0 window=512
10-05 10:19:04.419  9762  9775 I hfmodels-decide: RESULT step=parity ok=true variant=s512_fp16hw_wfp16 backend=gpu rows=42 argmax_match=42/42 decisions_equal_official=42/42 max_prob_abs_err=0.003268331289291382 (worst readme_03_travel_request) max_logit_abs_err_vs_oracle=0.027947425842285156 max_logit_abs_err_vs_mac_cpu=0.025348663330078125 dp_tol=0.01 forward_ms_median=463.334687 p90=466.204271 min=458.798698 max=467.121822 first10_median=463.16427 last10_median=464.079688
10-05 10:19:23.794  9762  9775 I hfmodels-decide: RESULT step=demo ok=true variant=s512_fp16hw_wfp16 backend=gpu rows=30 same_answer_as_mac=30/30 max_prob_abs_err_vs_mac=0.0021461844444274902 (worst b24) correct_device=27/30 correct_mac=27/30 question_ms_median=470.95005100000003 p90=1243.777291 min=465.54000099999996 max=1246.6074469999999 lookup_ms_median=3.933802 first10_median=470.60599 last10_median=1201.6709890000002
10-05 10:19:23.794  9762  9775 I hfmodels-decide: RESULT step=pack ok=true variant=s512_fp16hw_wfp16 backend=gpu skipped: pack=0
10-05 10:20:08.535  9762  9775 I hfmodels-decide: RESULT step=timing ok=true variant=s512_fp16hw_wfp16 backend=gpu repeats=5 decide_4q_total_ms_median=3107.646822 four_decide_1q_total_ms_median=3123.761249 decide_4q_packed_total_ms_median=795.017916 packed_forwards=1 state_tokens=19 per_question_ms=693.683905,691.925103,688.494531,692.355937 answers={department=billing 0.7021415829658508, urgency=0.6465431451797485, refund_requested=0.9843664169311523, tone=polite 0.38433095812797546} answers_packed={department=billing 0.5638999938964844, urgency=0.729175478219986, refund_requested=0.9617859125137329, tone=polite 0.4068816304206848}
10-05 10:20:24.440  9762  9775 I hfmodels-decide: RESULT step=zoo_input ok=true variant=s512_fp16hw_wfp16 backend=gpu text_tokens=12 forward_tokens=69 window=512 first=1 warmups=2 timed=10 wall_ms_median=693.6836975 total_ms_median=693.605573 state_ms_median=1.3544014999999998 question_ms_median=692.021875 lookup_ms_median=3.0931765 tokenize_ms_median=1.8296350000000001 forward_build_ms_median=2.6616144999999998 graph_call_ms_median=682.983698 answer=promise p=nothing:0.04235348477959633,promise:0.4650043547153473,request:0.15326730906963348,plan:0.3393748998641968 wall_ms=692.405521,687.719844,693.132708,695.045729,691.946094,695.335469,694.796771,696.429791,694.234687,691.881198
10-05 10:20:24.920  9762  9775 I hfmodels-decide: RESULT step=lookup ok=true variant=s512_fp16hw_wfp16 backend=gpu rows=512 hidden=1024 zoo_style=lut zoo_ms_median=14.999323 zoo_ms_min=14.886667 sdk_ms_median=0.672396 sdk_ms_min=0.671198 repeats=20 outputs_identical=true
10-05 10:20:24.989  9762  9775 I hfmodels-decide: RESULT step=release ok=true variant=s512_fp16hw_wfp16 backend=gpu close_ms=68
10-05 10:20:24.990  9762  9775 I hfmodels-decide: RESULT ok=true model=litert-community/GLiNER2.5-Decide-LiteRT variant=s512_fp16hw_wfp16 backend=gpu device=SM-S942Q build=BP4A.251205.006.S942QOPS1AZH9 failures=
## residency (6 lines, pid 9762)
10-05 10:18:39.276  9762  9843 I litert  : [npu_registry.cc:30] NPU accelerator registered.
10-05 10:18:39.304  9762  9843 I litert  : [compiled_model.cc:754] NPU JIT compilation caching enabled with cache dir: /data/user/0/io.github.johnrocky.hfmodels.litert.test/cache
10-05 10:18:39.310  9762  9843 I litert  :   HtpPerformanceMode       : Burst(2)
10-05 10:18:39.447  9762  9843 I litert  : [compiled_model.cc:1250] 0 compiler plugins were applied successfully: 
10-05 10:18:39.450  9762  9843 I litert  :   HtpPerformanceMode       : Burst(2)
10-05 10:18:39.635  9762  9843 I tflite  : Replacing 1877 out of 1877 node(s) with delegate (LITERT_CL) node, yielding 1 partitions for subgraph 0 (main).
