# hfmodels transcribe device gate  date=2026-10-03T05:21:52Z serial=RFGL80R6A6H device=SM-S942Q build=BP4A.251205.006.S942QOPS1AZH9 android=16
# git=ebaa5bd test=TranscribeDeviceTest variant=small_fp16 backend=gpu thermal=Thermal Status: 0 battery_level= level: 80 battery_temp_x10C= temperature: 278 screen= mWakefulness=Dozing
# gradle rc=0 end=2026-10-03T05:22:07Z thermal_end=Thermal Status: 0 battery_temp_end_x10C= temperature: 278
--------- beginning of main
10-03 14:22:03.080 18222 18236 I hfmodels-transcribe: device=SM-S942Q soc=QTI/SM8850 build=BP4A.251205.006.S942QOPS1AZH9 android=16 model=litert-community/Zipformer-medium-CR-CTC-LiteRT@7732ad6c variant=small_fp16 backend=gpu preroll_ms=0 gpu_precision=descriptor
10-03 14:22:03.085 18222 18240 I hfmodels: resolve litert-community/Zipformer-medium-CR-CTC-LiteRT: commit=7732ad6c via EXPLICIT_REVISION, descriptor=caller@explicit/hfmodels.json sha=d00756d9
10-03 14:22:03.090 18222 18240 I hfmodels: resolve litert-community/Zipformer-medium-CR-CTC-LiteRT: commit=7732ad6c via EXPLICIT_REVISION, descriptor=caller@explicit/hfmodels.json sha=d00756d9
10-03 14:22:03.101 18222 18240 I hfmodels: tokens tokens.txt: 502 pieces
10-03 14:22:05.140 18222 18236 I hfmodels: ready litert-community/Zipformer-medium-CR-CTC-LiteRT@7732ad6c variant=small_fp16 profile=gpu inference=GPU prepare_ms=2042
10-03 14:22:05.140 18222 18236 I hfmodels-transcribe: RESULT step=load ok=true variant=small_fp16 backend=gpu import_ms=0 load_ms=2052 profile=gpu runtime=litert 2.2.0 window_s=16.0 sample_rate=16000 notes=family=zipformer_ctc compile_ms=2038 on gpu (precision default) | observed backend is UNKNOWN: litert 2.2.0 reports no per-op execution target; 'initialized' is the accelerator the CompiledModel was created with | window 16.0 s = 1600 fbank frames at 16000 Hz; longer audio is INVALID_INPUT, shorter is padded
10-03 14:22:05.265 18222 18236 I hfmodels-transcribe: RESULT step=transcribe ok=true variant=small_fp16 backend=gpu file=c01 exact=false norm=false ms_feature=63.5 ms_infer=34.1 ms_total=107.3 audio_s=2.73 got="SET AN ALARM FOR SEVEN THIRTY TO MORROW MORNING" expect="Set an alarm for seven thirty tomorrow morning."
10-03 14:22:05.319 18222 18236 I hfmodels-transcribe: RESULT step=transcribe ok=true variant=small_fp16 backend=gpu file=c02 exact=false norm=false ms_feature=16.5 ms_infer=29.4 ms_total=53.4 audio_s=1.81 got="AND WAKE ME UP AT SIX FIFTEEN" expect="Wake me up at six fifteen."
10-03 14:22:05.368 18222 18236 I hfmodels-transcribe: RESULT step=transcribe ok=true variant=small_fp16 backend=gpu file=c03 exact=false norm=true ms_feature=14.7 ms_infer=29.0 ms_total=48.8 audio_s=1.91 got="START A TIMER FOR TEN MINUTES" expect="Start a timer for ten minutes."
10-03 14:22:05.408 18222 18236 I hfmodels-transcribe: RESULT step=transcribe ok=true variant=small_fp16 backend=gpu file=c04 exact=false norm=true ms_feature=10.0 ms_infer=29.0 ms_total=39.2 audio_s=2.22 got="SET A TIMER FOR FORTY FIVE MINUTES" expect="Set a timer for forty five minutes."
10-03 14:22:05.446 18222 18236 I hfmodels-transcribe: RESULT step=transcribe ok=true variant=small_fp16 backend=gpu file=c05 exact=false norm=false ms_feature=8.6 ms_infer=28.8 ms_total=37.6 audio_s=1.57 got="TIME IS IT RIGHT NOW" expect="What time is it right now?"
10-03 14:22:05.496 18222 18236 I hfmodels-transcribe: RESULT step=transcribe ok=true variant=small_fp16 backend=gpu file=c06 exact=false norm=false ms_feature=19.5 ms_infer=29.3 ms_total=49.2 audio_s=1.96 got="BUT IS ON MY CALENDAR TO MORROW" expect="What is on my calendar tomorrow?"
10-03 14:22:05.551 18222 18236 I hfmodels-transcribe: RESULT step=transcribe ok=true variant=small_fp16 backend=gpu file=c07 exact=false norm=false ms_feature=24.3 ms_infer=29.6 ms_total=54.2 audio_s=2.88 got="HAD A MEETING WITH THE DENTIST AT FIVE P M TO MORROW" expect="Add a meeting with the dentist at five p.m. tomorrow."
10-03 14:22:05.612 18222 18236 I hfmodels-transcribe: RESULT step=transcribe ok=true variant=small_fp16 backend=gpu file=c08 exact=false norm=false ms_feature=30.9 ms_infer=29.2 ms_total=60.6 audio_s=3.49 got="WHO A TEAM STAND UP ON MY CALENDAR AT NINE TO MORROW MORNING" expect="Put a team standup on my calendar at nine tomorrow morning."
10-03 14:22:05.661 18222 18236 I hfmodels-transcribe: RESULT step=transcribe ok=true variant=small_fp16 backend=gpu file=c09 exact=false norm=false ms_feature=19.5 ms_infer=28.8 ms_total=48.5 audio_s=2.95 got="SET AN ALARM FOR AID AND A TIMER FOR TWENTY MINUTES" expect="Set an alarm for eight and a timer for twenty minutes."
10-03 14:22:05.720 18222 18236 I hfmodels-transcribe: RESULT step=transcribe ok=true variant=small_fp16 backend=gpu file=c10 exact=false norm=false ms_feature=28.3 ms_infer=29.8 ms_total=58.5 audio_s=2.68 got="LEASE SET AN ALARM FOR HALF PAST NINE TO NIGHT" expect="Please set an alarm for half past nine tonight."
10-03 14:22:05.721 18222 18236 I hfmodels-transcribe: RESULT step=summary ok=true variant=small_fp16 backend=gpu files=10 exact=0 norm=2 preroll_ms=0 gpu_precision=descriptor
10-03 14:22:06.245 18222 18236 I hfmodels-transcribe: RESULT step=timing ok=true variant=small_fp16 backend=gpu warm_calls=10 ms_feature_median=22.8 ms_infer_median=29.4 ms_total_median=52.8 ms_infer_min=28.9 ms_infer_max=30.4 same_text_as_first=10/10
10-03 14:22:06.265 18222 18236 I hfmodels-transcribe: RESULT step=endpointer ok=true variant=small_fp16 backend=gpu files=10 utterances=10 chunk_ms=20 start_rms=0.02 hangover_ms=800 spans(start-end/file_length): c01=40-2731ms(flush)/2731ms c02=0-1813ms(flush)/1813ms c03=140-1906ms(flush)/1906ms c04=40-2220ms(flush)/2220ms c05=0-1569ms(flush)/1569ms c06=0-1964ms(flush)/1964ms c07=0-2875ms(flush)/2875ms c08=40-3492ms(flush)/3492ms c09=40-2951ms(flush)/2951ms c10=40-2680ms(flush)/2680ms
10-03 14:22:06.295 18222 18236 I hfmodels-transcribe: RESULT step=release ok=true variant=small_fp16 backend=gpu close_ms=30
10-03 14:22:06.296 18222 18236 I hfmodels-transcribe: RESULT ok=true model=litert-community/Zipformer-medium-CR-CTC-LiteRT variant=small_fp16 backend=gpu device=SM-S942Q build=BP4A.251205.006.S942QOPS1AZH9 failures=
