# hfmodels speak device gate  date=2026-10-03T05:53:26Z serial=RFGL80R6A6H device=SM-S942Q build=BP4A.251205.006.S942QOPS1AZH9 android=16
# git=fb40625 test=SpeakDeviceTest variant=fp16 backend=cpu thermal=Thermal Status: 0 battery_level= level: 80 battery_temp_x10C= temperature: 282 screen= mWakefulness=Dozing
# gradle rc=0 end=2026-10-03T05:53:47Z thermal_end=Thermal Status: 0 battery_temp_end_x10C= temperature: 286
--------- beginning of main
10-03 14:53:36.813 22200 22219 I hfmodels-speak: device=SM-S942Q soc=QTI/SM8850 build=BP4A.251205.006.S942QOPS1AZH9 android=16 model=litert-community/kitten-tts-nano-0.8@d4662d89 variant=fp16 voice=expr-voice-2-m wav_dir=/storage/emulated/0/Android/data/io.github.johnrocky.hfmodels.voice.test/files/tts/fp16
10-03 14:53:36.817 22200 22223 I hfmodels: resolve litert-community/kitten-tts-nano-0.8: commit=d4662d89 via EXPLICIT_REVISION, descriptor=caller@explicit/hfmodels.json sha=29c9f2a6
10-03 14:53:36.823 22200 22223 I hfmodels: resolve litert-community/kitten-tts-nano-0.8: commit=d4662d89 via EXPLICIT_REVISION, descriptor=caller@explicit/hfmodels.json sha=29c9f2a6
10-03 14:53:37.226 22200 22223 I hfmodels: kitten lexicon: 177 symbols, 274927 dictionary words, 8 voices
10-03 14:53:37.564 22200 22219 I hfmodels: ready litert-community/kitten-tts-nano-0.8@d4662d89 variant=fp16 profile=cpu inference=CPU prepare_ms=722
10-03 14:53:37.565 22200 22219 I hfmodels-speak: RESULT step=load ok=true variant=fp16 files=8 import_ms=0 load_ms=743 profile=cpu runtime=litert 2.2.0 voices=8 default_voice=expr-voice-2-m sample_rate=24000 max_chars=400 notes=family=kitten load_ms voices=9 g2p_dict=371 g2p_graph=56 predictor=235 prosody=5 vocoder=38 (dictionary 274927 words) | interpreter api (xnnpack, 4 threads): predictor kitten_predictor_fp16.tflite, prosody kitten_prosody_fp16.tflite, vocoder kitten_vocoder_fp16.tflite; g2p graph on CompiledModel cpu (4 threads) | speed goes to the graph unchanged; the publisher's say.py multiplies it by speed_priors (expr-voice-2-f=0.8 expr-voice-2-m=0.8 expr-voice-3-f=0.8 expr-voice-3-m=0.8 expr-voice-4-f=0.8 expr-voice-4-m=0.9 expr-voice-5-f=0.8 expr-voice-5-m=0.8), this handler does not | style row = min(chars, 399); tail_trim 5000 samples, min_samples 1200; max_chars 400 per call | observed backend is UNKNOWN: litert 2.2.0 reports no per-op execution target; 'initialized' is the CPU the graphs were created for
10-03 14:53:37.576 22200 22219 I hfmodels-speak: RESULT step=g2p ok=true variant=fp16 i=0 equal=false n_got=43 n_ref=41 first_diff=11 got[8..]=[5, 16, 50, 156, 43, 135, 16, 53] ref[8..]=[5, 16, 50, 157, 43, 135, 16, 53]
10-03 14:53:37.577 22200 22219 I hfmodels-speak: RESULT step=g2p ok=true variant=fp16 i=1 equal=false n_got=68 n_ref=63 first_diff=24 got[21..]=[62, 16, 48, 76, 158, 123, 16, 70] ref[21..]=[62, 16, 48, 85, 123, 83, 16, 65]
10-03 14:53:37.593 22200 22219 I hfmodels-speak: RESULT step=g2p ok=true variant=fp16 i=2 equal=false n_got=133 n_ref=138 first_diff=19 got[16..]=[62, 16, 62, 63, 158, 16, 61, 58] ref[16..]=[62, 16, 62, 83, 16, 61, 58, 156]
10-03 14:53:38.516 22200 22219 I hfmodels-speak: RESULT step=parity ok=true variant=fp16 i=0 comparable=false frames_equal=false frames=116/111 samples=64600/66600 untrimmed=69600/66600 logmel_corr=0.8950 logspec_corr=0.8815 maxabs=1.13 ms_total=251.6
10-03 14:53:39.663 22200 22219 I hfmodels-speak: RESULT step=parity ok=true variant=fp16 i=1 comparable=false frames_equal=false frames=164/163 samples=93400/97800 untrimmed=98400/97800 logmel_corr=0.9670 logspec_corr=0.9444 maxabs=1.03 ms_total=333.5
10-03 14:53:41.615 22200 22219 I hfmodels-speak: RESULT step=parity ok=true variant=fp16 i=2 comparable=false frames_equal=false frames=274/281 samples=159400/168600 untrimmed=164400/168600 logmel_corr=0.7551 logspec_corr=0.7682 maxabs=0.921 ms_total=581.1
10-03 14:53:41.842 22200 22219 I hfmodels-speak: RESULT step=speak ok=true variant=fp16 file=r01 chars=44 frames=126 audio_s=2.94 ms_g2p=0.4 ms_synth=222.2 ms_total=222.6 rtf=0.076
10-03 14:53:42.024 22200 22219 I hfmodels-speak: RESULT step=speak ok=true variant=fp16 file=r02 chars=38 frames=104 audio_s=2.39 ms_g2p=0.3 ms_synth=178.7 ms_total=179.0 rtf=0.075
10-03 14:53:42.201 22200 22219 I hfmodels-speak: RESULT step=speak ok=true variant=fp16 file=r03 chars=37 frames=103 audio_s=2.37 ms_g2p=0.4 ms_synth=175.4 ms_total=175.8 rtf=0.074
10-03 14:53:42.573 22200 22219 I hfmodels-speak: RESULT step=speak ok=true variant=fp16 file=r04 chars=77 frames=210 audio_s=5.04 ms_g2p=0.5 ms_synth=369.1 ms_total=369.6 rtf=0.073
10-03 14:53:42.776 22200 22219 I hfmodels-speak: RESULT step=speak ok=true variant=fp16 file=r05 chars=43 frames=111 audio_s=2.57 ms_g2p=8.4 ms_synth=191.4 ms_total=199.9 rtf=0.078
10-03 14:53:43.030 22200 22219 I hfmodels-speak: RESULT step=speak ok=true variant=fp16 file=r06 chars=49 frames=139 audio_s=3.27 ms_g2p=8.5 ms_synth=244.0 ms_total=252.5 rtf=0.077
10-03 14:53:43.242 22200 22219 I hfmodels-speak: RESULT step=speak ok=true variant=fp16 file=r07 chars=44 frames=123 audio_s=2.87 ms_g2p=0.4 ms_synth=209.7 ms_total=210.2 rtf=0.073
10-03 14:53:43.424 22200 22219 I hfmodels-speak: RESULT step=speak ok=true variant=fp16 file=r08 chars=34 frames=104 audio_s=2.39 ms_g2p=0.4 ms_synth=179.5 ms_total=179.8 rtf=0.075
10-03 14:53:43.661 22200 22219 I hfmodels-speak: RESULT step=speak ok=true variant=fp16 file=r09 chars=59 frames=135 audio_s=3.17 ms_g2p=0.5 ms_synth=234.1 ms_total=234.6 rtf=0.074
10-03 14:53:43.920 22200 22219 I hfmodels-speak: RESULT step=speak ok=true variant=fp16 file=r10 chars=56 frames=137 audio_s=3.22 ms_g2p=8.5 ms_synth=248.2 ms_total=256.7 rtf=0.080
10-03 14:53:46.205 22200 22219 I hfmodels-speak: RESULT step=timing ok=true variant=fp16 warm_calls=10 ms_g2p_median=0.4 ms_synth_median=212.9 ms_total_median=213.3 ms_total_min=174.8 ms_total_max=365.1 rtf_median=0.075 first_call_after_load_ms_total=251.6 same_pcm_as_first=10/10
10-03 14:53:46.206 22200 22219 I hfmodels-speak: RESULT step=memory ok=true variant=fp16 vmhwm_kb_before=117592 after_load=602004 after_speak=907088 vmrss_kb_after_speak=836956
10-03 14:53:46.248 22200 22219 I hfmodels-speak: RESULT step=release ok=true variant=fp16 close_ms=43
10-03 14:53:46.249 22200 22219 I hfmodels-speak: RESULT ok=true model=litert-community/kitten-tts-nano-0.8 variant=fp16 device=SM-S942Q build=BP4A.251205.006.S942QOPS1AZH9 failures=
