# hfmodels typed-decisions device gate  date=2026-09-29T14:51:21Z serial=RFGL80R6A6H device=SM-S942Q soc=QTI/SM8850 build=BP4A.251205.006.S942QOPS1AZF2 android=16
# git=4bd7e25 variant=ml_s256_fp32 backend=gpu thermal=Thermal Status: 1 battery_temp_x10C=389 files=/data/user/0/io.github.johnrocky.hfmodels.litert.test/files/laya (run-as copies of the published bytes, laya-LiteRT bca6002d)
# instrument rc=0 end=2026-09-29T14:52:06Z thermal=Thermal Status: 2 battery_temp_x10C=417
OK (1 test)
--------- beginning of main
09-29 23:51:22.354 10651 10665 I hfmodels-decide: device=SM-S942Q soc=QTI/SM8850 build=BP4A.251205.006.S942QOPS1AZF2 android=16 litert=2.2.0 variant=ml_s256_fp32 backend=gpu
09-29 23:51:22.378 10651 10669 I hfmodels: resolve convaiinnovations/laya: commit=1c5edc17 via EXPLICIT_REVISION, descriptor=caller@explicit/hfmodels.json sha=b7ffd807
09-29 23:51:25.429 10651 10669 I hfmodels: imported laya_ml_s256_fp32.tflite: 1287376352 bytes, sha256 ok, from /data/user/0/io.github.johnrocky.hfmodels.litert.test/files/laya/laya_ml_s256_fp32.tflite
09-29 23:51:25.433 10651 10669 I hfmodels: resolve convaiinnovations/laya: commit=1c5edc17 via EXPLICIT_REVISION, descriptor=caller@explicit/hfmodels.json sha=b7ffd807
09-29 23:51:30.448 10651 10669 I hfmodels: tokenizer tokenizer.json: 256000 tokens, load_ms=4984
09-29 23:51:38.588 10651 10665 I hfmodels: ready convaiinnovations/laya@1c5edc17 variant=ml_s256_fp32 profile=gpu inference=GPU prepare_ms=13134
09-29 23:51:38.588 10651 10665 I hfmodels-decide: RESULT step=load ok=true variant=ml_s256_fp32 backend=gpu import_ms=3044 load_ms=13159 profile=gpu window=256 head=256 notes=compile_ms=8138 on gpu (precision fp32) | observed backend is UNKNOWN: litert 2.2.0 reports no per-op execution target; 'initialized' is the accelerator the CompiledModel was created with
09-29 23:51:57.471 10651 10665 I hfmodels-decide: RESULT step=parity ok=true variant=ml_s256_fp32 backend=gpu rows=201 calibration=laya_ml_calibration.json argmax_flips=0 max_marker_logit_abs_err=0.00005 (worst ML_F04/is_sensitive) max_prob_abs_err=0.00010 max_score_abs_err=0.00010 max_act_logit_rel_err=5.01e-06 exact_rounded=199/201 question_ms_median=55.7 p90=124.7 min=51.9 max=154.6
09-29 23:52:06.157 10651 10665 I hfmodels-decide: RESULT step=timing ok=true variant=ml_s256_fp32 backend=gpu questions=4 state_tokens=25 shared_ms_median=486.3 direct_ms_median=492.4 prefill_then_decide_ms_median=477.9 state_tokenize_ms_median=1.82 per_question_ms=113.4,114.5,116.4,116.9 repeats=5
09-29 23:52:06.158 10651 10665 I hfmodels-decide: RESULT step=authored144 ok=true variant=ml_s256_fp32 backend=gpu skipped: /data/user/0/io.github.johnrocky.hfmodels.litert.test/files/laya/fixtures/authored144_laya_oracle.json not pushed
09-29 23:52:06.336 10651 10665 I hfmodels-decide: RESULT step=release ok=true variant=ml_s256_fp32 backend=gpu close_ms=179
09-29 23:52:06.337 10651 10665 I hfmodels-decide: RESULT ok=true variant=ml_s256_fp32 backend=gpu device=SM-S942Q build=BP4A.251205.006.S942QOPS1AZF2 failures=
## residency (       7 lines)
09-29 23:51:30.456 10651 10679 I litert  : [npu_registry.cc:30] NPU accelerator registered.
09-29 23:51:30.492 10651 10679 I litert  : [compiled_model.cc:754] NPU JIT compilation caching enabled with cache dir: /data/user/0/io.github.johnrocky.hfmodels.litert.test/cache
09-29 23:51:30.860 10651 10679 I litert  : [compiled_model.cc:1250] 0 compiler plugins were applied successfully: 
09-29 23:51:31.106 10651 10679 I tflite  : Replacing 1713 out of 1713 node(s) with delegate (LITERT_CL) node, yielding 1 partitions for subgraph 0 (main).
09-29 23:51:38.584 10651 10679 I litert  : [compiled_model.cc:754] NPU JIT compilation caching enabled with cache dir: /data/user/0/io.github.johnrocky.hfmodels.litert.test/cache
09-29 23:51:38.586 10651 10679 I litert  : [compiled_model.cc:1250] 0 compiler plugins were applied successfully: 
09-29 23:51:38.586 10651 10679 I tflite  : Replacing 4 out of 4 node(s) with delegate (TfLiteXNNPackDelegate) node, yielding 1 partitions for subgraph 0 (main).
