# hfmodels transcribe device gate  date=2026-10-03T05:11:43Z serial=RFGL80R6A6H device=SM-S942Q build=BP4A.251205.006.S942QOPS1AZH9 android=16
# git=36dcb6e test=TranscribeDeviceTest variant=medium_fp16 backend=gpu thermal=Thermal Status: 0 battery_level= level: 79 battery_temp_x10C= temperature: 283 screen= mWakefulness=Dozing
# gradle rc=0 end=2026-10-03T05:11:59Z thermal_end=Thermal Status: 0 battery_temp_end_x10C= temperature: 286
--------- beginning of main
10-03 14:11:54.350 17081 17096 I hfmodels-transcribe: device=SM-S942Q soc=QTI/SM8850 build=BP4A.251205.006.S942QOPS1AZH9 android=16 model=litert-community/Zipformer-medium-CR-CTC-LiteRT@7732ad6c variant=medium_fp16 backend=gpu preroll_ms=0 gpu_precision=descriptor
10-03 14:11:54.353 17081 17100 I hfmodels: resolve litert-community/Zipformer-medium-CR-CTC-LiteRT: commit=7732ad6c via EXPLICIT_REVISION, descriptor=caller@explicit/hfmodels.json sha=d00756d9
10-03 14:11:54.606 17081 17100 I hfmodels: imported zipformer_ctc_fp16.tflite: 131490944 bytes, sha256 ok, from /data/local/tmp/hfmodels/zipformer/zipformer_ctc_fp16.tflite
10-03 14:11:54.608 17081 17100 I hfmodels: resolve litert-community/Zipformer-medium-CR-CTC-LiteRT: commit=7732ad6c via EXPLICIT_REVISION, descriptor=caller@explicit/hfmodels.json sha=d00756d9
10-03 14:11:54.621 17081 17100 I hfmodels: tokens tokens.txt: 502 pieces
10-03 14:11:57.117 17081 17096 I hfmodels: ready litert-community/Zipformer-medium-CR-CTC-LiteRT@7732ad6c variant=medium_fp16 profile=gpu inference=GPU prepare_ms=2501
10-03 14:11:57.118 17081 17096 I hfmodels-transcribe: RESULT step=load ok=true variant=medium_fp16 backend=gpu import_ms=252 load_ms=2511 profile=gpu runtime=litert 2.2.0 window_s=16.0 sample_rate=16000 notes=family=zipformer_ctc compile_ms=2496 on gpu (precision default) | observed backend is UNKNOWN: litert 2.2.0 reports no per-op execution target; 'initialized' is the accelerator the CompiledModel was created with | window 16.0 s = 1600 fbank frames at 16000 Hz; longer audio is INVALID_INPUT, shorter is padded
10-03 14:11:57.245 17081 17096 I hfmodels-transcribe: RESULT step=transcribe ok=true variant=medium_fp16 backend=gpu file=c01 exact=false norm=false ms_feature=66.2 ms_infer=41.9 ms_total=112.4 audio_s=2.73 got="SET AN ALARM FOR SEVEN THIRTY TO MORROW MORNING" expect="Set an alarm for seven thirty tomorrow morning."
10-03 14:11:57.297 17081 17096 I hfmodels-transcribe: RESULT step=transcribe ok=true variant=medium_fp16 backend=gpu file=c02 exact=false norm=false ms_feature=13.0 ms_infer=35.6 ms_total=51.4 audio_s=1.81 got="WAKED ME UP AT SIX FIFTEEN" expect="Wake me up at six fifteen."
10-03 14:11:57.346 17081 17096 I hfmodels-transcribe: RESULT step=transcribe ok=true variant=medium_fp16 backend=gpu file=c03 exact=false norm=true ms_feature=9.6 ms_infer=35.6 ms_total=48.9 audio_s=1.91 got="START A TIMER FOR TEN MINUTES" expect="Start a timer for ten minutes."
10-03 14:11:57.397 17081 17096 I hfmodels-transcribe: RESULT step=transcribe ok=true variant=medium_fp16 backend=gpu file=c04 exact=false norm=true ms_feature=14.3 ms_infer=36.0 ms_total=50.3 audio_s=2.22 got="SET A TIMER FOR FORTY FIVE MINUTES" expect="Set a timer for forty five minutes."
10-03 14:11:57.443 17081 17096 I hfmodels-transcribe: RESULT step=transcribe ok=true variant=medium_fp16 backend=gpu file=c05 exact=false norm=true ms_feature=10.3 ms_infer=35.8 ms_total=46.2 audio_s=1.57 got="WHAT TIME IS IT RIGHT NOW" expect="What time is it right now?"
10-03 14:11:57.492 17081 17096 I hfmodels-transcribe: RESULT step=transcribe ok=true variant=medium_fp16 backend=gpu file=c06 exact=false norm=false ms_feature=11.8 ms_infer=36.5 ms_total=48.4 audio_s=1.96 got="B IS ON MY CALENDAR TO MORROW" expect="What is on my calendar tomorrow?"
10-03 14:11:57.544 17081 17096 I hfmodels-transcribe: RESULT step=transcribe ok=true variant=medium_fp16 backend=gpu file=c07 exact=false norm=false ms_feature=16.4 ms_infer=35.7 ms_total=52.2 audio_s=2.88 got="I HAD A MEETING WITH THE DENTIST AT FIVE P M TO MORROW" expect="Add a meeting with the dentist at five p.m. tomorrow."
10-03 14:11:57.594 17081 17096 I hfmodels-transcribe: RESULT step=transcribe ok=true variant=medium_fp16 backend=gpu file=c08 exact=false norm=false ms_feature=14.0 ms_infer=35.5 ms_total=49.6 audio_s=3.49 got="WOULD A TEAM STAND UP ON MY CALENDAR AT NINE TO MORROW MORNING" expect="Put a team standup on my calendar at nine tomorrow morning."
10-03 14:11:57.644 17081 17096 I hfmodels-transcribe: RESULT step=transcribe ok=true variant=medium_fp16 backend=gpu file=c09 exact=false norm=true ms_feature=14.3 ms_infer=35.5 ms_total=49.9 audio_s=2.95 got="SET AN ALARM FOR EIGHT AND A TIMER FOR TWENTY MINUTES" expect="Set an alarm for eight and a timer for twenty minutes."
10-03 14:11:57.693 17081 17096 I hfmodels-transcribe: RESULT step=transcribe ok=true variant=medium_fp16 backend=gpu file=c10 exact=false norm=false ms_feature=13.1 ms_infer=35.6 ms_total=48.8 audio_s=2.68 got="PLEASE SET AN ALARM FOR HALF PAST NINE TO NIGHT" expect="Please set an alarm for half past nine tonight."
10-03 14:11:57.693 17081 17096 I hfmodels-transcribe: RESULT step=summary ok=true variant=medium_fp16 backend=gpu files=10 exact=0 norm=4 preroll_ms=0 gpu_precision=descriptor
10-03 14:11:58.208 17081 17096 I hfmodels-transcribe: RESULT step=timing ok=true variant=medium_fp16 backend=gpu warm_calls=10 ms_feature_median=13.4 ms_infer_median=36.2 ms_total_median=50.0 ms_infer_min=35.5 ms_infer_max=37.0 same_text_as_first=10/10
10-03 14:11:58.226 17081 17096 I hfmodels-transcribe: RESULT step=endpointer ok=true variant=medium_fp16 backend=gpu files=10 utterances=10 chunk_ms=20 start_rms=0.02 hangover_ms=800 spans(start-end/file_length): c01=40-2731ms(flush)/2731ms c02=0-1813ms(flush)/1813ms c03=140-1906ms(flush)/1906ms c04=40-2220ms(flush)/2220ms c05=0-1569ms(flush)/1569ms c06=0-1964ms(flush)/1964ms c07=0-2875ms(flush)/2875ms c08=40-3492ms(flush)/3492ms c09=40-2951ms(flush)/2951ms c10=40-2680ms(flush)/2680ms
10-03 14:11:58.273 17081 17096 I hfmodels-transcribe: RESULT step=release ok=true variant=medium_fp16 backend=gpu close_ms=47
10-03 14:11:58.273 17081 17096 I hfmodels-transcribe: RESULT ok=true model=litert-community/Zipformer-medium-CR-CTC-LiteRT variant=medium_fp16 backend=gpu device=SM-S942Q build=BP4A.251205.006.S942QOPS1AZH9 failures=
