# hfmodels typed-decisions device gate  date=2026-10-04T01:37:08Z serial=RFGL80R6A6H device=SM-S942Q build=BP4A.251205.006.S942QOPS1AZH9 android=16
# git=29bc04c test=DebertaDecisionDeviceTest variant=s512_wfp16 backend=gpu thermal=Thermal Status: 0 battery_level= level: 80 battery_temp_x10C= temperature: 367 screen= mWakefulness=Dozing
# gradle rc=0 end=2026-10-04T01:41:20Z thermal_end=Thermal Status: 2 battery_temp_end_x10C= temperature: 418
--------- beginning of main
10-04 10:37:09.913 24991 25012 I hfmodels-decide: device=SM-S942Q soc=QTI/SM8850 build=BP4A.251205.006.S942QOPS1AZH9 android=16 litert=2.2.0 model=litert-community/Open-Decision-DeBERTa-v3-Large-LiteRT@7a276235 variant=s512_wfp16 backend=gpu
10-04 10:37:09.916 24991 25016 I hfmodels: resolve litert-community/Open-Decision-DeBERTa-v3-Large-LiteRT: commit=7a276235 via EXPLICIT_REVISION, descriptor=caller@explicit/hfmodels.json sha=1e2e59e2
10-04 10:37:10.777 24991 25016 I hfmodels: imported deberta_v3_large_decision_s512_wfp16.tflite: 813443728 bytes, sha256 ok, from /data/local/tmp/hfmodels/open-decision/deberta_v3_large_decision_s512_wfp16.tflite
10-04 10:37:11.008 24991 25016 I hfmodels: imported word_embeddings_fp16.bin: 262348800 bytes, sha256 ok, from /data/local/tmp/hfmodels/open-decision/word_embeddings_fp16.bin
10-04 10:37:11.017 24991 25016 I hfmodels: imported tokenizer.json: 8657170 bytes, sha256 ok, from /data/local/tmp/hfmodels/open-decision/tokenizer.json
10-04 10:37:11.018 24991 25016 I hfmodels: resolve litert-community/Open-Decision-DeBERTa-v3-Large-LiteRT: commit=7a276235 via EXPLICIT_REVISION, descriptor=caller@explicit/hfmodels.json sha=1e2e59e2
10-04 10:37:11.584 24991 25016 I hfmodels: tokenizer tokenizer.json: 128004 tokens (Unigram), load_ms=557
10-04 10:37:16.105 24991 25012 I hfmodels: ready litert-community/Open-Decision-DeBERTa-v3-Large-LiteRT@7a276235 variant=s512_wfp16 profile=gpu inference=GPU prepare_ms=5078
10-04 10:37:16.105 24991 25012 I hfmodels-decide: RESULT step=load ok=true variant=s512_wfp16 backend=gpu import_ms=1101 load_ms=5088 compile_ms=4520 profile=gpu window=512 head=512 max_options=128 notes=family=deberta_decision compile_ms=4520 on gpu (precision fp32) | observed backend is UNKNOWN: litert 2.2.0 reports no per-op execution target; 'initialized' is the accelerator the CompiledModel was created with | host token lookup: word_embeddings_fp16.bin (float16, 128100 rows x 1024) feeds inputs_embeds | the questions of one decide() in one forward as the author's decide() does, split in question order when they do not fit the window or the option slots: options = a choice's descriptions (the key when there is none), a score's levels, a noul's no / yes; the state is cut to its first 256 tokens; a request longer than the 512-token window or with more than 128 options is refused; probabilities are the softmax of the logits / 1.05 (the author's calibration), extras.max_probability is the author's confidence
10-04 10:37:16.617 24991 25012 I hfmodels-decide: RESULT step=sequence ok=true variant=s512_wfp16 backend=gpu rows=160 of 160 mismatches=0 window=512
10-04 10:39:47.464 24991 25012 I hfmodels-decide: RESULT step=parity ok=true variant=s512_wfp16 backend=gpu rows=160 questions=420 argmax_match=420/420 answers_equal_author=420/420 max_prob_abs_err=6.861624558591184E-4 (worst fam-ood-47 q0) max_logit_abs_err_vs_author=0.004940509796142578 dp_tol=0.01 forward_ms_median=1027.440625 p90=1057.908594 min=571.566198 max=1289.380155
10-04 10:40:25.944 24991 25012 I hfmodels-decide: RESULT step=demo ok=true variant=s512_wfp16 backend=gpu form=policy rows=30 same_answer_as_mac=30/30 max_prob_abs_err_vs_mac=9.328052532620035E-7 (worst b10) encoded_length_equal_host=30/30 dp_tol=0.01 correct_device=19/30 correct_mac=19/30 question_ms_median=1203.294478 p90=1215.3562490000002 min=1031.077499 max=1220.047343 lookup_ms_median=3.180313
10-04 10:41:04.660 24991 25012 I hfmodels-decide: RESULT step=demo ok=true variant=s512_wfp16 backend=gpu form=keys rows=30 same_answer_as_mac=30/30 max_prob_abs_err_vs_mac=2.028996443748099E-6 (worst b22) encoded_length_equal_host=30/30 dp_tol=0.01 correct_device=22/30 correct_mac=22/30 question_ms_median=1200.626406 p90=1225.3238020000001 min=1188.83427 max=1298.910989 lookup_ms_median=3.034583
10-04 10:41:19.480 24991 25012 I hfmodels-decide: RESULT step=timing ok=true variant=s512_wfp16 backend=gpu repeats=2 forwards_for_4q=1 decide_4q_total_ms_median=1285.523437 four_decide_1q_total_ms_median=4918.670884 state_tokens=19 per_question_ms=1209.198333,1209.198333,1209.198333,1209.198333 answers={department=billing 0.74095467372367, urgency=0.6637985189196726, refund_requested=0.9173051284357872, tone=neutral 0.4445183378688088}
10-04 10:41:20.124 24991 25012 I hfmodels-decide: RESULT step=lookup ok=true variant=s512_wfp16 backend=gpu rows=256 hidden=1024 zoo_style=arith zoo_ms_median=21.120729 zoo_ms_min=20.554271 sdk_ms_median=0.687761 sdk_ms_min=0.687239 repeats=20 outputs_identical=true
10-04 10:41:20.243 24991 25012 I hfmodels-decide: RESULT step=release ok=true variant=s512_wfp16 backend=gpu close_ms=119
10-04 10:41:20.244 24991 25012 I hfmodels-decide: RESULT ok=true model=litert-community/Open-Decision-DeBERTa-v3-Large-LiteRT variant=s512_wfp16 backend=gpu device=SM-S942Q build=BP4A.251205.006.S942QOPS1AZH9 failures=
## residency (6 lines, pid 24991)
10-04 10:37:11.588 24991 25025 I litert  : [npu_registry.cc:30] NPU accelerator registered.
10-04 10:37:11.612 24991 25025 I litert  : [compiled_model.cc:754] NPU JIT compilation caching enabled with cache dir: /data/user/0/io.github.johnrocky.hfmodels.litert.test/cache
10-04 10:37:11.618 24991 25025 I litert  :   HtpPerformanceMode       : Burst(2)
10-04 10:37:11.754 24991 25025 I litert  : [compiled_model.cc:1250] 0 compiler plugins were applied successfully: 
10-04 10:37:11.757 24991 25025 I litert  :   HtpPerformanceMode       : Burst(2)
10-04 10:37:11.941 24991 25025 I tflite  : Replacing 1785 out of 1785 node(s) with delegate (LITERT_CL) node, yielding 1 partitions for subgraph 0 (main).
