# hfmodels typed-decisions device gate  date=2026-10-04T01:29:06Z serial=RFGL80R6A6H device=SM-S942Q build=BP4A.251205.006.S942QOPS1AZH9 android=16
# git=29bc04c test=GliclassDeviceTest variant=s256_fp32 backend=gpu thermal=Thermal Status: 0 battery_level= level: 79 battery_temp_x10C= temperature: 361 screen= mWakefulness=Dozing
# gradle rc=0 end=2026-10-04T01:29:14Z thermal_end=Thermal Status: 0 battery_temp_end_x10C= temperature: 359
--------- beginning of main
10-04 10:29:07.779 23885 23899 I hfmodels-decide: device=SM-S942Q soc=QTI/SM8850 build=BP4A.251205.006.S942QOPS1AZH9 android=16 litert=2.2.0 model=litert-community/GLiClass-Edge-v3.0-LiteRT@88c90950 variant=s256_fp32 backend=gpu
10-04 10:29:07.782 23885 23904 I hfmodels: resolve litert-community/GLiClass-Edge-v3.0-LiteRT: commit=88c90950 via EXPLICIT_REVISION, descriptor=caller@explicit/hfmodels.json sha=afe7d983
10-04 10:29:07.862 23885 23904 I hfmodels: imported gliclass_edge_v3_s256_fp32.tflite: 53965476 bytes, sha256 ok, from /data/local/tmp/hfmodels/gliclass/gliclass_edge_v3_s256_fp32.tflite
10-04 10:29:07.947 23885 23904 I hfmodels: imported tok_embeddings_fp16.bin: 38684160 bytes, sha256 ok, from /data/local/tmp/hfmodels/gliclass/host_assets/tok_embeddings_fp16.bin
10-04 10:29:07.953 23885 23904 I hfmodels: imported tokenizer.json: 3583595 bytes, sha256 ok, from /data/local/tmp/hfmodels/gliclass/host_assets/tokenizer.json
10-04 10:29:07.954 23885 23904 I hfmodels: resolve litert-community/GLiClass-Edge-v3.0-LiteRT: commit=88c90950 via EXPLICIT_REVISION, descriptor=caller@explicit/hfmodels.json sha=afe7d983
10-04 10:29:08.462 23885 23904 I hfmodels: tokenizer tokenizer.json: 50370 tokens (byte-level BPE, prefix space), load_ms=496
10-04 10:29:09.350 23885 23899 I hfmodels: ready litert-community/GLiClass-Edge-v3.0-LiteRT@88c90950 variant=s256_fp32 profile=gpu inference=GPU prepare_ms=1385
10-04 10:29:09.350 23885 23899 I hfmodels-decide: RESULT step=load ok=true variant=s256_fp32 backend=gpu import_ms=168 load_ms=1397 compile_ms=887 profile=gpu window=256 head=256 max_options=25 notes=family=gliclass compile_ms=887 on gpu (precision fp32) | observed backend is UNKNOWN: litert 2.2.0 reports no per-op execution target; 'initialized' is the accelerator the CompiledModel was created with | host token lookup: tok_embeddings_fp16.bin (float16, 50370 rows x 384) feeds inputs_embeds | one gliclass request per question: labels = a choice's descriptions (the key when there is none), a score's levels, a noul's false / true descriptions or no / yes; prompt = the instructions plus one space, right before the text; a request longer than the 256-token window or with more than 25 labels is refused, never cut; probabilities are gliclass's single-label float32 softmax of the label logits (T=1)
10-04 10:29:10.113 23885 23899 I hfmodels-decide: RESULT step=sequence ok=true variant=s256_fp32 backend=gpu rows=152 of 152 mismatches=0 window=256
10-04 10:29:12.145 23885 23899 I hfmodels-decide: RESULT step=parity ok=true variant=s256_fp32 backend=gpu rows=152 argmax_match=152/152 single_label_equal_official=152/152 multi_label_equal_official=152/152 max_prob_abs_err=0.0014623254537582397 (worst semif_135) max_logit_abs_err_vs_oracle=0.009065747261047363 dp_tol=0.01 forward_ms_median=10.000468 p90=10.397083 min=8.353646 max=13.288438
10-04 10:29:12.792 23885 23899 I hfmodels-decide: RESULT step=demo ok=true variant=s256_fp32 backend=gpu form=described rows=30 same_answer_as_mac=30/30 max_prob_abs_err_vs_mac=4.738569259643555E-6 (worst b06) encoded_length_equal_host=30/30 dp_tol=0.01 correct_device=10/30 correct_mac=10/30 question_ms_median=14.675626000000001 p90=15.405000000000001 min=9.565052 max=17.843854999999998 lookup_ms_median=0.904792
10-04 10:29:13.251 23885 23899 I hfmodels-decide: RESULT step=demo ok=true variant=s256_fp32 backend=gpu form=keys rows=30 same_answer_as_mac=30/30 max_prob_abs_err_vs_mac=1.5497207641601562E-6 (worst b25) encoded_length_equal_host=30/30 dp_tol=0.01 correct_device=10/30 correct_mac=10/30 question_ms_median=11.808177 p90=12.905365 min=10.82177 max=15.454843 lookup_ms_median=0.887917
10-04 10:29:13.854 23885 23899 I hfmodels-decide: RESULT step=timing ok=true variant=s256_fp32 backend=gpu repeats=5 decide_4q_total_ms_median=48.985677 four_decide_1q_total_ms_median=50.260677 state_tokens=21 per_question_ms=12.907656,12.314688,11.415626,11.736719 answers={department=billing 0.9799990653991699, urgency=0.11925097089260817, refund_requested=0.33966851234436035, tone=angry 0.7151775360107422}
10-04 10:29:13.958 23885 23899 I hfmodels-decide: RESULT step=lookup ok=true variant=s256_fp32 backend=gpu rows=128 hidden=384 zoo_style=lut zoo_ms_median=1.927136 zoo_ms_min=1.593333 sdk_ms_median=0.094896 sdk_ms_min=0.094427 repeats=20 outputs_identical=true
10-04 10:29:13.968 23885 23899 I hfmodels-decide: RESULT step=release ok=true variant=s256_fp32 backend=gpu close_ms=10
10-04 10:29:13.968 23885 23899 I hfmodels-decide: RESULT ok=true model=litert-community/GLiClass-Edge-v3.0-LiteRT variant=s256_fp32 backend=gpu device=SM-S942Q build=BP4A.251205.006.S942QOPS1AZH9 failures=
## residency (6 lines, pid 23885)
10-04 10:29:08.465 23885 23907 I litert  : [npu_registry.cc:30] NPU accelerator registered.
10-04 10:29:08.468 23885 23907 I litert  : [compiled_model.cc:754] NPU JIT compilation caching enabled with cache dir: /data/user/0/io.github.johnrocky.hfmodels.litert.test/cache
10-04 10:29:08.474 23885 23907 I litert  :   HtpPerformanceMode       : Burst(2)
10-04 10:29:08.483 23885 23907 I litert  : [compiled_model.cc:1250] 0 compiler plugins were applied successfully: 
10-04 10:29:08.485 23885 23907 I litert  :   HtpPerformanceMode       : Burst(2)
10-04 10:29:08.632 23885 23907 I tflite  : Replacing 670 out of 670 node(s) with delegate (LITERT_CL) node, yielding 1 partitions for subgraph 0 (main).
