# hfmodels typed-decisions device gate  date=2026-10-05T01:22:21Z serial=RFGL80R6A6H device=SM-S942Q build=BP4A.251205.006.S942QOPS1AZH9 android=16
# git=009baa2 test=GlinerDecideDeviceTest variant=s256_npu_wfp16 backend=npu thermal=Thermal Status: 0 battery_level= level: 79 battery_temp_x10C= temperature: 372 screen= mWakefulness=Dozing
# gradle rc=0 end=2026-10-05T01:27:51Z thermal_end=Thermal Status: 1 battery_temp_end_x10C= temperature: 378
--------- beginning of main
10-05 10:22:22.562 10160 10174 I hfmodels-decide: device=SM-S942Q soc=QTI/SM8850 build=BP4A.251205.006.S942QOPS1AZH9 android=16 litert=2.2.0 model=litert-community/GLiNER2.5-Decide-LiteRT@f6f6e9c9 variant=s256_npu_wfp16 backend=npu
10-05 10:22:22.565 10160 10178 I hfmodels: resolve litert-community/GLiNER2.5-Decide-LiteRT: commit=f6f6e9c9 via EXPLICIT_REVISION, descriptor=caller@explicit/hfmodels.json sha=62f4e66e
10-05 10:22:23.273 10160 10178 I hfmodels: imported gliner25_decide_s256_npu_wfp16.tflite: 710631840 bytes, sha256 ok, from /data/local/tmp/hfmodels/gliner-decide/gliner25_decide_s256_npu_wfp16.tflite
10-05 10:22:23.275 10160 10178 I hfmodels: resolve litert-community/GLiNER2.5-Decide-LiteRT: commit=f6f6e9c9 via EXPLICIT_REVISION, descriptor=caller@explicit/hfmodels.json sha=62f4e66e
10-05 10:22:23.775 10160 10178 I hfmodels: tokenizer tokenizer.json: 128011 tokens (Unigram), load_ms=490
10-05 10:27:29.046 10160 10174 I hfmodels: ready litert-community/GLiNER2.5-Decide-LiteRT@f6f6e9c9 variant=s256_npu_wfp16 profile=npu inference=NPU prepare_ms=305762
10-05 10:27:29.046 10160 10174 I hfmodels-decide: RESULT step=load ok=true variant=s256_npu_wfp16 backend=npu import_ms=706 load_ms=305773 compile_ms=305269 profile=npu window=256 head=256 max_options=32 descriptor_patch=none npu_libs_ready=true notes=family=gliner2_decide compile_ms=305269 on npu (Qualcomm HTP V81, JIT, burst; the first compile on a phone takes tens of seconds, later loads read the cache) | observed backend is UNKNOWN: litert 2.2.0 reports no per-op execution target; 'initialized' is the accelerator the CompiledModel was created with | host token lookup: word_embeddings_fp16.bin (float16, 128011 rows x 1024) feeds inputs_embeds | one gliner2 task per question (task 'answer', the instructions as its prompt, the options as labels); a request longer than the 256-token window or with more than 32 labels is refused, never cut; probabilities are gliner2's single-label float32 softmax of the label logits (T=1)
10-05 10:27:29.780 10160 10174 I hfmodels-decide: RESULT step=sequence ok=true variant=s256_npu_wfp16 backend=npu rows=42 mismatches=0 window=256
10-05 10:27:36.047 10160 10174 I hfmodels-decide: RESULT step=parity ok=true variant=s256_npu_wfp16 backend=npu rows=42 argmax_match=42/42 decisions_equal_official=42/42 max_prob_abs_err=0.006280720233917236 (worst sports_recap_015) max_logit_abs_err_vs_oracle=0.09678316116333008 max_logit_abs_err_vs_mac_cpu=0.09349966049194336 dp_tol=0.01 forward_ms_median=134.59052 p90=139.554115 min=126.010209 max=140.693958 first10_median=128.611875 last10_median=136.93375
10-05 10:27:40.208 10160 10174 I hfmodels-decide: RESULT step=demo ok=true variant=s256_npu_wfp16 backend=npu rows=30 same_answer_as_mac=30/30 max_prob_abs_err_vs_mac=0.00470617413520813 (worst b24) correct_device=27/30 correct_mac=27/30 question_ms_median=128.321719 p90=132.026042 min=125.20551999999999 max=134.862031 lookup_ms_median=0.753646 first10_median=128.481146 last10_median=128.637604
10-05 10:27:40.208 10160 10174 I hfmodels-decide: RESULT step=pack ok=true variant=s256_npu_wfp16 backend=npu skipped: pack=0
10-05 10:27:47.387 10160 10174 I hfmodels-decide: RESULT step=timing ok=true variant=s256_npu_wfp16 backend=npu repeats=5 decide_4q_total_ms_median=513.51974 four_decide_1q_total_ms_median=527.26776 decide_4q_packed_total_ms_median=145.198333 packed_forwards=1 state_tokens=19 per_question_ms=128.259635,130.458021,128.54942699999998,127.680312 answers={department=billing 0.7025220990180969, urgency=0.6468987166881561, refund_requested=0.984605073928833, tone=polite 0.38285309076309204} answers_packed={department=billing 0.5645906925201416, urgency=0.7296509742736816, refund_requested=0.9617859125137329, tone=polite 0.4066345989704132}
10-05 10:27:50.430 10160 10174 I hfmodels-decide: RESULT step=zoo_input ok=true variant=s256_npu_wfp16 backend=npu text_tokens=12 forward_tokens=69 window=256 first=1 warmups=2 timed=10 wall_ms_median=133.01882849999998 total_ms_median=132.9671095 state_ms_median=1.085651 question_ms_median=131.79500000000002 lookup_ms_median=1.7403125 tokenize_ms_median=1.0732295 forward_build_ms_median=2.0190885 graph_call_ms_median=128.96148499999998 answer=promise p=nothing:0.04270995408296585,promise:0.46453118324279785,request:0.1537293642759323,plan:0.33902955055236816 wall_ms=131.499843,130.155156,134.377865,134.329219,133.44401,132.913594,133.124063,134.474948,132.181406,132.808125
10-05 10:27:50.873 10160 10174 I hfmodels-decide: RESULT step=lookup ok=true variant=s256_npu_wfp16 backend=npu rows=256 hidden=1024 zoo_style=lut zoo_ms_median=13.75599 zoo_ms_min=13.543125 sdk_ms_median=0.698854 sdk_ms_min=0.698073 repeats=20 outputs_identical=true
10-05 10:27:51.062 10160 10174 I hfmodels-decide: RESULT step=release ok=true variant=s256_npu_wfp16 backend=npu close_ms=188
10-05 10:27:51.063 10160 10174 I hfmodels-decide: RESULT ok=true model=litert-community/GLiNER2.5-Decide-LiteRT variant=s256_npu_wfp16 backend=npu device=SM-S942Q build=BP4A.251205.006.S942QOPS1AZH9 failures=
## residency (7 lines, pid 10160)
10-05 10:22:23.782 10160 10181 I litert  : [npu_registry.cc:30] NPU accelerator registered.
10-05 10:22:23.813 10160 10181 I litert  : [compiled_model.cc:754] NPU JIT compilation caching enabled with cache dir: /data/user/0/io.github.johnrocky.hfmodels.litert.test/cache
10-05 10:22:23.822 10160 10181 I litert  :   HtpPerformanceMode       : Burst(2)
10-05 10:22:24.223 10160 10181 I litert  : [compiler_plugin.cc:741] Partitioned subgraph<0>, selected 1878 ops, from a total of 1878 ops. resulted in 1 partitions.
10-05 10:27:27.419 10160 10181 I litert  : [compiled_model.cc:1250] 1 compiler plugins were applied successfully: Qualcomm compiler plugin (ver 0.1.0)
10-05 10:27:28.626 10160 10181 I litert  :   HtpPerformanceMode       : Burst(2)
10-05 10:27:28.631 10160 10181 I tflite  : Replacing 1 out of 1 node(s) with delegate (DispatchDelegate) node, yielding 1 partitions for subgraph 0 (main).
