# hfmodels speak device gate  date=2026-10-03T06:00:37Z serial=RFGL80R6A6H device=SM-S942Q build=BP4A.251205.006.S942QOPS1AZH9 android=16
# git=d0130aa test=SpeakDeviceTest variant=fp32 backend=cpu thermal=Thermal Status: 0 battery_level= level: 79 battery_temp_x10C= temperature: 281 screen= mWakefulness=Dozing
# gradle rc=0 end=2026-10-03T06:00:57Z thermal_end=Thermal Status: 0 battery_temp_end_x10C= temperature: 283
--------- beginning of main
10-03 15:00:47.670 23667 23681 I hfmodels-speak: device=SM-S942Q soc=QTI/SM8850 build=BP4A.251205.006.S942QOPS1AZH9 android=16 model=litert-community/kitten-tts-nano-0.8@d4662d89 variant=fp32 voice=expr-voice-2-m wav_dir=/storage/emulated/0/Android/data/io.github.johnrocky.hfmodels.voice.test/files/tts/fp32
10-03 15:00:47.674 23667 23687 I hfmodels: resolve litert-community/kitten-tts-nano-0.8: commit=d4662d89 via EXPLICIT_REVISION, descriptor=caller@explicit/hfmodels.json sha=29c9f2a6
10-03 15:00:47.680 23667 23687 I hfmodels: resolve litert-community/kitten-tts-nano-0.8: commit=d4662d89 via EXPLICIT_REVISION, descriptor=caller@explicit/hfmodels.json sha=29c9f2a6
10-03 15:00:48.094 23667 23687 I hfmodels: kitten lexicon: 177 symbols, 274927 dictionary words, 8 voices
10-03 15:00:48.284 23667 23681 I hfmodels: ready litert-community/kitten-tts-nano-0.8@d4662d89 variant=fp32 profile=cpu inference=CPU prepare_ms=584
10-03 15:00:48.284 23667 23681 I hfmodels-speak: RESULT step=load ok=true variant=fp32 files=8 import_ms=0 load_ms=606 profile=cpu runtime=litert 2.2.0 voices=8 default_voice=expr-voice-2-m sample_rate=24000 max_chars=400 notes=family=kitten load_ms voices=11 g2p_dict=380 g2p_graph=55 predictor=98 prosody=3 vocoder=27 (dictionary 274927 words) | interpreter api (xnnpack, 4 threads): predictor kitten_predictor.tflite, prosody kitten_prosody.tflite, vocoder kitten_vocoder.tflite; g2p graph on CompiledModel cpu (4 threads) | speed goes to the graph unchanged; the publisher's say.py multiplies it by speed_priors (expr-voice-2-f=0.8 expr-voice-2-m=0.8 expr-voice-3-f=0.8 expr-voice-3-m=0.8 expr-voice-4-f=0.8 expr-voice-4-m=0.9 expr-voice-5-f=0.8 expr-voice-5-m=0.8), this handler does not | style row = min(chars, 399); tail_trim 5000 samples, min_samples 1200; max_chars 400 per call | observed backend is UNKNOWN: litert 2.2.0 reports no per-op execution target; 'initialized' is the CPU the graphs were created for
10-03 15:00:48.296 23667 23681 I hfmodels-speak: RESULT step=g2p ok=true variant=fp32 i=0 equal=false n_got=43 n_ref=41 first_diff=11 got[8..]=[5, 16, 50, 156, 43, 135, 16, 53] ref[8..]=[5, 16, 50, 157, 43, 135, 16, 53]
10-03 15:00:48.296 23667 23681 I hfmodels-speak: RESULT step=g2p ok=true variant=fp32 i=1 equal=false n_got=68 n_ref=63 first_diff=24 got[21..]=[62, 16, 48, 76, 158, 123, 16, 70] ref[21..]=[62, 16, 48, 85, 123, 83, 16, 65]
10-03 15:00:48.312 23667 23681 I hfmodels-speak: RESULT step=g2p ok=true variant=fp32 i=2 equal=false n_got=133 n_ref=138 first_diff=19 got[16..]=[62, 16, 62, 63, 158, 16, 61, 58] ref[16..]=[62, 16, 62, 83, 16, 61, 58, 156]
10-03 15:00:49.221 23667 23681 I hfmodels-speak: RESULT step=parity ok=true variant=fp32 i=0 comparable=false frames_equal=false frames=116/111 samples=64600/66600 untrimmed=69600/66600 logmel_corr=0.8960 logspec_corr=0.8832 maxabs=1.08 ms_total=238.2
10-03 15:00:50.359 23667 23681 I hfmodels-speak: RESULT step=parity ok=true variant=fp32 i=1 comparable=false frames_equal=false frames=164/163 samples=93400/97800 untrimmed=98400/97800 logmel_corr=0.9672 logspec_corr=0.9450 maxabs=1.02 ms_total=322.5
10-03 15:00:52.295 23667 23681 I hfmodels-speak: RESULT step=parity ok=true variant=fp32 i=2 comparable=false frames_equal=false frames=274/281 samples=159400/168600 untrimmed=164400/168600 logmel_corr=0.7545 logspec_corr=0.7669 maxabs=0.909 ms_total=567.9
10-03 15:00:52.516 23667 23681 I hfmodels-speak: RESULT step=speak ok=true variant=fp32 file=r01 chars=44 frames=126 audio_s=2.94 ms_g2p=0.4 ms_synth=215.9 ms_total=216.2 rtf=0.074
10-03 15:00:52.697 23667 23681 I hfmodels-speak: RESULT step=speak ok=true variant=fp32 file=r02 chars=38 frames=104 audio_s=2.39 ms_g2p=0.4 ms_synth=178.8 ms_total=179.1 rtf=0.075
10-03 15:00:52.873 23667 23681 I hfmodels-speak: RESULT step=speak ok=true variant=fp32 file=r03 chars=37 frames=103 audio_s=2.37 ms_g2p=0.4 ms_synth=174.0 ms_total=174.4 rtf=0.074
10-03 15:00:53.247 23667 23681 I hfmodels-speak: RESULT step=speak ok=true variant=fp32 file=r04 chars=77 frames=210 audio_s=5.04 ms_g2p=0.5 ms_synth=371.7 ms_total=372.2 rtf=0.074
10-03 15:00:53.450 23667 23681 I hfmodels-speak: RESULT step=speak ok=true variant=fp32 file=r05 chars=43 frames=111 audio_s=2.57 ms_g2p=8.4 ms_synth=191.5 ms_total=199.8 rtf=0.078
10-03 15:00:53.700 23667 23681 I hfmodels-speak: RESULT step=speak ok=true variant=fp32 file=r06 chars=49 frames=139 audio_s=3.27 ms_g2p=8.4 ms_synth=240.3 ms_total=248.7 rtf=0.076
10-03 15:00:53.911 23667 23681 I hfmodels-speak: RESULT step=speak ok=true variant=fp32 file=r07 chars=44 frames=123 audio_s=2.87 ms_g2p=0.4 ms_synth=208.0 ms_total=208.4 rtf=0.073
10-03 15:00:54.093 23667 23681 I hfmodels-speak: RESULT step=speak ok=true variant=fp32 file=r08 chars=34 frames=104 audio_s=2.39 ms_g2p=0.3 ms_synth=179.6 ms_total=179.9 rtf=0.075
10-03 15:00:54.329 23667 23681 I hfmodels-speak: RESULT step=speak ok=true variant=fp32 file=r09 chars=59 frames=135 audio_s=3.17 ms_g2p=0.5 ms_synth=234.2 ms_total=234.7 rtf=0.074
10-03 15:00:54.589 23667 23681 I hfmodels-speak: RESULT step=speak ok=true variant=fp32 file=r10 chars=56 frames=137 audio_s=3.22 ms_g2p=8.4 ms_synth=249.2 ms_total=257.6 rtf=0.080
10-03 15:00:56.874 23667 23681 I hfmodels-speak: RESULT step=timing ok=true variant=fp32 warm_calls=10 ms_g2p_median=0.4 ms_synth_median=210.0 ms_total_median=210.4 ms_total_min=174.0 ms_total_max=365.9 rtf_median=0.075 first_call_after_load_ms_total=238.2 same_pcm_as_first=10/10
10-03 15:00:56.875 23667 23681 I hfmodels-speak: RESULT step=memory ok=true variant=fp32 vmhwm_kb_before=117876 after_load=626732 after_speak=877016 vmrss_kb_after_speak=812820
10-03 15:00:56.913 23667 23681 I hfmodels-speak: RESULT step=release ok=true variant=fp32 close_ms=38
10-03 15:00:56.913 23667 23681 I hfmodels-speak: RESULT ok=true model=litert-community/kitten-tts-nano-0.8 variant=fp32 device=SM-S942Q build=BP4A.251205.006.S942QOPS1AZH9 failures=
