# hfmodels transcribe device gate  date=2026-10-03T05:11:19Z serial=RFGL80R6A6H device=SM-S942Q build=BP4A.251205.006.S942QOPS1AZH9 android=16
# git=36dcb6e test=TranscribeDeviceTest variant=small_fp16 backend=cpu thermal=Thermal Status: 0 battery_level= level: 79 battery_temp_x10C= temperature: 279 screen= mWakefulness=Dozing
# gradle rc=0 end=2026-10-03T05:11:34Z thermal_end=Thermal Status: 0 battery_temp_end_x10C= temperature: 281
--------- beginning of main
10-03 14:11:30.360 16768 16782 I hfmodels-transcribe: device=SM-S942Q soc=QTI/SM8850 build=BP4A.251205.006.S942QOPS1AZH9 android=16 model=litert-community/Zipformer-medium-CR-CTC-LiteRT@7732ad6c variant=small_fp16 backend=cpu preroll_ms=300 gpu_precision=descriptor
10-03 14:11:30.362 16768 16786 I hfmodels: resolve litert-community/Zipformer-medium-CR-CTC-LiteRT: commit=7732ad6c via EXPLICIT_REVISION, descriptor=caller@explicit/hfmodels.json sha=d00756d9
10-03 14:11:30.365 16768 16786 I hfmodels: resolve litert-community/Zipformer-medium-CR-CTC-LiteRT: commit=7732ad6c via EXPLICIT_REVISION, descriptor=caller@explicit/hfmodels.json sha=d00756d9
10-03 14:11:30.376 16768 16786 I hfmodels: tokens tokens.txt: 502 pieces
10-03 14:11:30.533 16768 16782 I hfmodels: ready litert-community/Zipformer-medium-CR-CTC-LiteRT@7732ad6c variant=small_fp16 profile=cpu inference=CPU prepare_ms=160
10-03 14:11:30.533 16768 16782 I hfmodels-transcribe: RESULT step=load ok=true variant=small_fp16 backend=cpu import_ms=0 load_ms=168 profile=cpu runtime=litert 2.2.0 window_s=16.0 sample_rate=16000 notes=family=zipformer_ctc compile_ms=155 on cpu (4 threads) | observed backend is UNKNOWN: litert 2.2.0 reports no per-op execution target; 'initialized' is the accelerator the CompiledModel was created with | window 16.0 s = 1600 fbank frames at 16000 Hz; longer audio is INVALID_INPUT, shorter is padded
10-03 14:11:30.840 16768 16782 I hfmodels-transcribe: RESULT step=transcribe ok=true variant=small_fp16 backend=cpu file=c01 exact=false norm=false ms_feature=63.6 ms_infer=221.0 ms_total=288.7 audio_s=3.03 got="SET AN ALARM FOR SEVEN THIRTY TO MORROW MORNING" expect="Set an alarm for seven thirty tomorrow morning."
10-03 14:11:31.039 16768 16782 I hfmodels-transcribe: RESULT step=transcribe ok=true variant=small_fp16 backend=cpu file=c02 exact=false norm=true ms_feature=15.4 ms_infer=180.6 ms_total=198.7 audio_s=2.11 got="WAKE ME UP AT SIX FIFTEEN" expect="Wake me up at six fifteen."
10-03 14:11:31.235 16768 16782 I hfmodels-transcribe: RESULT step=transcribe ok=true variant=small_fp16 backend=cpu file=c03 exact=false norm=true ms_feature=10.5 ms_infer=181.6 ms_total=196.1 audio_s=2.21 got="START A TIMER FOR TEN MINUTES" expect="Start a timer for ten minutes."
10-03 14:11:31.425 16768 16782 I hfmodels-transcribe: RESULT step=transcribe ok=true variant=small_fp16 backend=cpu file=c04 exact=false norm=true ms_feature=10.4 ms_infer=178.6 ms_total=189.1 audio_s=2.52 got="SET A TIMER FOR FORTY FIVE MINUTES" expect="Set a timer for forty five minutes."
10-03 14:11:31.619 16768 16782 I hfmodels-transcribe: RESULT step=transcribe ok=true variant=small_fp16 backend=cpu file=c05 exact=false norm=true ms_feature=9.6 ms_infer=184.5 ms_total=194.2 audio_s=1.87 got="WHAT TIME IS IT RIGHT NOW" expect="What time is it right now?"
10-03 14:11:31.799 16768 16782 I hfmodels-transcribe: RESULT step=transcribe ok=true variant=small_fp16 backend=cpu file=c06 exact=false norm=false ms_feature=12.4 ms_infer=166.4 ms_total=178.9 audio_s=2.26 got="WHAT IS ON MY CALENDAR TO MORROW" expect="What is on my calendar tomorrow?"
10-03 14:11:31.957 16768 16782 I hfmodels-transcribe: RESULT step=transcribe ok=true variant=small_fp16 backend=cpu file=c07 exact=false norm=false ms_feature=12.0 ms_infer=145.8 ms_total=157.9 audio_s=3.18 got="AT A MEETING WITH THE DENTIST AT FIVE P M TO MORROW" expect="Add a meeting with the dentist at five p.m. tomorrow."
10-03 14:11:32.121 16768 16782 I hfmodels-transcribe: RESULT step=transcribe ok=true variant=small_fp16 backend=cpu file=c08 exact=false norm=false ms_feature=14.4 ms_infer=149.2 ms_total=163.7 audio_s=3.79 got="PUT A TEAM STAND UP ON MY CALENDAR AT NINE TO MORROW MORNING" expect="Put a team standup on my calendar at nine tomorrow morning."
10-03 14:11:32.282 16768 16782 I hfmodels-transcribe: RESULT step=transcribe ok=true variant=small_fp16 backend=cpu file=c09 exact=false norm=true ms_feature=12.2 ms_infer=148.5 ms_total=160.8 audio_s=3.25 got="SET AN ALARM FOR EIGHT AND A TIMER FOR TWENTY MINUTES" expect="Set an alarm for eight and a timer for twenty minutes."
10-03 14:11:32.438 16768 16782 I hfmodels-transcribe: RESULT step=transcribe ok=true variant=small_fp16 backend=cpu file=c10 exact=false norm=false ms_feature=11.4 ms_infer=144.0 ms_total=155.5 audio_s=2.98 got="PLEASE SET AN ALARM FOR HALF PAST NINE TO NIGHT" expect="Please set an alarm for half past nine tonight."
10-03 14:11:32.438 16768 16782 I hfmodels-transcribe: RESULT step=summary ok=true variant=small_fp16 backend=cpu files=10 exact=0 norm=5 preroll_ms=300 gpu_precision=descriptor
10-03 14:11:33.997 16768 16782 I hfmodels-transcribe: RESULT step=timing ok=true variant=small_fp16 backend=cpu warm_calls=10 ms_feature_median=10.6 ms_infer_median=144.7 ms_total_median=155.3 ms_infer_min=143.4 ms_infer_max=146.8 same_text_as_first=10/10
10-03 14:11:34.006 16768 16782 I hfmodels-transcribe: RESULT step=endpointer ok=true variant=small_fp16 backend=cpu files=10 utterances=10 chunk_ms=20 start_rms=0.02 hangover_ms=800 spans(start-end/file_length): c01=40-2731ms(flush)/2731ms c02=0-1813ms(flush)/1813ms c03=140-1906ms(flush)/1906ms c04=40-2220ms(flush)/2220ms c05=0-1569ms(flush)/1569ms c06=0-1964ms(flush)/1964ms c07=0-2875ms(flush)/2875ms c08=40-3492ms(flush)/3492ms c09=40-2951ms(flush)/2951ms c10=40-2680ms(flush)/2680ms
10-03 14:11:34.030 16768 16782 I hfmodels-transcribe: RESULT step=release ok=true variant=small_fp16 backend=cpu close_ms=23
10-03 14:11:34.030 16768 16782 I hfmodels-transcribe: RESULT ok=true model=litert-community/Zipformer-medium-CR-CTC-LiteRT variant=small_fp16 backend=cpu device=SM-S942Q build=BP4A.251205.006.S942QOPS1AZH9 failures=
