# hfmodels typed-decisions device gate  date=2026-10-02T15:02:59Z serial=RFGL80R6A6H device=SM-S942Q build=BP4A.251205.006.S942QOPS1AZH9 android=16
# git=2040e45 test=JuliaDecisionsDeviceTest variant=s512_fp32 backend=gpu thermal=Thermal Status: 1 battery_level= level: 79 battery_temp_x10C= temperature: 394 screen= mWakefulness=Awake
# gradle rc=0 end=2026-10-02T15:07:33Z thermal_end=Thermal Status: 2 battery_temp_end_x10C= temperature: 417
--------- beginning of main
10-03 00:03:08.852  4532  4549 I hfmodels-decide: device=SM-S942Q build=BP4A.251205.006.S942QOPS1AZH9 android=16 litert=2.2.0 model=litert-community/Julia-1-LiteRT@b92a0d21 variant=s512_fp32 backend=gpu
10-03 00:03:08.858  4532  4564 I hfmodels: resolve litert-community/Julia-1-LiteRT: commit=b92a0d21 via EXPLICIT_REVISION, descriptor=caller@explicit/hfmodels.json sha=487aa9d5
10-03 00:03:09.132  4532  4564 I hfmodels: imported julia1_s512_fp32.tflite: 185095348 bytes, sha256 ok, from /data/user/0/io.github.johnrocky.hfmodels.litert.test/files/julia1/julia1_s512_fp32.tflite
10-03 00:03:09.407  4532  4564 I hfmodels: imported julia1_token_table_fp16.bin: 196608000 bytes, sha256 ok, from /data/user/0/io.github.johnrocky.hfmodels.litert.test/files/julia1/julia1_token_table_fp16.bin
10-03 00:03:09.409  4532  4564 I hfmodels: resolve litert-community/Julia-1-LiteRT: commit=b92a0d21 via EXPLICIT_REVISION, descriptor=caller@explicit/hfmodels.json sha=487aa9d5
10-03 00:03:13.204  4532  4564 I hfmodels: tokenizer tokenizer.json: 256000 tokens, load_ms=3783
10-03 00:03:14.969  4532  4549 I hfmodels: ready litert-community/Julia-1-LiteRT@b92a0d21 variant=s512_fp32 profile=gpu inference=GPU prepare_ms=5548
10-03 00:03:14.969  4532  4549 I hfmodels-decide: RESULT step=load ok=true variant=s512_fp32 backend=gpu import_ms=547 load_ms=5561 profile=gpu window=512 head=507 max_options=20 notes=family=julia compile_ms=1763 on gpu (precision fp32) | observed backend is UNKNOWN: litert 2.2.0 reports no per-op execution target; 'initialized' is the accelerator the CompiledModel was created with | host token lookup: julia1_token_table_fp16.bin (float16, 256000 rows x 384) feeds inputs_embeds | no calibration in this family: probabilities are the softmax of the raw marker scores (T=1), unrounded, as the publisher's runtime reports them
10-03 00:03:23.640  4532  4549 I hfmodels-decide: RESULT step=sequence ok=true variant=s512_fp32 backend=gpu rows=2065 mismatches=0 longer_than_window=35 (reported truncated) window=512
10-03 00:03:38.058  4532  4549 I hfmodels-decide: parity 200/2065: flips=0 max_dp=0.00372 median_ms=61.8
10-03 00:04:02.352  4532  4549 I hfmodels-decide: parity 400/2065: flips=0 max_dp=0.00731 median_ms=97.5
10-03 00:04:24.538  4532  4549 I hfmodels-decide: parity 600/2065: flips=0 max_dp=0.00731 median_ms=101.0
10-03 00:04:46.374  4532  4549 I hfmodels-decide: parity 800/2065: flips=0 max_dp=0.00731 median_ms=100.9
10-03 00:05:08.647  4532  4549 I hfmodels-decide: parity 1000/2065: flips=0 max_dp=0.00731 median_ms=101.0
10-03 00:05:32.626  4532  4549 I hfmodels-decide: parity 1200/2065: flips=0 max_dp=0.00731 median_ms=101.4
10-03 00:05:57.927  4532  4549 I hfmodels-decide: parity 1400/2065: flips=0 max_dp=0.00731 median_ms=102.2
10-03 00:06:23.473  4532  4549 I hfmodels-decide: parity 1600/2065: flips=0 max_dp=0.00731 median_ms=103.1
10-03 00:06:51.417  4532  4549 I hfmodels-decide: parity 1800/2065: flips=0 max_dp=0.00731 median_ms=104.0
10-03 00:07:18.518  4532  4549 I hfmodels-decide: parity 2000/2065: flips=0 max_dp=0.00770 median_ms=105.8
10-03 00:07:26.660  4532  4549 I hfmodels-decide: RESULT step=parity ok=true variant=s512_fp32 backend=gpu rows=2065 argmax_flips=0 max_prob_abs_err=0.00770 (worst security_incidents_000081:true_positive) rows_over_0.01=0 max_marker_logit_abs_err=0.0602 dp_tol=0.01 question_ms_median=107.7 p90=129.2 min=58.1 max=139.7 lookup_ms_median=0.99 per_type: choice=686rows/0flips/device_correct 414/586/publisher_correct 414/586 noul=593rows/0flips/device_correct 477/593/publisher_correct 477/593 score=786rows/0flips/device_correct 534/786/publisher_correct 534/786
10-03 00:07:32.517  4532  4549 I hfmodels-decide: RESULT step=timing ok=true variant=s512_fp32 backend=gpu repeats=5 decide_4q_total_ms_median=484.7 four_decide_1q_total_ms_median=493.3 answers={department=billing 0.908, urgency=0.936, refund_requested=0.946, tone=neutral 0.992}
10-03 00:07:32.572  4532  4549 I hfmodels-decide: RESULT step=release ok=true variant=s512_fp32 backend=gpu close_ms=54
10-03 00:07:32.573  4532  4549 I hfmodels-decide: RESULT ok=true model=litert-community/Julia-1-LiteRT variant=s512_fp32 backend=gpu device=SM-S942Q build=BP4A.251205.006.S942QOPS1AZH9 failures=
## residency (6 lines, pid 4532)
10-03 00:03:13.208  4532  4583 I litert  : [npu_registry.cc:30] NPU accelerator registered.
10-03 00:03:13.230  4532  4583 I litert  : [compiled_model.cc:754] NPU JIT compilation caching enabled with cache dir: /data/user/0/io.github.johnrocky.hfmodels.litert.test/cache
10-03 00:03:13.238  4532  4583 I litert  :   HtpPerformanceMode       : Burst(2)
10-03 00:03:13.274  4532  4583 I litert  : [compiled_model.cc:1250] 0 compiler plugins were applied successfully: 
10-03 00:03:13.278  4532  4583 I litert  :   HtpPerformanceMode       : Burst(2)
10-03 00:03:13.397  4532  4583 I tflite  : Replacing 1704 out of 1704 node(s) with delegate (LITERT_CL) node, yielding 1 partitions for subgraph 0 (main).
