# hfmodels typed-decisions device gate  date=2026-10-04T06:57:09Z serial=RFGL80R6A6H device=SM-S942Q build=BP4A.251205.006.S942QOPS1AZH9 android=16
# git=402a874 test=DebertaDecisionDeviceTest variant=s512_wfp16 backend=gpu thermal=Thermal Status: 0 battery_level= level: 79 battery_temp_x10C= temperature: 369 screen= mWakefulness=Dozing
# gradle rc=0 end=2026-10-04T07:02:14Z thermal_end=Thermal Status: 2 battery_temp_end_x10C= temperature: 419
--------- beginning of main
10-04 15:57:09.869 15332 15346 I hfmodels-decide: device=SM-S942Q soc=QTI/SM8850 build=BP4A.251205.006.S942QOPS1AZH9 android=16 litert=2.2.0 model=litert-community/Open-Decision-DeBERTa-v3-Large-LiteRT@7a276235 variant=s512_wfp16 backend=gpu
10-04 15:57:09.872 15332 15352 I hfmodels: resolve litert-community/Open-Decision-DeBERTa-v3-Large-LiteRT: commit=7a276235 via EXPLICIT_REVISION, descriptor=caller@explicit/hfmodels.json sha=a092c779
10-04 15:57:10.686 15332 15352 I hfmodels: imported deberta_v3_large_decision_s512_wfp16.tflite: 813443728 bytes, sha256 ok, from /data/local/tmp/hfmodels/open-decision/deberta_v3_large_decision_s512_wfp16.tflite
10-04 15:57:10.974 15332 15352 I hfmodels: imported word_embeddings_fp16.bin: 262348800 bytes, sha256 ok, from /data/local/tmp/hfmodels/open-decision/word_embeddings_fp16.bin
10-04 15:57:10.986 15332 15352 I hfmodels: imported tokenizer.json: 8657170 bytes, sha256 ok, from /data/local/tmp/hfmodels/open-decision/tokenizer.json
10-04 15:57:10.988 15332 15352 I hfmodels: resolve litert-community/Open-Decision-DeBERTa-v3-Large-LiteRT: commit=7a276235 via EXPLICIT_REVISION, descriptor=caller@explicit/hfmodels.json sha=a092c779
10-04 15:57:11.553 15332 15352 I hfmodels: tokenizer tokenizer.json: 128004 tokens (Unigram), load_ms=556
10-04 15:57:15.910 15332 15346 I hfmodels: ready litert-community/Open-Decision-DeBERTa-v3-Large-LiteRT@7a276235 variant=s512_wfp16 profile=gpu inference=GPU prepare_ms=4914
10-04 15:57:15.911 15332 15346 I hfmodels-decide: RESULT step=load ok=true variant=s512_wfp16 backend=gpu import_ms=1113 load_ms=4925 compile_ms=4356 profile=gpu window=512 head=512 max_options=128 notes=family=deberta_decision compile_ms=4356 on gpu (precision fp32) | observed backend is UNKNOWN: litert 2.2.0 reports no per-op execution target; 'initialized' is the accelerator the CompiledModel was created with | host token lookup: word_embeddings_fp16.bin (float16, 128100 rows x 1024) feeds inputs_embeds | the questions of one decide() in one forward as the author's decide() does, split in question order when they do not fit the window or the option slots: options = a choice's descriptions (the key when there is none), a score's levels, a noul's no / yes; the state is cut to its first 256 tokens; a request longer than the 512-token window or with more than 128 options is refused; probabilities are the softmax of the logits / 1.05 (the author's calibration), extras.max_probability is the author's confidence
10-04 15:57:16.416 15332 15346 I hfmodels-decide: RESULT step=sequence ok=true variant=s512_wfp16 backend=gpu rows=160 of 160 mismatches=0 window=512
10-04 15:59:50.032 15332 15346 I hfmodels-decide: RESULT step=parity ok=true variant=s512_wfp16 backend=gpu rows=160 questions=420 argmax_match=420/420 answers_equal_author=420/420 max_prob_abs_err=6.861624558591184E-4 (worst fam-ood-47 q0) max_logit_abs_err_vs_author=0.004940509796142578 dp_tol=0.01 forward_ms_median=1031.236406 p90=1200.968542 min=576.186979 max=1289.640781
10-04 16:00:28.513 15332 15346 I hfmodels-decide: RESULT step=demo ok=true variant=s512_wfp16 backend=gpu form=policy rows=30 same_answer_as_mac=30/30 max_prob_abs_err_vs_mac=9.328052532620035E-7 (worst b10) encoded_length_equal_host=30/30 dp_tol=0.01 correct_device=19/30 correct_mac=19/30 question_ms_median=1206.4008849999998 p90=1221.117082 min=1044.615364 max=1225.7235930000002 lookup_ms_median=3.174479
10-04 16:01:09.196 15332 15346 I hfmodels-decide: RESULT step=demo ok=true variant=s512_wfp16 backend=gpu form=keys rows=30 same_answer_as_mac=30/30 max_prob_abs_err_vs_mac=2.028996443748099E-6 (worst b22) encoded_length_equal_host=30/30 dp_tol=0.01 correct_device=22/30 correct_mac=22/30 question_ms_median=1278.974948 p90=1292.4499480000002 min=1197.498853 max=1322.97651 lookup_ms_median=3.041875
10-04 16:01:43.780 15332 15346 I hfmodels-decide: RESULT step=timing ok=true variant=s512_wfp16 backend=gpu repeats=5 forwards_for_4q=1 decide_4q_total_ms_median=1292.511719 four_decide_1q_total_ms_median=5151.086925 state_tokens=19 per_question_ms=1280.524948,1280.524948,1280.524948,1280.524948 answers={department=billing 0.74095467372367, urgency=0.6637985189196726, refund_requested=0.9173051284357872, tone=neutral 0.4445183378688088}
10-04 16:02:13.424 15332 15346 I hfmodels-decide: RESULT step=zoo_input ok=true variant=s512_wfp16 backend=gpu text_tokens=11 forward_tokens=64 window=512 first=1 warmups=2 timed=10 wall_ms_median=1288.8432025 total_ms_median=1288.7717185000001 state_ms_median=1.3258595 question_ms_median=1287.2986455 lookup_ms_median=3.083594 tokenize_ms_median=1.466406 forward_build_ms_median=3.4091665 graph_call_ms_median=1277.1552864999999 answer=promise p=nothing:0.04098411157859003,promise:0.3786183967831869,request:0.2614846801469182,plan:0.3189128114913048 wall_ms=1279.518542,1290.890103,1288.879843,1286.619427,1286.570677,1293.281718,1288.806562,1300.661041,1325.844375,1287.759635
10-04 16:02:14.083 15332 15346 I hfmodels-decide: RESULT step=lookup ok=true variant=s512_wfp16 backend=gpu rows=256 hidden=1024 zoo_style=arith zoo_ms_median=21.272448 zoo_ms_min=21.234896 sdk_ms_median=0.69349 sdk_ms_min=0.692187 repeats=20 outputs_identical=true
10-04 16:02:14.188 15332 15346 I hfmodels-decide: RESULT step=release ok=true variant=s512_wfp16 backend=gpu close_ms=105
10-04 16:02:14.189 15332 15346 I hfmodels-decide: RESULT ok=true model=litert-community/Open-Decision-DeBERTa-v3-Large-LiteRT variant=s512_wfp16 backend=gpu device=SM-S942Q build=BP4A.251205.006.S942QOPS1AZH9 failures=
## residency (1 lines, pid 15332)
10-04 15:57:11.666 15332 15356 I tflite  : Replacing 1785 out of 1785 node(s) with delegate (LITERT_CL) node, yielding 1 partitions for subgraph 0 (main).
