# hfmodels typed-decisions device gate  date=2026-10-04T08:18:12Z serial=RFGL80R6A6H device=SM-S942Q build=BP4A.251205.006.S942QOPS1AZH9 android=16
# git=7b304ce test=DebertaDecisionDeviceTest variant=s256_npu_wfp16 backend=npu thermal=Thermal Status: 0 battery_level= level: 80 battery_temp_x10C= temperature: 376 screen= mWakefulness=Dozing
# gradle rc=0 end=2026-10-04T08:18:48Z thermal_end=Thermal Status: 1 battery_temp_end_x10C= temperature: 392
--------- beginning of main
10-04 17:18:14.040 10723 10737 I hfmodels-decide: device=SM-S942Q soc=QTI/SM8850 build=BP4A.251205.006.S942QOPS1AZH9 android=16 litert=2.2.0 model=litert-community/Open-Decision-DeBERTa-v3-Large-LiteRT@7a276235 variant=s256_npu_wfp16 backend=npu
10-04 17:18:14.043 10723 10741 I hfmodels: resolve litert-community/Open-Decision-DeBERTa-v3-Large-LiteRT: commit=7a276235 via EXPLICIT_REVISION, descriptor=caller@explicit/hfmodels.json sha=7ff5fa84
10-04 17:18:14.049 10723 10741 I hfmodels: resolve litert-community/Open-Decision-DeBERTa-v3-Large-LiteRT: commit=7a276235 via EXPLICIT_REVISION, descriptor=caller@explicit/hfmodels.json sha=7ff5fa84
10-04 17:18:14.626 10723 10741 I hfmodels: tokenizer tokenizer.json: 128004 tokens (Unigram), load_ms=567
10-04 17:18:15.581 10723 10737 I hfmodels: ready litert-community/Open-Decision-DeBERTa-v3-Large-LiteRT@7a276235 variant=s256_npu_wfp16 profile=npu inference=NPU prepare_ms=1523
10-04 17:18:15.581 10723 10737 I hfmodels-decide: RESULT step=load ok=true variant=s256_npu_wfp16 backend=npu import_ms=0 load_ms=1533 compile_ms=954 profile=npu window=256 head=256 max_options=128 npu_libs_ready=true notes=family=deberta_decision compile_ms=954 on npu (Qualcomm HTP V81, JIT, burst; the first compile on a phone takes tens of seconds, later loads read the cache) | observed backend is UNKNOWN: litert 2.2.0 reports no per-op execution target; 'initialized' is the accelerator the CompiledModel was created with | host token lookup: word_embeddings_fp16.bin (float16, 128100 rows x 1024) feeds inputs_embeds | the questions of one decide() in one forward as the author's decide() does, split in question order when they do not fit the window or the option slots: options = a choice's descriptions (the key when there is none), a score's levels, a noul's no / yes; the state is cut to its first 256 tokens; a request longer than the 256-token window or with more than 128 options is refused; probabilities are the softmax of the logits / 1.05 (the author's calibration), extras.max_probability is the author's confidence
10-04 17:18:15.978 10723 10737 I hfmodels-decide: RESULT step=sequence ok=true variant=s256_npu_wfp16 backend=npu rows=143 of 160 mismatches=0 window=256
10-04 17:18:35.390 10723 10737 I hfmodels-decide: RESULT step=parity ok=true variant=s256_npu_wfp16 backend=npu rows=143 questions=371 argmax_match=371/371 answers_equal_author=371/371 max_prob_abs_err=0.008778010475522624 (worst fam-test-183 q1) max_logit_abs_err_vs_author=0.03898286819458008 dp_tol=0.01 forward_ms_median=127.959427 p90=132.106666 min=121.487031 max=135.887968
10-04 17:18:39.907 10723 10737 I hfmodels-decide: RESULT step=demo ok=true variant=s256_npu_wfp16 backend=npu form=policy rows=30 same_answer_as_mac=30/30 max_prob_abs_err_vs_mac=0.002884887720920992 (worst b05) encoded_length_equal_host=30/30 dp_tol=0.01 correct_device=19/30 correct_mac=19/30 question_ms_median=136.177345 p90=138.37604 min=126.533958 max=138.96031299999999 lookup_ms_median=1.761563
10-04 17:18:44.136 10723 10737 I hfmodels-decide: RESULT step=demo ok=true variant=s256_npu_wfp16 backend=npu form=keys rows=30 same_answer_as_mac=30/30 max_prob_abs_err_vs_mac=0.005956821480610386 (worst b10) encoded_length_equal_host=30/30 dp_tol=0.01 correct_device=22/30 correct_mac=22/30 question_ms_median=129.253488 p90=131.63187299999998 min=127.56448 max=132.468177 lookup_ms_median=1.714271
10-04 17:18:47.724 10723 10737 I hfmodels-decide: RESULT step=timing ok=true variant=s256_npu_wfp16 backend=npu repeats=5 forwards_for_4q=1 decide_4q_total_ms_median=139.026719 four_decide_1q_total_ms_median=518.976718 state_tokens=19 per_question_ms=135.637968,135.637968,135.637968,135.637968 answers={department=billing 0.741605256716302, urgency=0.6659898873636352, refund_requested=0.91733924928068, tone=neutral 0.4443446102995086}
10-04 17:18:48.310 10723 10737 I hfmodels-decide: RESULT step=lookup ok=true variant=s256_npu_wfp16 backend=npu rows=256 hidden=1024 zoo_style=arith zoo_ms_median=18.915469 zoo_ms_min=18.830781 sdk_ms_median=0.64125 sdk_ms_min=0.618386 repeats=20 outputs_identical=true
10-04 17:18:48.403 10723 10737 I hfmodels-decide: RESULT step=release ok=true variant=s256_npu_wfp16 backend=npu close_ms=93
10-04 17:18:48.403 10723 10737 I hfmodels-decide: RESULT ok=true model=litert-community/Open-Decision-DeBERTa-v3-Large-LiteRT variant=s256_npu_wfp16 backend=npu device=SM-S942Q build=BP4A.251205.006.S942QOPS1AZH9 failures=
## residency (6 lines, pid 10723)
10-04 17:18:14.630 10723 10744 I litert  : [npu_registry.cc:30] NPU accelerator registered.
10-04 17:18:14.661 10723 10744 I litert  : [compiled_model.cc:754] NPU JIT compilation caching enabled with cache dir: /data/user/0/io.github.johnrocky.hfmodels.litert.test/cache
10-04 17:18:14.669 10723 10744 I litert  :   HtpPerformanceMode       : Burst(2)
10-04 17:18:15.070 10723 10744 I litert  : [compiled_model.cc:1233] Flatbuffer model initialized from cached model.
10-04 17:18:15.072 10723 10744 I litert  :   HtpPerformanceMode       : Burst(2)
10-04 17:18:15.172 10723 10744 I tflite  : Replacing 1 out of 1 node(s) with delegate (DispatchDelegate) node, yielding 1 partitions for subgraph 0 (main).
