# hfmodels typed-decisions device gate  date=2026-10-04T07:08:38Z serial=RFGL80R6A6H device=SM-S942Q build=BP4A.251205.006.S942QOPS1AZH9 android=16
# git=402a874 test=GlinerDecideDeviceTest variant=s128_wfp16 backend=gpu thermal=Thermal Status: 0 battery_level= level: 80 battery_temp_x10C= temperature: 362 screen= mWakefulness=Dozing
# gradle rc=0 end=2026-10-04T07:08:56Z thermal_end=Thermal Status: 0 battery_temp_end_x10C= temperature: 362
--------- beginning of main
10-04 16:08:39.217 16736 16750 I hfmodels-decide: device=SM-S942Q soc=QTI/SM8850 build=BP4A.251205.006.S942QOPS1AZH9 android=16 litert=2.2.0 model=litert-community/GLiNER2.5-Decide-LiteRT@db801972 variant=s128_wfp16 backend=gpu
10-04 16:08:39.221 16736 16754 I hfmodels: resolve litert-community/GLiNER2.5-Decide-LiteRT: commit=db801972 via EXPLICIT_REVISION, descriptor=caller@explicit/hfmodels.json sha=7212d850
10-04 16:08:39.895 16736 16754 I hfmodels: imported gliner25_decide_s128_wfp16.tflite: 660383872 bytes, sha256 ok, from /data/local/tmp/hfmodels/gliner-decide/gliner25_decide_s128_wfp16.tflite
10-04 16:08:40.127 16736 16754 I hfmodels: imported word_embeddings_fp16.bin: 262166528 bytes, sha256 ok, from /data/local/tmp/hfmodels/gliner-decide/host_assets/word_embeddings_fp16.bin
10-04 16:08:40.137 16736 16754 I hfmodels: imported tokenizer.json: 8333952 bytes, sha256 ok, from /data/local/tmp/hfmodels/gliner-decide/host_assets/tokenizer.json
10-04 16:08:40.139 16736 16754 I hfmodels: resolve litert-community/GLiNER2.5-Decide-LiteRT: commit=db801972 via EXPLICIT_REVISION, descriptor=caller@explicit/hfmodels.json sha=7212d850
10-04 16:08:40.634 16736 16754 I hfmodels: tokenizer tokenizer.json: 128011 tokens (Unigram), load_ms=485
10-04 16:08:43.809 16736 16750 I hfmodels: ready litert-community/GLiNER2.5-Decide-LiteRT@db801972 variant=s128_wfp16 profile=gpu inference=GPU prepare_ms=3662
10-04 16:08:43.810 16736 16750 I hfmodels-decide: RESULT step=load ok=true variant=s128_wfp16 backend=gpu import_ms=916 load_ms=3673 compile_ms=3174 profile=gpu window=128 head=128 max_options=32 descriptor_patch=none npu_libs_ready=false notes=family=gliner2_decide compile_ms=3174 on gpu (precision fp32) | observed backend is UNKNOWN: litert 2.2.0 reports no per-op execution target; 'initialized' is the accelerator the CompiledModel was created with | host token lookup: word_embeddings_fp16.bin (float16, 128011 rows x 1024) feeds inputs_embeds | one gliner2 task per question (task 'answer', the instructions as its prompt, the options as labels); a request longer than the 128-token window or with more than 32 labels is refused, never cut; probabilities are gliner2's single-label float32 softmax of the label logits (T=1)
10-04 16:08:44.103 16736 16750 I hfmodels-decide: RESULT step=sequence ok=true variant=s128_wfp16 backend=gpu rows=42 mismatches=0 window=128
10-04 16:08:47.539 16736 16750 I hfmodels-decide: RESULT step=parity ok=true variant=s128_wfp16 backend=gpu rows=42 argmax_match=42/42 decisions_equal_official=42/42 max_prob_abs_err=2.561807632446289E-4 (worst news_topic_018) max_logit_abs_err_vs_oracle=0.001720428466796875 max_logit_abs_err_vs_mac_cpu=2.193450927734375E-5 dp_tol=0.01 forward_ms_median=69.971354 p90=72.673542 min=67.364688 max=73.404948
10-04 16:08:49.967 16736 16750 I hfmodels-decide: RESULT step=demo ok=true variant=s128_wfp16 backend=gpu rows=30 same_answer_as_mac=30/30 max_prob_abs_err_vs_mac=2.086162567138672E-6 (worst b24) correct_device=27/30 correct_mac=27/30 question_ms_median=72.566355 p90=75.91130199999999 min=70.488333 max=77.686927 lookup_ms_median=1.20474
10-04 16:08:49.968 16736 16750 I hfmodels-decide: RESULT step=pack ok=true variant=s128_wfp16 backend=gpu skipped: pack=0
10-04 16:08:54.114 16736 16750 I hfmodels-decide: RESULT step=timing ok=true variant=s128_wfp16 backend=gpu repeats=5 decide_4q_total_ms_median=285.666615 four_decide_1q_total_ms_median=297.261927 decide_4q_packed_total_ms_median=87.854479 packed_forwards=1 state_tokens=19 per_question_ms=71.99474,72.850728,71.77328200000001,74.534375 answers={department=billing 0.7019870281219482, urgency=0.6463629901409149, refund_requested=0.9842850565910339, tone=polite 0.3839274048805237} answers_packed={department=billing 0.5641587376594543, urgency=0.7295433282852173, refund_requested=0.9618254899978638, tone=polite 0.40689730644226074}
10-04 16:08:55.845 16736 16750 I hfmodels-decide: RESULT step=zoo_input ok=true variant=s128_wfp16 backend=gpu text_tokens=12 forward_tokens=69 window=128 first=1 warmups=2 timed=10 wall_ms_median=75.9298695 total_ms_median=75.88474 state_ms_median=1.5849225 question_ms_median=74.2282815 lookup_ms_median=1.223359 tokenize_ms_median=1.0657290000000001 forward_build_ms_median=2.1244535 graph_call_ms_median=70.94825499999999 answer=promise p=nothing:0.04225696623325348,promise:0.46536532044410706,request:0.15299904346466064,plan:0.33937862515449524 wall_ms=75.913334,75.926666,75.67375,77.19625,76.161615,76.471719,74.001042,76.511562,75.527708,75.933073
10-04 16:08:56.076 16736 16750 I hfmodels-decide: RESULT step=lookup ok=true variant=s128_wfp16 backend=gpu rows=128 hidden=1024 zoo_style=lut zoo_ms_median=6.109323 zoo_ms_min=6.061406 sdk_ms_median=0.319531 sdk_ms_min=0.318333 repeats=20 outputs_identical=true
10-04 16:08:56.167 16736 16750 I hfmodels-decide: RESULT step=release ok=true variant=s128_wfp16 backend=gpu close_ms=91
10-04 16:08:56.167 16736 16750 I hfmodels-decide: RESULT ok=true model=litert-community/GLiNER2.5-Decide-LiteRT variant=s128_wfp16 backend=gpu device=SM-S942Q build=BP4A.251205.006.S942QOPS1AZH9 failures=
## residency (1 lines, pid 16736)
10-04 16:08:40.692 16736 16757 I tflite  : Replacing 1780 out of 1780 node(s) with delegate (LITERT_CL) node, yielding 1 partitions for subgraph 0 (main).
