# hfmodels speak device gate  date=2026-10-05T01:05:16Z serial=RFGL80R6A6H device=SM-S942Q build=BP4A.251205.006.S942QOPS1AZH9 android=16
# git=ee61fcc test=SpeakDeviceTest variant=fp16 backend=cpu thermal=Thermal Status: 0 battery_level= level: 79 battery_temp_x10C= temperature: 368 screen= mWakefulness=Awake
# gradle rc=0 end=2026-10-05T01:05:42Z thermal_end=Thermal Status: 0 battery_temp_end_x10C= temperature: 368
--------- beginning of main
10-05 10:05:26.648 32474 32490 I hfmodels-speak: device=SM-S942Q soc=QTI/SM8850 build=BP4A.251205.006.S942QOPS1AZH9 android=16 model=litert-community/kitten-tts-nano-0.8@2c5b198f variant=fp16 network=Offline voice=expr-voice-2-m prior=0.8 bench_speed=1.25 xnnpack_off=descriptor wav_dir=/storage/emulated/0/Android/data/io.github.johnrocky.hfmodels.voice.test/files/tts/fp16
10-05 10:05:26.654 32474 32495 I hfmodels: resolve litert-community/kitten-tts-nano-0.8: commit=2c5b198f via EXPLICIT_REVISION, descriptor=litert-community/kitten-tts-nano-0.8@2c5b198f/hfmodels.json sha=5abba557
10-05 10:05:26.661 32474 32495 I hfmodels: resolve litert-community/kitten-tts-nano-0.8: commit=2c5b198f via EXPLICIT_REVISION, descriptor=litert-community/kitten-tts-nano-0.8@2c5b198f/hfmodels.json sha=5abba557
10-05 10:05:27.221 32474 32495 I hfmodels: kitten lexicon: 177 symbols, 274927 dictionary words, 8 voices
10-05 10:05:27.384 32474 32490 I hfmodels: ready litert-community/kitten-tts-nano-0.8@2c5b198f variant=fp16 profile=cpu inference=CPU prepare_ms=704
10-05 10:05:27.384 32474 32490 I hfmodels-speak: RESULT step=load ok=true variant=fp16 commit=2c5b198f binding=EXPLICIT_REVISION descriptor=litert-community/kitten-tts-nano-0.8@2c5b198f/hfmodels.json files=8 import_ms=0 load_ms=724 profile=cpu runtime=litert 2.2.0 voices=8 default_voice=expr-voice-2-m sample_rate=24000 max_chars=400 notes=family=kitten load_ms voices=8 g2p_dict=530 g2p_graph=56 predictor=14 prosody=12 vocoder=75 (dictionary 274927 words) | interpreter api (xnnpack off on predictor, 4 threads): predictor kitten_predictor_fp16.tflite, prosody kitten_prosody_fp16.tflite, vocoder kitten_vocoder_fp16.tflite; g2p graph on CompiledModel cpu (4 threads) | xnnpack default (predictor off): Galaxy S26, 2026-10-03, fp32: peak RSS after load 334 MB instead of 624 MB, median synthesis 301 ms instead of 288 ms, same frames | speed x speed_priors[voice] goes to the graph (say.py's pace at speed 1): expr-voice-2-f=0.8 expr-voice-2-m=0.8 expr-voice-3-f=0.8 expr-voice-3-m=0.8 expr-voice-4-f=0.8 expr-voice-4-m=0.9 expr-voice-5-f=0.8 expr-voice-5-m=0.8 | style row = min(chars, 399); tail_trim 5000 samples, min_samples 1200; max_chars 400 per call | observed backend is UNKNOWN: litert 2.2.0 reports no per-op execution target; 'initialized' is the CPU the graphs were created for
10-05 10:05:27.388 32474 32490 I hfmodels-speak: RESULT step=g2p ok=true variant=fp16 i=0 equal=false n_got=43 n_ref=41 first_diff=11 got[8..]=[5, 16, 50, 156, 43, 135, 16, 53] ref[8..]=[5, 16, 50, 157, 43, 135, 16, 53]
10-05 10:05:27.388 32474 32490 I hfmodels-speak: RESULT step=g2p ok=true variant=fp16 i=1 equal=false n_got=68 n_ref=63 first_diff=24 got[21..]=[62, 16, 48, 76, 158, 123, 16, 70] ref[21..]=[62, 16, 48, 85, 123, 83, 16, 65]
10-05 10:05:27.409 32474 32490 I hfmodels-speak: RESULT step=g2p ok=true variant=fp16 i=2 equal=false n_got=133 n_ref=138 first_diff=19 got[16..]=[62, 16, 62, 63, 158, 16, 61, 58] ref[16..]=[62, 16, 62, 83, 16, 61, 58, 156]
10-05 10:05:28.662 32474 32490 I hfmodels-speak: RESULT step=parity ok=true variant=fp16 i=0 speed=1.25 graph_speed=1.0 comparable=false frames_equal=false frames=116/111 samples=64600/66600 untrimmed=69600/66600 logmel_corr=0.8950 logspec_corr=0.8817 maxabs=1.14 ms_total=365.5
10-05 10:05:30.248 32474 32490 I hfmodels-speak: RESULT step=parity ok=true variant=fp16 i=1 speed=1.25 graph_speed=1.0 comparable=false frames_equal=false frames=164/163 samples=93400/97800 untrimmed=98400/97800 logmel_corr=0.9670 logspec_corr=0.9444 maxabs=1.04 ms_total=482.9
10-05 10:05:33.097 32474 32490 I hfmodels-speak: RESULT step=parity ok=true variant=fp16 i=2 speed=1.25 graph_speed=1.0 comparable=false frames_equal=false frames=274/281 samples=159400/168600 untrimmed=164400/168600 logmel_corr=0.7550 logspec_corr=0.7679 maxabs=0.908 ms_total=972.3
10-05 10:05:33.485 32474 32490 I hfmodels-speak: RESULT step=speak ok=true variant=fp16 file=r01 chars=44 frames=149 audio_s=3.52 ms_g2p=0.6 ms_synth=379.8 ms_total=380.3 rtf=0.108
10-05 10:05:33.796 32474 32490 I hfmodels-speak: RESULT step=speak ok=true variant=fp16 file=r02 chars=38 frames=129 audio_s=3.02 ms_g2p=0.5 ms_synth=304.7 ms_total=305.1 rtf=0.101
10-05 10:05:34.100 32474 32490 I hfmodels-speak: RESULT step=speak ok=true variant=fp16 file=r03 chars=37 frames=128 audio_s=2.99 ms_g2p=0.4 ms_synth=298.8 ms_total=299.3 rtf=0.100
10-05 10:05:34.772 32474 32490 I hfmodels-speak: RESULT step=speak ok=true variant=fp16 file=r04 chars=77 frames=256 audio_s=6.19 ms_g2p=0.6 ms_synth=667.0 ms_total=667.6 rtf=0.108
10-05 10:05:35.112 32474 32490 I hfmodels-speak: RESULT step=speak ok=true variant=fp16 file=r05 chars=43 frames=138 audio_s=3.24 ms_g2p=0.6 ms_synth=332.0 ms_total=332.6 rtf=0.103
10-05 10:05:35.545 32474 32490 I hfmodels-speak: RESULT step=speak ok=true variant=fp16 file=r06 chars=49 frames=170 audio_s=4.04 ms_g2p=0.5 ms_synth=427.6 ms_total=428.2 rtf=0.106
10-05 10:05:35.914 32474 32490 I hfmodels-speak: RESULT step=speak ok=true variant=fp16 file=r07 chars=44 frames=150 audio_s=3.54 ms_g2p=0.5 ms_synth=363.3 ms_total=363.8 rtf=0.103
10-05 10:05:36.226 32474 32490 I hfmodels-speak: RESULT step=speak ok=true variant=fp16 file=r08 chars=34 frames=129 audio_s=3.02 ms_g2p=0.4 ms_synth=308.1 ms_total=308.6 rtf=0.102
10-05 10:05:36.650 32474 32490 I hfmodels-speak: RESULT step=speak ok=true variant=fp16 file=r09 chars=59 frames=163 audio_s=3.87 ms_g2p=0.6 ms_synth=418.2 ms_total=418.7 rtf=0.108
10-05 10:05:37.088 32474 32490 I hfmodels-speak: RESULT step=speak ok=true variant=fp16 file=r10 chars=56 frames=164 audio_s=3.89 ms_g2p=0.6 ms_synth=432.3 ms_total=432.8 rtf=0.111
10-05 10:05:41.237 32474 32490 I hfmodels-speak: RESULT step=timing ok=true variant=fp16 warm_calls=10 ms_g2p_median=0.5 ms_synth_median=384.0 ms_total_median=384.5 ms_total_min=309.2 ms_total_max=735.8 rtf_median=0.110 first_call_after_load_ms_total=365.5 same_pcm_as_first=10/10
10-05 10:05:41.238 32474 32490 I hfmodels-speak: RESULT step=memory ok=true variant=fp16 vmhwm_kb_before=111116 after_load=322476 after_speak=642164 vmrss_kb_after_speak=568260
10-05 10:05:41.269 32474 32490 I hfmodels-speak: RESULT step=release ok=true variant=fp16 close_ms=32
10-05 10:05:41.270 32474 32490 I hfmodels-speak: RESULT ok=true model=litert-community/kitten-tts-nano-0.8 variant=fp16 device=SM-S942Q build=BP4A.251205.006.S942QOPS1AZH9 failures=
