# hfmodels typed-decisions device gate  date=2026-10-04T08:20:10Z serial=RFGL80R6A6H device=SM-S942Q build=BP4A.251205.006.S942QOPS1AZH9 android=16
# git=7b304ce test=DebertaDecisionDeviceTest variant=s256_npu_wfp16 backend=gpu thermal=Thermal Status: 0 battery_level= level: 79 battery_temp_x10C= temperature: 375 screen= mWakefulness=Dozing
# gradle rc=0 end=2026-10-04T08:21:24Z thermal_end=Thermal Status: 2 battery_temp_end_x10C= temperature: 414
--------- beginning of main
10-04 17:20:11.619 10887 10901 I hfmodels-decide: device=SM-S942Q soc=QTI/SM8850 build=BP4A.251205.006.S942QOPS1AZH9 android=16 litert=2.2.0 model=litert-community/Open-Decision-DeBERTa-v3-Large-LiteRT@7a276235 variant=s256_npu_wfp16 backend=gpu
10-04 17:20:11.622 10887 10905 I hfmodels: resolve litert-community/Open-Decision-DeBERTa-v3-Large-LiteRT: commit=7a276235 via EXPLICIT_REVISION, descriptor=caller@explicit/hfmodels.json sha=7ff5fa84
10-04 17:20:11.625 10887 10905 I hfmodels: resolve litert-community/Open-Decision-DeBERTa-v3-Large-LiteRT: commit=7a276235 via EXPLICIT_REVISION, descriptor=caller@explicit/hfmodels.json sha=7ff5fa84
10-04 17:20:12.192 10887 10905 I hfmodels: tokenizer tokenizer.json: 128004 tokens (Unigram), load_ms=559
10-04 17:20:16.156 10887 10901 I hfmodels: ready litert-community/Open-Decision-DeBERTa-v3-Large-LiteRT@7a276235 variant=s256_npu_wfp16 profile=gpu inference=GPU prepare_ms=4523
10-04 17:20:16.157 10887 10901 I hfmodels-decide: RESULT step=load ok=true variant=s256_npu_wfp16 backend=gpu import_ms=0 load_ms=4531 compile_ms=3962 profile=gpu window=256 head=256 max_options=128 npu_libs_ready=true notes=family=deberta_decision compile_ms=3962 on gpu (precision fp32) | observed backend is UNKNOWN: litert 2.2.0 reports no per-op execution target; 'initialized' is the accelerator the CompiledModel was created with | host token lookup: word_embeddings_fp16.bin (float16, 128100 rows x 1024) feeds inputs_embeds | the questions of one decide() in one forward as the author's decide() does, split in question order when they do not fit the window or the option slots: options = a choice's descriptions (the key when there is none), a score's levels, a noul's no / yes; the state is cut to its first 256 tokens; a request longer than the 256-token window or with more than 128 options is refused; probabilities are the softmax of the logits / 1.05 (the author's calibration), extras.max_probability is the author's confidence
10-04 17:20:16.541 10887 10901 I hfmodels-decide: RESULT step=sequence ok=true variant=s256_npu_wfp16 backend=gpu rows=143 of 160 mismatches=0 window=256
10-04 17:20:51.183 10887 10901 I hfmodels-decide: RESULT step=parity ok=true variant=s256_npu_wfp16 backend=gpu rows=143 questions=371 argmax_match=371/371 answers_equal_author=371/371 max_prob_abs_err=6.861624558591184E-4 (worst fam-ood-47 q0) max_logit_abs_err_vs_author=0.00216519832611084 dp_tol=0.01 forward_ms_median=184.988698 p90=420.674584 min=179.660885 max=473.216718
10-04 17:21:03.374 10887 10901 I hfmodels-decide: RESULT step=demo ok=true variant=s256_npu_wfp16 backend=gpu form=policy rows=30 same_answer_as_mac=30/30 max_prob_abs_err_vs_mac=9.328052532620035E-7 (worst b10) encoded_length_equal_host=30/30 dp_tol=0.01 correct_device=19/30 correct_mac=19/30 question_ms_median=349.47255199999995 p90=406.003959 min=343.14822899999996 max=409.461823 lookup_ms_median=1.867656
10-04 17:21:14.382 10887 10901 I hfmodels-decide: RESULT step=demo ok=true variant=s256_npu_wfp16 backend=gpu form=keys rows=30 same_answer_as_mac=30/30 max_prob_abs_err_vs_mac=2.028996443748099E-6 (worst b22) encoded_length_equal_host=30/30 dp_tol=0.01 correct_device=22/30 correct_mac=22/30 question_ms_median=342.643072 p90=348.435157 min=309.240728 max=357.01724 lookup_ms_median=1.812031
10-04 17:21:23.266 10887 10901 I hfmodels-decide: RESULT step=timing ok=true variant=s256_npu_wfp16 backend=gpu repeats=5 forwards_for_4q=1 decide_4q_total_ms_median=326.89802 four_decide_1q_total_ms_median=1270.71875 state_tokens=19 per_question_ms=348.96364600000004,348.96364600000004,348.96364600000004,348.96364600000004 answers={department=billing 0.74095467372367, urgency=0.6637985189196726, refund_requested=0.9173051284357872, tone=neutral 0.4445183378688088}
10-04 17:21:23.876 10887 10901 I hfmodels-decide: RESULT step=lookup ok=true variant=s256_npu_wfp16 backend=gpu rows=256 hidden=1024 zoo_style=arith zoo_ms_median=19.69625 zoo_ms_min=19.284583 sdk_ms_median=0.673073 sdk_ms_min=0.648907 repeats=20 outputs_identical=true
10-04 17:21:24.025 10887 10901 I hfmodels-decide: RESULT step=release ok=true variant=s256_npu_wfp16 backend=gpu close_ms=149
10-04 17:21:24.026 10887 10901 I hfmodels-decide: RESULT ok=true model=litert-community/Open-Decision-DeBERTa-v3-Large-LiteRT variant=s256_npu_wfp16 backend=gpu device=SM-S942Q build=BP4A.251205.006.S942QOPS1AZH9 failures=
## residency (6 lines, pid 10887)
10-04 17:20:12.196 10887 10909 I litert  : [npu_registry.cc:30] NPU accelerator registered.
10-04 17:20:12.221 10887 10909 I litert  : [compiled_model.cc:754] NPU JIT compilation caching enabled with cache dir: /data/user/0/io.github.johnrocky.hfmodels.litert.test/cache
10-04 17:20:12.227 10887 10909 I litert  :   HtpPerformanceMode       : Burst(2)
10-04 17:20:12.342 10887 10909 I litert  : [compiled_model.cc:1250] 0 compiler plugins were applied successfully: 
10-04 17:20:12.345 10887 10909 I litert  :   HtpPerformanceMode       : Burst(2)
10-04 17:20:12.571 10887 10909 I tflite  : Replacing 1880 out of 1880 node(s) with delegate (LITERT_CL) node, yielding 1 partitions for subgraph 0 (main).
