# hfmodels typed-decisions device gate  date=2026-10-04T07:16:48Z serial=RFGL80R6A6H device=SM-S942Q build=BP4A.251205.006.S942QOPS1AZH9 android=16
# git=402a874 test=GlinerDecideDeviceTest variant=s128_fp32 backend=cpu thermal=Thermal Status: 0 battery_level= level: 79 battery_temp_x10C= temperature: 370 screen= mWakefulness=Dozing
# gradle rc=0 end=2026-10-04T07:17:40Z thermal_end=Thermal Status: 0 battery_temp_end_x10C= temperature: 390
--------- beginning of main
10-04 16:16:49.292 18526 18541 I hfmodels-decide: device=SM-S942Q soc=QTI/SM8850 build=BP4A.251205.006.S942QOPS1AZH9 android=16 litert=2.2.0 model=litert-community/GLiNER2.5-Decide-LiteRT@db801972 variant=s128_fp32 backend=cpu
10-04 16:16:49.296 18526 18545 I hfmodels: resolve litert-community/GLiNER2.5-Decide-LiteRT: commit=db801972 via EXPLICIT_REVISION, descriptor=caller@explicit/hfmodels.json sha=7212d850
10-04 16:16:50.463 18526 18545 I hfmodels: imported gliner25_decide_s128_fp32.tflite: 1268514036 bytes, sha256 ok, from /data/local/tmp/hfmodels/gliner-decide/fp32/gliner25_decide_s128_fp32.tflite
10-04 16:16:50.740 18526 18545 I hfmodels: imported word_embeddings_fp16.bin: 262166528 bytes, sha256 ok, from /data/local/tmp/hfmodels/gliner-decide/host_assets/word_embeddings_fp16.bin
10-04 16:16:50.753 18526 18545 I hfmodels: imported tokenizer.json: 8333952 bytes, sha256 ok, from /data/local/tmp/hfmodels/gliner-decide/host_assets/tokenizer.json
10-04 16:16:50.755 18526 18545 I hfmodels: resolve litert-community/GLiNER2.5-Decide-LiteRT: commit=db801972 via EXPLICIT_REVISION, descriptor=caller@explicit/hfmodels.json sha=7212d850
10-04 16:16:51.263 18526 18545 I hfmodels: tokenizer tokenizer.json: 128011 tokens (Unigram), load_ms=498
10-04 16:16:51.810 18526 18541 I hfmodels: ready litert-community/GLiNER2.5-Decide-LiteRT@db801972 variant=s128_fp32 profile=cpu inference=CPU prepare_ms=1047
10-04 16:16:51.811 18526 18541 I hfmodels-decide: RESULT step=load ok=true variant=s128_fp32 backend=cpu import_ms=1456 load_ms=1058 compile_ms=546 profile=cpu window=128 head=128 max_options=32 descriptor_patch=none npu_libs_ready=false notes=family=gliner2_decide compile_ms=546 on cpu (4 threads) | observed backend is UNKNOWN: litert 2.2.0 reports no per-op execution target; 'initialized' is the accelerator the CompiledModel was created with | host token lookup: word_embeddings_fp16.bin (float16, 128011 rows x 1024) feeds inputs_embeds | one gliner2 task per question (task 'answer', the instructions as its prompt, the options as labels); a request longer than the 128-token window or with more than 32 labels is refused, never cut; probabilities are gliner2's single-label float32 softmax of the label logits (T=1)
10-04 16:16:52.099 18526 18541 I hfmodels-decide: RESULT step=sequence ok=true variant=s128_fp32 backend=cpu rows=42 mismatches=0 window=128
10-04 16:17:02.704 18526 18541 I hfmodels-decide: RESULT step=parity ok=true variant=s128_fp32 backend=cpu rows=42 argmax_match=42/42 decisions_equal_official=42/42 max_prob_abs_err=6.914138793945312E-5 (worst paper_field_003) max_logit_abs_err_vs_oracle=3.255605697631836E-4 max_logit_abs_err_vs_mac_cpu=0.0019407272338867188 dp_tol=0.01 forward_ms_median=238.934062 p90=256.497344 min=236.344375 max=257.972395
10-04 16:17:11.823 18526 18541 I hfmodels-decide: RESULT step=demo ok=true variant=s128_fp32 backend=cpu rows=30 same_answer_as_mac=30/30 max_prob_abs_err_vs_mac=1.551806926727295E-4 (worst b02) correct_device=27/30 correct_mac=27/30 question_ms_median=283.743541 p90=319.34166700000003 min=254.113281 max=321.20052100000004 lookup_ms_median=0.328334
10-04 16:17:11.825 18526 18541 I hfmodels-decide: RESULT step=pack ok=true variant=s128_fp32 backend=cpu skipped: pack=0
10-04 16:17:31.601 18526 18541 I hfmodels-decide: RESULT step=timing ok=true variant=s128_fp32 backend=cpu repeats=5 decide_4q_total_ms_median=1447.094791 four_decide_1q_total_ms_median=1451.255989 decide_4q_packed_total_ms_median=369.076458 packed_forwards=1 state_tokens=19 per_question_ms=364.112188,367.134166,365.62026000000003,364.325676 answers={department=billing 0.7020025849342346, urgency=0.6463098526000977, refund_requested=0.9842921495437622, tone=polite 0.38393568992614746} answers_packed={department=billing 0.564157247543335, urgency=0.7294899523258209, refund_requested=0.9618541598320007, tone=polite 0.40692538022994995}
10-04 16:17:40.002 18526 18541 I hfmodels-decide: RESULT step=zoo_input ok=true variant=s128_fp32 backend=cpu text_tokens=12 forward_tokens=69 window=128 first=1 warmups=2 timed=10 wall_ms_median=364.1738805 total_ms_median=364.14901050000003 state_ms_median=0.5410159999999999 question_ms_median=363.582161 lookup_ms_median=0.40112000000000003 tokenize_ms_median=0.5401039999999999 forward_build_ms_median=0.921224 graph_call_ms_median=361.173984 answer=promise p=nothing:0.042274024337530136,promise:0.4652552604675293,request:0.15302282571792603,plan:0.339447945356369 wall_ms=365.718229,369.075,392.875572,364.460313,363.937396,362.03052,362.082551,363.293333,364.410365,362.812291
10-04 16:17:40.209 18526 18541 I hfmodels-decide: RESULT step=lookup ok=true variant=s128_fp32 backend=cpu rows=128 hidden=1024 zoo_style=lut zoo_ms_median=6.184531 zoo_ms_min=6.103802 sdk_ms_median=0.324688 sdk_ms_min=0.32349 repeats=20 outputs_identical=true
10-04 16:17:40.348 18526 18541 I hfmodels-decide: RESULT step=release ok=true variant=s128_fp32 backend=cpu close_ms=139
10-04 16:17:40.349 18526 18541 I hfmodels-decide: RESULT ok=true model=litert-community/GLiNER2.5-Decide-LiteRT variant=s128_fp32 backend=cpu device=SM-S942Q build=BP4A.251205.006.S942QOPS1AZH9 failures=
## residency (1 lines, pid 18526)
10-04 16:16:51.305 18526 18549 I tflite  : Replacing 1634 out of 1634 node(s) with delegate (TfLiteXNNPackDelegate) node, yielding 1 partitions for subgraph 0 (main).
