# hfmodels typed-decisions device gate  date=2026-10-05T02:26:32Z serial=RFGL80R6A6H device=SM-S942Q build=BP4A.251205.006.S942QOPS1AZH9 android=16
# git=4706851 test=DebertaDecisionDeviceTest variant=s256_npu_wfp16 backend=gpu thermal=Thermal Status: 0 battery_level= level: 79 battery_temp_x10C= temperature: 374 screen= mWakefulness=Dozing
# gradle rc=0 end=2026-10-05T02:27:52Z thermal_end=Thermal Status: 2 battery_temp_end_x10C= temperature: 411
--------- beginning of main
10-05 11:26:33.771  2036  2050 I hfmodels-decide: device=SM-S942Q soc=QTI/SM8850 build=BP4A.251205.006.S942QOPS1AZH9 android=16 litert=2.2.0 model=litert-community/Open-Decision-DeBERTa-v3-Large-LiteRT@7a276235 variant=s256_npu_wfp16 backend=gpu
10-05 11:26:33.774  2036  2054 I hfmodels: resolve litert-community/Open-Decision-DeBERTa-v3-Large-LiteRT: commit=7a276235 via EXPLICIT_REVISION, descriptor=caller@explicit/hfmodels.json sha=b9226bd1
10-05 11:26:33.779  2036  2054 I hfmodels: resolve litert-community/Open-Decision-DeBERTa-v3-Large-LiteRT: commit=7a276235 via EXPLICIT_REVISION, descriptor=caller@explicit/hfmodels.json sha=b9226bd1
10-05 11:26:34.362  2036  2054 I hfmodels: tokenizer tokenizer.json: 128004 tokens (Unigram), load_ms=573
10-05 11:26:37.950  2036  2050 I hfmodels: ready litert-community/Open-Decision-DeBERTa-v3-Large-LiteRT@7a276235 variant=s256_npu_wfp16 profile=gpu inference=GPU prepare_ms=4162
10-05 11:26:37.950  2036  2050 I hfmodels-decide: RESULT step=load ok=true variant=s256_npu_wfp16 backend=gpu import_ms=0 load_ms=4173 compile_ms=3586 profile=gpu window=256 head=256 max_options=128 descriptor_patch=none npu_libs_ready=true notes=family=deberta_decision compile_ms=3586 on gpu (precision fp32) | observed backend is UNKNOWN: litert 2.2.0 reports no per-op execution target; 'initialized' is the accelerator the CompiledModel was created with | host token lookup: word_embeddings_fp16.bin (float16, 128100 rows x 1024) feeds inputs_embeds | the questions of one decide() in one forward as the author's decide() does, split in question order when they do not fit the window or the option slots: options = a choice's descriptions (the key when there is none), a score's levels, a noul's no / yes; the state is cut to its first 256 tokens; a request longer than the 256-token window or with more than 128 options is refused; probabilities are the softmax of the logits / 1.05 (the author's calibration), extras.max_probability is the author's confidence
10-05 11:26:38.332  2036  2050 I hfmodels-decide: RESULT step=sequence ok=true variant=s256_npu_wfp16 backend=gpu rows=143 of 160 mismatches=0 window=256
10-05 11:27:13.297  2036  2050 I hfmodels-decide: RESULT step=parity ok=true variant=s256_npu_wfp16 backend=gpu rows=143 questions=371 argmax_match=371/371 answers_equal_author=371/371 max_prob_abs_err=6.861624558591184E-4 (worst fam-ood-47 q0) max_logit_abs_err_vs_author=0.00216519832611084 dp_tol=0.01 forward_ms_median=184.281198 p90=417.756145 min=179.457812 max=424.246094
10-05 11:27:25.324  2036  2050 I hfmodels-decide: RESULT step=demo ok=true variant=s256_npu_wfp16 backend=gpu form=policy rows=30 same_answer_as_mac=30/30 max_prob_abs_err_vs_mac=9.328052532620035E-7 (worst b10) encoded_length_equal_host=30/30 dp_tol=0.01 correct_device=19/30 correct_mac=19/30 question_ms_median=350.099478 p90=400.883437 min=343.54416599999996 max=406.271094 lookup_ms_median=1.928125
10-05 11:27:36.032  2036  2050 I hfmodels-decide: RESULT step=demo ok=true variant=s256_npu_wfp16 backend=gpu form=keys rows=30 same_answer_as_mac=30/30 max_prob_abs_err_vs_mac=2.028996443748099E-6 (worst b22) encoded_length_equal_host=30/30 dp_tol=0.01 correct_device=22/30 correct_mac=22/30 question_ms_median=342.129115 p90=346.17557300000004 min=304.111928 max=347.295365 lookup_ms_median=1.848125
10-05 11:27:44.504  2036  2050 I hfmodels-decide: RESULT step=timing ok=true variant=s256_npu_wfp16 backend=gpu repeats=5 forwards_for_4q=1 decide_4q_total_ms_median=318.93151 four_decide_1q_total_ms_median=1245.258281 state_tokens=19 per_question_ms=315.00823,315.00823,315.00823,315.00823 answers={department=billing 0.74095467372367, urgency=0.6637985189196726, refund_requested=0.9173051284357872, tone=neutral 0.4445183378688088}
10-05 11:27:51.707  2036  2050 I hfmodels-decide: RESULT step=zoo_input ok=true variant=s256_npu_wfp16 backend=gpu text_tokens=11 forward_tokens=64 window=256 first=1 warmups=2 timed=10 wall_ms_median=315.0475 total_ms_median=314.976042 state_ms_median=1.3968755 question_ms_median=313.596666 lookup_ms_median=1.7226819999999998 tokenize_ms_median=1.6205729999999998 forward_build_ms_median=3.369922 graph_call_ms_median=305.6872135 answer=promise p=nothing:0.04098411157859003,promise:0.3786183967831869,request:0.2614846801469182,plan:0.3189128114913048 wall_ms=317.307709,314.19,314.91474,313.460104,315.441302,318.095052,316.01026,315.18026,314.799999,311.801979
10-05 11:27:52.261  2036  2050 I hfmodels-decide: RESULT step=lookup ok=true variant=s256_npu_wfp16 backend=gpu rows=256 hidden=1024 zoo_style=arith zoo_ms_median=17.555833 zoo_ms_min=17.475677 sdk_ms_median=0.580885 sdk_ms_min=0.579844 repeats=20 outputs_identical=true
10-05 11:27:52.329  2036  2050 I hfmodels-decide: RESULT step=release ok=true variant=s256_npu_wfp16 backend=gpu close_ms=68
10-05 11:27:52.329  2036  2050 I hfmodels-decide: RESULT ok=true model=litert-community/Open-Decision-DeBERTa-v3-Large-LiteRT variant=s256_npu_wfp16 backend=gpu device=SM-S942Q build=BP4A.251205.006.S942QOPS1AZH9 failures=
## residency (6 lines, pid 2036)
10-05 11:26:34.366  2036  2057 I litert  : [npu_registry.cc:30] NPU accelerator registered.
10-05 11:26:34.395  2036  2057 I litert  : [compiled_model.cc:754] NPU JIT compilation caching enabled with cache dir: /data/user/0/io.github.johnrocky.hfmodels.litert.test/cache
10-05 11:26:34.400  2036  2057 I litert  :   HtpPerformanceMode       : Burst(2)
10-05 11:26:34.515  2036  2057 I litert  : [compiled_model.cc:1250] 0 compiler plugins were applied successfully: 
10-05 11:26:34.518  2036  2057 I litert  :   HtpPerformanceMode       : Burst(2)
10-05 11:26:34.695  2036  2057 I tflite  : Replacing 1906 out of 1906 node(s) with delegate (LITERT_CL) node, yielding 1 partitions for subgraph 0 (main).
