# hfmodels typed-decisions device gate  date=2026-10-04T01:25:13Z serial=RFGL80R6A6H device=SM-S942Q build=BP4A.251205.006.S942QOPS1AZH9 android=16
# git=29bc04c test=GlinerDecideDeviceTest variant=s128_wfp16 backend=npu thermal=Thermal Status: 0 battery_level= level: 79 battery_temp_x10C= temperature: 353 screen= mWakefulness=Dozing
# gradle rc=1 end=2026-10-04T01:25:50Z thermal_end=Thermal Status: 0 battery_temp_end_x10C= temperature: 360
--------- beginning of main
10-04 10:25:14.062 23116 23132 I hfmodels-decide: device=SM-S942Q soc=QTI/SM8850 build=BP4A.251205.006.S942QOPS1AZH9 android=16 litert=2.2.0 model=litert-community/GLiNER2.5-Decide-LiteRT@db801972 variant=s128_wfp16 backend=npu
10-04 10:25:14.065 23116 23136 I hfmodels: resolve litert-community/GLiNER2.5-Decide-LiteRT: commit=db801972 via EXPLICIT_REVISION, descriptor=caller@explicit/hfmodels.json sha=a11729f8
10-04 10:25:14.927 23116 23136 I hfmodels: imported gliner25_decide_s128_wfp16.tflite: 660383872 bytes, sha256 ok, from /data/local/tmp/hfmodels/gliner-decide/gliner25_decide_s128_wfp16.tflite
10-04 10:25:14.929 23116 23136 I hfmodels: resolve litert-community/GLiNER2.5-Decide-LiteRT: commit=db801972 via EXPLICIT_REVISION, descriptor=caller@explicit/hfmodels.json sha=a11729f8
10-04 10:25:15.429 23116 23136 I hfmodels: tokenizer tokenizer.json: 128011 tokens (Unigram), load_ms=490
10-04 10:25:46.508 23116 23132 I hfmodels: ready litert-community/GLiNER2.5-Decide-LiteRT@db801972 variant=s128_wfp16 profile=npu inference=NPU prepare_ms=31570
10-04 10:25:46.508 23116 23132 I hfmodels-decide: RESULT step=load ok=true variant=s128_wfp16 backend=npu import_ms=858 load_ms=31581 compile_ms=31077 profile=npu window=128 head=128 max_options=32 descriptor_patch=npu_profile_added npu_libs_ready=true notes=family=gliner2_decide compile_ms=31077 on npu (Qualcomm HTP V81, JIT, burst; the first compile on a phone takes tens of seconds, later loads read the cache) | observed backend is UNKNOWN: litert 2.2.0 reports no per-op execution target; 'initialized' is the accelerator the CompiledModel was created with | host token lookup: word_embeddings_fp16.bin (float16, 128011 rows x 1024) feeds inputs_embeds | one gliner2 task per question (task 'answer', the instructions as its prompt, the options as labels); a request longer than the 128-token window or with more than 32 labels is refused, never cut; probabilities are gliner2's single-label float32 softmax of the label logits (T=1)
10-04 10:25:46.806 23116 23132 I hfmodels-decide: RESULT step=sequence ok=true variant=s128_wfp16 backend=npu rows=42 mismatches=0 window=128
10-04 10:25:46.885 23116 23132 W hfmodels-decide: readme_01_customer_support_intent: argmax differs; device [29792.0, 29792.0, 29792.0, 29792.0, 29792.0, 29792.0, 29792.0, 29792.0, 29792.0] oracle [-4.8493147, 3.5138485, -3.8711104, -4.2538986, -5.772403, -5.4905214, -5.1026583, -3.597359, -4.1886272]
10-04 10:25:46.885 23116 23132 W hfmodels-decide: readme_01_customer_support_intent: decisions differ from the official result
10-04 10:25:46.912 23116 23132 W hfmodels-decide: readme_02_banking_request: argmax differs; device [29792.0, 29792.0, 29792.0, 29792.0, 29792.0, 29792.0, 29792.0, 29792.0] oracle [-0.07196897, 1.0166767, 2.8079462, -4.9917026, -6.590447, -4.90084, -5.198738, -7.441194]
10-04 10:25:46.912 23116 23132 W hfmodels-decide: readme_02_banking_request: decisions differ from the official result
10-04 10:25:46.938 23116 23132 W hfmodels-decide: readme_03_travel_request: argmax differs; device [29792.0, 29792.0, 29792.0, 29792.0, 29792.0, 32464.0, 32464.0] oracle [-2.970131, 0.8619032, -5.0166454, -3.8926156, 0.9039131, -5.3941565, -4.5571365]
10-04 10:25:46.938 23116 23132 W hfmodels-decide: readme_03_travel_request: decisions differ from the official result
10-04 10:25:47.021 23116 23132 W hfmodels-decide: readme_06_product_aspects: argmax differs; device [29792.0, 29792.0, 29792.0, 29792.0, 29792.0, 32464.0] oracle [1.6774226, 4.9915457, 4.0002313, -7.00714, -6.894932, -5.695377]
10-04 10:25:47.021 23116 23132 W hfmodels-decide: readme_06_product_aspects: decisions differ from the official result
10-04 10:25:47.048 23116 23132 W hfmodels-decide: readme_07_news_topic: argmax differs; device [29792.0, 29792.0, 29792.0, 29792.0, 29792.0, 29792.0] oracle [-2.2992487, 1.8464668, -4.95557, -4.008611, -4.4620166, -1.7974329]
10-04 10:25:47.049 23116 23132 W hfmodels-decide: readme_07_news_topic: decisions differ from the official result
10-04 10:25:47.105 23116 23132 W hfmodels-decide: readme_09_email_triage: argmax differs; device [29792.0, 29792.0, 29792.0, 29792.0, 29792.0, 29792.0, 29792.0, 29792.0, 29792.0, 29792.0, 29792.0, 29792.0, 29792.0, 29792.0, 29792.0, 29792.0] oracle [-2.0108979, -0.19817421, -1.6830177, -2.836169, -0.686963, -2.191805, -1.8748585, -1.6531069, -0.7069741, -0.53191227, -1.9716417, -2.5565927, 0.055077903, -1.5941374, -2.0757573, -1.5089397]
10-04 10:25:47.105 23116 23132 W hfmodels-decide: readme_09_email_triage: decisions differ from the official result
10-04 10:25:47.133 23116 23132 W hfmodels-decide: readme_10_ticket_routing: argmax differs; device [29792.0, 29792.0, 29792.0, 29792.0, 29792.0, 29792.0] oracle [-2.2571764, 1.8012168, -5.1810217, -4.5931635, -3.6819355, -3.6856637]
10-04 10:25:47.133 23116 23132 W hfmodels-decide: readme_10_ticket_routing: decisions differ from the official result
10-04 10:25:47.160 23116 23132 W hfmodels-decide: readme_11_handoff_to_a_person: argmax differs; device [32464.0, 32464.0] oracle [-0.2856934, 0.44384575]
10-04 10:25:47.160 23116 23132 W hfmodels-decide: readme_11_handoff_to_a_person: decisions differ from the official result
10-04 10:25:47.215 23116 23132 W hfmodels-decide: readme_13_moderation: argmax differs; device [29792.0, 29792.0, 29792.0, 29792.0, 29792.0, 29792.0] oracle [-2.6249657, 2.2417514, -2.3788888, -3.8163183, -4.548537, -3.0164068]
10-04 10:25:47.215 23116 23132 W hfmodels-decide: readme_13_moderation: decisions differ from the official result
10-04 10:25:47.270 23116 23132 W hfmodels-decide: readme_15_urgency_score: argmax differs; device [29792.0, 29792.0, 29792.0, 29792.0, 29792.0, 29792.0] oracle [-2.0453248, -1.8042467, -1.6265888, -1.4186882, -1.3153602, -1.0862274]
10-04 10:25:47.270 23116 23132 W hfmodels-decide: readme_15_urgency_score: decisions differ from the official result
10-04 10:25:47.327 23116 23132 W hfmodels-decide: readme_17_several_decisions_at_once: argmax differs; device [32464.0, 32464.0, 32464.0, 32464.0, 32464.0, 32464.0, 32464.0, 32464.0, 32464.0, 32464.0, 32464.0, 32464.0, 32464.0, 32464.0, 32464.0, 32464.0, 32464.0] oracle [-2.6984122, 0.54266757, -1.84637, -3.8297274, -3.0348883, -3.0202157, -1.6097275, -1.4882011, -1.0346491, -0.6457433, 0.37565595, -0.31471488, 2.1432066, -1.9354221, -0.46416748, -2.3596182, -1.9099056]
10-04 10:25:47.327 23116 23132 W hfmodels-decide: readme_17_several_decisions_at_once: decisions differ from the official result
10-04 10:25:47.383 23116 23132 W hfmodels-decide: readme_19_book: argmax differs; device [29792.0, 29792.0, 29792.0, 29792.0, 29792.0, 29792.0] oracle [-1.9721442, -2.40484, -0.22593746, -2.2523468, -1.5370634, -2.6190305]
10-04 10:25:47.383 23116 23132 W hfmodels-decide: readme_19_book: decisions differ from the official result
10-04 10:25:47.439 23116 23132 W hfmodels-decide: readme_21_ordinal_score: argmax differs; device [29792.0, 29792.0, 29792.0, 29792.0, 29792.0, 29792.0, 29792.0, 29792.0, 29792.0, 29792.0, 29792.0] oracle [-3.8949757, -3.351462, -2.85083, -2.6028328, -2.3061984, -2.2791955, -2.118432, -1.9497539, -2.0679233, -2.2764752, -3.0822275]
10-04 10:25:47.439 23116 23132 W hfmodels-decide: readme_21_ordinal_score: decisions differ from the official result
10-04 10:25:47.562 23116 23132 W hfmodels-decide: review_sentiment_011: argmax differs; device [31408.0, 31408.0, 31408.0] oracle [-2.945788, 2.7587075, -4.2211127]
10-04 10:25:47.562 23116 23132 W hfmodels-decide: review_sentiment_011: decisions differ from the official result
10-04 10:25:47.623 23116 23132 W hfmodels-decide: agent_handoff_007: argmax differs; device [31408.0, 32464.0] oracle [1.3882017, -1.1455696]
10-04 10:25:47.623 23116 23132 W hfmodels-decide: agent_handoff_007: decisions differ from the official result
10-04 10:25:47.686 23116 23132 W hfmodels-decide: product_feedback_003: argmax differs; device [29792.0, 29792.0, 29792.0, 29792.0, 29792.0, 29792.0, 29792.0, 29792.0, 29792.0, 29792.0, 29792.0, 29792.0] oracle [-5.935175, -4.9427695, -5.029933, 5.9152527, -1.2157277, -6.6375666, -6.237091, -3.8699787, -0.9773996, -6.766732, 0.9292382, -5.1872153]
10-04 10:25:47.686 23116 23132 W hfmodels-decide: product_feedback_003: decisions differ from the official result
10-04 10:25:47.716 23116 23132 W hfmodels-decide: banking_intent_004: argmax differs; device [29792.0, 29792.0, 29792.0, 29792.0, 29792.0, 29792.0, 29792.0, 29792.0, 29792.0, 29792.0, 29792.0, 29792.0, 29792.0, 29792.0, 29792.0, 29792.0] oracle [-7.372463, -9.820117, -7.7000904, -5.8327374, -8.012607, 6.613607, -10.739412, -10.43938, -8.914603, -9.993243, -7.5299864, -10.298282, -10.183897, -10.599814, -11.337696, -7.0835056]
10-04 10:25:47.716 23116 23132 W hfmodels-decide: banking_intent_004: decisions differ from the official result
10-04 10:25:47.745 23116 23132 W hfmodels-decide: clinic_request_015: argmax differs; device [31408.0, 31408.0, 31408.0, 31408.0, 31408.0, 31408.0, 31408.0, 31408.0, 31408.0, 31408.0, 31408.0, 31408.0, 31408.0] oracle [-0.965701, -6.3455915, -5.6510878, 1.6648345, -6.119543, -5.150831, -5.4505014, -3.5346375, -6.794116, -1.6632205, -2.2729027, -1.1544697, 1.3887918]
10-04 10:25:47.745 23116 23132 W hfmodels-decide: clinic_request_015: decisions differ from the official result
10-04 10:25:47.776 23116 23132 W hfmodels-decide: travel_request_009: argmax differs; device [31936.0, 31936.0, 31936.0, 31936.0, 31936.0, 31936.0, 31936.0, 29552.0, 29552.0, 29552.0, 29552.0, 30432.0] oracle [-4.473911, -4.403342, -6.990019, -2.7390795, -5.591523, -6.83632, -4.4907007, -5.5097423, 1.5191547, -4.9696407, -5.337447, -2.291566]
10-04 10:25:47.776 23116 23132 W hfmodels-decide: travel_request_009: decisions differ from the official result
10-04 10:25:47.805 23116 23132 W hfmodels-decide: travel_request_011: argmax differs; device [29792.0, 29792.0, 29792.0, 29792.0, 29792.0, 29792.0, 29792.0, 29792.0, 29792.0, 29792.0, 29792.0, 29792.0] oracle [-4.392061, -5.570491, -3.597374, -7.0649123, -6.808256, -6.3265667, 0.5785604, -2.3317122, -7.4141827, -5.9043384, -1.1017295, -3.6169605]
10-04 10:25:47.805 23116 23132 W hfmodels-decide: travel_request_011: decisions differ from the official result
10-04 10:25:47.836 23116 23132 W hfmodels-decide: travel_request_018: argmax differs; device [31936.0, 31936.0, 31936.0, 31936.0, 31936.0, 31936.0, 31936.0, 29552.0, 29552.0, 29552.0, 29552.0, 30432.0] oracle [-3.6035953, -7.473303, -7.485424, -7.7019105, -6.5159845, -7.483101, -0.87220126, -6.481962, -0.67089975, -0.68659914, -3.882111, -2.4998386]
10-04 10:25:47.836 23116 23132 W hfmodels-decide: travel_request_018: decisions differ from the official result
10-04 10:25:47.868 23116 23132 W hfmodels-decide: news_topic_002: argmax differs; device [29792.0, 29792.0, 29792.0, 29792.0, 29792.0, 29792.0, 29792.0, 29792.0, 29792.0, 29792.0] oracle [-3.4911423, -9.66412, -9.052298, -3.8175669, -7.312049, -10.043879, -9.780495, -3.175943, -9.048889, 4.4549203]
10-04 10:25:47.868 23116 23132 W hfmodels-decide: news_topic_002: decisions differ from the official result
10-04 10:25:47.899 23116 23132 W hfmodels-decide: news_topic_004: argmax differs; device [31408.0, 31408.0, 31408.0, 31408.0, 31408.0, 31408.0, 32464.0, 31408.0, 31408.0, 31408.0] oracle [-2.4532957, -4.9157286, -3.8980813, 2.1364963, -4.375968, -6.4028244, -6.275159, -1.5204916, -5.602521, -3.892201]
10-04 10:25:47.899 23116 23132 W hfmodels-decide: news_topic_004: decisions differ from the official result
10-04 10:25:47.930 23116 23132 W hfmodels-decide: news_topic_005: argmax differs; device [29792.0, 29792.0, 29792.0, 29792.0, 29792.0, 29792.0, 29792.0, 29792.0, 29792.0, 29792.0] oracle [-2.9900017, -5.2423306, -5.2861166, 1.9216005, -2.2829967, -5.9450355, -5.5833044, -2.0620885, -4.6253595, -2.367533]
10-04 10:25:47.930 23116 23132 W hfmodels-decide: news_topic_005: decisions differ from the official result
10-04 10:25:47.961 23116 23132 W hfmodels-decide: news_topic_013: argmax differs; device [29792.0, 29792.0, 29792.0, 29792.0, 29792.0, 29792.0, 29792.0, 29792.0, 29792.0, 29792.0] oracle [-8.342118, -10.495541, -10.551475, -3.8364253, -11.267253, -11.868704, -8.844744, -4.7852087, 5.746767, -10.860645]
10-04 10:25:47.961 23116 23132 W hfmodels-decide: news_topic_013: decisions differ from the official result
10-04 10:25:47.992 23116 23132 W hfmodels-decide: news_topic_018: argmax differs; device [29792.0, 29792.0, 29792.0, 29792.0, 29792.0, 29792.0, 29792.0, 29792.0, 29792.0, 29792.0] oracle [-2.820836, 0.69281584, -1.9244254, -2.9999247, -6.0625343, -6.883403, -6.592086, -0.6816529, -4.9284773, -2.3287644]
10-04 10:25:47.992 23116 23132 W hfmodels-decide: news_topic_018: decisions differ from the official result
10-04 10:25:48.024 23116 23132 W hfmodels-decide: paper_field_003: argmax differs; device [29792.0, 29792.0, 29792.0, 29792.0, 29792.0, 29792.0, 29792.0, 29792.0, 29792.0, 29792.0] oracle [-3.9178529, 0.75757754, -2.6008954, -2.5158472, -4.7917433, -1.6711539, -4.196761, -2.433093, -4.8655276, -3.2875063]
10-04 10:25:48.024 23116 23132 W hfmodels-decide: paper_field_003: decisions differ from the official result
10-04 10:25:48.054 23116 23132 W hfmodels-decide: restaurant_review_000: argmax differs; device [29792.0, 29792.0, 29792.0, 29792.0, 32464.0, 32464.0, 29792.0, 29792.0, 29792.0] oracle [5.112618, -5.728048, -5.4450235, 5.5871763, 1.53934, -3.7697563, -1.7290295, -2.2771564, -4.6100264]
10-04 10:25:48.054 23116 23132 W hfmodels-decide: restaurant_review_000: decisions differ from the official result
10-04 10:25:48.085 23116 23132 W hfmodels-decide: screen_tags_019: decisions differ from the official result
10-04 10:25:48.085 23116 23132 I hfmodels-decide: RESULT step=parity ok=false variant=s128_wfp16 backend=npu rows=42 argmax_match=14/42 decisions_equal_official=13/42 max_prob_abs_err=0.999787099994137 (worst news_topic_004) max_logit_abs_err_vs_oracle=32470.275390625 max_logit_abs_err_vs_mac_cpu=32470.275390625 dp_tol=0.01 forward_ms_median=26.15474 p90=26.647187 min=25.269479 max=27.350313
10-04 10:25:48.175 23116 23132 W hfmodels-decide: b01: nothing {nothing=0.25, promise=0.25, request=0.25, plan=0.25} vs mac promise {nothing=0.10820828378200531, promise=0.385479599237442, request=0.3705274164676666, plan=0.13578465580940247}
10-04 10:25:48.203 23116 23132 W hfmodels-decide: b02: nothing {nothing=0.25, promise=0.25, request=0.25, plan=0.25} vs mac promise {nothing=0.2509694993495941, promise=0.3925821781158447, request=0.24346193671226501, plan=0.11298643052577972}
10-04 10:25:48.230 23116 23132 W hfmodels-decide: b03: nothing {nothing=0.25, promise=0.25, request=0.25, plan=0.25} vs mac plan {nothing=0.04304336756467819, promise=0.16219869256019592, request=0.28750306367874146, plan=0.5072548985481262}
10-04 10:25:48.258 23116 23132 W hfmodels-decide: b04: nothing {nothing=0.25, promise=0.25, request=0.25, plan=0.25} vs mac promise {nothing=0.021917179226875305, promise=0.40484175086021423, request=0.3202787935733795, plan=0.25296229124069214}
10-04 10:25:48.286 23116 23132 W hfmodels-decide: b05: nothing {nothing=0.25, promise=0.25, request=0.25, plan=0.25} vs mac promise {nothing=0.05426385998725891, promise=0.4087703227996826, request=0.33621513843536377, plan=0.20075064897537231}
10-04 10:25:48.313 23116 23132 W hfmodels-decide: b06: nothing {nothing=0.25, promise=0.25, request=0.25, plan=0.25} vs mac promise {nothing=0.1012415960431099, promise=0.40317124128341675, request=0.213562473654747, plan=0.28202471137046814}
10-04 10:25:48.341 23116 23132 W hfmodels-decide: b07: nothing {nothing=0.25, promise=0.25, request=0.25, plan=0.25} vs mac request {nothing=0.10052110999822617, promise=0.2975059151649475, request=0.47692352533340454, plan=0.1250494420528412}
10-04 10:25:48.369 23116 23132 W hfmodels-decide: b08: nothing {nothing=0.25, promise=0.25, request=0.25, plan=0.25} vs mac promise {nothing=0.06859173625707626, promise=0.6635051965713501, request=0.16979311406612396, plan=0.09810996800661087}
10-04 10:25:48.397 23116 23132 W hfmodels-decide: b09: nothing {nothing=0.25, promise=0.25, request=0.25, plan=0.25} vs mac request {nothing=0.17054256796836853, promise=0.13368692994117737, request=0.5905961990356445, plan=0.10517431795597076}
10-04 10:25:48.424 23116 23132 W hfmodels-decide: b10: nothing {nothing=0.25, promise=0.25, request=0.25, plan=0.25} vs mac request {nothing=0.029570700600743294, promise=0.08095447719097137, request=0.7551596760749817, plan=0.13431516289710999}
10-04 10:25:48.452 23116 23132 W hfmodels-decide: b11: nothing {nothing=0.25, promise=0.25, request=0.25, plan=0.25} vs mac request {nothing=0.07911527901887894, promise=0.11771060526371002, request=0.6810823082923889, plan=0.12209183722734451}
10-04 10:25:48.479 23116 23132 W hfmodels-decide: b12: nothing {nothing=0.25, promise=0.25, request=0.25, plan=0.25} vs mac request {nothing=0.21382704377174377, promise=0.19285798072814941, request=0.46947067975997925, plan=0.12384431809186935}
10-04 10:25:48.507 23116 23132 W hfmodels-decide: b13: nothing {nothing=0.25, promise=0.25, request=0.25, plan=0.25} vs mac request {nothing=0.2303895652294159, promise=0.09131509810686111, request=0.35901105403900146, plan=0.31928420066833496}
10-04 10:25:48.535 23116 23132 W hfmodels-decide: b14: nothing {nothing=0.25, promise=0.25, request=0.25, plan=0.25} vs mac request {nothing=0.14146986603736877, promise=0.1527889370918274, request=0.5831258893013, plan=0.12261530011892319}
10-04 10:25:48.562 23116 23132 W hfmodels-decide: b15: nothing {nothing=0.25, promise=0.25, request=0.25, plan=0.25} vs mac request {nothing=0.10726996511220932, promise=0.1766812652349472, request=0.5327860713005066, plan=0.1832626909017563}
10-04 10:25:48.590 23116 23132 W hfmodels-decide: b16: nothing {nothing=0.25, promise=0.25, request=0.25, plan=0.25} vs mac request {nothing=0.056564487516880035, promise=0.07814779877662659, request=0.7628572583198547, plan=0.10243050009012222}
10-04 10:25:48.619 23116 23132 W hfmodels-decide: b17: nothing {nothing=0.25, promise=0.25, request=0.25, plan=0.25} vs mac plan {nothing=0.017997706308960915, promise=0.12520799040794373, request=0.2471148669719696, plan=0.6096794009208679}
10-04 10:25:48.647 23116 23132 W hfmodels-decide: b18: nothing {nothing=0.25, promise=0.25, request=0.25, plan=0.25} vs mac plan {nothing=0.0662899911403656, promise=0.11208952963352203, request=0.10838792473077774, plan=0.7132325768470764}
10-04 10:25:48.675 23116 23132 W hfmodels-decide: b19: nothing {nothing=0.25, promise=0.25, request=0.25, plan=0.25} vs mac plan {nothing=0.0635041669011116, promise=0.19913548231124878, request=0.17270362377166748, plan=0.5646567344665527}
10-04 10:25:48.703 23116 23132 W hfmodels-decide: b20: nothing {nothing=0.25, promise=0.25, request=0.25, plan=0.25} vs mac plan {nothing=0.10793926566839218, promise=0.08248420059680939, request=0.08189237117767334, plan=0.7276841998100281}
10-04 10:25:48.731 23116 23132 W hfmodels-decide: b21: nothing {nothing=0.25, promise=0.25, request=0.25, plan=0.25} vs mac plan {nothing=0.024547424167394638, promise=0.23970025777816772, request=0.09528486430644989, plan=0.6404674649238586}
10-04 10:25:48.758 23116 23132 W hfmodels-decide: b22: nothing {nothing=0.25, promise=0.25, request=0.25, plan=0.25} vs mac plan {nothing=0.02629370056092739, promise=0.18756596744060516, request=0.11127468943595886, plan=0.6748656034469604}
10-04 10:25:48.814 23116 23132 W hfmodels-decide: b24: nothing {nothing=0.25, promise=0.25, request=0.25, plan=0.25} vs mac plan {nothing=0.3428310751914978, promise=0.10448230803012848, request=0.15768101811408997, plan=0.39500555396080017}
10-04 10:25:48.981 23116 23132 I hfmodels-decide: RESULT step=demo ok=false variant=s128_wfp16 backend=npu rows=30 same_answer_as_mac=7/30 max_prob_abs_err_vs_mac=0.6538977026939392 (worst b28) correct_device=8/30 correct_mac=27/30 question_ms_median=27.198385 p90=27.496979 min=26.935885 max=28.551823 lookup_ms_median=0.370625
10-04 10:25:48.992 23116 23132 I hfmodels-decide: RESULT step=pack ok=true variant=s128_wfp16 backend=npu skipped: pack=0
10-04 10:25:50.591 23116 23132 I hfmodels-decide: RESULT step=timing ok=true variant=s128_wfp16 backend=npu repeats=5 decide_4q_total_ms_median=108.094375 four_decide_1q_total_ms_median=110.515156 decide_4q_packed_total_ms_median=33.40901 packed_forwards=1 state_tokens=19 per_question_ms=28.433125,27.99625,28.189687,27.950104 answers={department=billing 0.3333333432674408, urgency=1.0000000298023224, refund_requested=0.5, tone=polite 0.3333333432674408} answers_packed={department=billing 0.3333333432674408, urgency=1.0000000298023224, refund_requested=0.5, tone=polite 0.3333333432674408}
10-04 10:25:50.767 23116 23132 I hfmodels-decide: RESULT step=lookup ok=true variant=s128_wfp16 backend=npu rows=128 hidden=1024 zoo_style=lut zoo_ms_median=4.191094 zoo_ms_min=4.091407 sdk_ms_median=0.217448 sdk_ms_min=0.216927 repeats=20 outputs_identical=true
10-04 10:25:50.874 23116 23132 I hfmodels-decide: RESULT step=release ok=true variant=s128_wfp16 backend=npu close_ms=107
10-04 10:25:50.875 23116 23132 I hfmodels-decide: RESULT ok=false model=litert-community/GLiNER2.5-Decide-LiteRT variant=s128_wfp16 backend=npu device=SM-S942Q build=BP4A.251205.006.S942QOPS1AZH9 failures=parity: rows=42 argmax_match=14/42 decisions_equal_official=13/42 max_prob_abs_err=0.999787099994137 (worst news_topic_004) max_logit_abs_err_vs_oracle=32470.275390625 max_logit_abs_err_vs_mac_cpu=32470.275390625 dp_tol=0.01 forward_ms_median=26.15474 p90=26.647187 min=25.269479 max=27.350313 | demo: rows=30 same_answer_as_mac=7/30 max_prob_abs_err_vs_mac=0.6538977026939392 (worst b28) correct_device=8/30 correct_mac=27/30 question_ms_median=27.198385 p90=27.496979 min=26.935885 max=28.551823 lookup_ms_median=0.370625
## residency (7 lines, pid 23116)
10-04 10:25:15.433 23116 23139 I litert  : [npu_registry.cc:30] NPU accelerator registered.
10-04 10:25:15.456 23116 23139 I litert  : [compiled_model.cc:754] NPU JIT compilation caching enabled with cache dir: /data/user/0/io.github.johnrocky.hfmodels.litert.test/cache
10-04 10:25:15.464 23116 23139 I litert  :   HtpPerformanceMode       : Burst(2)
10-04 10:25:15.758 23116 23139 I litert  : [compiler_plugin.cc:741] Partitioned subgraph<0>, selected 1780 ops, from a total of 1780 ops. resulted in 1 partitions.
10-04 10:25:45.650 23116 23139 I litert  : [compiled_model.cc:1250] 1 compiler plugins were applied successfully: Qualcomm compiler plugin (ver 0.1.0)
10-04 10:25:46.386 23116 23139 I litert  :   HtpPerformanceMode       : Burst(2)
10-04 10:25:46.390 23116 23139 I tflite  : Replacing 1 out of 1 node(s) with delegate (DispatchDelegate) node, yielding 1 partitions for subgraph 0 (main).
