# hfmodels typed-decisions device gate  date=2026-09-29T14:48:04Z serial=RFGL80R6A6H device=SM-S942Q soc=QTI/SM8850 build=BP4A.251205.006.S942QOPS1AZF2 android=16
# git=4bd7e25 variant=ml_s256_wfp16 backend=npu thermal=Thermal Status: 1 battery_temp_x10C=381 files=/data/user/0/io.github.johnrocky.hfmodels.litert.test/files/laya (run-as copies of the published bytes, laya-LiteRT bca6002d)
# instrument rc=0 end=2026-09-29T14:49:36Z thermal=Thermal Status: 1 battery_temp_x10C=390
OK (1 test)
--------- beginning of main
09-29 23:48:05.190 10117 10131 I hfmodels-decide: device=SM-S942Q soc=QTI/SM8850 build=BP4A.251205.006.S942QOPS1AZF2 android=16 litert=2.2.0 variant=ml_s256_wfp16 backend=npu
09-29 23:48:05.206 10117 10135 I hfmodels: resolve convaiinnovations/laya: commit=1c5edc17 via EXPLICIT_REVISION, descriptor=caller@explicit/hfmodels.json sha=b7ffd807
09-29 23:48:05.936 10117 10135 I hfmodels: imported laya_ml_s256_wfp16.tflite: 644077360 bytes, sha256 ok, from /data/user/0/io.github.johnrocky.hfmodels.litert.test/files/laya/laya_ml_s256_wfp16.tflite
09-29 23:48:05.939 10117 10135 I hfmodels: imported laya_ml_act_head_fp32.tflite: 795816 bytes, sha256 ok, from /data/user/0/io.github.johnrocky.hfmodels.litert.test/files/laya/laya_ml_act_head_fp32.tflite
09-29 23:48:05.969 10117 10135 I hfmodels: imported tokenizer.json: 34363188 bytes, sha256 ok, from /data/user/0/io.github.johnrocky.hfmodels.litert.test/files/laya/multilingual/tokenizer/tokenizer.json
09-29 23:48:05.970 10117 10135 I hfmodels: imported tokenizer_config.json: 524 bytes, sha256 ok, from /data/user/0/io.github.johnrocky.hfmodels.litert.test/files/laya/multilingual/tokenizer/tokenizer_config.json
09-29 23:48:05.970 10117 10135 I hfmodels: imported laya_ml_calibration.json: 9156 bytes, sha256 ok, from /data/user/0/io.github.johnrocky.hfmodels.litert.test/files/laya/laya_ml_calibration.json
09-29 23:48:05.973 10117 10135 I hfmodels: resolve convaiinnovations/laya: commit=1c5edc17 via EXPLICIT_REVISION, descriptor=caller@explicit/hfmodels.json sha=b7ffd807
09-29 23:48:08.677 10117 10135 I hfmodels: tokenizer tokenizer.json: 256000 tokens, load_ms=2688
09-29 23:49:24.705 10117 10131 I hfmodels: ready convaiinnovations/laya@1c5edc17 variant=ml_s256_wfp16 profile=npu inference=NPU prepare_ms=78721
09-29 23:49:24.706 10117 10131 I hfmodels-decide: RESULT step=load ok=true variant=ml_s256_wfp16 backend=npu import_ms=763 load_ms=78735 profile=npu window=256 head=256 notes=compile_ms=76027 on npu (Qualcomm HTP V81, JIT, burst; the first compile on a phone takes tens of seconds, later loads read the cache) | observed backend is UNKNOWN: litert 2.2.0 reports no per-op execution target; 'initialized' is the accelerator the CompiledModel was created with
09-29 23:49:33.954 10117 10131 I hfmodels-decide: RESULT step=parity ok=true variant=ml_s256_wfp16 backend=npu rows=201 calibration=laya_ml_calibration.json argmax_flips=0 max_marker_logit_abs_err=0.34301 (worst ML_C02/refund_requested) max_prob_abs_err=0.00680 max_score_abs_err=0.00250 max_act_logit_rel_err=7.36e-03 exact_rounded=20/201 question_ms_median=32.6 p90=34.1 min=31.2 max=37.0
09-29 23:49:36.392 10117 10131 I hfmodels-decide: RESULT step=timing ok=true variant=ml_s256_wfp16 backend=npu questions=4 state_tokens=25 shared_ms_median=135.1 direct_ms_median=137.9 prefill_then_decide_ms_median=134.6 state_tokenize_ms_median=1.10 per_question_ms=34.3,32.6,33.1,33.5 repeats=5
09-29 23:49:36.393 10117 10131 I hfmodels-decide: RESULT step=authored144 ok=true variant=ml_s256_wfp16 backend=npu skipped: /data/user/0/io.github.johnrocky.hfmodels.litert.test/files/laya/fixtures/authored144_laya_oracle.json not pushed
09-29 23:49:36.534 10117 10131 I hfmodels-decide: RESULT step=release ok=true variant=ml_s256_wfp16 backend=npu close_ms=142
09-29 23:49:36.535 10117 10131 I hfmodels-decide: RESULT ok=true variant=ml_s256_wfp16 backend=npu device=SM-S942Q build=BP4A.251205.006.S942QOPS1AZF2 failures=
## residency (      10 lines)
09-29 23:48:08.687 10117 10138 I litert  : [npu_registry.cc:30] NPU accelerator registered.
09-29 23:48:08.711 10117 10138 I litert  : [compiled_model.cc:754] NPU JIT compilation caching enabled with cache dir: /data/user/0/io.github.johnrocky.hfmodels.litert.test/cache
09-29 23:48:08.727 10117 10138 I litert  :   HtpPerformanceMode       : Burst(2)
09-29 23:48:09.107 10117 10138 I litert  : [compiler_plugin.cc:741] Partitioned subgraph<0>, selected 1813 ops, from a total of 1813 ops. resulted in 1 partitions.
09-29 23:49:23.825 10117 10138 I litert  : [compiled_model.cc:1250] 1 compiler plugins were applied successfully: Qualcomm compiler plugin (ver 0.1.0)
09-29 23:49:24.585 10117 10138 I litert  :   HtpPerformanceMode       : Burst(2)
09-29 23:49:24.590 10117 10138 I tflite  : Replacing 1 out of 1 node(s) with delegate (DispatchDelegate) node, yielding 1 partitions for subgraph 0 (main).
09-29 23:49:24.702 10117 10138 I litert  : [compiled_model.cc:754] NPU JIT compilation caching enabled with cache dir: /data/user/0/io.github.johnrocky.hfmodels.litert.test/cache
09-29 23:49:24.703 10117 10138 I litert  : [compiled_model.cc:1250] 0 compiler plugins were applied successfully: 
09-29 23:49:24.703 10117 10138 I tflite  : Replacing 4 out of 4 node(s) with delegate (TfLiteXNNPackDelegate) node, yielding 1 partitions for subgraph 0 (main).
