# hfmodels speak device gate  date=2026-10-03T05:53:02Z serial=RFGL80R6A6H device=SM-S942Q build=BP4A.251205.006.S942QOPS1AZH9 android=16
# git=fb40625 test=SpeakDeviceTest variant=fp32 backend=cpu thermal=Thermal Status: 0 battery_level= level: 80 battery_temp_x10C= temperature: 277 screen= mWakefulness=Dozing
# gradle rc=0 end=2026-10-03T05:53:22Z thermal_end=Thermal Status: 0 battery_temp_end_x10C= temperature: 277
--------- beginning of main
10-03 14:53:11.776 21968 21983 I hfmodels-speak: device=SM-S942Q soc=QTI/SM8850 build=BP4A.251205.006.S942QOPS1AZH9 android=16 model=litert-community/kitten-tts-nano-0.8@d4662d89 variant=fp32 voice=expr-voice-2-m wav_dir=/storage/emulated/0/Android/data/io.github.johnrocky.hfmodels.voice.test/files/tts/fp32
10-03 14:53:11.779 21968 21990 I hfmodels: resolve litert-community/kitten-tts-nano-0.8: commit=d4662d89 via EXPLICIT_REVISION, descriptor=caller@explicit/hfmodels.json sha=29c9f2a6
10-03 14:53:11.784 21968 21990 I hfmodels: resolve litert-community/kitten-tts-nano-0.8: commit=d4662d89 via EXPLICIT_REVISION, descriptor=caller@explicit/hfmodels.json sha=29c9f2a6
10-03 14:53:12.192 21968 21990 I hfmodels: kitten lexicon: 177 symbols, 274927 dictionary words, 8 voices
10-03 14:53:12.389 21968 21983 I hfmodels: ready litert-community/kitten-tts-nano-0.8@d4662d89 variant=fp32 profile=cpu inference=CPU prepare_ms=586
10-03 14:53:12.390 21968 21983 I hfmodels-speak: RESULT step=load ok=true variant=fp32 files=8 import_ms=0 load_ms=607 profile=cpu runtime=litert 2.2.0 voices=8 default_voice=expr-voice-2-m sample_rate=24000 max_chars=400 notes=family=kitten load_ms voices=10 g2p_dict=376 g2p_graph=56 predictor=105 prosody=4 vocoder=27 (dictionary 274927 words) | interpreter api (xnnpack, 4 threads): predictor kitten_predictor.tflite, prosody kitten_prosody.tflite, vocoder kitten_vocoder.tflite; g2p graph on CompiledModel cpu (4 threads) | speed goes to the graph unchanged; the publisher's say.py multiplies it by speed_priors (expr-voice-2-f=0.8 expr-voice-2-m=0.8 expr-voice-3-f=0.8 expr-voice-3-m=0.8 expr-voice-4-f=0.8 expr-voice-4-m=0.9 expr-voice-5-f=0.8 expr-voice-5-m=0.8), this handler does not | style row = min(chars, 399); tail_trim 5000 samples, min_samples 1200; max_chars 400 per call | observed backend is UNKNOWN: litert 2.2.0 reports no per-op execution target; 'initialized' is the CPU the graphs were created for
10-03 14:53:12.401 21968 21983 I hfmodels-speak: RESULT step=g2p ok=true variant=fp32 i=0 equal=false n_got=43 n_ref=41 first_diff=11 got[8..]=[5, 16, 50, 156, 43, 135, 16, 53] ref[8..]=[5, 16, 50, 157, 43, 135, 16, 53]
10-03 14:53:12.402 21968 21983 I hfmodels-speak: RESULT step=g2p ok=true variant=fp32 i=1 equal=false n_got=68 n_ref=63 first_diff=24 got[21..]=[62, 16, 48, 76, 158, 123, 16, 70] ref[21..]=[62, 16, 48, 85, 123, 83, 16, 65]
10-03 14:53:12.428 21968 21983 I hfmodels-speak: RESULT step=g2p ok=true variant=fp32 i=2 equal=false n_got=133 n_ref=138 first_diff=19 got[16..]=[62, 16, 62, 63, 158, 16, 61, 58] ref[16..]=[62, 16, 62, 83, 16, 61, 58, 156]
10-03 14:53:13.342 21968 21983 I hfmodels-speak: RESULT step=parity ok=true variant=fp32 i=0 comparable=false frames_equal=false frames=116/111 samples=64600/66600 untrimmed=69600/66600 logmel_corr=0.8960 logspec_corr=0.8832 maxabs=1.08 ms_total=240.7
10-03 14:53:14.498 21968 21983 I hfmodels-speak: RESULT step=parity ok=true variant=fp32 i=1 comparable=false frames_equal=false frames=164/163 samples=93400/97800 untrimmed=98400/97800 logmel_corr=0.9672 logspec_corr=0.9450 maxabs=1.02 ms_total=337.4
10-03 14:53:16.460 21968 21983 I hfmodels-speak: RESULT step=parity ok=true variant=fp32 i=2 comparable=false frames_equal=false frames=274/281 samples=159400/168600 untrimmed=164400/168600 logmel_corr=0.7545 logspec_corr=0.7669 maxabs=0.909 ms_total=571.3
10-03 14:53:16.679 21968 21983 I hfmodels-speak: RESULT step=speak ok=true variant=fp32 file=r01 chars=44 frames=126 audio_s=2.94 ms_g2p=0.4 ms_synth=214.7 ms_total=215.1 rtf=0.073
10-03 14:53:16.860 21968 21983 I hfmodels-speak: RESULT step=speak ok=true variant=fp32 file=r02 chars=38 frames=104 audio_s=2.39 ms_g2p=0.4 ms_synth=178.6 ms_total=178.9 rtf=0.075
10-03 14:53:17.038 21968 21983 I hfmodels-speak: RESULT step=speak ok=true variant=fp32 file=r03 chars=37 frames=103 audio_s=2.37 ms_g2p=0.4 ms_synth=175.4 ms_total=175.8 rtf=0.074
10-03 14:53:17.411 21968 21983 I hfmodels-speak: RESULT step=speak ok=true variant=fp32 file=r04 chars=77 frames=210 audio_s=5.04 ms_g2p=0.5 ms_synth=370.9 ms_total=371.4 rtf=0.074
10-03 14:53:17.612 21968 21983 I hfmodels-speak: RESULT step=speak ok=true variant=fp32 file=r05 chars=43 frames=111 audio_s=2.57 ms_g2p=8.3 ms_synth=190.1 ms_total=198.4 rtf=0.077
10-03 14:53:17.862 21968 21983 I hfmodels-speak: RESULT step=speak ok=true variant=fp32 file=r06 chars=49 frames=139 audio_s=3.27 ms_g2p=8.4 ms_synth=238.8 ms_total=247.3 rtf=0.076
10-03 14:53:18.074 21968 21983 I hfmodels-speak: RESULT step=speak ok=true variant=fp32 file=r07 chars=44 frames=123 audio_s=2.87 ms_g2p=0.4 ms_synth=210.0 ms_total=210.4 rtf=0.073
10-03 14:53:18.255 21968 21983 I hfmodels-speak: RESULT step=speak ok=true variant=fp32 file=r08 chars=34 frames=104 audio_s=2.39 ms_g2p=0.4 ms_synth=178.4 ms_total=178.8 rtf=0.075
10-03 14:53:18.490 21968 21983 I hfmodels-speak: RESULT step=speak ok=true variant=fp32 file=r09 chars=59 frames=135 audio_s=3.17 ms_g2p=0.4 ms_synth=232.5 ms_total=233.0 rtf=0.074
10-03 14:53:18.749 21968 21983 I hfmodels-speak: RESULT step=speak ok=true variant=fp32 file=r10 chars=56 frames=137 audio_s=3.22 ms_g2p=8.5 ms_synth=248.4 ms_total=256.8 rtf=0.080
10-03 14:53:21.026 21968 21983 I hfmodels-speak: RESULT step=timing ok=true variant=fp32 warm_calls=10 ms_g2p_median=0.4 ms_synth_median=209.7 ms_total_median=210.1 ms_total_min=173.8 ms_total_max=364.3 rtf_median=0.074 first_call_after_load_ms_total=240.7 same_pcm_as_first=10/10
10-03 14:53:21.027 21968 21983 I hfmodels-speak: RESULT step=memory ok=true variant=fp32 vmhwm_kb_before=117832 after_load=626944 after_speak=877240 vmrss_kb_after_speak=812948
10-03 14:53:21.069 21968 21983 I hfmodels-speak: RESULT step=release ok=true variant=fp32 close_ms=42
10-03 14:53:21.070 21968 21983 I hfmodels-speak: RESULT ok=true model=litert-community/kitten-tts-nano-0.8 variant=fp32 device=SM-S942Q build=BP4A.251205.006.S942QOPS1AZH9 failures=
