# hfmodels transcribe device gate  date=2026-10-03T05:10:41Z serial=RFGL80R6A6H device=SM-S942Q build=BP4A.251205.006.S942QOPS1AZH9 android=16
# git=36dcb6e test=TranscribeDeviceTest variant=small_fp16 backend=gpu thermal=Thermal Status: 0 battery_level= level: 79 battery_temp_x10C= temperature: 276 screen= mWakefulness=Dozing
# gradle rc=0 end=2026-10-03T05:10:57Z thermal_end=Thermal Status: 0 battery_temp_end_x10C= temperature: 275
--------- beginning of main
10-03 14:10:53.114 16286 16300 I hfmodels-transcribe: device=SM-S942Q soc=QTI/SM8850 build=BP4A.251205.006.S942QOPS1AZH9 android=16 model=litert-community/Zipformer-medium-CR-CTC-LiteRT@7732ad6c variant=small_fp16 backend=gpu preroll_ms=0 gpu_precision=fp32
10-03 14:10:53.117 16286 16307 I hfmodels: resolve litert-community/Zipformer-medium-CR-CTC-LiteRT: commit=7732ad6c via EXPLICIT_REVISION, descriptor=caller@explicit/hfmodels.json sha=ef5bef47
10-03 14:10:53.119 16286 16307 I hfmodels: resolve litert-community/Zipformer-medium-CR-CTC-LiteRT: commit=7732ad6c via EXPLICIT_REVISION, descriptor=caller@explicit/hfmodels.json sha=ef5bef47
10-03 14:10:53.128 16286 16307 I hfmodels: tokens tokens.txt: 502 pieces
10-03 14:10:55.039 16286 16300 I hfmodels: ready litert-community/Zipformer-medium-CR-CTC-LiteRT@7732ad6c variant=small_fp16 profile=gpu inference=GPU prepare_ms=1914
10-03 14:10:55.039 16286 16300 I hfmodels-transcribe: RESULT step=load ok=true variant=small_fp16 backend=gpu import_ms=0 load_ms=1921 profile=gpu runtime=litert 2.2.0 window_s=16.0 sample_rate=16000 notes=family=zipformer_ctc compile_ms=1910 on gpu (precision fp32) | observed backend is UNKNOWN: litert 2.2.0 reports no per-op execution target; 'initialized' is the accelerator the CompiledModel was created with | window 16.0 s = 1600 fbank frames at 16000 Hz; longer audio is INVALID_INPUT, shorter is padded
10-03 14:10:55.184 16286 16300 I hfmodels-transcribe: RESULT step=transcribe ok=true variant=small_fp16 backend=gpu file=c01 exact=false norm=false ms_feature=60.8 ms_infer=56.6 ms_total=128.9 audio_s=2.73 got="SET AN ALARM FOR SEVEN THIRTY TO MORROW MORNING" expect="Set an alarm for seven thirty tomorrow morning."
10-03 14:10:55.254 16286 16300 I hfmodels-transcribe: RESULT step=transcribe ok=true variant=small_fp16 backend=gpu file=c02 exact=false norm=false ms_feature=11.9 ms_infer=50.3 ms_total=69.0 audio_s=1.81 got="AND WAKE ME UP AT SIX FIFTEEN" expect="Wake me up at six fifteen."
10-03 14:10:55.321 16286 16300 I hfmodels-transcribe: RESULT step=transcribe ok=true variant=small_fp16 backend=gpu file=c03 exact=false norm=true ms_feature=11.5 ms_infer=50.8 ms_total=67.1 audio_s=1.91 got="START A TIMER FOR TEN MINUTES" expect="Start a timer for ten minutes."
10-03 14:10:55.381 16286 16300 I hfmodels-transcribe: RESULT step=transcribe ok=true variant=small_fp16 backend=gpu file=c04 exact=false norm=true ms_feature=8.4 ms_infer=50.7 ms_total=59.3 audio_s=2.22 got="SET A TIMER FOR FORTY FIVE MINUTES" expect="Set a timer for forty five minutes."
10-03 14:10:55.448 16286 16300 I hfmodels-transcribe: RESULT step=transcribe ok=true variant=small_fp16 backend=gpu file=c05 exact=false norm=false ms_feature=15.6 ms_infer=50.6 ms_total=66.3 audio_s=1.57 got="TIME IS IT RIGHT NOW" expect="What time is it right now?"
10-03 14:10:55.512 16286 16300 I hfmodels-transcribe: RESULT step=transcribe ok=true variant=small_fp16 backend=gpu file=c06 exact=false norm=false ms_feature=13.3 ms_infer=50.4 ms_total=63.9 audio_s=1.96 got="BUT IS ON MY CALENDAR TO MORROW" expect="What is on my calendar tomorrow?"
10-03 14:10:55.576 16286 16300 I hfmodels-transcribe: RESULT step=transcribe ok=true variant=small_fp16 backend=gpu file=c07 exact=false norm=false ms_feature=11.5 ms_infer=50.8 ms_total=62.6 audio_s=2.88 got="HAD A MEETING WITH THE DENTIST AT FIVE P M TO MORROW" expect="Add a meeting with the dentist at five p.m. tomorrow."
10-03 14:10:55.645 16286 16300 I hfmodels-transcribe: RESULT step=transcribe ok=true variant=small_fp16 backend=gpu file=c08 exact=false norm=false ms_feature=17.1 ms_infer=50.6 ms_total=68.0 audio_s=3.49 got="WHO A TEAM STAND UP ON MY CALENDAR AT NINE TO MORROW MORNING" expect="Put a team standup on my calendar at nine tomorrow morning."
10-03 14:10:55.717 16286 16300 I hfmodels-transcribe: RESULT step=transcribe ok=true variant=small_fp16 backend=gpu file=c09 exact=false norm=false ms_feature=20.5 ms_infer=51.1 ms_total=71.9 audio_s=2.95 got="SET AN ALARM FOR AID AND A TIMER FOR TWENTY MINUTES" expect="Set an alarm for eight and a timer for twenty minutes."
10-03 14:10:55.794 16286 16300 I hfmodels-transcribe: RESULT step=transcribe ok=true variant=small_fp16 backend=gpu file=c10 exact=false norm=false ms_feature=24.8 ms_infer=50.8 ms_total=75.9 audio_s=2.68 got="LEASE SET IN ALARM FOR HALF PAST NINE TO NIGHT" expect="Please set an alarm for half past nine tonight."
10-03 14:10:55.794 16286 16300 I hfmodels-transcribe: RESULT step=summary ok=true variant=small_fp16 backend=gpu files=10 exact=0 norm=2 preroll_ms=0 gpu_precision=fp32
10-03 14:10:56.497 16286 16300 I hfmodels-transcribe: RESULT step=timing ok=true variant=small_fp16 backend=gpu warm_calls=10 ms_feature_median=17.8 ms_infer_median=50.7 ms_total_median=68.8 ms_infer_min=50.1 ms_infer_max=51.8 same_text_as_first=10/10
10-03 14:10:56.514 16286 16300 I hfmodels-transcribe: RESULT step=endpointer ok=true variant=small_fp16 backend=gpu files=10 utterances=10 chunk_ms=20 start_rms=0.02 hangover_ms=800 spans(start-end/file_length): c01=40-2731ms(flush)/2731ms c02=0-1813ms(flush)/1813ms c03=140-1906ms(flush)/1906ms c04=40-2220ms(flush)/2220ms c05=0-1569ms(flush)/1569ms c06=0-1964ms(flush)/1964ms c07=0-2875ms(flush)/2875ms c08=40-3492ms(flush)/3492ms c09=40-2951ms(flush)/2951ms c10=40-2680ms(flush)/2680ms
10-03 14:10:56.547 16286 16300 I hfmodels-transcribe: RESULT step=release ok=true variant=small_fp16 backend=gpu close_ms=33
10-03 14:10:56.547 16286 16300 I hfmodels-transcribe: RESULT ok=true model=litert-community/Zipformer-medium-CR-CTC-LiteRT variant=small_fp16 backend=gpu device=SM-S942Q build=BP4A.251205.006.S942QOPS1AZH9 failures=
