# hfmodels typed-decisions device gate  date=2026-10-02T14:38:32Z serial=RFGL80R6A6H device=SM-S942Q build=BP4A.251205.006.S942QOPS1AZH9 android=16
# git=fe96742 test=JuliaDecisionsDeviceTest variant=s512_fp32 backend=gpu thermal=Thermal Status: 1 battery_level= level: 79 battery_temp_x10C= temperature: 399 screen= mWakefulness=Awake
# gradle rc=0 end=2026-10-02T14:41:50Z thermal_end=Thermal Status: 3 battery_temp_end_x10C= temperature: 448
--------- beginning of main
10-02 23:38:41.677 29002 29023 I hfmodels-decide: device=SM-S942Q build=BP4A.251205.006.S942QOPS1AZH9 android=16 litert=2.2.0 model=litert-community/Julia-1-LiteRT@b92a0d21 variant=s512_fp32 backend=gpu
10-02 23:38:41.682 29002 29028 I hfmodels: resolve litert-community/Julia-1-LiteRT: commit=b92a0d21 via EXPLICIT_REVISION, descriptor=caller@explicit/hfmodels.json sha=487aa9d5
10-02 23:38:41.687 29002 29028 I hfmodels: resolve litert-community/Julia-1-LiteRT: commit=b92a0d21 via EXPLICIT_REVISION, descriptor=caller@explicit/hfmodels.json sha=487aa9d5
10-02 23:38:44.546 29002 29028 I hfmodels: tokenizer tokenizer.json: 256000 tokens, load_ms=2850
10-02 23:38:46.074 29002 29023 I hfmodels: ready litert-community/Julia-1-LiteRT@b92a0d21 variant=s512_fp32 profile=gpu inference=GPU prepare_ms=4378
10-02 23:38:46.074 29002 29023 I hfmodels-decide: RESULT step=load ok=true variant=s512_fp32 backend=gpu import_ms=0 load_ms=4389 profile=gpu window=512 head=507 max_options=20 notes=family=julia compile_ms=1526 on gpu (precision fp32) | observed backend is UNKNOWN: litert 2.2.0 reports no per-op execution target; 'initialized' is the accelerator the CompiledModel was created with | host token lookup: julia1_token_table_fp16.bin (float16, 256000 rows x 384) feeds inputs_embeds | no calibration in this family: probabilities are the softmax of the raw marker scores (T=1), unrounded, as the publisher's runtime reports them
10-02 23:38:52.624 29002 29023 I hfmodels-decide: RESULT step=sequence ok=true variant=s512_fp32 backend=gpu rows=2065 mismatches=0 longer_than_window=35 (reported truncated) window=512
10-02 23:39:06.192 29002 29023 I hfmodels-decide: parity 200/2065: flips=0 max_dp=0.00372 median_ms=62.2
10-02 23:39:20.999 29002 29023 I hfmodels-decide: parity 400/2065: flips=0 max_dp=0.00731 median_ms=64.7
10-02 23:39:36.609 29002 29023 I hfmodels-decide: parity 600/2065: flips=0 max_dp=0.00731 median_ms=66.5
10-02 23:39:52.853 29002 29023 I hfmodels-decide: parity 800/2065: flips=0 max_dp=0.00731 median_ms=67.7
10-02 23:40:09.722 29002 29023 I hfmodels-decide: parity 1000/2065: flips=0 max_dp=0.00731 median_ms=69.2
10-02 23:40:27.298 29002 29023 I hfmodels-decide: parity 1200/2065: flips=0 max_dp=0.00731 median_ms=70.5
10-02 23:40:44.502 29002 29023 I hfmodels-decide: parity 1400/2065: flips=0 max_dp=0.00731 median_ms=71.5
10-02 23:41:02.063 29002 29023 I hfmodels-decide: parity 1600/2065: flips=0 max_dp=0.00731 median_ms=72.7
10-02 23:41:20.749 29002 29023 I hfmodels-decide: parity 1800/2065: flips=0 max_dp=0.00731 median_ms=73.5
10-02 23:41:39.630 29002 29023 I hfmodels-decide: parity 2000/2065: flips=0 max_dp=0.00770 median_ms=74.4
10-02 23:41:45.359 29002 29023 I hfmodels-decide: RESULT step=parity ok=true variant=s512_fp32 backend=gpu rows=2065 argmax_flips=0 max_prob_abs_err=0.00770 (worst security_incidents_000081:true_positive) rows_over_0.01=0 max_marker_logit_abs_err=0.0602 dp_tol=0.01 question_ms_median=74.7 p90=85.2 min=58.7 max=102.6 lookup_ms_median=1.06 per_type: choice=686rows/0flips/device_correct 414/586/publisher_correct 414/586 noul=593rows/0flips/device_correct 477/593/publisher_correct 477/593 score=786rows/0flips/device_correct 534/786/publisher_correct 534/786
10-02 23:41:49.556 29002 29023 I hfmodels-decide: RESULT step=timing ok=true variant=s512_fp32 backend=gpu repeats=5 decide_4q_total_ms_median=340.8 four_decide_1q_total_ms_median=351.6 answers={department=billing 0.908, urgency=0.936, refund_requested=0.946, tone=neutral 0.992}
10-02 23:41:49.630 29002 29023 I hfmodels-decide: RESULT step=release ok=true variant=s512_fp32 backend=gpu close_ms=73
10-02 23:41:49.631 29002 29023 I hfmodels-decide: RESULT ok=true model=litert-community/Julia-1-LiteRT variant=s512_fp32 backend=gpu device=SM-S942Q build=BP4A.251205.006.S942QOPS1AZH9 failures=
## residency (6 lines, pid 29002)
10-02 23:38:44.550 29002 29056 I litert  : [npu_registry.cc:30] NPU accelerator registered.
10-02 23:38:44.591 29002 29056 I litert  : [compiled_model.cc:754] NPU JIT compilation caching enabled with cache dir: /data/user/0/io.github.johnrocky.hfmodels.litert.test/cache
10-02 23:38:44.596 29002 29056 I litert  :   HtpPerformanceMode       : Burst(2)
10-02 23:38:44.713 29002 29056 I litert  : [compiled_model.cc:1250] 0 compiler plugins were applied successfully: 
10-02 23:38:44.716 29002 29056 I litert  :   HtpPerformanceMode       : Burst(2)
10-02 23:38:44.843 29002 29056 I tflite  : Replacing 1704 out of 1704 node(s) with delegate (LITERT_CL) node, yielding 1 partitions for subgraph 0 (main).
