# hfmodels speak device gate  date=2026-10-05T00:57:52Z serial=RFGL80R6A6H device=SM-S942Q build=BP4A.251205.006.S942QOPS1AZH9 android=16
# git=ee61fcc test=SpeakDeviceTest variant=fp32 backend=cpu thermal=Thermal Status: 0 battery_level= level: 79 battery_temp_x10C= temperature: 375 screen= mWakefulness=Awake
# gradle rc=0 end=2026-10-05T00:58:24Z thermal_end=Thermal Status: 0 battery_temp_end_x10C= temperature: 376
--------- beginning of main
10-05 09:58:09.638 26394 26408 I hfmodels-speak: device=SM-S942Q soc=QTI/SM8850 build=BP4A.251205.006.S942QOPS1AZH9 android=16 model=litert-community/kitten-tts-nano-0.8@id variant=fp32 network=Unmetered voice=expr-voice-2-m prior=0.8 bench_speed=1.25 xnnpack_off=descriptor wav_dir=/storage/emulated/0/Android/data/io.github.johnrocky.hfmodels.voice.test/files/tts/fp32
10-05 09:58:10.903 26394 26415 I hfmodels: resolve litert-community/kitten-tts-nano-0.8: commit=2c5b198f via RESOLVED_BRANCH, descriptor=litert-community/kitten-tts-nano-0.8@2c5b198f/hfmodels.json sha=5abba557
10-05 09:58:11.120 26394 26415 I hfmodels: resolve litert-community/kitten-tts-nano-0.8: commit=2c5b198f via RESOLVED_BRANCH, descriptor=litert-community/kitten-tts-nano-0.8@2c5b198f/hfmodels.json sha=5abba557
10-05 09:58:11.603 26394 26415 I hfmodels: kitten lexicon: 177 symbols, 274927 dictionary words, 8 voices
10-05 09:58:11.794 26394 26408 I hfmodels: ready litert-community/kitten-tts-nano-0.8@2c5b198f variant=fp32 profile=cpu inference=CPU prepare_ms=647
10-05 09:58:11.795 26394 26408 I hfmodels-speak: RESULT step=load ok=true variant=fp32 commit=2c5b198f binding=RESOLVED_BRANCH descriptor=litert-community/kitten-tts-nano-0.8@2c5b198f/hfmodels.json files=8 import_ms=0 load_ms=876 profile=cpu runtime=litert 2.2.0 voices=8 default_voice=expr-voice-2-m sample_rate=24000 max_chars=400 notes=family=kitten load_ms voices=12 g2p_dict=439 g2p_graph=71 predictor=43 prosody=13 vocoder=59 (dictionary 274927 words) | interpreter api (xnnpack off on predictor, 4 threads): predictor kitten_predictor.tflite, prosody kitten_prosody.tflite, vocoder kitten_vocoder.tflite; g2p graph on CompiledModel cpu (4 threads) | xnnpack default (predictor off): Galaxy S26, 2026-10-03, fp32: peak RSS after load 334 MB instead of 624 MB, median synthesis 301 ms instead of 288 ms, same frames | speed x speed_priors[voice] goes to the graph (say.py's pace at speed 1): expr-voice-2-f=0.8 expr-voice-2-m=0.8 expr-voice-3-f=0.8 expr-voice-3-m=0.8 expr-voice-4-f=0.8 expr-voice-4-m=0.9 expr-voice-5-f=0.8 expr-voice-5-m=0.8 | style row = min(chars, 399); tail_trim 5000 samples, min_samples 1200; max_chars 400 per call | observed backend is UNKNOWN: litert 2.2.0 reports no per-op execution target; 'initialized' is the CPU the graphs were created for
10-05 09:58:11.799 26394 26408 I hfmodels-speak: RESULT step=g2p ok=true variant=fp32 i=0 equal=false n_got=43 n_ref=41 first_diff=11 got[8..]=[5, 16, 50, 156, 43, 135, 16, 53] ref[8..]=[5, 16, 50, 157, 43, 135, 16, 53]
10-05 09:58:11.799 26394 26408 I hfmodels-speak: RESULT step=g2p ok=true variant=fp32 i=1 equal=false n_got=68 n_ref=63 first_diff=24 got[21..]=[62, 16, 48, 76, 158, 123, 16, 70] ref[21..]=[62, 16, 48, 85, 123, 83, 16, 65]
10-05 09:58:11.819 26394 26408 I hfmodels-speak: RESULT step=g2p ok=true variant=fp32 i=2 equal=false n_got=133 n_ref=138 first_diff=19 got[16..]=[62, 16, 62, 63, 158, 16, 61, 58] ref[16..]=[62, 16, 62, 83, 16, 61, 58, 156]
10-05 09:58:12.812 26394 26408 I hfmodels-speak: RESULT step=parity ok=true variant=fp32 i=0 speed=1.25 graph_speed=1.0 comparable=false frames_equal=false frames=116/111 samples=64600/66600 untrimmed=69600/66600 logmel_corr=0.8961 logspec_corr=0.8831 maxabs=1.08 ms_total=298.4
10-05 09:58:14.067 26394 26408 I hfmodels-speak: RESULT step=parity ok=true variant=fp32 i=1 speed=1.25 graph_speed=1.0 comparable=false frames_equal=false frames=164/163 samples=93400/97800 untrimmed=98400/97800 logmel_corr=0.9672 logspec_corr=0.9452 maxabs=1.04 ms_total=387.3
10-05 09:58:16.338 26394 26408 I hfmodels-speak: RESULT step=parity ok=true variant=fp32 i=2 speed=1.25 graph_speed=1.0 comparable=false frames_equal=false frames=274/281 samples=159400/168600 untrimmed=164400/168600 logmel_corr=0.7546 logspec_corr=0.7670 maxabs=0.936 ms_total=804.6
10-05 09:58:16.657 26394 26408 I hfmodels-speak: RESULT step=speak ok=true variant=fp32 file=r01 chars=44 frames=149 audio_s=3.52 ms_g2p=0.4 ms_synth=310.4 ms_total=310.8 rtf=0.088
10-05 09:58:16.918 26394 26408 I hfmodels-speak: RESULT step=speak ok=true variant=fp32 file=r02 chars=38 frames=129 audio_s=3.02 ms_g2p=0.4 ms_synth=257.3 ms_total=257.7 rtf=0.085
10-05 09:58:17.186 26394 26408 I hfmodels-speak: RESULT step=speak ok=true variant=fp32 file=r03 chars=37 frames=128 audio_s=2.99 ms_g2p=0.4 ms_synth=263.8 ms_total=264.3 rtf=0.088
10-05 09:58:17.765 26394 26408 I hfmodels-speak: RESULT step=speak ok=true variant=fp32 file=r04 chars=77 frames=256 audio_s=6.19 ms_g2p=0.6 ms_synth=574.4 ms_total=574.9 rtf=0.093
10-05 09:58:18.057 26394 26408 I hfmodels-speak: RESULT step=speak ok=true variant=fp32 file=r05 chars=43 frames=138 audio_s=3.24 ms_g2p=0.4 ms_synth=286.2 ms_total=286.6 rtf=0.088
10-05 09:58:18.439 26394 26408 I hfmodels-speak: RESULT step=speak ok=true variant=fp32 file=r06 chars=49 frames=170 audio_s=4.04 ms_g2p=0.5 ms_synth=376.8 ms_total=377.3 rtf=0.093
10-05 09:58:18.763 26394 26408 I hfmodels-speak: RESULT step=speak ok=true variant=fp32 file=r07 chars=44 frames=150 audio_s=3.54 ms_g2p=0.4 ms_synth=318.8 ms_total=319.2 rtf=0.090
10-05 09:58:19.039 26394 26408 I hfmodels-speak: RESULT step=speak ok=true variant=fp32 file=r08 chars=34 frames=129 audio_s=3.02 ms_g2p=0.4 ms_synth=270.9 ms_total=271.3 rtf=0.090
10-05 09:58:19.410 26394 26408 I hfmodels-speak: RESULT step=speak ok=true variant=fp32 file=r09 chars=59 frames=163 audio_s=3.87 ms_g2p=0.5 ms_synth=367.3 ms_total=367.8 rtf=0.095
10-05 09:58:19.794 26394 26408 I hfmodels-speak: RESULT step=speak ok=true variant=fp32 file=r10 chars=56 frames=164 audio_s=3.89 ms_g2p=0.6 ms_synth=378.8 ms_total=379.4 rtf=0.097
10-05 09:58:23.344 26394 26408 I hfmodels-speak: RESULT step=timing ok=true variant=fp32 warm_calls=10 ms_g2p_median=0.5 ms_synth_median=322.4 ms_total_median=322.9 ms_total_min=268.3 ms_total_max=608.5 rtf_median=0.094 first_call_after_load_ms_total=298.4 same_pcm_as_first=10/10
10-05 09:58:23.345 26394 26408 I hfmodels-speak: RESULT step=memory ok=true variant=fp32 vmhwm_kb_before=109892 after_load=309372 after_speak=608756 vmrss_kb_after_speak=590660
10-05 09:58:23.369 26394 26408 I hfmodels-speak: RESULT step=release ok=true variant=fp32 close_ms=25
10-05 09:58:23.370 26394 26408 I hfmodels-speak: RESULT ok=true model=litert-community/kitten-tts-nano-0.8 variant=fp32 device=SM-S942Q build=BP4A.251205.006.S942QOPS1AZH9 failures=
