# hfmodels typed-decisions device gate  date=2026-10-05T02:13:57Z serial=RFGL80R6A6H device=SM-S942Q build=BP4A.251205.006.S942QOPS1AZH9 android=16
# git=4706851 test=DebertaDecisionDeviceTest variant=s512_wfp16 backend=gpu thermal=Thermal Status: 0 battery_level= level: 79 battery_temp_x10C= temperature: 375 screen= mWakefulness=Dozing
# gradle rc=0 end=2026-10-05T02:15:50Z thermal_end=Thermal Status: 2 battery_temp_end_x10C= temperature: 414
--------- beginning of main
10-05 11:13:58.367 32554 32570 I hfmodels-decide: device=SM-S942Q soc=QTI/SM8850 build=BP4A.251205.006.S942QOPS1AZH9 android=16 litert=2.2.0 model=litert-community/Open-Decision-DeBERTa-v3-Large-LiteRT@7a276235 variant=s512_wfp16 backend=gpu
10-05 11:13:58.371 32554 32574 I hfmodels: resolve litert-community/Open-Decision-DeBERTa-v3-Large-LiteRT: commit=7a276235 via EXPLICIT_REVISION, descriptor=caller@explicit/hfmodels.json sha=b9226bd1
10-05 11:13:59.125 32554 32574 I hfmodels: imported deberta_v3_large_decision_s512_wfp16.tflite: 813443728 bytes, sha256 ok, from /data/local/tmp/hfmodels/open-decision-r21/deberta_v3_large_decision_s512_wfp16.tflite
10-05 11:13:59.352 32554 32574 I hfmodels: imported word_embeddings_fp16.bin: 262348800 bytes, sha256 ok, from /data/local/tmp/hfmodels/open-decision-r21/word_embeddings_fp16.bin
10-05 11:13:59.360 32554 32574 I hfmodels: imported tokenizer.json: 8657170 bytes, sha256 ok, from /data/local/tmp/hfmodels/open-decision-r21/tokenizer.json
10-05 11:13:59.362 32554 32574 I hfmodels: resolve litert-community/Open-Decision-DeBERTa-v3-Large-LiteRT: commit=7a276235 via EXPLICIT_REVISION, descriptor=caller@explicit/hfmodels.json sha=b9226bd1
10-05 11:14:00.007 32554 32574 I hfmodels: tokenizer tokenizer.json: 128004 tokens (Unigram), load_ms=635
10-05 11:14:05.085 32554 32570 I hfmodels: ready litert-community/Open-Decision-DeBERTa-v3-Large-LiteRT@7a276235 variant=s512_wfp16 profile=gpu inference=GPU prepare_ms=5714
10-05 11:14:05.086 32554 32570 I hfmodels-decide: RESULT step=load ok=true variant=s512_wfp16 backend=gpu import_ms=989 load_ms=5725 compile_ms=5076 profile=gpu window=512 head=512 max_options=128 descriptor_patch=none npu_libs_ready=true notes=family=deberta_decision compile_ms=5076 on gpu (precision fp32) | observed backend is UNKNOWN: litert 2.2.0 reports no per-op execution target; 'initialized' is the accelerator the CompiledModel was created with | host token lookup: word_embeddings_fp16.bin (float16, 128100 rows x 1024) feeds inputs_embeds | the questions of one decide() in one forward as the author's decide() does, split in question order when they do not fit the window or the option slots: options = a choice's descriptions (the key when there is none), a score's levels, a noul's no / yes; the state is cut to its first 256 tokens; a request longer than the 512-token window or with more than 128 options is refused; probabilities are the softmax of the logits / 1.05 (the author's calibration), extras.max_probability is the author's confidence
10-05 11:14:05.709 32554 32570 I hfmodels-decide: RESULT step=sequence ok=true variant=s512_wfp16 backend=gpu rows=160 of 160 mismatches=0 window=512
10-05 11:14:05.709 32554 32570 I hfmodels-decide: RESULT step=parity ok=true variant=s512_wfp16 backend=gpu skipped=true rows=160 (run argument parity=0: the demo is the graph's first work after the warm-up)
10-05 11:14:25.006 32554 32570 I hfmodels-decide: RESULT step=demo ok=true variant=s512_wfp16 backend=gpu form=policy rows=30 same_answer_as_mac=30/30 max_prob_abs_err_vs_mac=9.328052532620035E-7 (worst b10) encoded_length_equal_host=30/30 dp_tol=0.01 correct_device=19/30 correct_mac=19/30 question_ms_median=594.641043 p90=600.0148439999999 min=588.0835930000001 max=605.296823 lookup_ms_median=3.938229
10-05 11:14:58.778 32554 32570 I hfmodels-decide: RESULT step=demo ok=true variant=s512_wfp16 backend=gpu form=keys rows=30 same_answer_as_mac=30/30 max_prob_abs_err_vs_mac=2.028996443748099E-6 (worst b22) encoded_length_equal_host=30/30 dp_tol=0.01 correct_device=22/30 correct_mac=22/30 question_ms_median=1157.3343750000001 p90=1285.0666669999998 min=588.9578630000001 max=1289.613332 lookup_ms_median=3.845938
10-05 11:15:26.824 32554 32570 I hfmodels-decide: RESULT step=timing ok=true variant=s512_wfp16 backend=gpu repeats=5 forwards_for_4q=1 decide_4q_total_ms_median=1043.04177 four_decide_1q_total_ms_median=4129.436769 state_tokens=19 per_question_ms=1038.000988,1038.000988,1038.000988,1038.000988 answers={department=billing 0.74095467372367, urgency=0.6637985189196726, refund_requested=0.9173051284357872, tone=neutral 0.4445183378688088}
10-05 11:15:50.178 32554 32570 I hfmodels-decide: RESULT step=zoo_input ok=true variant=s512_wfp16 backend=gpu text_tokens=11 forward_tokens=64 window=512 first=1 warmups=2 timed=10 wall_ms_median=957.898229 total_ms_median=957.822682 state_ms_median=1.39237 question_ms_median=956.2674999999999 lookup_ms_median=3.6247395 tokenize_ms_median=1.418281 forward_build_ms_median=3.440443 graph_call_ms_median=1026.9220305 answer=promise p=nothing:0.04098411157859003,promise:0.3786183967831869,request:0.2614846801469182,plan:0.3189128114913048 wall_ms=956.893593,958.732969,953.482656,957.063489,957.026406,956.794375,1029.262604,1037.175,1037.136457,1030.949583
10-05 11:15:50.761 32554 32570 I hfmodels-decide: RESULT step=lookup ok=true variant=s512_wfp16 backend=gpu rows=256 hidden=1024 zoo_style=arith zoo_ms_median=18.591041 zoo_ms_min=18.395417 sdk_ms_median=0.700677 sdk_ms_min=0.638489 repeats=20 outputs_identical=true
10-05 11:15:50.843 32554 32570 I hfmodels-decide: RESULT step=release ok=true variant=s512_wfp16 backend=gpu close_ms=81
10-05 11:15:50.843 32554 32570 I hfmodels-decide: RESULT ok=true model=litert-community/Open-Decision-DeBERTa-v3-Large-LiteRT variant=s512_wfp16 backend=gpu device=SM-S942Q build=BP4A.251205.006.S942QOPS1AZH9 failures=
## residency (6 lines, pid 32554)
10-05 11:14:00.011 32554 32585 I litert  : [npu_registry.cc:30] NPU accelerator registered.
10-05 11:14:00.038 32554 32585 I litert  : [compiled_model.cc:754] NPU JIT compilation caching enabled with cache dir: /data/user/0/io.github.johnrocky.hfmodels.litert.test/cache
10-05 11:14:00.045 32554 32585 I litert  :   HtpPerformanceMode       : Burst(2)
10-05 11:14:00.180 32554 32585 I litert  : [compiled_model.cc:1250] 0 compiler plugins were applied successfully: 
10-05 11:14:00.183 32554 32585 I litert  :   HtpPerformanceMode       : Burst(2)
10-05 11:14:00.408 32554 32585 I tflite  : Replacing 1785 out of 1785 node(s) with delegate (LITERT_CL) node, yielding 1 partitions for subgraph 0 (main).
