# hfmodels speak device gate  date=2026-10-03T06:50:01Z serial=RFGL80R6A6H device=SM-S942Q build=BP4A.251205.006.S942QOPS1AZH9 android=16
# git=d0130aa test=SpeakDeviceTest variant=fp32 backend=cpu thermal=Thermal Status: 1 battery_level= level: 79 battery_temp_x10C= temperature: 382 screen= mWakefulness=Dozing
# gradle rc=0 end=2026-10-03T06:50:23Z thermal_end=Thermal Status: 1 battery_temp_end_x10C= temperature: 380
--------- beginning of main
10-03 15:50:11.651 31182 31217 I hfmodels-speak: device=SM-S942Q soc=QTI/SM8850 build=BP4A.251205.006.S942QOPS1AZH9 android=16 model=litert-community/kitten-tts-nano-0.8@d4662d89 variant=fp32 voice=expr-voice-2-m prior=0.8 bench_speed=1.25 xnnpack_off=none wav_dir=/storage/emulated/0/Android/data/io.github.johnrocky.hfmodels.voice.test/files/tts/fp32
10-03 15:50:11.654 31182 31236 I hfmodels: resolve litert-community/kitten-tts-nano-0.8: commit=d4662d89 via EXPLICIT_REVISION, descriptor=caller@explicit/hfmodels.json sha=54cb1033
10-03 15:50:11.660 31182 31236 I hfmodels: resolve litert-community/kitten-tts-nano-0.8: commit=d4662d89 via EXPLICIT_REVISION, descriptor=caller@explicit/hfmodels.json sha=54cb1033
10-03 15:50:12.110 31182 31236 I hfmodels: kitten lexicon: 177 symbols, 274927 dictionary words, 8 voices
10-03 15:50:12.296 31182 31217 I hfmodels: ready litert-community/kitten-tts-nano-0.8@d4662d89 variant=fp32 profile=cpu inference=CPU prepare_ms=618
10-03 15:50:12.296 31182 31217 I hfmodels-speak: RESULT step=load ok=true variant=fp32 files=8 import_ms=0 load_ms=637 profile=cpu runtime=litert 2.2.0 voices=8 default_voice=expr-voice-2-m sample_rate=24000 max_chars=400 notes=family=kitten load_ms voices=10 g2p_dict=418 g2p_graph=49 predictor=95 prosody=4 vocoder=33 (dictionary 274927 words) | interpreter api (xnnpack, 4 threads): predictor kitten_predictor.tflite, prosody kitten_prosody.tflite, vocoder kitten_vocoder.tflite; g2p graph on CompiledModel cpu (4 threads) | speed x speed_priors[voice] goes to the graph (say.py's pace at speed 1): expr-voice-2-f=0.8 expr-voice-2-m=0.8 expr-voice-3-f=0.8 expr-voice-3-m=0.8 expr-voice-4-f=0.8 expr-voice-4-m=0.9 expr-voice-5-f=0.8 expr-voice-5-m=0.8 | style row = min(chars, 399); tail_trim 5000 samples, min_samples 1200; max_chars 400 per call | observed backend is UNKNOWN: litert 2.2.0 reports no per-op execution target; 'initialized' is the CPU the graphs were created for
10-03 15:50:12.302 31182 31217 I hfmodels-speak: RESULT step=g2p ok=true variant=fp32 i=0 equal=false n_got=43 n_ref=41 first_diff=11 got[8..]=[5, 16, 50, 156, 43, 135, 16, 53] ref[8..]=[5, 16, 50, 157, 43, 135, 16, 53]
10-03 15:50:12.302 31182 31217 I hfmodels-speak: RESULT step=g2p ok=true variant=fp32 i=1 equal=false n_got=68 n_ref=63 first_diff=24 got[21..]=[62, 16, 48, 76, 158, 123, 16, 70] ref[21..]=[62, 16, 48, 85, 123, 83, 16, 65]
10-03 15:50:12.322 31182 31217 I hfmodels-speak: RESULT step=g2p ok=true variant=fp32 i=2 equal=false n_got=133 n_ref=138 first_diff=19 got[16..]=[62, 16, 62, 63, 158, 16, 61, 58] ref[16..]=[62, 16, 62, 83, 16, 61, 58, 156]
10-03 15:50:13.280 31182 31217 I hfmodels-speak: RESULT step=parity ok=true variant=fp32 i=0 speed=1.25 graph_speed=1.0 comparable=false frames_equal=false frames=116/111 samples=64600/66600 untrimmed=69600/66600 logmel_corr=0.8960 logspec_corr=0.8832 maxabs=1.08 ms_total=262.3
10-03 15:50:14.491 31182 31217 I hfmodels-speak: RESULT step=parity ok=true variant=fp32 i=1 speed=1.25 graph_speed=1.0 comparable=false frames_equal=false frames=164/163 samples=93400/97800 untrimmed=98400/97800 logmel_corr=0.9672 logspec_corr=0.9450 maxabs=1.02 ms_total=342.4
10-03 15:50:16.541 31182 31217 I hfmodels-speak: RESULT step=parity ok=true variant=fp32 i=2 speed=1.25 graph_speed=1.0 comparable=false frames_equal=false frames=274/281 samples=159400/168600 untrimmed=164400/168600 logmel_corr=0.7545 logspec_corr=0.7669 maxabs=0.909 ms_total=596.2
10-03 15:50:16.811 31182 31217 I hfmodels-speak: RESULT step=speak ok=true variant=fp32 file=r01 chars=44 frames=149 audio_s=3.52 ms_g2p=0.4 ms_synth=262.2 ms_total=262.7 rtf=0.075
10-03 15:50:17.046 31182 31217 I hfmodels-speak: RESULT step=speak ok=true variant=fp32 file=r02 chars=38 frames=129 audio_s=3.02 ms_g2p=0.4 ms_synth=230.6 ms_total=231.0 rtf=0.077
10-03 15:50:17.275 31182 31217 I hfmodels-speak: RESULT step=speak ok=true variant=fp32 file=r03 chars=37 frames=128 audio_s=2.99 ms_g2p=0.4 ms_synth=223.7 ms_total=224.1 rtf=0.075
10-03 15:50:17.752 31182 31217 I hfmodels-speak: RESULT step=speak ok=true variant=fp32 file=r04 chars=77 frames=256 audio_s=6.19 ms_g2p=0.6 ms_synth=472.7 ms_total=473.3 rtf=0.076
10-03 15:50:18.004 31182 31217 I hfmodels-speak: RESULT step=speak ok=true variant=fp32 file=r05 chars=43 frames=138 audio_s=3.24 ms_g2p=0.4 ms_synth=245.2 ms_total=245.6 rtf=0.076
10-03 15:50:18.315 31182 31217 I hfmodels-speak: RESULT step=speak ok=true variant=fp32 file=r06 chars=49 frames=170 audio_s=4.04 ms_g2p=0.5 ms_synth=305.9 ms_total=306.3 rtf=0.076
10-03 15:50:18.586 31182 31217 I hfmodels-speak: RESULT step=speak ok=true variant=fp32 file=r07 chars=44 frames=150 audio_s=3.54 ms_g2p=0.4 ms_synth=265.3 ms_total=265.7 rtf=0.075
10-03 15:50:18.824 31182 31217 I hfmodels-speak: RESULT step=speak ok=true variant=fp32 file=r08 chars=34 frames=129 audio_s=3.02 ms_g2p=0.4 ms_synth=233.0 ms_total=233.3 rtf=0.077
10-03 15:50:19.121 31182 31217 I hfmodels-speak: RESULT step=speak ok=true variant=fp32 file=r09 chars=59 frames=163 audio_s=3.87 ms_g2p=0.5 ms_synth=292.2 ms_total=292.7 rtf=0.076
10-03 15:50:19.433 31182 31217 I hfmodels-speak: RESULT step=speak ok=true variant=fp32 file=r10 chars=56 frames=164 audio_s=3.89 ms_g2p=0.5 ms_synth=306.8 ms_total=307.3 rtf=0.079
10-03 15:50:22.375 31182 31217 I hfmodels-speak: RESULT step=timing ok=true variant=fp32 warm_calls=10 ms_g2p_median=0.5 ms_synth_median=287.8 ms_total_median=288.3 ms_total_min=227.0 ms_total_max=465.3 rtf_median=0.076 first_call_after_load_ms_total=262.3 same_pcm_as_first=10/10
10-03 15:50:22.376 31182 31217 I hfmodels-speak: RESULT step=memory ok=true variant=fp32 vmhwm_kb_before=116164 after_load=624404 after_speak=869020 vmrss_kb_after_speak=841096
10-03 15:50:22.418 31182 31217 I hfmodels-speak: RESULT step=release ok=true variant=fp32 close_ms=42
10-03 15:50:22.419 31182 31217 I hfmodels-speak: RESULT ok=true model=litert-community/kitten-tts-nano-0.8 variant=fp32 device=SM-S942Q build=BP4A.251205.006.S942QOPS1AZH9 failures=
