# hfmodels typed-decisions device gate  date=2026-10-04T01:30:27Z serial=RFGL80R6A6H device=SM-S942Q build=BP4A.251205.006.S942QOPS1AZH9 android=16
# git=29bc04c test=GlinerDecideDeviceTest variant=s512_wfp16 backend=gpu thermal=Thermal Status: 0 battery_level= level: 79 battery_temp_x10C= temperature: 363 screen= mWakefulness=Dozing
# gradle rc=0 end=2026-10-04T01:32:26Z thermal_end=Thermal Status: 2 battery_temp_end_x10C= temperature: 411
--------- beginning of main
10-04 10:30:28.806 24294 24329 I hfmodels-decide: device=SM-S942Q soc=QTI/SM8850 build=BP4A.251205.006.S942QOPS1AZH9 android=16 litert=2.2.0 model=litert-community/GLiNER2.5-Decide-LiteRT@db801972 variant=s512_wfp16 backend=gpu
10-04 10:30:28.810 24294 24333 I hfmodels: resolve litert-community/GLiNER2.5-Decide-LiteRT: commit=db801972 via EXPLICIT_REVISION, descriptor=caller@explicit/hfmodels.json sha=7212d850
10-04 10:30:29.657 24294 24333 I hfmodels: imported gliner25_decide_s512_wfp16.tflite: 811378816 bytes, sha256 ok, from /data/local/tmp/hfmodels/gliner-decide/gliner25_decide_s512_wfp16.tflite
10-04 10:30:29.659 24294 24333 I hfmodels: resolve litert-community/GLiNER2.5-Decide-LiteRT: commit=db801972 via EXPLICIT_REVISION, descriptor=caller@explicit/hfmodels.json sha=7212d850
10-04 10:30:30.159 24294 24333 I hfmodels: tokenizer tokenizer.json: 128011 tokens (Unigram), load_ms=491
10-04 10:30:34.625 24294 24329 I hfmodels: ready litert-community/GLiNER2.5-Decide-LiteRT@db801972 variant=s512_wfp16 profile=gpu inference=GPU prepare_ms=4957
10-04 10:30:34.625 24294 24329 I hfmodels-decide: RESULT step=load ok=true variant=s512_wfp16 backend=gpu import_ms=845 load_ms=4968 compile_ms=4464 profile=gpu window=512 head=512 max_options=32 descriptor_patch=none npu_libs_ready=true notes=family=gliner2_decide compile_ms=4464 on gpu (precision fp32) | observed backend is UNKNOWN: litert 2.2.0 reports no per-op execution target; 'initialized' is the accelerator the CompiledModel was created with | host token lookup: word_embeddings_fp16.bin (float16, 128011 rows x 1024) feeds inputs_embeds | one gliner2 task per question (task 'answer', the instructions as its prompt, the options as labels); a request longer than the 512-token window or with more than 32 labels is refused, never cut; probabilities are gliner2's single-label float32 softmax of the label logits (T=1)
10-04 10:30:35.238 24294 24329 I hfmodels-decide: RESULT step=sequence ok=true variant=s512_wfp16 backend=gpu rows=42 mismatches=0 window=512
10-04 10:31:00.951 24294 24329 I hfmodels-decide: RESULT step=parity ok=true variant=s512_wfp16 backend=gpu rows=42 argmax_match=42/42 decisions_equal_official=42/42 max_prob_abs_err=2.2584199905395508E-4 (worst screen_tags_005) max_logit_abs_err_vs_oracle=0.003300905227661133 max_logit_abs_err_vs_mac_cpu=2.574920654296875E-5 dp_tol=0.01 forward_ms_median=582.360208 p90=586.506979 min=576.73401 max=588.209843
10-04 10:31:33.277 24294 24329 I hfmodels-decide: RESULT step=demo ok=true variant=s512_wfp16 backend=gpu rows=30 same_answer_as_mac=30/30 max_prob_abs_err_vs_mac=2.175569534301758E-6 (worst b27) correct_device=27/30 correct_mac=27/30 question_ms_median=1026.5128650000001 p90=1292.9560410000001 min=577.65276 max=1315.275937 lookup_ms_median=3.903334
10-04 10:31:33.301 24294 24329 I hfmodels-decide: RESULT step=pack ok=true variant=s512_wfp16 backend=gpu skipped: pack=0
10-04 10:32:25.697 24294 24329 I hfmodels-decide: RESULT step=timing ok=true variant=s512_wfp16 backend=gpu repeats=5 decide_4q_total_ms_median=3778.644061 four_decide_1q_total_ms_median=3787.286353 decide_4q_packed_total_ms_median=964.540572 packed_forwards=1 state_tokens=19 per_question_ms=959.327187,948.860886,953.354635,1023.7369789999999 answers={department=billing 0.7019871473312378, urgency=0.6463629007339478, refund_requested=0.9842850565910339, tone=polite 0.38392743468284607} answers_packed={department=billing 0.5641588568687439, urgency=0.7295433580875397, refund_requested=0.9618254899978638, tone=polite 0.40689727663993835}
10-04 10:32:26.444 24294 24329 I hfmodels-decide: RESULT step=lookup ok=true variant=s512_wfp16 backend=gpu rows=512 hidden=1024 zoo_style=lut zoo_ms_median=25.939792 zoo_ms_min=25.588959 sdk_ms_median=1.153802 sdk_ms_min=1.152083 repeats=20 outputs_identical=true
10-04 10:32:26.554 24294 24329 I hfmodels-decide: RESULT step=release ok=true variant=s512_wfp16 backend=gpu close_ms=109
10-04 10:32:26.554 24294 24329 I hfmodels-decide: RESULT ok=true model=litert-community/GLiNER2.5-Decide-LiteRT variant=s512_wfp16 backend=gpu device=SM-S942Q build=BP4A.251205.006.S942QOPS1AZH9 failures=
## residency (6 lines, pid 24294)
10-04 10:30:30.163 24294 24337 I litert  : [npu_registry.cc:30] NPU accelerator registered.
10-04 10:30:30.185 24294 24337 I litert  : [compiled_model.cc:754] NPU JIT compilation caching enabled with cache dir: /data/user/0/io.github.johnrocky.hfmodels.litert.test/cache
10-04 10:30:30.193 24294 24337 I litert  :   HtpPerformanceMode       : Burst(2)
10-04 10:30:30.321 24294 24337 I litert  : [compiled_model.cc:1250] 0 compiler plugins were applied successfully: 
10-04 10:30:30.327 24294 24337 I litert  :   HtpPerformanceMode       : Burst(2)
10-04 10:30:30.499 24294 24337 I tflite  : Replacing 1780 out of 1780 node(s) with delegate (LITERT_CL) node, yielding 1 partitions for subgraph 0 (main).
