# hfmodels typed-decisions device gate  date=2026-10-04T07:07:30Z serial=RFGL80R6A6H device=SM-S942Q build=BP4A.251205.006.S942QOPS1AZH9 android=16
# git=402a874 test=GliclassDeviceTest variant=s128_fp32 backend=gpu thermal=Thermal Status: 0 battery_level= level: 80 battery_temp_x10C= temperature: 367 screen= mWakefulness=Dozing
# gradle rc=0 end=2026-10-04T07:07:35Z thermal_end=Thermal Status: 0 battery_temp_end_x10C= temperature: 366
--------- beginning of main
10-04 16:07:31.155 16510 16524 I hfmodels-decide: device=SM-S942Q soc=QTI/SM8850 build=BP4A.251205.006.S942QOPS1AZH9 android=16 litert=2.2.0 model=litert-community/GLiClass-Edge-v3.0-LiteRT@88c90950 variant=s128_fp32 backend=gpu
10-04 16:07:31.158 16510 16528 I hfmodels: resolve litert-community/GLiClass-Edge-v3.0-LiteRT: commit=88c90950 via EXPLICIT_REVISION, descriptor=caller@explicit/hfmodels.json sha=afe7d983
10-04 16:07:31.234 16510 16528 I hfmodels: imported gliclass_edge_v3_s128_fp32.tflite: 53703480 bytes, sha256 ok, from /data/local/tmp/hfmodels/gliclass/gliclass_edge_v3_s128_fp32.tflite
10-04 16:07:31.318 16510 16528 I hfmodels: imported tok_embeddings_fp16.bin: 38684160 bytes, sha256 ok, from /data/local/tmp/hfmodels/gliclass/host_assets/tok_embeddings_fp16.bin
10-04 16:07:31.332 16510 16528 I hfmodels: imported tokenizer.json: 3583595 bytes, sha256 ok, from /data/local/tmp/hfmodels/gliclass/host_assets/tokenizer.json
10-04 16:07:31.333 16510 16528 I hfmodels: resolve litert-community/GLiClass-Edge-v3.0-LiteRT: commit=88c90950 via EXPLICIT_REVISION, descriptor=caller@explicit/hfmodels.json sha=afe7d983
10-04 16:07:31.839 16510 16528 I hfmodels: tokenizer tokenizer.json: 50370 tokens (byte-level BPE, prefix space), load_ms=497
10-04 16:07:32.527 16510 16524 I hfmodels: ready litert-community/GLiClass-Edge-v3.0-LiteRT@88c90950 variant=s128_fp32 profile=gpu inference=GPU prepare_ms=1185
10-04 16:07:32.527 16510 16524 I hfmodels-decide: RESULT step=load ok=true variant=s128_fp32 backend=gpu import_ms=173 load_ms=1195 compile_ms=687 profile=gpu window=128 head=128 max_options=25 notes=family=gliclass compile_ms=687 on gpu (precision fp32) | observed backend is UNKNOWN: litert 2.2.0 reports no per-op execution target; 'initialized' is the accelerator the CompiledModel was created with | host token lookup: tok_embeddings_fp16.bin (float16, 50370 rows x 384) feeds inputs_embeds | one gliclass request per question: labels = a choice's descriptions (the key when there is none), a score's levels, a noul's false / true descriptions or no / yes; prompt = the instructions plus one space, right before the text; a request longer than the 128-token window or with more than 25 labels is refused, never cut; probabilities are gliclass's single-label float32 softmax of the label logits (T=1)
10-04 16:07:33.094 16510 16524 I hfmodels-decide: RESULT step=sequence ok=true variant=s128_fp32 backend=gpu rows=152 of 152 mismatches=0 window=128
10-04 16:07:34.250 16510 16524 I hfmodels-decide: RESULT step=parity ok=true variant=s128_fp32 backend=gpu rows=152 argmax_match=152/152 single_label_equal_official=152/152 multi_label_equal_official=152/152 max_prob_abs_err=0.0014627724885940552 (worst semif_135) max_logit_abs_err_vs_oracle=0.009079456329345703 dp_tol=0.01 forward_ms_median=6.165365 p90=6.259219 min=5.730521 max=7.515989
10-04 16:07:34.645 16510 16524 I hfmodels-decide: RESULT step=demo ok=true variant=s128_fp32 backend=gpu form=described rows=30 same_answer_as_mac=30/30 max_prob_abs_err_vs_mac=2.950429916381836E-6 (worst b06) encoded_length_equal_host=30/30 dp_tol=0.01 correct_device=10/30 correct_mac=10/30 question_ms_median=8.487448 p90=11.481199 min=7.397551 max=11.786094 lookup_ms_median=0.225104
10-04 16:07:35.001 16510 16524 I hfmodels-decide: RESULT step=demo ok=true variant=s128_fp32 backend=gpu form=keys rows=30 same_answer_as_mac=30/30 max_prob_abs_err_vs_mac=1.1473894119262695E-6 (worst b12) encoded_length_equal_host=30/30 dp_tol=0.01 correct_device=10/30 correct_mac=10/30 question_ms_median=9.000312 p90=9.171562 min=8.36375 max=9.299324 lookup_ms_median=0.456875
10-04 16:07:35.473 16510 16524 I hfmodels-decide: RESULT step=timing ok=true variant=s128_fp32 backend=gpu repeats=5 decide_4q_total_ms_median=38.775938 four_decide_1q_total_ms_median=40.117448 state_tokens=21 per_question_ms=10.098959,9.781771,9.322709,9.359791 answers={department=billing 0.9799990653991699, urgency=0.11925135459750891, refund_requested=0.3396678566932678, tone=angry 0.7151787877082825}
10-04 16:07:35.760 16510 16524 I hfmodels-decide: RESULT step=zoo_input ok=true variant=s128_fp32 backend=gpu text_tokens=52 forward_tokens=62 window=128 first=1 warmups=2 timed=10 wall_ms_median=12.125052 total_ms_median=12.0885675 state_ms_median=0.026458 question_ms_median=12.0189845 lookup_ms_median=0.454349 tokenize_ms_median=0.028958499999999998 forward_build_ms_median=4.8166925 graph_call_ms_median=7.1752865 answer=request p=nothing:0.17268067598342896,promise:0.034088000655174255,request:0.5787389278411865,plan:0.21449242532253265 wall_ms=12.029844,12.148438,12.085052,12.113073,12.281771,12.177083,12.113698,12.136406,12.017344,12.181771
10-04 16:07:35.869 16510 16524 I hfmodels-decide: RESULT step=lookup ok=true variant=s128_fp32 backend=gpu rows=128 hidden=384 zoo_style=lut zoo_ms_median=2.0525 zoo_ms_min=1.68875 sdk_ms_median=0.121614 sdk_ms_min=0.121146 repeats=20 outputs_identical=true
10-04 16:07:35.879 16510 16524 I hfmodels-decide: RESULT step=release ok=true variant=s128_fp32 backend=gpu close_ms=9
10-04 16:07:35.879 16510 16524 I hfmodels-decide: RESULT ok=true model=litert-community/GLiClass-Edge-v3.0-LiteRT variant=s128_fp32 backend=gpu device=SM-S942Q build=BP4A.251205.006.S942QOPS1AZH9 failures=
## residency (1 lines, pid 16510)
10-04 16:07:31.875 16510 16531 I tflite  : Replacing 670 out of 670 node(s) with delegate (LITERT_CL) node, yielding 1 partitions for subgraph 0 (main).
