# hfmodels typed-decisions device gate  date=2026-10-03T10:37:58Z serial=RFGL80R6A6H device=SM-S942Q build=BP4A.251205.006.S942QOPS1AZH9 android=16
# git=5f9bc69 test=GliclassDeviceTest variant=s128_fp32 backend=gpu thermal=Thermal Status: 0 battery_level= level: 79 battery_temp_x10C= temperature: 287 screen= mWakefulness=Dozing
# gradle rc=0 end=2026-10-03T10:38:13Z thermal_end=Thermal Status: 0 battery_temp_end_x10C= temperature: 289
--------- beginning of main
10-03 19:38:07.560  2172  2186 I hfmodels-decide: device=SM-S942Q soc=QTI/SM8850 build=BP4A.251205.006.S942QOPS1AZH9 android=16 litert=2.2.0 model=litert-community/GLiClass-Edge-v3.0-LiteRT@88c90950 variant=s128_fp32 backend=gpu
10-03 19:38:07.563  2172  2190 I hfmodels: resolve litert-community/GLiClass-Edge-v3.0-LiteRT: commit=88c90950 via EXPLICIT_REVISION, descriptor=caller@explicit/hfmodels.json sha=afe7d983
10-03 19:38:07.642  2172  2190 I hfmodels: imported gliclass_edge_v3_s128_fp32.tflite: 53703480 bytes, sha256 ok, from /data/local/tmp/hfmodels/gliclass/gliclass_edge_v3_s128_fp32.tflite
10-03 19:38:07.697  2172  2190 I hfmodels: imported tok_embeddings_fp16.bin: 38684160 bytes, sha256 ok, from /data/local/tmp/hfmodels/gliclass/host_assets/tok_embeddings_fp16.bin
10-03 19:38:07.704  2172  2190 I hfmodels: imported tokenizer.json: 3583595 bytes, sha256 ok, from /data/local/tmp/hfmodels/gliclass/host_assets/tokenizer.json
10-03 19:38:07.705  2172  2190 I hfmodels: resolve litert-community/GLiClass-Edge-v3.0-LiteRT: commit=88c90950 via EXPLICIT_REVISION, descriptor=caller@explicit/hfmodels.json sha=afe7d983
10-03 19:38:08.198  2172  2190 I hfmodels: tokenizer tokenizer.json: 50370 tokens (byte-level BPE, prefix space), load_ms=482
10-03 19:38:08.928  2172  2186 I hfmodels: ready litert-community/GLiClass-Edge-v3.0-LiteRT@88c90950 variant=s128_fp32 profile=gpu inference=GPU prepare_ms=1213
10-03 19:38:08.928  2172  2186 I hfmodels-decide: RESULT step=load ok=true variant=s128_fp32 backend=gpu import_ms=140 load_ms=1224 compile_ms=729 profile=gpu window=128 head=128 max_options=25 notes=family=gliclass compile_ms=729 on gpu (precision fp32) | observed backend is UNKNOWN: litert 2.2.0 reports no per-op execution target; 'initialized' is the accelerator the CompiledModel was created with | host token lookup: tok_embeddings_fp16.bin (float16, 50370 rows x 384) feeds inputs_embeds | one gliclass request per question: labels = a choice's descriptions (the key when there is none), a score's levels, a noul's false / true descriptions or no / yes; prompt = the instructions plus one space, right before the text; a request longer than the 128-token window or with more than 25 labels is refused, never cut; probabilities are gliclass's single-label float32 softmax of the label logits (T=1)
10-03 19:38:09.509  2172  2186 I hfmodels-decide: RESULT step=sequence ok=true variant=s128_fp32 backend=gpu rows=152 of 152 mismatches=0 window=128
10-03 19:38:10.649  2172  2186 I hfmodels-decide: RESULT step=parity ok=true variant=s128_fp32 backend=gpu rows=152 argmax_match=152/152 single_label_equal_official=152/152 multi_label_equal_official=152/152 max_prob_abs_err=0.0014627724885940552 (worst semif_135) max_logit_abs_err_vs_oracle=0.009079456329345703 dp_tol=0.01 forward_ms_median=6.079583 p90=6.222396 min=5.69948 max=7.162136
10-03 19:38:11.166  2172  2186 I hfmodels-decide: RESULT step=demo ok=true variant=s128_fp32 backend=gpu form=described rows=30 same_answer_as_mac=30/30 max_prob_abs_err_vs_mac=2.950429916381836E-6 (worst b06) encoded_length_equal_host=30/30 dp_tol=0.01 correct_device=10/30 correct_mac=10/30 question_ms_median=11.729999 p90=12.617604 min=6.960417 max=16.498594 lookup_ms_median=0.473646
10-03 19:38:11.515  2172  2186 I hfmodels-decide: RESULT step=demo ok=true variant=s128_fp32 backend=gpu form=keys rows=30 same_answer_as_mac=30/30 max_prob_abs_err_vs_mac=1.1473894119262695E-6 (worst b12) encoded_length_equal_host=30/30 dp_tol=0.01 correct_device=10/30 correct_mac=10/30 question_ms_median=8.990469000000001 p90=9.161199 min=8.060677 max=9.973594 lookup_ms_median=0.457395
10-03 19:38:11.976  2172  2186 I hfmodels-decide: RESULT step=timing ok=true variant=s128_fp32 backend=gpu repeats=5 decide_4q_total_ms_median=38.453229 four_decide_1q_total_ms_median=39.736302 state_tokens=21 per_question_ms=10.385259999999999,9.555885,8.95177,9.291406 answers={department=billing 0.9799990653991699, urgency=0.11925135459750891, refund_requested=0.3396678566932678, tone=angry 0.7151787877082825}
10-03 19:38:12.016  2172  2186 I hfmodels-decide: RESULT step=release ok=true variant=s128_fp32 backend=gpu close_ms=40
10-03 19:38:12.016  2172  2186 I hfmodels-decide: RESULT ok=true model=litert-community/GLiClass-Edge-v3.0-LiteRT variant=s128_fp32 backend=gpu device=SM-S942Q build=BP4A.251205.006.S942QOPS1AZH9 failures=
