# hfmodels typed-decisions device gate  date=2026-10-04T01:21:10Z serial=RFGL80R6A6H device=SM-S942Q build=BP4A.251205.006.S942QOPS1AZH9 android=16
# git=29bc04c test=GlinerDecideDeviceTest variant=s128_npu_wfp16 backend=gpu thermal=Thermal Status: 0 battery_level= level: 79 battery_temp_x10C= temperature: 353 screen= mWakefulness=Awake
# gradle rc=0 end=2026-10-04T01:21:34Z thermal_end=Thermal Status: 0 battery_temp_end_x10C= temperature: 368
--------- beginning of main
10-04 10:21:11.625 22324 22340 I hfmodels-decide: device=SM-S942Q soc=QTI/SM8850 build=BP4A.251205.006.S942QOPS1AZH9 android=16 litert=2.2.0 model=litert-community/GLiNER2.5-Decide-LiteRT@db801972 variant=s128_npu_wfp16 backend=gpu
10-04 10:21:11.629 22324 22344 I hfmodels: resolve litert-community/GLiNER2.5-Decide-LiteRT: commit=db801972 via EXPLICIT_REVISION, descriptor=caller@explicit/hfmodels.json sha=00b720d6
10-04 10:21:11.632 22324 22344 I hfmodels: resolve litert-community/GLiNER2.5-Decide-LiteRT: commit=db801972 via EXPLICIT_REVISION, descriptor=caller@explicit/hfmodels.json sha=00b720d6
10-04 10:21:12.152 22324 22344 I hfmodels: tokenizer tokenizer.json: 128011 tokens (Unigram), load_ms=511
10-04 10:21:15.258 22324 22340 I hfmodels: ready litert-community/GLiNER2.5-Decide-LiteRT@db801972 variant=s128_npu_wfp16 profile=gpu inference=GPU prepare_ms=3618
10-04 10:21:15.258 22324 22340 I hfmodels-decide: RESULT step=load ok=true variant=s128_npu_wfp16 backend=gpu import_ms=0 load_ms=3627 compile_ms=3104 profile=gpu window=128 head=128 max_options=32 descriptor_patch=gpu_precision=fp16_with_fp32_accum npu_libs_ready=true notes=family=gliner2_decide compile_ms=3104 on gpu (precision fp16_with_fp32_accum) | observed backend is UNKNOWN: litert 2.2.0 reports no per-op execution target; 'initialized' is the accelerator the CompiledModel was created with | host token lookup: word_embeddings_fp16.bin (float16, 128011 rows x 1024) feeds inputs_embeds | one gliner2 task per question (task 'answer', the instructions as its prompt, the options as labels); a request longer than the 128-token window or with more than 32 labels is refused, never cut; probabilities are gliner2's single-label float32 softmax of the label logits (T=1)
10-04 10:21:15.546 22324 22340 I hfmodels-decide: RESULT step=sequence ok=true variant=s128_npu_wfp16 backend=gpu rows=42 mismatches=0 window=128
10-04 10:21:18.598 22324 22340 I hfmodels-decide: RESULT step=parity ok=true variant=s128_npu_wfp16 backend=gpu rows=42 argmax_match=42/42 decisions_equal_official=42/42 max_prob_abs_err=0.0028194785118103027 (worst news_topic_018) max_logit_abs_err_vs_oracle=0.026433944702148438 max_logit_abs_err_vs_mac_cpu=0.0249481201171875 dp_tol=0.01 forward_ms_median=60.223333 p90=63.474896 min=57.266771 max=64.105313
10-04 10:21:20.657 22324 22340 I hfmodels-decide: RESULT step=demo ok=true variant=s128_npu_wfp16 backend=gpu rows=30 same_answer_as_mac=30/30 max_prob_abs_err_vs_mac=0.0016708970069885254 (worst b17) correct_device=27/30 correct_mac=27/30 question_ms_median=62.600312 p90=66.39234499999999 min=58.217968 max=66.51963599999999 lookup_ms_median=1.107396
10-04 10:21:30.868 22324 22340 I hfmodels-decide: RESULT step=pack ok=true variant=s128_npu_wfp16 backend=gpu rows=30 questions=kind,who,urgency,time single_same_as_mac=120/120 packed_same_as_mac=120/120 max_prob_abs_err_single_vs_mac=0.0020595788955688477 max_prob_abs_err_packed_vs_mac=0.001258254051208496 (worst b11/time) answers_changed_by_packing_here=20/120 answers_changed_by_packing_mac=20/120 max_prob_abs_diff_single_vs_packed_here=0.2863387167453766 packed_forwards_max=1 decide_4q_single_total_ms_median=238.239115 decide_4q_packed_total_ms_median=72.221927 packed_p90=77.369479
10-04 10:21:34.405 22324 22340 I hfmodels-decide: RESULT step=timing ok=true variant=s128_npu_wfp16 backend=gpu repeats=5 decide_4q_total_ms_median=246.836875 four_decide_1q_total_ms_median=256.08677 decide_4q_packed_total_ms_median=74.54125 packed_forwards=1 state_tokens=19 per_question_ms=61.958021,61.811302,62.522656,62.152396 answers={department=billing 0.7021903991699219, urgency=0.646198958158493, refund_requested=0.9843664169311523, tone=polite 0.3845502436161041} answers_packed={department=billing 0.5640053153038025, urgency=0.7297581136226654, refund_requested=0.9617859125137329, tone=polite 0.4071643352508545}
10-04 10:21:34.615 22324 22340 I hfmodels-decide: RESULT step=lookup ok=true variant=s128_npu_wfp16 backend=gpu rows=128 hidden=1024 zoo_style=lut zoo_ms_median=6.121563 zoo_ms_min=6.080313 sdk_ms_median=0.320573 sdk_ms_min=0.319427 repeats=20 outputs_identical=true
10-04 10:21:34.685 22324 22340 I hfmodels-decide: RESULT step=release ok=true variant=s128_npu_wfp16 backend=gpu close_ms=70
10-04 10:21:34.686 22324 22340 I hfmodels-decide: RESULT ok=true model=litert-community/GLiNER2.5-Decide-LiteRT variant=s128_npu_wfp16 backend=gpu device=SM-S942Q build=BP4A.251205.006.S942QOPS1AZH9 failures=
## residency (6 lines, pid 22324)
10-04 10:21:12.156 22324 22347 I litert  : [npu_registry.cc:30] NPU accelerator registered.
10-04 10:21:12.183 22324 22347 I litert  : [compiled_model.cc:754] NPU JIT compilation caching enabled with cache dir: /data/user/0/io.github.johnrocky.hfmodels.litert.test/cache
10-04 10:21:12.188 22324 22347 I litert  :   HtpPerformanceMode       : Burst(2)
10-04 10:21:12.518 22324 22347 I litert  : [compiled_model.cc:1250] 0 compiler plugins were applied successfully: 
10-04 10:21:12.522 22324 22347 I litert  :   HtpPerformanceMode       : Burst(2)
10-04 10:21:12.683 22324 22347 I tflite  : Replacing 1874 out of 1874 node(s) with delegate (LITERT_CL) node, yielding 1 partitions for subgraph 0 (main).
