# hfmodels typed-decisions device gate  date=2026-10-03T10:38:38Z serial=RFGL80R6A6H device=SM-S942Q build=BP4A.251205.006.S942QOPS1AZH9 android=16
# git=5f9bc69 test=DebertaDecisionDeviceTest variant=s256_wfp16 backend=gpu thermal=Thermal Status: 0 battery_level= level: 79 battery_temp_x10C= temperature: 295 screen= mWakefulness=Dozing
# gradle rc=0 end=2026-10-03T10:39:41Z thermal_end=Thermal Status: 1 battery_temp_end_x10C= temperature: 371
--------- beginning of main
10-03 19:38:47.262  2930  3000 I hfmodels-decide: device=SM-S942Q soc=QTI/SM8850 build=BP4A.251205.006.S942QOPS1AZH9 android=16 litert=2.2.0 model=litert-community/Open-Decision-DeBERTa-v3-Large-LiteRT@7a276235 variant=s256_wfp16 backend=gpu
10-03 19:38:47.268  2930  3005 I hfmodels: resolve litert-community/Open-Decision-DeBERTa-v3-Large-LiteRT: commit=7a276235 via EXPLICIT_REVISION, descriptor=caller@explicit/hfmodels.json sha=1e2e59e2
10-03 19:38:48.108  2930  3005 I hfmodels: imported deberta_v3_large_decision_s256_wfp16.tflite: 712780432 bytes, sha256 ok, from /data/local/tmp/hfmodels/open-decision/deberta_v3_large_decision_s256_wfp16.tflite
10-03 19:38:48.397  2930  3005 I hfmodels: imported word_embeddings_fp16.bin: 262348800 bytes, sha256 ok, from /data/local/tmp/hfmodels/open-decision/word_embeddings_fp16.bin
10-03 19:38:48.410  2930  3005 I hfmodels: imported tokenizer.json: 8657170 bytes, sha256 ok, from /data/local/tmp/hfmodels/open-decision/tokenizer.json
10-03 19:38:48.411  2930  3005 I hfmodels: resolve litert-community/Open-Decision-DeBERTa-v3-Large-LiteRT: commit=7a276235 via EXPLICIT_REVISION, descriptor=caller@explicit/hfmodels.json sha=1e2e59e2
10-03 19:38:49.127  2930  3005 I hfmodels: tokenizer tokenizer.json: 128004 tokens (Unigram), load_ms=706
10-03 19:38:54.292  2930  3000 I hfmodels: ready litert-community/Open-Decision-DeBERTa-v3-Large-LiteRT@7a276235 variant=s256_wfp16 profile=gpu inference=GPU prepare_ms=5872
10-03 19:38:54.293  2930  3000 I hfmodels-decide: RESULT step=load ok=true variant=s256_wfp16 backend=gpu import_ms=1141 load_ms=5883 compile_ms=5162 profile=gpu window=256 head=256 max_options=128 notes=family=deberta_decision compile_ms=5162 on gpu (precision fp32) | observed backend is UNKNOWN: litert 2.2.0 reports no per-op execution target; 'initialized' is the accelerator the CompiledModel was created with | host token lookup: word_embeddings_fp16.bin (float16, 128100 rows x 1024) feeds inputs_embeds | the questions of one decide() in one forward as the author's decide() does, split in question order when they do not fit the window or the option slots: options = a choice's descriptions (the key when there is none), a score's levels, a noul's no / yes; the state is cut to its first 256 tokens; a request longer than the 256-token window or with more than 128 options is refused; probabilities are the softmax of the logits / 1.05 (the author's calibration), extras.max_probability is the author's confidence
10-03 19:38:54.688  2930  3000 I hfmodels-decide: RESULT step=sequence ok=true variant=s256_wfp16 backend=gpu rows=143 of 160 mismatches=0 window=256
10-03 19:39:22.745  2930  3000 I hfmodels-decide: RESULT step=parity ok=true variant=s256_wfp16 backend=gpu rows=143 questions=371 argmax_match=371/371 answers_equal_author=371/371 max_prob_abs_err=6.861624558591184E-4 (worst fam-ood-47 q0) max_logit_abs_err_vs_author=0.00216519832611084 dp_tol=0.01 forward_ms_median=186.155156 p90=190.556198 min=178.034843 max=202.421459
10-03 19:39:29.028  2930  3000 I hfmodels-decide: RESULT step=demo ok=true variant=s256_wfp16 backend=gpu form=policy rows=30 same_answer_as_mac=30/30 max_prob_abs_err_vs_mac=9.328052532620035E-7 (worst b10) encoded_length_equal_host=30/30 dp_tol=0.01 correct_device=19/30 correct_mac=19/30 question_ms_median=187.213021 p90=191.467395 min=184.92999899999998 max=196.09619800000002 lookup_ms_median=1.911563
10-03 19:39:35.026  2930  3000 I hfmodels-decide: RESULT step=demo ok=true variant=s256_wfp16 backend=gpu form=keys rows=30 same_answer_as_mac=30/30 max_prob_abs_err_vs_mac=2.028996443748099E-6 (worst b22) encoded_length_equal_host=30/30 dp_tol=0.01 correct_device=22/30 correct_mac=22/30 question_ms_median=184.08432299999998 p90=185.312239 min=183.202812 max=186.049739 lookup_ms_median=1.806198
10-03 19:39:40.139  2930  3000 I hfmodels-decide: RESULT step=timing ok=true variant=s256_wfp16 backend=gpu repeats=5 forwards_for_4q=1 decide_4q_total_ms_median=193.082344 four_decide_1q_total_ms_median=746.470312 state_tokens=19 per_question_ms=193.985519,193.985519,193.985519,193.985519 answers={department=billing 0.74095467372367, urgency=0.6637985189196726, refund_requested=0.9173051284357872, tone=neutral 0.4445183378688088}
10-03 19:39:40.332  2930  3000 I hfmodels-decide: RESULT step=release ok=true variant=s256_wfp16 backend=gpu close_ms=193
10-03 19:39:40.333  2930  3000 I hfmodels-decide: RESULT ok=true model=litert-community/Open-Decision-DeBERTa-v3-Large-LiteRT variant=s256_wfp16 backend=gpu device=SM-S942Q build=BP4A.251205.006.S942QOPS1AZH9 failures=
