# hfmodels typed-decisions device gate  date=2026-10-02T14:42:05Z serial=RFGL80R6A6H device=SM-S942Q build=BP4A.251205.006.S942QOPS1AZH9 android=16
# git=8570cee test=EncoderDecisionsDeviceTest variant=ml_s256_wfp16 backend=npu thermal=Thermal Status: 3 battery_level= level: 78 battery_temp_x10C= temperature: 446 screen= mWakefulness=Awake
# gradle rc=0 end=2026-10-02T14:43:53Z thermal_end=Thermal Status: 3 battery_temp_end_x10C= temperature: 428
--------- beginning of main
10-02 23:42:16.001 29991 30005 I hfmodels-decide: device=SM-S942Q soc=QTI/SM8850 build=BP4A.251205.006.S942QOPS1AZH9 android=16 litert=2.2.0 variant=ml_s256_wfp16 backend=npu
10-02 23:42:16.018 29991 30010 I hfmodels: resolve convaiinnovations/laya: commit=1c5edc17 via EXPLICIT_REVISION, descriptor=caller@explicit/hfmodels.json sha=b7ffd807
10-02 23:42:16.027 29991 30010 I hfmodels: resolve convaiinnovations/laya: commit=1c5edc17 via EXPLICIT_REVISION, descriptor=caller@explicit/hfmodels.json sha=b7ffd807
10-02 23:42:19.519 29991 30010 I hfmodels: tokenizer tokenizer.json: 256000 tokens, load_ms=3472
10-02 23:43:40.372 29991 30005 I hfmodels: ready convaiinnovations/laya@1c5edc17 variant=ml_s256_wfp16 profile=npu inference=NPU prepare_ms=84331
10-02 23:43:40.372 29991 30005 I hfmodels-decide: RESULT step=load ok=true variant=ml_s256_wfp16 backend=npu import_ms=0 load_ms=84349 profile=npu window=256 head=256 notes=compile_ms=80852 on npu (Qualcomm HTP V81, JIT, burst; the first compile on a phone takes tens of seconds, later loads read the cache) | observed backend is UNKNOWN: litert 2.2.0 reports no per-op execution target; 'initialized' is the accelerator the CompiledModel was created with
10-02 23:43:49.728 29991 30005 I hfmodels-decide: RESULT step=parity ok=true variant=ml_s256_wfp16 backend=npu rows=201 calibration=laya_ml_calibration.json argmax_flips=0 max_marker_logit_abs_err=0.34301 (worst ML_C02/refund_requested) max_prob_abs_err=0.00680 max_score_abs_err=0.00250 max_act_logit_rel_err=7.36e-03 exact_rounded=20/201 question_ms_median=32.8 p90=33.8 min=31.7 max=38.2
10-02 23:43:52.170 29991 30005 I hfmodels-decide: RESULT step=timing ok=true variant=ml_s256_wfp16 backend=npu questions=4 state_tokens=25 shared_ms_median=134.2 direct_ms_median=135.8 prefill_then_decide_ms_median=136.9 state_tokenize_ms_median=0.65 per_question_ms=34.8,33.1,33.8,33.9 repeats=5
10-02 23:43:52.170 29991 30005 I hfmodels-decide: RESULT step=authored144 ok=true variant=ml_s256_wfp16 backend=npu skipped: /data/user/0/io.github.johnrocky.hfmodels.litert.test/files/laya/fixtures/authored144_laya_oracle.json not pushed
10-02 23:43:52.337 29991 30005 I hfmodels-decide: RESULT step=release ok=true variant=ml_s256_wfp16 backend=npu close_ms=167
10-02 23:43:52.338 29991 30005 I hfmodels-decide: RESULT ok=true variant=ml_s256_wfp16 backend=npu device=SM-S942Q build=BP4A.251205.006.S942QOPS1AZH9 failures=
## residency (11 lines, pid 29991)
10-02 23:42:19.523 29991 30014 I litert  : [npu_registry.cc:30] NPU accelerator registered.
10-02 23:42:19.554 29991 30014 I litert  : [compiled_model.cc:754] NPU JIT compilation caching enabled with cache dir: /data/user/0/io.github.johnrocky.hfmodels.litert.test/cache
10-02 23:42:19.561 29991 30014 I litert  :   HtpPerformanceMode       : Burst(2)
10-02 23:42:20.083 29991 30014 I litert  : [compiler_plugin.cc:741] Partitioned subgraph<0>, selected 1813 ops, from a total of 1813 ops. resulted in 1 partitions.
10-02 23:43:39.516 29991 30014 I litert  : [compiled_model.cc:1250] 1 compiler plugins were applied successfully: Qualcomm compiler plugin (ver 0.1.0)
10-02 23:43:40.250 29991 30014 I litert  :   HtpPerformanceMode       : Burst(2)
10-02 23:43:40.255 29991 30014 I tflite  : Replacing 1 out of 1 node(s) with delegate (DispatchDelegate) node, yielding 1 partitions for subgraph 0 (main).
10-02 23:43:40.365 29991 30014 I litert  : [compiled_model.cc:754] NPU JIT compilation caching enabled with cache dir: /data/user/0/io.github.johnrocky.hfmodels.litert.test/cache
10-02 23:43:40.366 29991 30014 I litert  :   HtpPerformanceMode       : Burst(2)
10-02 23:43:40.367 29991 30014 I litert  : [compiled_model.cc:1250] 0 compiler plugins were applied successfully: 
10-02 23:43:40.367 29991 30014 I tflite  : Replacing 4 out of 4 node(s) with delegate (TfLiteXNNPackDelegate) node, yielding 1 partitions for subgraph 0 (main).
