--------- beginning of main
10-05 01:08:22.842  7574  7634 I hfmodels: resolve litert-community/GLiNER2.5-Decide-LiteRT: commit=f6f6e9c9 via SAVED_BINDING, descriptor=litert-community/GLiNER2.5-Decide-LiteRT@f6f6e9c9/hfmodels.json sha=869ad502
10-05 01:08:23.375  7574  7634 I hfmodels: tokenizer tokenizer.json: 128011 tokens (Unigram), load_ms=520
10-05 01:08:23.378  7574  7639 I litert  : [litert_runtime_builtin.cc:63] Loaded runtime library and found kLiteRtRuntimeBuiltin.
10-05 01:08:23.378  7574  7639 I litert  : [environment.cc:36] Creating LiteRT environment with options
10-05 01:08:23.378  7574  7639 I litert  : [accelerator_registry.cc:54] RegisterAccelerator: ptr=0xb40000702282e6d0, name=NpuAccelerator
10-05 01:08:23.378  7574  7639 I litert  : [npu_registry.cc:30] NPU accelerator registered.
10-05 01:08:23.378  7574  7639 I litert  : [gpu_registry.cc:101] Attempting to load GPU accelerator(libLiteRtGpuAccelerator.so).
10-05 01:08:23.379  7574  7639 I litert  : [gpu_registry.cc:101] Attempting to load GPU accelerator(libLiteRtClGlAccelerator.so).
10-05 01:08:23.379  7574  7639 I litert  : [accelerator_registry.cc:54] RegisterAccelerator: ptr=0xb40000702282edf0, name=LiteRT GPU
10-05 01:08:23.379  7574  7639 I litert  : [gpu_registry.cc:109] Dynamically loaded GPU accelerator(libLiteRtClGlAccelerator.so) registered.
10-05 01:08:23.379  7574  7639 I litert  : [accelerator_registry.cc:54] RegisterAccelerator: ptr=0xb40000702282f210, name=CpuAccelerator
10-05 01:08:23.379  7574  7639 I litert  : [cpu_registry.cc:75] XNNPACK CPU accelerator registered.
10-05 01:08:23.412  7574  7639 I litert  : [compiled_model.cc:754] NPU JIT compilation caching enabled with cache dir: /data/user/0/io.github.johnrocky.hfmodels.samples.finder/cache
10-05 01:08:23.412  7574  7639 I litert  : [compiler_plugin.cc:308] Attempting to load plugin at: /data/app/~~5v4pob5hGqOm8YKLZHSRJA==/io.github.johnrocky.hfmodels.samples.finder-Omw7PiUhvJA9VnClSoL1zQ==/lib/arm64/libLiteRtCompilerPlugin_Qualcomm.so
10-05 01:08:23.412  7574  7639 I litert  : [compiler_plugin.cc:250] Loading plugin at: /data/app/~~5v4pob5hGqOm8YKLZHSRJA==/io.github.johnrocky.hfmodels.samples.finder-Omw7PiUhvJA9VnClSoL1zQ==/lib/arm64/libLiteRtCompilerPlugin_Qualcomm.so
10-05 01:08:23.418  7574  7639 I litert  : [compiler_plugin.cc:260] Loaded plugin at: /data/app/~~5v4pob5hGqOm8YKLZHSRJA==/io.github.johnrocky.hfmodels.samples.finder-Omw7PiUhvJA9VnClSoL1zQ==/lib/arm64/libLiteRtCompilerPlugin_Qualcomm.so
10-05 01:08:23.418  7574  7639 I litert  : [compiler_plugin.cc:263] Resolved plugin api at: /data/app/~~5v4pob5hGqOm8YKLZHSRJA==/io.github.johnrocky.hfmodels.samples.finder-Omw7PiUhvJA9VnClSoL1zQ==/lib/arm64/libLiteRtCompilerPlugin_Qualcomm.so
10-05 01:08:23.418  7574  7639 I litert  : [common.h:160] 
10-05 01:08:23.418  7574  7639 I litert  : 
10-05 01:08:23.418  7574  7639 I litert  : +------------------------------------------+
10-05 01:08:23.418  7574  7639 I litert  : |              ::qnn::Options              |
10-05 01:08:23.418  7574  7639 I litert  : +------------------------------------------+
10-05 01:08:23.418  7574  7639 I litert  : [GENERAL]
10-05 01:08:23.418  7574  7639 I litert  :   LogLevel                 : Info(3)
10-05 01:08:23.418  7574  7639 I litert  :   BackendType              : Htp(2)
10-05 01:08:23.418  7574  7639 I litert  :   Profiling                : Off(0)
10-05 01:08:23.418  7574  7639 I litert  :   UseInt64BiasAsInt32      : true
10-05 01:08:23.418  7574  7639 I litert  :   EnableWeightSharing      : false
10-05 01:08:23.418  7574  7639 I litert  :   EnableJustInTime         : false
10-05 01:08:23.418  7574  7639 I litert  :   GraphPriority            : Default(0)
10-05 01:08:23.418  7574  7639 I litert  :   GraphIOTensorMemType     : MemHandle(1)
10-05 01:08:23.418  7574  7639 I litert  :   CustomOpPackage          :
10-05 01:08:23.418  7574  7639 I litert  :     name                   :
10-05 01:08:23.418  7574  7639 I litert  :     interface_provider     :
10-05 01:08:23.418  7574  7639 I litert  :     compile_package_path   :
10-05 01:08:23.418  7574  7639 I litert  :     dispatch_package_path  :
10-05 01:08:23.418  7574  7639 I litert  :     target                 :
10-05 01:08:23.418  7574  7639 I litert  : [HTP]
10-05 01:08:23.418  7574  7639 I litert  :   UseConvHMX               : true
10-05 01:08:23.418  7574  7639 I litert  :   UseFoldReLU              : true
10-05 01:08:23.418  7574  7639 I litert  :   HtpDlbc                  : false
10-05 01:08:23.418  7574  7639 I litert  :   HtpDlbcWeights           : false
10-05 01:08:23.418  7574  7639 I litert  :   HtpPPoint                : 0
10-05 01:08:23.418  7574  7639 I litert  :   HtpPerformanceMode       : Burst(2)
10-05 01:08:23.418  7574  7639 I litert  :   HtpPerfCtrlMode          : Manual(0)
10-05 01:08:23.418  7574  7639 I litert  :   VtcmSize                 : 0
10-05 01:08:23.418  7574  7639 I litert  :   NumHvxThreads            : 0
10-05 01:08:23.418  7574  7639 I litert  :   OptimizationLevel        : HtpOptimizeForInferenceO3(2)
10-05 01:08:23.418  7574  7639 I litert  : [IR]
10-05 01:08:23.418  7574  7639 I litert  :   IrJsonDir    
10-05 01:08:23.418  7574  7639 I litert  : [qnn_manager.cc:488] Adding shared library dir to path: /data/app/~~5v4pob5hGqOm8YKLZHSRJA==/io.github.johnrocky.hfmodels.samples.finder-Omw7PiUhvJA9VnClSoL1zQ==/lib/arm64
10-05 01:08:23.418  7574  7639 I litert  : [dynamic_loading.cc:143] Adding /data/app/~~5v4pob5hGqOm8YKLZHSRJA==/io.github.johnrocky.hfmodels.samples.finder-Omw7PiUhvJA9VnClSoL1zQ==/lib/arm64 to LD_LIBRARY_PATH
10-05 01:08:23.419  7574  7639 I litert  : [qnn_manager.cc:175] Loading qnn system shared library from "/data/app/~~5v4pob5hGqOm8YKLZHSRJA==/io.github.johnrocky.hfmodels.samples.finder-Omw7PiUhvJA9VnClSoL1zQ==/lib/arm64/libQnnSystem.so"
10-05 01:08:23.419  7574  7639 I litert  : [qnn_manager.cc:142] Loading qnn shared library from "libQnnHtp.so"
10-05 01:08:23.419  7574  7639 I litert  : [qnn_manager.cc:165] Loaded qnn shared library
10-05 01:08:23.419  7574  7639 I litert  : [compiler_plugin.cc:268] Initialize plugin at: /data/app/~~5v4pob5hGqOm8YKLZHSRJA==/io.github.johnrocky.hfmodels.samples.finder-Omw7PiUhvJA9VnClSoL1zQ==/lib/arm64/libLiteRtCompilerPlugin_Qualcomm.so
10-05 01:08:23.950  7574  7639 I litert  : [compiled_model.cc:1233] Flatbuffer model initialized from cached model.
10-05 01:08:23.950  7574  7639 I tflite  : Initialized TensorFlow Lite runtime.
10-05 01:08:23.950  7574  7639 I litert  : [litert_dispatch.cc:159] Loading shared library: /data/app/~~5v4pob5hGqOm8YKLZHSRJA==/io.github.johnrocky.hfmodels.samples.finder-Omw7PiUhvJA9VnClSoL1zQ==/lib/arm64/libLiteRtDispatch_Qualcomm.so
10-05 01:08:23.951  7574  7639 I litert  : [common.h:160] 
10-05 01:08:23.951  7574  7639 I litert  : 
10-05 01:08:23.951  7574  7639 I litert  : +------------------------------------------+
10-05 01:08:23.951  7574  7639 I litert  : |              ::qnn::Options              |
10-05 01:08:23.951  7574  7639 I litert  : +------------------------------------------+
10-05 01:08:23.951  7574  7639 I litert  : [GENERAL]
10-05 01:08:23.951  7574  7639 I litert  :   LogLevel                 : Info(3)
10-05 01:08:23.951  7574  7639 I litert  :   BackendType              : Htp(2)
10-05 01:08:23.951  7574  7639 I litert  :   Profiling                : Off(0)
10-05 01:08:23.951  7574  7639 I litert  :   UseInt64BiasAsInt32      : true
10-05 01:08:23.951  7574  7639 I litert  :   EnableWeightSharing      : false
10-05 01:08:23.951  7574  7639 I litert  :   EnableJustInTime         : false
10-05 01:08:23.951  7574  7639 I litert  :   GraphPriority            : Default(0)
10-05 01:08:23.951  7574  7639 I litert  :   GraphIOTensorMemType     : MemHandle(1)
10-05 01:08:23.951  7574  7639 I litert  :   CustomOpPackage          :
10-05 01:08:23.951  7574  7639 I litert  :     name                   :
10-05 01:08:23.951  7574  7639 I litert  :     interface_provider     :
10-05 01:08:23.951  7574  7639 I litert  :     compile_package_path   :
10-05 01:08:23.951  7574  7639 I litert  :     dispatch_package_path  :
10-05 01:08:23.951  7574  7639 I litert  :     target                 :
10-05 01:08:23.951  7574  7639 I litert  : [HTP]
10-05 01:08:23.951  7574  7639 I litert  :   UseConvHMX               : true
10-05 01:08:23.951  7574  7639 I litert  :   UseFoldReLU              : true
10-05 01:08:23.951  7574  7639 I litert  :   HtpDlbc                  : false
10-05 01:08:23.951  7574  7639 I litert  :   HtpDlbcWeights           : false
10-05 01:08:23.951  7574  7639 I litert  :   HtpPPoint                : 0
10-05 01:08:23.951  7574  7639 I litert  :   HtpPerformanceMode       : Burst(2)
10-05 01:08:23.951  7574  7639 I litert  :   HtpPerfCtrlMode          : Manual(0)
10-05 01:08:23.951  7574  7639 I litert  :   VtcmSize                 : 0
10-05 01:08:23.951  7574  7639 I litert  :   NumHvxThreads            : 0
10-05 01:08:23.951  7574  7639 I litert  :   OptimizationLevel        : HtpOptimizeForInferenceO3(2)
10-05 01:08:23.951  7574  7639 I litert  : [IR]
10-05 01:08:23.951  7574  7639 I litert  :   IrJsonDir    
10-05 01:08:23.951  7574  7639 I litert  : [qnn_manager.cc:488] Adding shared library dir to path: /data/app/~~5v4pob5hGqOm8YKLZHSRJA==/io.github.johnrocky.hfmodels.samples.finder-Omw7PiUhvJA9VnClSoL1zQ==/lib/arm64
10-05 01:08:23.951  7574  7639 I litert  : [dynamic_loading.cc:132] dir already in LD_LIBRARY_PATH
10-05 01:08:23.951  7574  7639 I litert  : [qnn_manager.cc:175] Loading qnn system shared library from "/data/app/~~5v4pob5hGqOm8YKLZHSRJA==/io.github.johnrocky.hfmodels.samples.finder-Omw7PiUhvJA9VnClSoL1zQ==/lib/arm64/libQnnSystem.so"
10-05 01:08:23.951  7574  7639 I litert  : [qnn_manager.cc:142] Loading qnn shared library from "libQnnHtp.so"
10-05 01:08:23.951  7574  7639 I litert  : [qnn_manager.cc:165] Loaded qnn shared library
10-05 01:08:24.049  7574  7639 I tflite  : Replacing 1 out of 1 node(s) with delegate (DispatchDelegate) node, yielding 1 partitions for subgraph 0 (main).
10-05 01:08:24.049  7574  7639 I litert  : [context_binary_info.cc:231] Context binary SDK version matches current SDK: 2.47.0
10-05 01:08:24.049  7574  7639 I litert  : [context_binary_info.cc:112] Found qnn graph: qnn_partition_0
10-05 01:08:24.049  7574  7639 I litert  : [litert_dispatch_device_context.cc:248] Creating new QNN context for bytecode 0x6cd16d9690 (size 641011712)
10-05 01:08:24.209  7574  7639 I tflite  : Created TensorFlow Lite XNNPACK delegate for CPU.
10-05 01:08:24.210  7574  7614 I hfmodels: ready litert-community/GLiNER2.5-Decide-LiteRT@f6f6e9c9 variant=s128_npu_wfp16 profile=npu inference=NPU prepare_ms=1357
10-05 01:08:24.245  7574  7639 I litert  : [environment.cc:36] Creating LiteRT environment with options
10-05 01:08:24.245  7574  7639 W litert  : [npu_registry.cc:34] NPU accelerator could not be loaded and registered: kLiteRtStatusErrorInvalidArgument.
10-05 01:08:24.245  7574  7639 I litert  : [gpu_registry.cc:101] Attempting to load GPU accelerator(libLiteRtGpuAccelerator.so).
10-05 01:08:24.246  7574  7639 I litert  : [gpu_registry.cc:101] Attempting to load GPU accelerator(libLiteRtClGlAccelerator.so).
10-05 01:08:24.246  7574  7639 I litert  : [accelerator_registry.cc:54] RegisterAccelerator: ptr=0xb400007022843310, name=LiteRT GPU
10-05 01:08:24.246  7574  7639 I litert  : [gpu_registry.cc:109] Dynamically loaded GPU accelerator(libLiteRtClGlAccelerator.so) registered.
10-05 01:08:24.246  7574  7639 I litert  : [accelerator_registry.cc:54] RegisterAccelerator: ptr=0xb4000070228446f0, name=CpuAccelerator
10-05 01:08:24.246  7574  7639 I litert  : [cpu_registry.cc:75] XNNPACK CPU accelerator registered.
