--------- beginning of main
10-04 14:08:42.214  5620  5641 I hfmodels: resolve litert-community/GLiNER2.5-Decide-LiteRT: commit=db801972 via EXPLICIT_REVISION, descriptor=caller@explicit/hfmodels.json sha=7212d850
10-04 14:08:42.731  5620  5641 I hfmodels: tokenizer tokenizer.json: 128011 tokens (Unigram), load_ms=506
10-04 14:08:42.734  5620  5644 I litert  : [litert_runtime_builtin.cc:63] Loaded runtime library and found kLiteRtRuntimeBuiltin.
10-04 14:08:42.735  5620  5644 I litert  : [environment.cc:36] Creating LiteRT environment with options
10-04 14:08:42.735  5620  5644 I litert  : [accelerator_registry.cc:54] RegisterAccelerator: ptr=0xb40000702282a230, name=NpuAccelerator
10-04 14:08:42.735  5620  5644 I litert  : [npu_registry.cc:30] NPU accelerator registered.
10-04 14:08:42.735  5620  5644 I litert  : [gpu_registry.cc:101] Attempting to load GPU accelerator(libLiteRtGpuAccelerator.so).
10-04 14:08:42.735  5620  5644 I litert  : [gpu_registry.cc:101] Attempting to load GPU accelerator(libLiteRtClGlAccelerator.so).
10-04 14:08:42.735  5620  5644 I litert  : [accelerator_registry.cc:54] RegisterAccelerator: ptr=0xb40000702282ac50, name=LiteRT GPU
10-04 14:08:42.735  5620  5644 I litert  : [gpu_registry.cc:109] Dynamically loaded GPU accelerator(libLiteRtClGlAccelerator.so) registered.
10-04 14:08:42.735  5620  5644 I litert  : [accelerator_registry.cc:54] RegisterAccelerator: ptr=0xb400007022829a50, name=CpuAccelerator
10-04 14:08:42.735  5620  5644 I litert  : [cpu_registry.cc:75] XNNPACK CPU accelerator registered.
10-04 14:08:42.769  5620  5644 I litert  : [compiled_model.cc:754] NPU JIT compilation caching enabled with cache dir: /data/user/0/io.github.johnrocky.hfmodels.samples.promises/cache
10-04 14:08:42.769  5620  5644 I litert  : [compiler_plugin.cc:308] Attempting to load plugin at: /data/app/~~7HWkHZyQcQrFmwpW-71m_Q==/io.github.johnrocky.hfmodels.samples.promises-n8eKnp7WCer8mEjdrc_AbA==/lib/arm64/libLiteRtCompilerPlugin_Qualcomm.so
10-04 14:08:42.769  5620  5644 I litert  : [compiler_plugin.cc:250] Loading plugin at: /data/app/~~7HWkHZyQcQrFmwpW-71m_Q==/io.github.johnrocky.hfmodels.samples.promises-n8eKnp7WCer8mEjdrc_AbA==/lib/arm64/libLiteRtCompilerPlugin_Qualcomm.so
10-04 14:08:42.775  5620  5644 I litert  : [compiler_plugin.cc:260] Loaded plugin at: /data/app/~~7HWkHZyQcQrFmwpW-71m_Q==/io.github.johnrocky.hfmodels.samples.promises-n8eKnp7WCer8mEjdrc_AbA==/lib/arm64/libLiteRtCompilerPlugin_Qualcomm.so
10-04 14:08:42.775  5620  5644 I litert  : [compiler_plugin.cc:263] Resolved plugin api at: /data/app/~~7HWkHZyQcQrFmwpW-71m_Q==/io.github.johnrocky.hfmodels.samples.promises-n8eKnp7WCer8mEjdrc_AbA==/lib/arm64/libLiteRtCompilerPlugin_Qualcomm.so
10-04 14:08:42.775  5620  5644 I litert  : [common.h:160] 
10-04 14:08:42.775  5620  5644 I litert  : 
10-04 14:08:42.775  5620  5644 I litert  : +------------------------------------------+
10-04 14:08:42.775  5620  5644 I litert  : |              ::qnn::Options              |
10-04 14:08:42.775  5620  5644 I litert  : +------------------------------------------+
10-04 14:08:42.775  5620  5644 I litert  : [GENERAL]
10-04 14:08:42.775  5620  5644 I litert  :   LogLevel                 : Info(3)
10-04 14:08:42.775  5620  5644 I litert  :   BackendType              : Htp(2)
10-04 14:08:42.775  5620  5644 I litert  :   Profiling                : Off(0)
10-04 14:08:42.775  5620  5644 I litert  :   UseInt64BiasAsInt32      : true
10-04 14:08:42.775  5620  5644 I litert  :   EnableWeightSharing      : false
10-04 14:08:42.775  5620  5644 I litert  :   EnableJustInTime         : false
10-04 14:08:42.775  5620  5644 I litert  :   GraphPriority            : Default(0)
10-04 14:08:42.775  5620  5644 I litert  :   GraphIOTensorMemType     : MemHandle(1)
10-04 14:08:42.775  5620  5644 I litert  :   CustomOpPackage          :
10-04 14:08:42.775  5620  5644 I litert  :     name                   :
10-04 14:08:42.775  5620  5644 I litert  :     interface_provider     :
10-04 14:08:42.775  5620  5644 I litert  :     compile_package_path   :
10-04 14:08:42.775  5620  5644 I litert  :     dispatch_package_path  :
10-04 14:08:42.775  5620  5644 I litert  :     target                 :
10-04 14:08:42.775  5620  5644 I litert  : [HTP]
10-04 14:08:42.775  5620  5644 I litert  :   UseConvHMX               : true
10-04 14:08:42.775  5620  5644 I litert  :   UseFoldReLU              : true
10-04 14:08:42.775  5620  5644 I litert  :   HtpDlbc                  : false
10-04 14:08:42.775  5620  5644 I litert  :   HtpDlbcWeights           : false
10-04 14:08:42.775  5620  5644 I litert  :   HtpPPoint                : 0
10-04 14:08:42.775  5620  5644 I litert  :   HtpPerformanceMode       : Burst(2)
10-04 14:08:42.775  5620  5644 I litert  :   HtpPerfCtrlMode          : Manual(0)
10-04 14:08:42.775  5620  5644 I litert  :   VtcmSize                 : 0
10-04 14:08:42.775  5620  5644 I litert  :   NumHvxThreads            : 0
10-04 14:08:42.775  5620  5644 I litert  :   OptimizationLevel        : HtpOptimizeForInferenceO3(2)
10-04 14:08:42.775  5620  5644 I litert  : [IR]
10-04 14:08:42.775  5620  5644 I litert  :   IrJsonDir    
10-04 14:08:42.775  5620  5644 I litert  : [qnn_manager.cc:488] Adding shared library dir to path: /data/app/~~7HWkHZyQcQrFmwpW-71m_Q==/io.github.johnrocky.hfmodels.samples.promises-n8eKnp7WCer8mEjdrc_AbA==/lib/arm64
10-04 14:08:42.775  5620  5644 I litert  : [dynamic_loading.cc:143] Adding /data/app/~~7HWkHZyQcQrFmwpW-71m_Q==/io.github.johnrocky.hfmodels.samples.promises-n8eKnp7WCer8mEjdrc_AbA==/lib/arm64 to LD_LIBRARY_PATH
10-04 14:08:42.775  5620  5644 I litert  : [qnn_manager.cc:175] Loading qnn system shared library from "/data/app/~~7HWkHZyQcQrFmwpW-71m_Q==/io.github.johnrocky.hfmodels.samples.promises-n8eKnp7WCer8mEjdrc_AbA==/lib/arm64/libQnnSystem.so"
10-04 14:08:42.775  5620  5644 I litert  : [qnn_manager.cc:142] Loading qnn shared library from "libQnnHtp.so"
10-04 14:08:42.775  5620  5644 I litert  : [qnn_manager.cc:165] Loaded qnn shared library
10-04 14:08:42.775  5620  5644 I litert  : [compiler_plugin.cc:268] Initialize plugin at: /data/app/~~7HWkHZyQcQrFmwpW-71m_Q==/io.github.johnrocky.hfmodels.samples.promises-n8eKnp7WCer8mEjdrc_AbA==/lib/arm64/libLiteRtCompilerPlugin_Qualcomm.so
10-04 14:08:43.100  5620  5644 I litert  : [compiled_model.cc:1250] 0 compiler plugins were applied successfully: 
10-04 14:08:43.100  5620  5644 I litert  : [compiled_model.cc:833] Flatbuffer model initialized directly from incoming litert model.
10-04 14:08:43.100  5620  5644 I tflite  : Initialized TensorFlow Lite runtime.
10-04 14:08:43.102  5620  5644 I litert  : [litert_dispatch.cc:159] Loading shared library: /data/app/~~7HWkHZyQcQrFmwpW-71m_Q==/io.github.johnrocky.hfmodels.samples.promises-n8eKnp7WCer8mEjdrc_AbA==/lib/arm64/libLiteRtDispatch_Qualcomm.so
10-04 14:08:43.103  5620  5644 I litert  : [common.h:160] 
10-04 14:08:43.103  5620  5644 I litert  : 
10-04 14:08:43.103  5620  5644 I litert  : +------------------------------------------+
10-04 14:08:43.103  5620  5644 I litert  : |              ::qnn::Options              |
10-04 14:08:43.103  5620  5644 I litert  : +------------------------------------------+
10-04 14:08:43.103  5620  5644 I litert  : [GENERAL]
10-04 14:08:43.103  5620  5644 I litert  :   LogLevel                 : Info(3)
10-04 14:08:43.103  5620  5644 I litert  :   BackendType              : Htp(2)
10-04 14:08:43.103  5620  5644 I litert  :   Profiling                : Off(0)
10-04 14:08:43.103  5620  5644 I litert  :   UseInt64BiasAsInt32      : true
10-04 14:08:43.103  5620  5644 I litert  :   EnableWeightSharing      : false
10-04 14:08:43.103  5620  5644 I litert  :   EnableJustInTime         : false
10-04 14:08:43.103  5620  5644 I litert  :   GraphPriority            : Default(0)
10-04 14:08:43.103  5620  5644 I litert  :   GraphIOTensorMemType     : MemHandle(1)
10-04 14:08:43.103  5620  5644 I litert  :   CustomOpPackage          :
10-04 14:08:43.103  5620  5644 I litert  :     name                   :
10-04 14:08:43.103  5620  5644 I litert  :     interface_provider     :
10-04 14:08:43.103  5620  5644 I litert  :     compile_package_path   :
10-04 14:08:43.103  5620  5644 I litert  :     dispatch_package_path  :
10-04 14:08:43.103  5620  5644 I litert  :     target                 :
10-04 14:08:43.103  5620  5644 I litert  : [HTP]
10-04 14:08:43.103  5620  5644 I litert  :   UseConvHMX               : true
10-04 14:08:43.103  5620  5644 I litert  :   UseFoldReLU              : true
10-04 14:08:43.103  5620  5644 I litert  :   HtpDlbc                  : false
10-04 14:08:43.103  5620  5644 I litert  :   HtpDlbcWeights           : false
10-04 14:08:43.103  5620  5644 I litert  :   HtpPPoint                : 0
10-04 14:08:43.103  5620  5644 I litert  :   HtpPerformanceMode       : Burst(2)
10-04 14:08:43.103  5620  5644 I litert  :   HtpPerfCtrlMode          : Manual(0)
10-04 14:08:43.103  5620  5644 I litert  :   VtcmSize                 : 0
10-04 14:08:43.103  5620  5644 I litert  :   NumHvxThreads            : 0
10-04 14:08:43.103  5620  5644 I litert  :   OptimizationLevel        : HtpOptimizeForInferenceO3(2)
10-04 14:08:43.103  5620  5644 I litert  : [IR]
10-04 14:08:43.103  5620  5644 I litert  :   IrJsonDir    
10-04 14:08:43.103  5620  5644 I litert  : [qnn_manager.cc:488] Adding shared library dir to path: /data/app/~~7HWkHZyQcQrFmwpW-71m_Q==/io.github.johnrocky.hfmodels.samples.promises-n8eKnp7WCer8mEjdrc_AbA==/lib/arm64
10-04 14:08:43.103  5620  5644 I litert  : [dynamic_loading.cc:132] dir already in LD_LIBRARY_PATH
10-04 14:08:43.103  5620  5644 I litert  : [qnn_manager.cc:175] Loading qnn system shared library from "/data/app/~~7HWkHZyQcQrFmwpW-71m_Q==/io.github.johnrocky.hfmodels.samples.promises-n8eKnp7WCer8mEjdrc_AbA==/lib/arm64/libQnnSystem.so"
10-04 14:08:43.103  5620  5644 I litert  : [qnn_manager.cc:142] Loading qnn shared library from "libQnnHtp.so"
10-04 14:08:43.103  5620  5644 I litert  : [qnn_manager.cc:165] Loaded qnn shared library
10-04 14:08:43.224  5620  5644 I litert  : [environment.cc:47] Adding options to the existing LiteRT environment
10-04 14:08:43.224  5620  5644 I tflite  : Loaded OpenCL library with dlopen.
10-04 14:08:43.224  5620  5644 I litert  : [gpu_environment.cc:220] Created OpenCL device from provided device id and platform id.
10-04 14:08:43.224  5620  5644 I litert  : [gpu_environment.cc:283] Reusing provided EGL environment.
10-04 14:08:43.224  5620  5644 I litert  : [gpu_environment.h:155] Created LiteRT GpuEnvironment.
10-04 14:08:43.224  5620  5644 I litert  : [environment.cc:47] Adding options to the existing LiteRT environment
10-04 14:08:43.232  5620  5644 I tflite  : Replacing 1780 out of 1780 node(s) with delegate (LITERT_CL) node, yielding 1 partitions for subgraph 0 (main).
10-04 14:08:46.349  5620  5636 I hfmodels: ready litert-community/GLiNER2.5-Decide-LiteRT@db801972 variant=s128_wfp16 profile=gpu inference=GPU prepare_ms=4126
10-04 14:08:46.377  5620  5644 I litert  : [environment.cc:36] Creating LiteRT environment with options
10-04 14:08:46.377  5620  5644 W litert  : [npu_registry.cc:34] NPU accelerator could not be loaded and registered: kLiteRtStatusErrorInvalidArgument.
10-04 14:08:46.377  5620  5644 I litert  : [gpu_registry.cc:101] Attempting to load GPU accelerator(libLiteRtGpuAccelerator.so).
10-04 14:08:46.378  5620  5644 I litert  : [gpu_registry.cc:101] Attempting to load GPU accelerator(libLiteRtClGlAccelerator.so).
10-04 14:08:46.378  5620  5644 I litert  : [accelerator_registry.cc:54] RegisterAccelerator: ptr=0xb400007022840550, name=LiteRT GPU
10-04 14:08:46.378  5620  5644 I litert  : [gpu_registry.cc:109] Dynamically loaded GPU accelerator(libLiteRtClGlAccelerator.so) registered.
10-04 14:08:46.378  5620  5644 I litert  : [accelerator_registry.cc:54] RegisterAccelerator: ptr=0xb40000702283fb30, name=CpuAccelerator
10-04 14:08:46.378  5620  5644 I litert  : [cpu_registry.cc:75] XNNPACK CPU accelerator registered.
